INFO:werkzeug:[31m[1mWARNING: This is a development server. Do not use it in a production deployment. Use a production WSGI server instead.[0m
 * Running on http://127.0.0.1:5000
INFO:werkzeug:[33mPress CTRL+C to quit[0m
INFO:app:¿ÂπŸ±∏¥œ ¡¯¿‘ ∆‰¿Ã¡ˆ
INFO:werkzeug:127.0.0.1 - - [31/Jul/2023 16:36:48] "GET /cart HTTP/1.1" 200 -
INFO:app:¿ÂπŸ±∏¥œ ¡¯¿‘ ∆‰¿Ã¡ˆ
INFO:werkzeug:127.0.0.1 - - [31/Jul/2023 16:36:48] "GET /cart HTTP/1.1" 200 -
INFO:app:¿ÂπŸ±∏¥œ ∆‰¿Ã¡ˆ ¡¯¿‘
INFO:werkzeug:127.0.0.1 - - [31/Jul/2023 16:36:52] "POST /cart HTTP/1.1" 200 -
INFO:app:¿ÂπŸ±∏¥œ ¡¯¿‘ ∆‰¿Ã¡ˆ
INFO:werkzeug:127.0.0.1 - - [31/Jul/2023 16:36:54] "GET /cart HTTP/1.1" 200 -
INFO:app:¿ÂπŸ±∏¥œ ¡¯¿‘ ∆‰¿Ã¡ˆ
INFO:werkzeug:127.0.0.1 - - [31/Jul/2023 16:36:54] "GET /cart HTTP/1.1" 200 -
INFO:app:∞·¡¶ ∆‰¿Ã¡ˆ ¡¯¿‘ ¡ﬂ
ERROR:app:Exception on /kakaopay/1 [GET]
Traceback (most recent call last):
  File "C:\Users\okseok\anaconda3\lib\site-packages\flask\app.py", line 2190, in wsgi_app
    response = self.full_dispatch_request()
  File "C:\Users\okseok\anaconda3\lib\site-packages\flask\app.py", line 1486, in full_dispatch_request
    rv = self.handle_user_exception(e)
  File "C:\Users\okseok\anaconda3\lib\site-packages\flask\app.py", line 1484, in full_dispatch_request
    rv = self.dispatch_request()
  File "C:\Users\okseok\anaconda3\lib\site-packages\flask\app.py", line 1469, in dispatch_request
    return self.ensure_sync(self.view_functions[rule.endpoint])(**view_args)
  File "C:\ITStudy\06_flask\onlineshop\personal_project-main\app\views\control_views.py", line 171, in kakaopay
    return redirect(url_for('cart.html', products=products, form=form))
  File "C:\Users\okseok\anaconda3\lib\site-packages\flask\helpers.py", line 225, in url_for
    return current_app.url_for(
  File "C:\Users\okseok\anaconda3\lib\site-packages\flask\app.py", line 1697, in url_for
    return self.handle_url_build_error(error, endpoint, values)
  File "C:\Users\okseok\anaconda3\lib\site-packages\flask\app.py", line 1686, in url_for
    rv = url_adapter.build(  # type: ignore[union-attr]
  File "C:\Users\okseok\anaconda3\lib\site-packages\werkzeug\routing\map.py", line 950, in build
    raise BuildError(endpoint, values, method, self)
werkzeug.routing.exceptions.BuildError: Could not build url for endpoint 'cart.html' with values ['form', 'products']. Did you mean 'test.hello_html' instead?
INFO:werkzeug:127.0.0.1 - - [31/Jul/2023 16:36:55] "[35m[1mGET /kakaopay/1 HTTP/1.1[0m" 500 -
INFO:werkzeug:[31m[1mWARNING: This is a development server. Do not use it in a production deployment. Use a production WSGI server instead.[0m
 * Running on http://127.0.0.1:5000
INFO:werkzeug:[33mPress CTRL+C to quit[0m
INFO:werkzeug:127.0.0.1 - - [31/Jul/2023 17:19:37] "GET / HTTP/1.1" 200 -
INFO:werkzeug:127.0.0.1 - - [31/Jul/2023 17:19:37] "[33mGET /script.js HTTP/1.1[0m" 404 -
INFO:werkzeug:127.0.0.1 - - [31/Jul/2023 17:19:37] "[33mGET /static/images/abput-img.png HTTP/1.1[0m" 404 -
INFO:werkzeug:127.0.0.1 - - [31/Jul/2023 17:19:37] "[36mGET /static/css/style.css HTTP/1.1[0m" 304 -
INFO:werkzeug:127.0.0.1 - - [31/Jul/2023 17:19:37] "[36mGET /static/images/img-4.png HTTP/1.1[0m" 304 -
INFO:werkzeug:127.0.0.1 - - [31/Jul/2023 17:19:37] "[36mGET /static/images/food.jpg HTTP/1.1[0m" 304 -
INFO:werkzeug:127.0.0.1 - - [31/Jul/2023 17:19:37] "[36mGET /static/images/0721.jpg HTTP/1.1[0m" 304 -
INFO:werkzeug:127.0.0.1 - - [31/Jul/2023 17:19:37] "[36mGET /static/images/img-3.png HTTP/1.1[0m" 304 -
INFO:werkzeug:127.0.0.1 - - [31/Jul/2023 17:19:37] "[36mGET /static/images/img-2.png HTTP/1.1[0m" 304 -
INFO:werkzeug:127.0.0.1 - - [31/Jul/2023 17:19:37] "[36mGET /static/images/img-1.png HTTP/1.1[0m" 304 -
INFO:app:¿ÂπŸ±∏¥œ ∆‰¿Ã¡ˆ ¡¯¿‘
INFO:werkzeug:127.0.0.1 - - [31/Jul/2023 17:19:51] "POST /cart HTTP/1.1" 200 -
INFO:app:¿ÂπŸ±∏¥œ ∆‰¿Ã¡ˆ ¡¯¿‘
INFO:werkzeug:127.0.0.1 - - [31/Jul/2023 17:19:59] "POST /cart HTTP/1.1" 200 -
INFO:app:¿ÂπŸ±∏¥œ ∆‰¿Ã¡ˆ ¡¯¿‘
INFO:werkzeug:127.0.0.1 - - [31/Jul/2023 17:20:04] "POST /cart HTTP/1.1" 200 -
INFO:app:¿ÂπŸ±∏¥œ ¡¯¿‘ ∆‰¿Ã¡ˆ
INFO:werkzeug:127.0.0.1 - - [31/Jul/2023 17:20:20] "GET /cart HTTP/1.1" 200 -
INFO:app:¿ÂπŸ±∏¥œ ¡¯¿‘ ∆‰¿Ã¡ˆ
INFO:werkzeug:127.0.0.1 - - [31/Jul/2023 17:20:20] "GET /cart HTTP/1.1" 200 -
INFO:werkzeug:[31m[1mWARNING: This is a development server. Do not use it in a production deployment. Use a production WSGI server instead.[0m
 * Running on http://127.0.0.1:5000
INFO:werkzeug:[33mPress CTRL+C to quit[0m
INFO:werkzeug:127.0.0.1 - - [01/Aug/2023 11:53:29] "GET / HTTP/1.1" 200 -
INFO:werkzeug:127.0.0.1 - - [01/Aug/2023 11:53:29] "[33mGET /script.js HTTP/1.1[0m" 404 -
INFO:werkzeug:127.0.0.1 - - [01/Aug/2023 11:53:29] "[33mGET /static/images/abput-img.png HTTP/1.1[0m" 404 -
INFO:werkzeug:127.0.0.1 - - [01/Aug/2023 11:53:30] "[36mGET /static/css/style.css HTTP/1.1[0m" 304 -
INFO:werkzeug:127.0.0.1 - - [01/Aug/2023 11:53:30] "[36mGET /static/images/img-4.png HTTP/1.1[0m" 304 -
INFO:werkzeug:127.0.0.1 - - [01/Aug/2023 11:53:30] "[36mGET /static/images/food.jpg HTTP/1.1[0m" 304 -
INFO:werkzeug:127.0.0.1 - - [01/Aug/2023 11:53:30] "[36mGET /static/images/0721.jpg HTTP/1.1[0m" 304 -
INFO:werkzeug:127.0.0.1 - - [01/Aug/2023 11:53:30] "[36mGET /static/images/img-1.png HTTP/1.1[0m" 304 -
INFO:werkzeug:127.0.0.1 - - [01/Aug/2023 11:53:30] "[36mGET /static/images/img-3.png HTTP/1.1[0m" 304 -
INFO:werkzeug:127.0.0.1 - - [01/Aug/2023 11:53:30] "[36mGET /static/images/img-2.png HTTP/1.1[0m" 304 -
INFO:app:¿ÂπŸ±∏¥œ ∆‰¿Ã¡ˆ ¡¯¿‘
INFO:app:product_id : 3
INFO:werkzeug:127.0.0.1 - - [01/Aug/2023 11:55:46] "POST /cart HTTP/1.1" 200 -
INFO:app:¿ÂπŸ±∏¥œ ∆‰¿Ã¡ˆ ¡¯¿‘
INFO:app:product_id : 2
INFO:werkzeug:127.0.0.1 - - [01/Aug/2023 11:55:49] "POST /cart HTTP/1.1" 200 -
INFO:app:¿ÂπŸ±∏¥œ ∆‰¿Ã¡ˆ ¡¯¿‘
INFO:app:product_id : 8
INFO:werkzeug:127.0.0.1 - - [01/Aug/2023 11:55:56] "POST /cart HTTP/1.1" 200 -
INFO:werkzeug:127.0.0.1 - - [01/Aug/2023 11:56:05] "GET / HTTP/1.1" 200 -
INFO:werkzeug:127.0.0.1 - - [01/Aug/2023 11:56:05] "[36mGET /static/css/style.css HTTP/1.1[0m" 304 -
INFO:werkzeug:127.0.0.1 - - [01/Aug/2023 11:56:05] "[33mGET /script.js HTTP/1.1[0m" 404 -
INFO:werkzeug:127.0.0.1 - - [01/Aug/2023 11:56:05] "[33mGET /static/images/abput-img.png HTTP/1.1[0m" 404 -
INFO:werkzeug:127.0.0.1 - - [01/Aug/2023 11:56:05] "[36mGET /static/images/0721.jpg HTTP/1.1[0m" 304 -
INFO:werkzeug:127.0.0.1 - - [01/Aug/2023 11:56:05] "[36mGET /static/images/food.jpg HTTP/1.1[0m" 304 -
INFO:werkzeug:127.0.0.1 - - [01/Aug/2023 11:56:05] "[36mGET /static/images/img-1.png HTTP/1.1[0m" 304 -
INFO:werkzeug:127.0.0.1 - - [01/Aug/2023 11:56:05] "[36mGET /static/images/img-2.png HTTP/1.1[0m" 304 -
INFO:werkzeug:127.0.0.1 - - [01/Aug/2023 11:56:05] "[36mGET /static/images/img-3.png HTTP/1.1[0m" 304 -
INFO:werkzeug:127.0.0.1 - - [01/Aug/2023 11:56:05] "[36mGET /static/images/img-4.png HTTP/1.1[0m" 304 -
INFO:app:∑Œ±◊¿Œ ∆‰¿Ã¡ˆ ¡¯¿‘
INFO:werkzeug:127.0.0.1 - - [01/Aug/2023 11:56:06] "GET /login HTTP/1.1" 200 -
INFO:werkzeug:127.0.0.1 - - [01/Aug/2023 11:56:06] "[36mGET /static/signin.css HTTP/1.1[0m" 304 -
INFO:werkzeug:127.0.0.1 - - [01/Aug/2023 11:56:06] "[36mGET /static/images/catlogo_1.png HTTP/1.1[0m" 304 -
INFO:werkzeug:127.0.0.1 - - [01/Aug/2023 11:56:06] "[36mGET /static/dist/css/bootstrap.min.css HTTP/1.1[0m" 304 -
INFO:app:cart api
INFO:werkzeug:127.0.0.1 - - [01/Aug/2023 11:56:09] "GET /cart HTTP/1.1" 200 -
INFO:app:cart api
INFO:werkzeug:127.0.0.1 - - [01/Aug/2023 11:56:09] "GET /cart HTTP/1.1" 200 -
INFO:werkzeug:127.0.0.1 - - [01/Aug/2023 12:23:48] "GET / HTTP/1.1" 200 -
INFO:werkzeug:127.0.0.1 - - [01/Aug/2023 12:23:48] "[36mGET /static/css/style.css HTTP/1.1[0m" 304 -
INFO:werkzeug:127.0.0.1 - - [01/Aug/2023 12:23:48] "[33mGET /script.js HTTP/1.1[0m" 404 -
INFO:werkzeug:127.0.0.1 - - [01/Aug/2023 12:23:48] "[36mGET /static/images/0721.jpg HTTP/1.1[0m" 304 -
INFO:werkzeug:127.0.0.1 - - [01/Aug/2023 12:23:48] "[33mGET /static/images/abput-img.png HTTP/1.1[0m" 404 -
INFO:werkzeug:127.0.0.1 - - [01/Aug/2023 12:23:48] "[36mGET /static/images/food.jpg HTTP/1.1[0m" 304 -
INFO:werkzeug:127.0.0.1 - - [01/Aug/2023 12:23:48] "[36mGET /static/images/img-1.png HTTP/1.1[0m" 304 -
INFO:werkzeug:127.0.0.1 - - [01/Aug/2023 12:23:48] "[36mGET /static/images/img-2.png HTTP/1.1[0m" 304 -
INFO:werkzeug:127.0.0.1 - - [01/Aug/2023 12:23:48] "[36mGET /static/images/img-3.png HTTP/1.1[0m" 304 -
INFO:werkzeug:127.0.0.1 - - [01/Aug/2023 12:23:48] "[36mGET /static/images/img-4.png HTTP/1.1[0m" 304 -
INFO:werkzeug:127.0.0.1 - - [01/Aug/2023 12:23:53] "GET /about HTTP/1.1" 200 -
INFO:werkzeug:[31m[1mWARNING: This is a development server. Do not use it in a production deployment. Use a production WSGI server instead.[0m
 * Running on http://127.0.0.1:5000
INFO:werkzeug:[33mPress CTRL+C to quit[0m
INFO:app:cart api
INFO:werkzeug:127.0.0.1 - - [01/Aug/2023 12:32:51] "GET /cart HTTP/1.1" 200 -
INFO:app:cart api
INFO:werkzeug:127.0.0.1 - - [01/Aug/2023 12:32:51] "GET /cart HTTP/1.1" 200 -
INFO:werkzeug:[31m[1mWARNING: This is a development server. Do not use it in a production deployment. Use a production WSGI server instead.[0m
 * Running on all addresses (0.0.0.0)
 * Running on http://127.0.0.1:5000
 * Running on http://192.168.0.140:5000
INFO:werkzeug:[33mPress CTRL+C to quit[0m
INFO:werkzeug:192.168.0.24 - - [01/Aug/2023 12:38:44] "GET / HTTP/1.1" 200 -
INFO:werkzeug:192.168.0.24 - - [01/Aug/2023 12:38:44] "[33mGET /script.js HTTP/1.1[0m" 404 -
INFO:werkzeug:192.168.0.24 - - [01/Aug/2023 12:38:44] "GET /static/css/style.css HTTP/1.1" 200 -
INFO:werkzeug:192.168.0.24 - - [01/Aug/2023 12:38:44] "GET /static/images/0721.jpg HTTP/1.1" 200 -
INFO:werkzeug:192.168.0.24 - - [01/Aug/2023 12:38:44] "[33mGET /static/images/abput-img.png HTTP/1.1[0m" 404 -
INFO:werkzeug:192.168.0.24 - - [01/Aug/2023 12:38:44] "GET /static/images/food.jpg HTTP/1.1" 200 -
INFO:werkzeug:192.168.0.24 - - [01/Aug/2023 12:38:44] "GET /static/images/img-1.png HTTP/1.1" 200 -
INFO:werkzeug:192.168.0.24 - - [01/Aug/2023 12:38:44] "GET /static/images/img-2.png HTTP/1.1" 200 -
INFO:werkzeug:192.168.0.24 - - [01/Aug/2023 12:38:44] "GET /static/images/img-3.png HTTP/1.1" 200 -
INFO:werkzeug:192.168.0.24 - - [01/Aug/2023 12:38:44] "GET /static/images/img-4.png HTTP/1.1" 200 -
INFO:werkzeug:192.168.0.24 - - [01/Aug/2023 12:38:45] "[33mGET /favicon.ico HTTP/1.1[0m" 404 -
INFO:app:¿ÂπŸ±∏¥œ ∆‰¿Ã¡ˆ ¡¯¿‘
INFO:app:product_id : 1
INFO:werkzeug:192.168.0.24 - - [01/Aug/2023 12:38:53] "POST /cart HTTP/1.1" 200 -
INFO:app:¿ÂπŸ±∏¥œ ∆‰¿Ã¡ˆ ¡¯¿‘
INFO:app:product_id : 2
INFO:werkzeug:192.168.0.24 - - [01/Aug/2023 12:42:43] "POST /cart HTTP/1.1" 200 -
INFO:app:¿ÂπŸ±∏¥œ ∆‰¿Ã¡ˆ ¡¯¿‘
INFO:app:product_id : 3
INFO:werkzeug:192.168.0.24 - - [01/Aug/2023 12:42:43] "POST /cart HTTP/1.1" 200 -
INFO:app:¿ÂπŸ±∏¥œ ∆‰¿Ã¡ˆ ¡¯¿‘
INFO:app:product_id : 2
INFO:werkzeug:192.168.0.24 - - [01/Aug/2023 12:42:45] "POST /cart HTTP/1.1" 200 -
INFO:app:¿ÂπŸ±∏¥œ ∆‰¿Ã¡ˆ ¡¯¿‘
INFO:app:product_id : 2
INFO:werkzeug:127.0.0.1 - - [01/Aug/2023 12:47:22] "POST /cart HTTP/1.1" 200 -
INFO:app:¿ÂπŸ±∏¥œ ∆‰¿Ã¡ˆ ¡¯¿‘
INFO:app:product_id : 2
INFO:werkzeug:127.0.0.1 - - [01/Aug/2023 12:47:26] "POST /cart HTTP/1.1" 200 -
INFO:werkzeug:192.168.0.136 - - [01/Aug/2023 12:51:04] "GET / HTTP/1.1" 200 -
INFO:werkzeug:192.168.0.136 - - [01/Aug/2023 12:51:04] "[33mGET /script.js HTTP/1.1[0m" 404 -
INFO:werkzeug:192.168.0.136 - - [01/Aug/2023 12:51:04] "[33mGET /static/images/abput-img.png HTTP/1.1[0m" 404 -
INFO:werkzeug:192.168.0.136 - - [01/Aug/2023 12:51:04] "GET /static/css/style.css HTTP/1.1" 200 -
INFO:werkzeug:192.168.0.136 - - [01/Aug/2023 12:51:04] "GET /static/images/0721.jpg HTTP/1.1" 200 -
INFO:werkzeug:192.168.0.136 - - [01/Aug/2023 12:51:04] "GET /static/images/food.jpg HTTP/1.1" 200 -
INFO:werkzeug:192.168.0.136 - - [01/Aug/2023 12:51:04] "GET /static/images/img-1.png HTTP/1.1" 200 -
INFO:werkzeug:192.168.0.136 - - [01/Aug/2023 12:51:04] "GET /static/images/img-2.png HTTP/1.1" 200 -
INFO:werkzeug:192.168.0.136 - - [01/Aug/2023 12:51:04] "GET /static/images/img-3.png HTTP/1.1" 200 -
INFO:werkzeug:192.168.0.136 - - [01/Aug/2023 12:51:04] "GET /static/images/img-4.png HTTP/1.1" 200 -
INFO:werkzeug:192.168.0.136 - - [01/Aug/2023 12:51:04] "[33mGET /favicon.ico HTTP/1.1[0m" 404 -
INFO:werkzeug:192.168.0.136 - - [01/Aug/2023 12:51:13] "GET /about HTTP/1.1" 200 -
INFO:app:¿ÂπŸ±∏¥œ ∆‰¿Ã¡ˆ ¡¯¿‘
INFO:app:product_id : 2
INFO:werkzeug:192.168.0.136 - - [01/Aug/2023 12:51:17] "POST /cart HTTP/1.1" 200 -
INFO:app:¿ÂπŸ±∏¥œ ∆‰¿Ã¡ˆ ¡¯¿‘
INFO:app:product_id : 3
INFO:werkzeug:192.168.0.136 - - [01/Aug/2023 12:51:20] "POST /cart HTTP/1.1" 200 -
INFO:app:cart api
INFO:werkzeug:192.168.0.136 - - [01/Aug/2023 12:51:22] "GET /cart HTTP/1.1" 200 -
INFO:app:cart api
INFO:werkzeug:192.168.0.136 - - [01/Aug/2023 12:51:22] "GET /cart HTTP/1.1" 200 -
INFO:app:¿ÂπŸ±∏¥œ ∆‰¿Ã¡ˆ ¡¯¿‘
INFO:app:product_id : 3
INFO:werkzeug:192.168.0.136 - - [01/Aug/2023 12:51:31] "POST /cart HTTP/1.1" 200 -
INFO:app:cart api
INFO:werkzeug:192.168.0.136 - - [01/Aug/2023 12:51:33] "GET /cart HTTP/1.1" 200 -
INFO:app:cart api
INFO:werkzeug:192.168.0.136 - - [01/Aug/2023 12:51:33] "GET /cart HTTP/1.1" 200 -
INFO:app:¿ÂπŸ±∏¥œ ∆‰¿Ã¡ˆ ¡¯¿‘
INFO:app:product_id : 4
INFO:werkzeug:192.168.0.136 - - [01/Aug/2023 12:52:05] "POST /cart HTTP/1.1" 200 -
INFO:app:cart api
INFO:werkzeug:192.168.0.136 - - [01/Aug/2023 12:52:07] "GET /cart HTTP/1.1" 200 -
INFO:app:cart api
INFO:werkzeug:192.168.0.136 - - [01/Aug/2023 12:52:07] "GET /cart HTTP/1.1" 200 -
INFO:app:∑Œ±◊¿Œ ∆‰¿Ã¡ˆ ¡¯¿‘
INFO:werkzeug:192.168.0.136 - - [01/Aug/2023 12:52:13] "GET /login HTTP/1.1" 200 -
INFO:werkzeug:192.168.0.136 - - [01/Aug/2023 12:52:13] "GET /static/dist/css/bootstrap.min.css HTTP/1.1" 200 -
INFO:werkzeug:192.168.0.136 - - [01/Aug/2023 12:52:13] "GET /static/signin.css HTTP/1.1" 200 -
INFO:werkzeug:192.168.0.136 - - [01/Aug/2023 12:52:13] "GET /static/images/catlogo_1.png HTTP/1.1" 200 -
INFO:app:∑Œ±◊¿Œ ∆‰¿Ã¡ˆ ¡¯¿‘
INFO:werkzeug:192.168.0.136 - - [01/Aug/2023 12:52:28] "[32mPOST /login HTTP/1.1[0m" 302 -
INFO:werkzeug:192.168.0.136 - - [01/Aug/2023 12:52:28] "GET / HTTP/1.1" 200 -
INFO:werkzeug:192.168.0.136 - - [01/Aug/2023 12:52:28] "[33mGET /script.js HTTP/1.1[0m" 404 -
INFO:werkzeug:192.168.0.136 - - [01/Aug/2023 12:52:28] "[36mGET /static/css/style.css HTTP/1.1[0m" 304 -
INFO:werkzeug:192.168.0.136 - - [01/Aug/2023 12:52:28] "[36mGET /static/images/food.jpg HTTP/1.1[0m" 304 -
INFO:werkzeug:192.168.0.136 - - [01/Aug/2023 12:52:28] "[36mGET /static/images/0721.jpg HTTP/1.1[0m" 304 -
INFO:werkzeug:192.168.0.136 - - [01/Aug/2023 12:52:28] "[33mGET /static/images/abput-img.png HTTP/1.1[0m" 404 -
INFO:werkzeug:192.168.0.136 - - [01/Aug/2023 12:52:28] "[36mGET /static/images/img-2.png HTTP/1.1[0m" 304 -
INFO:werkzeug:192.168.0.136 - - [01/Aug/2023 12:52:28] "[36mGET /static/images/img-3.png HTTP/1.1[0m" 304 -
INFO:werkzeug:192.168.0.136 - - [01/Aug/2023 12:52:28] "[36mGET /static/images/img-1.png HTTP/1.1[0m" 304 -
INFO:werkzeug:192.168.0.136 - - [01/Aug/2023 12:52:28] "[36mGET /static/images/img-4.png HTTP/1.1[0m" 304 -
INFO:app:cart api
INFO:werkzeug:192.168.0.136 - - [01/Aug/2023 12:52:34] "GET /cart HTTP/1.1" 200 -
INFO:app:cart api
INFO:werkzeug:192.168.0.136 - - [01/Aug/2023 12:52:34] "GET /cart HTTP/1.1" 200 -
INFO:app:cart api
INFO:werkzeug:192.168.0.136 - - [01/Aug/2023 12:52:36] "GET /cart HTTP/1.1" 200 -
INFO:app:cart api
INFO:werkzeug:192.168.0.136 - - [01/Aug/2023 12:52:37] "GET /cart HTTP/1.1" 200 -
INFO:werkzeug:[31m[1mWARNING: This is a development server. Do not use it in a production deployment. Use a production WSGI server instead.[0m
 * Running on http://127.0.0.1:5000
INFO:werkzeug:[33mPress CTRL+C to quit[0m
INFO:werkzeug:127.0.0.1 - - [01/Aug/2023 12:55:38] "GET / HTTP/1.1" 200 -
INFO:werkzeug:127.0.0.1 - - [01/Aug/2023 12:55:38] "[33mGET /script.js HTTP/1.1[0m" 404 -
INFO:werkzeug:127.0.0.1 - - [01/Aug/2023 12:55:38] "[33mGET /static/images/abput-img.png HTTP/1.1[0m" 404 -
INFO:werkzeug:127.0.0.1 - - [01/Aug/2023 12:55:38] "[36mGET /static/css/style.css HTTP/1.1[0m" 304 -
INFO:werkzeug:127.0.0.1 - - [01/Aug/2023 12:55:38] "[36mGET /static/images/img-4.png HTTP/1.1[0m" 304 -
INFO:werkzeug:127.0.0.1 - - [01/Aug/2023 12:55:38] "[36mGET /static/images/food.jpg HTTP/1.1[0m" 304 -
INFO:werkzeug:127.0.0.1 - - [01/Aug/2023 12:55:38] "[36mGET /static/images/img-3.png HTTP/1.1[0m" 304 -
INFO:werkzeug:127.0.0.1 - - [01/Aug/2023 12:55:38] "[36mGET /static/images/0721.jpg HTTP/1.1[0m" 304 -
INFO:werkzeug:127.0.0.1 - - [01/Aug/2023 12:55:38] "[36mGET /static/images/img-2.png HTTP/1.1[0m" 304 -
INFO:werkzeug:127.0.0.1 - - [01/Aug/2023 12:55:38] "[36mGET /static/images/img-1.png HTTP/1.1[0m" 304 -
INFO:werkzeug:127.0.0.1 - - [01/Aug/2023 12:55:40] "GET / HTTP/1.1" 200 -
INFO:werkzeug:127.0.0.1 - - [01/Aug/2023 12:55:40] "[36mGET /static/css/style.css HTTP/1.1[0m" 304 -
INFO:werkzeug:127.0.0.1 - - [01/Aug/2023 12:55:40] "[36mGET /static/images/0721.jpg HTTP/1.1[0m" 304 -
INFO:werkzeug:127.0.0.1 - - [01/Aug/2023 12:55:40] "[33mGET /script.js HTTP/1.1[0m" 404 -
INFO:werkzeug:127.0.0.1 - - [01/Aug/2023 12:55:40] "[33mGET /static/images/abput-img.png HTTP/1.1[0m" 404 -
INFO:werkzeug:127.0.0.1 - - [01/Aug/2023 12:55:40] "[36mGET /static/images/food.jpg HTTP/1.1[0m" 304 -
INFO:werkzeug:127.0.0.1 - - [01/Aug/2023 12:55:40] "[36mGET /static/images/img-1.png HTTP/1.1[0m" 304 -
INFO:werkzeug:127.0.0.1 - - [01/Aug/2023 12:55:40] "[36mGET /static/images/img-2.png HTTP/1.1[0m" 304 -
INFO:werkzeug:127.0.0.1 - - [01/Aug/2023 12:55:40] "[36mGET /static/images/img-3.png HTTP/1.1[0m" 304 -
INFO:werkzeug:127.0.0.1 - - [01/Aug/2023 12:55:40] "[36mGET /static/images/img-4.png HTTP/1.1[0m" 304 -
INFO:werkzeug:127.0.0.1 - - [01/Aug/2023 12:56:23] "GET / HTTP/1.1" 200 -
INFO:werkzeug:127.0.0.1 - - [01/Aug/2023 12:56:23] "[36mGET /static/css/style.css HTTP/1.1[0m" 304 -
INFO:werkzeug:127.0.0.1 - - [01/Aug/2023 12:56:23] "[33mGET /script.js HTTP/1.1[0m" 404 -
INFO:werkzeug:127.0.0.1 - - [01/Aug/2023 12:56:23] "[36mGET /static/images/0721.jpg HTTP/1.1[0m" 304 -
INFO:werkzeug:127.0.0.1 - - [01/Aug/2023 12:56:23] "[33mGET /static/images/abput-img.png HTTP/1.1[0m" 404 -
INFO:werkzeug:127.0.0.1 - - [01/Aug/2023 12:56:23] "[36mGET /static/images/food.jpg HTTP/1.1[0m" 304 -
INFO:werkzeug:127.0.0.1 - - [01/Aug/2023 12:56:23] "[36mGET /static/images/img-1.png HTTP/1.1[0m" 304 -
INFO:werkzeug:127.0.0.1 - - [01/Aug/2023 12:56:23] "[36mGET /static/images/img-2.png HTTP/1.1[0m" 304 -
INFO:werkzeug:127.0.0.1 - - [01/Aug/2023 12:56:23] "[36mGET /static/images/img-3.png HTTP/1.1[0m" 304 -
INFO:werkzeug:127.0.0.1 - - [01/Aug/2023 12:56:23] "[36mGET /static/images/img-4.png HTTP/1.1[0m" 304 -
INFO:werkzeug:127.0.0.1 - - [01/Aug/2023 13:03:21] "GET / HTTP/1.1" 200 -
INFO:werkzeug:127.0.0.1 - - [01/Aug/2023 13:03:21] "[36mGET /static/css/style.css HTTP/1.1[0m" 304 -
INFO:werkzeug:127.0.0.1 - - [01/Aug/2023 13:03:21] "[33mGET /script.js HTTP/1.1[0m" 404 -
INFO:werkzeug:127.0.0.1 - - [01/Aug/2023 13:03:21] "[36mGET /static/images/0721.jpg HTTP/1.1[0m" 304 -
INFO:werkzeug:127.0.0.1 - - [01/Aug/2023 13:03:21] "[33mGET /static/images/abput-img.png HTTP/1.1[0m" 404 -
INFO:werkzeug:127.0.0.1 - - [01/Aug/2023 13:03:21] "[36mGET /static/images/food.jpg HTTP/1.1[0m" 304 -
INFO:werkzeug:127.0.0.1 - - [01/Aug/2023 13:03:21] "[36mGET /static/images/img-1.png HTTP/1.1[0m" 304 -
INFO:werkzeug:127.0.0.1 - - [01/Aug/2023 13:03:21] "[36mGET /static/images/img-2.png HTTP/1.1[0m" 304 -
INFO:werkzeug:127.0.0.1 - - [01/Aug/2023 13:03:21] "[36mGET /static/images/img-3.png HTTP/1.1[0m" 304 -
INFO:werkzeug:127.0.0.1 - - [01/Aug/2023 13:03:21] "[36mGET /static/images/img-4.png HTTP/1.1[0m" 304 -
INFO:app:∑Œ±◊¿Œ ∆‰¿Ã¡ˆ ¡¯¿‘
INFO:werkzeug:127.0.0.1 - - [01/Aug/2023 13:04:46] "GET /login HTTP/1.1" 200 -
INFO:werkzeug:127.0.0.1 - - [01/Aug/2023 13:04:46] "[36mGET /static/dist/css/bootstrap.min.css HTTP/1.1[0m" 304 -
INFO:werkzeug:127.0.0.1 - - [01/Aug/2023 13:04:46] "[36mGET /static/signin.css HTTP/1.1[0m" 304 -
INFO:werkzeug:127.0.0.1 - - [01/Aug/2023 13:04:46] "[36mGET /static/images/catlogo_1.png HTTP/1.1[0m" 304 -
INFO:app:¿ÂπŸ±∏¥œ ∆‰¿Ã¡ˆ ¡¯¿‘
INFO:app:product_id : 2
INFO:werkzeug:127.0.0.1 - - [01/Aug/2023 13:04:53] "POST /cart HTTP/1.1" 200 -
INFO:app:cart api
INFO:werkzeug:127.0.0.1 - - [01/Aug/2023 13:04:56] "GET /cart HTTP/1.1" 200 -
INFO:app:cart api
INFO:werkzeug:127.0.0.1 - - [01/Aug/2023 13:04:56] "GET /cart HTTP/1.1" 200 -
INFO:werkzeug:[31m[1mWARNING: This is a development server. Do not use it in a production deployment. Use a production WSGI server instead.[0m
 * Running on all addresses (0.0.0.0)
 * Running on http://127.0.0.1:5000
 * Running on http://192.168.0.140:5000
INFO:werkzeug:[33mPress CTRL+C to quit[0m
INFO:werkzeug:192.168.0.136 - - [01/Aug/2023 13:49:08] "GET / HTTP/1.1" 200 -
INFO:werkzeug:192.168.0.136 - - [01/Aug/2023 13:49:08] "[33mGET /script.js HTTP/1.1[0m" 404 -
INFO:werkzeug:192.168.0.136 - - [01/Aug/2023 13:49:08] "[33mGET /static/images/abput-img.png HTTP/1.1[0m" 404 -
INFO:werkzeug:192.168.0.136 - - [01/Aug/2023 13:49:08] "[36mGET /static/css/style.css HTTP/1.1[0m" 304 -
INFO:werkzeug:192.168.0.136 - - [01/Aug/2023 13:49:08] "[36mGET /static/images/img-4.png HTTP/1.1[0m" 304 -
INFO:werkzeug:192.168.0.136 - - [01/Aug/2023 13:49:08] "[36mGET /static/images/0721.jpg HTTP/1.1[0m" 304 -
INFO:werkzeug:192.168.0.136 - - [01/Aug/2023 13:49:08] "[36mGET /static/images/food.jpg HTTP/1.1[0m" 304 -
INFO:werkzeug:192.168.0.136 - - [01/Aug/2023 13:49:08] "[36mGET /static/images/img-1.png HTTP/1.1[0m" 304 -
INFO:werkzeug:192.168.0.136 - - [01/Aug/2023 13:49:08] "[36mGET /static/images/img-2.png HTTP/1.1[0m" 304 -
INFO:werkzeug:192.168.0.136 - - [01/Aug/2023 13:49:08] "[36mGET /static/images/img-3.png HTTP/1.1[0m" 304 -
INFO:werkzeug:127.0.0.1 - - [01/Aug/2023 13:51:40] "GET / HTTP/1.1" 200 -
INFO:werkzeug:127.0.0.1 - - [01/Aug/2023 13:51:40] "[36mGET /static/css/style.css HTTP/1.1[0m" 304 -
INFO:werkzeug:127.0.0.1 - - [01/Aug/2023 13:51:40] "[36mGET /static/images/0721.jpg HTTP/1.1[0m" 304 -
INFO:werkzeug:127.0.0.1 - - [01/Aug/2023 13:51:40] "[33mGET /script.js HTTP/1.1[0m" 404 -
INFO:werkzeug:127.0.0.1 - - [01/Aug/2023 13:51:40] "[33mGET /static/images/abput-img.png HTTP/1.1[0m" 404 -
INFO:werkzeug:127.0.0.1 - - [01/Aug/2023 13:51:40] "[36mGET /static/images/food.jpg HTTP/1.1[0m" 304 -
INFO:werkzeug:127.0.0.1 - - [01/Aug/2023 13:51:40] "[36mGET /static/images/img-1.png HTTP/1.1[0m" 304 -
INFO:werkzeug:127.0.0.1 - - [01/Aug/2023 13:51:40] "[36mGET /static/images/img-2.png HTTP/1.1[0m" 304 -
INFO:werkzeug:127.0.0.1 - - [01/Aug/2023 13:51:40] "[36mGET /static/images/img-3.png HTTP/1.1[0m" 304 -
INFO:werkzeug:127.0.0.1 - - [01/Aug/2023 13:51:40] "[36mGET /static/images/img-4.png HTTP/1.1[0m" 304 -
INFO:werkzeug:127.0.0.1 - - [01/Aug/2023 13:51:47] "GET / HTTP/1.1" 200 -
INFO:werkzeug:127.0.0.1 - - [01/Aug/2023 13:51:47] "[36mGET /static/css/style.css HTTP/1.1[0m" 304 -
INFO:werkzeug:127.0.0.1 - - [01/Aug/2023 13:51:47] "[33mGET /script.js HTTP/1.1[0m" 404 -
INFO:werkzeug:127.0.0.1 - - [01/Aug/2023 13:51:47] "[36mGET /static/images/0721.jpg HTTP/1.1[0m" 304 -
INFO:werkzeug:127.0.0.1 - - [01/Aug/2023 13:51:47] "[33mGET /static/images/abput-img.png HTTP/1.1[0m" 404 -
INFO:werkzeug:127.0.0.1 - - [01/Aug/2023 13:51:48] "[36mGET /static/images/food.jpg HTTP/1.1[0m" 304 -
INFO:werkzeug:127.0.0.1 - - [01/Aug/2023 13:51:48] "[36mGET /static/images/img-1.png HTTP/1.1[0m" 304 -
INFO:werkzeug:127.0.0.1 - - [01/Aug/2023 13:51:48] "[36mGET /static/images/img-2.png HTTP/1.1[0m" 304 -
INFO:werkzeug:127.0.0.1 - - [01/Aug/2023 13:51:48] "[36mGET /static/images/img-3.png HTTP/1.1[0m" 304 -
INFO:werkzeug:127.0.0.1 - - [01/Aug/2023 13:51:48] "[36mGET /static/images/img-4.png HTTP/1.1[0m" 304 -
INFO:app:cart api
INFO:werkzeug:127.0.0.1 - - [01/Aug/2023 13:51:52] "GET /cart HTTP/1.1" 200 -
INFO:app:cart api
INFO:werkzeug:127.0.0.1 - - [01/Aug/2023 13:51:52] "GET /cart HTTP/1.1" 200 -
INFO:werkzeug:[31m[1mWARNING: This is a development server. Do not use it in a production deployment. Use a production WSGI server instead.[0m
 * Running on all addresses (0.0.0.0)
 * Running on http://127.0.0.1:5000
 * Running on http://192.168.0.140:5000
INFO:werkzeug:[33mPress CTRL+C to quit[0m
INFO:werkzeug:127.0.0.1 - - [01/Aug/2023 13:52:37] "GET / HTTP/1.1" 200 -
INFO:werkzeug:127.0.0.1 - - [01/Aug/2023 13:52:37] "[33mGET /script.js HTTP/1.1[0m" 404 -
INFO:werkzeug:127.0.0.1 - - [01/Aug/2023 13:52:37] "[33mGET /static/images/abput-img.png HTTP/1.1[0m" 404 -
INFO:werkzeug:127.0.0.1 - - [01/Aug/2023 13:52:37] "[36mGET /static/css/style.css HTTP/1.1[0m" 304 -
INFO:werkzeug:127.0.0.1 - - [01/Aug/2023 13:52:37] "[36mGET /static/images/img-4.png HTTP/1.1[0m" 304 -
INFO:werkzeug:127.0.0.1 - - [01/Aug/2023 13:52:37] "[36mGET /static/images/img-3.png HTTP/1.1[0m" 304 -
INFO:werkzeug:127.0.0.1 - - [01/Aug/2023 13:52:37] "[36mGET /static/images/food.jpg HTTP/1.1[0m" 304 -
INFO:werkzeug:127.0.0.1 - - [01/Aug/2023 13:52:37] "[36mGET /static/images/img-1.png HTTP/1.1[0m" 304 -
INFO:werkzeug:127.0.0.1 - - [01/Aug/2023 13:52:37] "[36mGET /static/images/0721.jpg HTTP/1.1[0m" 304 -
INFO:werkzeug:127.0.0.1 - - [01/Aug/2023 13:52:37] "[36mGET /static/images/img-2.png HTTP/1.1[0m" 304 -
INFO:app:cart api
INFO:werkzeug:127.0.0.1 - - [01/Aug/2023 13:52:39] "GET /cart HTTP/1.1" 200 -
INFO:app:cart api
INFO:werkzeug:127.0.0.1 - - [01/Aug/2023 13:52:39] "GET /cart HTTP/1.1" 200 -
INFO:werkzeug:127.0.0.1 - - [01/Aug/2023 13:54:36] "GET / HTTP/1.1" 200 -
INFO:werkzeug:127.0.0.1 - - [01/Aug/2023 13:54:36] "[36mGET /static/css/style.css HTTP/1.1[0m" 304 -
INFO:werkzeug:127.0.0.1 - - [01/Aug/2023 13:54:36] "[33mGET /script.js HTTP/1.1[0m" 404 -
INFO:werkzeug:127.0.0.1 - - [01/Aug/2023 13:54:36] "[33mGET /static/images/abput-img.png HTTP/1.1[0m" 404 -
INFO:werkzeug:127.0.0.1 - - [01/Aug/2023 13:54:36] "[36mGET /static/images/0721.jpg HTTP/1.1[0m" 304 -
INFO:werkzeug:127.0.0.1 - - [01/Aug/2023 13:54:36] "[36mGET /static/images/food.jpg HTTP/1.1[0m" 304 -
INFO:werkzeug:127.0.0.1 - - [01/Aug/2023 13:54:36] "[36mGET /static/images/img-1.png HTTP/1.1[0m" 304 -
INFO:werkzeug:127.0.0.1 - - [01/Aug/2023 13:54:36] "[36mGET /static/images/img-2.png HTTP/1.1[0m" 304 -
INFO:werkzeug:127.0.0.1 - - [01/Aug/2023 13:54:36] "[36mGET /static/images/img-3.png HTTP/1.1[0m" 304 -
INFO:werkzeug:127.0.0.1 - - [01/Aug/2023 13:54:36] "[36mGET /static/images/img-4.png HTTP/1.1[0m" 304 -
INFO:app:cart api
INFO:werkzeug:127.0.0.1 - - [01/Aug/2023 13:54:38] "GET /cart HTTP/1.1" 200 -
INFO:app:cart api
INFO:werkzeug:127.0.0.1 - - [01/Aug/2023 13:54:38] "GET /cart HTTP/1.1" 200 -
INFO:werkzeug:[31m[1mWARNING: This is a development server. Do not use it in a production deployment. Use a production WSGI server instead.[0m
 * Running on all addresses (0.0.0.0)
 * Running on http://127.0.0.1:5000
 * Running on http://192.168.0.140:5000
INFO:werkzeug:[33mPress CTRL+C to quit[0m
INFO:app:∑Œ±◊¿Œ ∆‰¿Ã¡ˆ ¡¯¿‘
INFO:werkzeug:127.0.0.1 - - [01/Aug/2023 14:19:48] "GET /login HTTP/1.1" 200 -
INFO:werkzeug:127.0.0.1 - - [01/Aug/2023 14:19:48] "[36mGET /static/dist/css/bootstrap.min.css HTTP/1.1[0m" 304 -
INFO:werkzeug:127.0.0.1 - - [01/Aug/2023 14:19:48] "[36mGET /static/signin.css HTTP/1.1[0m" 304 -
INFO:werkzeug:127.0.0.1 - - [01/Aug/2023 14:19:48] "[36mGET /static/images/catlogo_1.png HTTP/1.1[0m" 304 -
INFO:app:∑Œ±◊¿Œ ∆‰¿Ã¡ˆ ¡¯¿‘
INFO:werkzeug:127.0.0.1 - - [01/Aug/2023 14:19:58] "[32mPOST /login HTTP/1.1[0m" 302 -
INFO:werkzeug:127.0.0.1 - - [01/Aug/2023 14:19:58] "GET / HTTP/1.1" 200 -
INFO:werkzeug:127.0.0.1 - - [01/Aug/2023 14:19:58] "[36mGET /static/css/style.css HTTP/1.1[0m" 304 -
INFO:werkzeug:127.0.0.1 - - [01/Aug/2023 14:19:58] "[33mGET /script.js HTTP/1.1[0m" 404 -
INFO:werkzeug:127.0.0.1 - - [01/Aug/2023 14:19:58] "[33mGET /static/images/abput-img.png HTTP/1.1[0m" 404 -
INFO:werkzeug:127.0.0.1 - - [01/Aug/2023 14:19:58] "[36mGET /static/images/0721.jpg HTTP/1.1[0m" 304 -
INFO:werkzeug:127.0.0.1 - - [01/Aug/2023 14:19:58] "[36mGET /static/images/food.jpg HTTP/1.1[0m" 304 -
INFO:werkzeug:127.0.0.1 - - [01/Aug/2023 14:19:58] "[36mGET /static/images/img-1.png HTTP/1.1[0m" 304 -
INFO:werkzeug:127.0.0.1 - - [01/Aug/2023 14:19:58] "[36mGET /static/images/img-2.png HTTP/1.1[0m" 304 -
INFO:werkzeug:127.0.0.1 - - [01/Aug/2023 14:19:58] "[36mGET /static/images/img-3.png HTTP/1.1[0m" 304 -
INFO:werkzeug:127.0.0.1 - - [01/Aug/2023 14:19:58] "[36mGET /static/images/img-4.png HTTP/1.1[0m" 304 -
INFO:app:¿ÂπŸ±∏¥œ ∆‰¿Ã¡ˆ ¡¯¿‘
INFO:app:product_id : 1
INFO:werkzeug:127.0.0.1 - - [01/Aug/2023 14:20:05] "POST /cart HTTP/1.1" 200 -
INFO:app:¿ÂπŸ±∏¥œ ∆‰¿Ã¡ˆ ¡¯¿‘
INFO:app:product_id : 2
INFO:werkzeug:127.0.0.1 - - [01/Aug/2023 14:20:09] "POST /cart HTTP/1.1" 200 -
INFO:app:¿ÂπŸ±∏¥œ ∆‰¿Ã¡ˆ ¡¯¿‘
INFO:app:product_id : 1
INFO:werkzeug:127.0.0.1 - - [01/Aug/2023 14:20:41] "POST /cart HTTP/1.1" 200 -
INFO:app:¿ÂπŸ±∏¥œ ∆‰¿Ã¡ˆ ¡¯¿‘
INFO:app:product_id : 4
INFO:werkzeug:127.0.0.1 - - [01/Aug/2023 14:20:49] "POST /cart HTTP/1.1" 200 -
INFO:app:cart api
INFO:werkzeug:127.0.0.1 - - [01/Aug/2023 14:20:54] "GET /cart HTTP/1.1" 200 -
INFO:app:cart api
INFO:werkzeug:127.0.0.1 - - [01/Aug/2023 14:20:54] "GET /cart HTTP/1.1" 200 -
INFO:werkzeug:192.168.0.136 - - [01/Aug/2023 14:21:59] "GET / HTTP/1.1" 200 -
INFO:werkzeug:192.168.0.136 - - [01/Aug/2023 14:21:59] "[33mGET /script.js HTTP/1.1[0m" 404 -
INFO:werkzeug:192.168.0.136 - - [01/Aug/2023 14:21:59] "[36mGET /static/css/style.css HTTP/1.1[0m" 304 -
INFO:werkzeug:192.168.0.136 - - [01/Aug/2023 14:21:59] "[33mGET /static/images/abput-img.png HTTP/1.1[0m" 404 -
INFO:werkzeug:192.168.0.136 - - [01/Aug/2023 14:21:59] "[36mGET /static/images/0721.jpg HTTP/1.1[0m" 304 -
INFO:werkzeug:192.168.0.136 - - [01/Aug/2023 14:21:59] "[36mGET /static/images/food.jpg HTTP/1.1[0m" 304 -
INFO:werkzeug:192.168.0.136 - - [01/Aug/2023 14:21:59] "[36mGET /static/images/img-1.png HTTP/1.1[0m" 304 -
INFO:werkzeug:192.168.0.136 - - [01/Aug/2023 14:21:59] "[36mGET /static/images/img-2.png HTTP/1.1[0m" 304 -
INFO:werkzeug:192.168.0.136 - - [01/Aug/2023 14:21:59] "[36mGET /static/images/img-3.png HTTP/1.1[0m" 304 -
INFO:werkzeug:192.168.0.136 - - [01/Aug/2023 14:21:59] "[36mGET /static/images/img-4.png HTTP/1.1[0m" 304 -
INFO:werkzeug:192.168.0.146 - - [01/Aug/2023 14:22:14] "GET / HTTP/1.1" 200 -
INFO:werkzeug:192.168.0.146 - - [01/Aug/2023 14:22:14] "[33mGET /script.js HTTP/1.1[0m" 404 -
INFO:werkzeug:192.168.0.146 - - [01/Aug/2023 14:22:14] "GET /static/css/style.css HTTP/1.1" 200 -
INFO:werkzeug:192.168.0.146 - - [01/Aug/2023 14:22:14] "[33mGET /static/images/abput-img.png HTTP/1.1[0m" 404 -
INFO:werkzeug:192.168.0.146 - - [01/Aug/2023 14:22:14] "GET /static/images/0721.jpg HTTP/1.1" 200 -
INFO:werkzeug:192.168.0.146 - - [01/Aug/2023 14:22:14] "GET /static/images/food.jpg HTTP/1.1" 200 -
INFO:werkzeug:192.168.0.146 - - [01/Aug/2023 14:22:14] "GET /static/images/img-1.png HTTP/1.1" 200 -
INFO:werkzeug:192.168.0.146 - - [01/Aug/2023 14:22:14] "GET /static/images/img-2.png HTTP/1.1" 200 -
INFO:werkzeug:192.168.0.146 - - [01/Aug/2023 14:22:14] "GET /static/images/img-3.png HTTP/1.1" 200 -
INFO:werkzeug:192.168.0.146 - - [01/Aug/2023 14:22:14] "GET /static/images/img-4.png HTTP/1.1" 200 -
INFO:werkzeug:192.168.0.146 - - [01/Aug/2023 14:22:14] "[33mGET /favicon.ico HTTP/1.1[0m" 404 -
INFO:werkzeug:192.168.0.100 - - [01/Aug/2023 14:22:14] "GET / HTTP/1.1" 200 -
INFO:werkzeug:192.168.0.100 - - [01/Aug/2023 14:22:14] "GET /static/css/style.css HTTP/1.1" 200 -
INFO:werkzeug:192.168.0.100 - - [01/Aug/2023 14:22:14] "[33mGET /script.js HTTP/1.1[0m" 404 -
INFO:werkzeug:192.168.0.100 - - [01/Aug/2023 14:22:14] "GET /static/images/food.jpg HTTP/1.1" 200 -
INFO:werkzeug:192.168.0.100 - - [01/Aug/2023 14:22:14] "GET /static/images/img-1.png HTTP/1.1" 200 -
INFO:werkzeug:192.168.0.100 - - [01/Aug/2023 14:22:14] "[33mGET /static/images/abput-img.png HTTP/1.1[0m" 404 -
INFO:werkzeug:192.168.0.100 - - [01/Aug/2023 14:22:14] "GET /static/images/0721.jpg HTTP/1.1" 200 -
INFO:werkzeug:192.168.0.100 - - [01/Aug/2023 14:22:14] "GET /static/images/img-3.png HTTP/1.1" 200 -
INFO:werkzeug:192.168.0.100 - - [01/Aug/2023 14:22:14] "GET /static/images/img-2.png HTTP/1.1" 200 -
INFO:werkzeug:192.168.0.100 - - [01/Aug/2023 14:22:14] "GET /static/images/img-4.png HTTP/1.1" 200 -
INFO:werkzeug:192.168.0.100 - - [01/Aug/2023 14:22:14] "[33mGET /favicon.ico HTTP/1.1[0m" 404 -
INFO:werkzeug:192.168.0.110 - - [01/Aug/2023 14:22:14] "GET / HTTP/1.1" 200 -
INFO:werkzeug:192.168.0.110 - - [01/Aug/2023 14:22:14] "GET /static/css/style.css HTTP/1.1" 200 -
INFO:werkzeug:192.168.0.110 - - [01/Aug/2023 14:22:14] "[33mGET /script.js HTTP/1.1[0m" 404 -
INFO:werkzeug:192.168.0.110 - - [01/Aug/2023 14:22:14] "GET /static/images/0721.jpg HTTP/1.1" 200 -
INFO:werkzeug:192.168.0.110 - - [01/Aug/2023 14:22:14] "[33mGET /static/images/abput-img.png HTTP/1.1[0m" 404 -
INFO:werkzeug:192.168.0.110 - - [01/Aug/2023 14:22:14] "GET /static/images/food.jpg HTTP/1.1" 200 -
INFO:werkzeug:192.168.0.110 - - [01/Aug/2023 14:22:15] "GET /static/images/img-1.png HTTP/1.1" 200 -
INFO:werkzeug:192.168.0.110 - - [01/Aug/2023 14:22:15] "GET /static/images/img-2.png HTTP/1.1" 200 -
INFO:werkzeug:192.168.0.110 - - [01/Aug/2023 14:22:15] "GET /static/images/img-3.png HTTP/1.1" 200 -
INFO:werkzeug:192.168.0.110 - - [01/Aug/2023 14:22:15] "GET /static/images/img-4.png HTTP/1.1" 200 -
INFO:werkzeug:192.168.0.104 - - [01/Aug/2023 14:22:15] "GET / HTTP/1.1" 200 -
INFO:werkzeug:192.168.0.104 - - [01/Aug/2023 14:22:15] "[33mGET /script.js HTTP/1.1[0m" 404 -
INFO:werkzeug:192.168.0.104 - - [01/Aug/2023 14:22:15] "GET /static/css/style.css HTTP/1.1" 200 -
INFO:werkzeug:192.168.0.104 - - [01/Aug/2023 14:22:15] "GET /static/images/0721.jpg HTTP/1.1" 200 -
INFO:werkzeug:192.168.0.104 - - [01/Aug/2023 14:22:15] "[33mGET /static/images/abput-img.png HTTP/1.1[0m" 404 -
INFO:werkzeug:192.168.0.110 - - [01/Aug/2023 14:22:15] "[33mGET /favicon.ico HTTP/1.1[0m" 404 -
INFO:werkzeug:192.168.0.104 - - [01/Aug/2023 14:22:15] "GET /static/images/food.jpg HTTP/1.1" 200 -
INFO:werkzeug:192.168.0.104 - - [01/Aug/2023 14:22:15] "GET /static/images/img-1.png HTTP/1.1" 200 -
INFO:werkzeug:192.168.0.104 - - [01/Aug/2023 14:22:15] "GET /static/images/img-2.png HTTP/1.1" 200 -
INFO:werkzeug:192.168.0.104 - - [01/Aug/2023 14:22:15] "GET /static/images/img-3.png HTTP/1.1" 200 -
INFO:werkzeug:192.168.0.154 - - [01/Aug/2023 14:22:15] "GET / HTTP/1.1" 200 -
INFO:werkzeug:192.168.0.154 - - [01/Aug/2023 14:22:15] "GET /static/css/style.css HTTP/1.1" 200 -
INFO:werkzeug:192.168.0.154 - - [01/Aug/2023 14:22:15] "[33mGET /script.js HTTP/1.1[0m" 404 -
INFO:werkzeug:192.168.0.154 - - [01/Aug/2023 14:22:15] "[33mGET /static/images/abput-img.png HTTP/1.1[0m" 404 -
INFO:werkzeug:192.168.0.154 - - [01/Aug/2023 14:22:15] "GET /static/images/0721.jpg HTTP/1.1" 200 -
INFO:werkzeug:192.168.0.154 - - [01/Aug/2023 14:22:15] "GET /static/images/food.jpg HTTP/1.1" 200 -
INFO:werkzeug:192.168.0.154 - - [01/Aug/2023 14:22:15] "GET /static/images/img-1.png HTTP/1.1" 200 -
INFO:werkzeug:192.168.0.154 - - [01/Aug/2023 14:22:15] "GET /static/images/img-2.png HTTP/1.1" 200 -
INFO:werkzeug:192.168.0.154 - - [01/Aug/2023 14:22:15] "GET /static/images/img-3.png HTTP/1.1" 200 -
INFO:werkzeug:192.168.0.154 - - [01/Aug/2023 14:22:15] "GET /static/images/img-4.png HTTP/1.1" 200 -
INFO:werkzeug:192.168.0.154 - - [01/Aug/2023 14:22:15] "[33mGET /favicon.ico HTTP/1.1[0m" 404 -
INFO:werkzeug:192.168.0.143 - - [01/Aug/2023 14:22:15] "GET / HTTP/1.1" 200 -
INFO:werkzeug:192.168.0.143 - - [01/Aug/2023 14:22:15] "GET /static/css/style.css HTTP/1.1" 200 -
INFO:werkzeug:192.168.0.143 - - [01/Aug/2023 14:22:15] "[33mGET /script.js HTTP/1.1[0m" 404 -
INFO:werkzeug:192.168.0.143 - - [01/Aug/2023 14:22:15] "GET /static/images/0721.jpg HTTP/1.1" 200 -
INFO:werkzeug:192.168.0.143 - - [01/Aug/2023 14:22:16] "[33mGET /static/images/abput-img.png HTTP/1.1[0m" 404 -
INFO:werkzeug:192.168.0.143 - - [01/Aug/2023 14:22:16] "GET /static/images/img-1.png HTTP/1.1" 200 -
INFO:werkzeug:192.168.0.143 - - [01/Aug/2023 14:22:16] "GET /static/images/food.jpg HTTP/1.1" 200 -
INFO:werkzeug:192.168.0.143 - - [01/Aug/2023 14:22:16] "GET /static/images/img-2.png HTTP/1.1" 200 -
INFO:werkzeug:192.168.0.143 - - [01/Aug/2023 14:22:16] "GET /static/images/img-3.png HTTP/1.1" 200 -
INFO:werkzeug:192.168.0.143 - - [01/Aug/2023 14:22:16] "GET /static/images/img-4.png HTTP/1.1" 200 -
INFO:werkzeug:192.168.0.143 - - [01/Aug/2023 14:22:16] "[33mGET /favicon.ico HTTP/1.1[0m" 404 -
INFO:werkzeug:192.168.0.104 - - [01/Aug/2023 14:22:16] "GET /static/images/img-4.png HTTP/1.1" 200 -
INFO:werkzeug:192.168.0.104 - - [01/Aug/2023 14:22:16] "[33mGET /favicon.ico HTTP/1.1[0m" 404 -
INFO:werkzeug:192.168.0.138 - - [01/Aug/2023 14:22:16] "GET / HTTP/1.1" 200 -
INFO:werkzeug:192.168.0.138 - - [01/Aug/2023 14:22:16] "GET /static/css/style.css HTTP/1.1" 200 -
INFO:werkzeug:192.168.0.138 - - [01/Aug/2023 14:22:16] "[33mGET /script.js HTTP/1.1[0m" 404 -
INFO:werkzeug:192.168.0.138 - - [01/Aug/2023 14:22:16] "[33mGET /static/images/abput-img.png HTTP/1.1[0m" 404 -
INFO:werkzeug:192.168.0.138 - - [01/Aug/2023 14:22:16] "GET /static/images/0721.jpg HTTP/1.1" 200 -
INFO:werkzeug:192.168.0.138 - - [01/Aug/2023 14:22:16] "GET /static/images/food.jpg HTTP/1.1" 200 -
INFO:werkzeug:192.168.0.138 - - [01/Aug/2023 14:22:16] "GET /static/images/img-1.png HTTP/1.1" 200 -
INFO:werkzeug:192.168.0.138 - - [01/Aug/2023 14:22:16] "GET /static/images/img-2.png HTTP/1.1" 200 -
INFO:werkzeug:192.168.0.138 - - [01/Aug/2023 14:22:16] "GET /static/images/img-3.png HTTP/1.1" 200 -
INFO:werkzeug:192.168.0.138 - - [01/Aug/2023 14:22:16] "GET /static/images/img-4.png HTTP/1.1" 200 -
INFO:werkzeug:192.168.0.138 - - [01/Aug/2023 14:22:16] "[33mGET /favicon.ico HTTP/1.1[0m" 404 -
INFO:app:¿ÂπŸ±∏¥œ ∆‰¿Ã¡ˆ ¡¯¿‘
INFO:app:product_id : 3
INFO:werkzeug:192.168.0.100 - - [01/Aug/2023 14:22:18] "POST /cart HTTP/1.1" 200 -
INFO:werkzeug:192.168.0.91 - - [01/Aug/2023 14:22:19] "GET / HTTP/1.1" 200 -
INFO:werkzeug:192.168.0.91 - - [01/Aug/2023 14:22:19] "GET /static/css/style.css HTTP/1.1" 200 -
INFO:werkzeug:192.168.0.91 - - [01/Aug/2023 14:22:19] "[33mGET /script.js HTTP/1.1[0m" 404 -
INFO:werkzeug:192.168.0.91 - - [01/Aug/2023 14:22:19] "[33mGET /static/images/abput-img.png HTTP/1.1[0m" 404 -
INFO:werkzeug:192.168.0.91 - - [01/Aug/2023 14:22:19] "GET /static/images/0721.jpg HTTP/1.1" 200 -
INFO:werkzeug:192.168.0.91 - - [01/Aug/2023 14:22:19] "GET /static/images/food.jpg HTTP/1.1" 200 -
INFO:werkzeug:192.168.0.91 - - [01/Aug/2023 14:22:19] "GET /static/images/img-1.png HTTP/1.1" 200 -
INFO:werkzeug:192.168.0.91 - - [01/Aug/2023 14:22:19] "GET /static/images/img-2.png HTTP/1.1" 200 -
INFO:werkzeug:192.168.0.91 - - [01/Aug/2023 14:22:19] "GET /static/images/img-3.png HTTP/1.1" 200 -
INFO:werkzeug:192.168.0.91 - - [01/Aug/2023 14:22:19] "GET /static/images/img-4.png HTTP/1.1" 200 -
INFO:werkzeug:192.168.0.91 - - [01/Aug/2023 14:22:19] "[33mGET /favicon.ico HTTP/1.1[0m" 404 -
INFO:app:¿ÂπŸ±∏¥œ ∆‰¿Ã¡ˆ ¡¯¿‘
INFO:app:product_id : 2
INFO:werkzeug:192.168.0.138 - - [01/Aug/2023 14:22:19] "POST /cart HTTP/1.1" 200 -
INFO:app:¿ÂπŸ±∏¥œ ∆‰¿Ã¡ˆ ¡¯¿‘
INFO:app:product_id : 3
INFO:werkzeug:192.168.0.154 - - [01/Aug/2023 14:22:20] "POST /cart HTTP/1.1" 200 -
INFO:werkzeug:192.168.0.97 - - [01/Aug/2023 14:22:20] "GET / HTTP/1.1" 200 -
INFO:werkzeug:192.168.0.97 - - [01/Aug/2023 14:22:20] "GET /static/css/style.css HTTP/1.1" 200 -
INFO:werkzeug:192.168.0.97 - - [01/Aug/2023 14:22:20] "[33mGET /script.js HTTP/1.1[0m" 404 -
INFO:werkzeug:192.168.0.97 - - [01/Aug/2023 14:22:20] "[33mGET /static/images/abput-img.png HTTP/1.1[0m" 404 -
INFO:werkzeug:192.168.0.97 - - [01/Aug/2023 14:22:20] "GET /static/images/0721.jpg HTTP/1.1" 200 -
INFO:werkzeug:192.168.0.97 - - [01/Aug/2023 14:22:20] "GET /static/images/food.jpg HTTP/1.1" 200 -
INFO:werkzeug:192.168.0.97 - - [01/Aug/2023 14:22:20] "GET /static/images/img-1.png HTTP/1.1" 200 -
INFO:werkzeug:192.168.0.97 - - [01/Aug/2023 14:22:20] "GET /static/images/img-2.png HTTP/1.1" 200 -
INFO:werkzeug:192.168.0.97 - - [01/Aug/2023 14:22:20] "GET /static/images/img-3.png HTTP/1.1" 200 -
INFO:werkzeug:192.168.0.97 - - [01/Aug/2023 14:22:20] "GET /static/images/img-4.png HTTP/1.1" 200 -
INFO:werkzeug:192.168.0.97 - - [01/Aug/2023 14:22:20] "[33mGET /favicon.ico HTTP/1.1[0m" 404 -
INFO:werkzeug:192.168.0.84 - - [01/Aug/2023 14:22:21] "GET / HTTP/1.1" 200 -
INFO:app:∑Œ±◊¿Œ ∆‰¿Ã¡ˆ ¡¯¿‘
INFO:werkzeug:192.168.0.146 - - [01/Aug/2023 14:22:21] "GET /login HTTP/1.1" 200 -
INFO:werkzeug:192.168.0.106 - - [01/Aug/2023 14:22:21] "GET / HTTP/1.1" 200 -
INFO:werkzeug:192.168.0.146 - - [01/Aug/2023 14:22:21] "GET /static/dist/css/bootstrap.min.css HTTP/1.1" 200 -
INFO:werkzeug:192.168.0.106 - - [01/Aug/2023 14:22:21] "GET /static/css/style.css HTTP/1.1" 200 -
INFO:werkzeug:192.168.0.146 - - [01/Aug/2023 14:22:21] "GET /static/signin.css HTTP/1.1" 200 -
INFO:werkzeug:192.168.0.106 - - [01/Aug/2023 14:22:21] "[33mGET /script.js HTTP/1.1[0m" 404 -
INFO:werkzeug:192.168.0.84 - - [01/Aug/2023 14:22:21] "GET /static/css/style.css HTTP/1.1" 200 -
INFO:werkzeug:192.168.0.146 - - [01/Aug/2023 14:22:21] "GET /static/images/catlogo_1.png HTTP/1.1" 200 -
INFO:werkzeug:192.168.0.106 - - [01/Aug/2023 14:22:21] "GET /static/images/food.jpg HTTP/1.1" 200 -
INFO:werkzeug:192.168.0.106 - - [01/Aug/2023 14:22:21] "GET /static/images/0721.jpg HTTP/1.1" 200 -
INFO:werkzeug:192.168.0.106 - - [01/Aug/2023 14:22:21] "[33mGET /static/images/abput-img.png HTTP/1.1[0m" 404 -
INFO:werkzeug:192.168.0.106 - - [01/Aug/2023 14:22:21] "GET /static/images/img-1.png HTTP/1.1" 200 -
INFO:werkzeug:192.168.0.84 - - [01/Aug/2023 14:22:21] "[33mGET /script.js HTTP/1.1[0m" 404 -
INFO:werkzeug:192.168.0.106 - - [01/Aug/2023 14:22:21] "GET /static/images/img-2.png HTTP/1.1" 200 -
INFO:werkzeug:192.168.0.84 - - [01/Aug/2023 14:22:21] "GET /static/images/0721.jpg HTTP/1.1" 200 -
INFO:werkzeug:192.168.0.84 - - [01/Aug/2023 14:22:21] "[33mGET /static/images/abput-img.png HTTP/1.1[0m" 404 -
INFO:werkzeug:192.168.0.84 - - [01/Aug/2023 14:22:21] "GET /static/images/img-1.png HTTP/1.1" 200 -
INFO:werkzeug:192.168.0.84 - - [01/Aug/2023 14:22:21] "GET /static/images/food.jpg HTTP/1.1" 200 -
INFO:werkzeug:192.168.0.106 - - [01/Aug/2023 14:22:21] "GET /static/images/img-4.png HTTP/1.1" 200 -
INFO:werkzeug:192.168.0.106 - - [01/Aug/2023 14:22:21] "GET /static/images/img-3.png HTTP/1.1" 200 -
INFO:werkzeug:192.168.0.84 - - [01/Aug/2023 14:22:21] "GET /static/images/img-3.png HTTP/1.1" 200 -
INFO:werkzeug:192.168.0.84 - - [01/Aug/2023 14:22:21] "GET /static/images/img-2.png HTTP/1.1" 200 -
INFO:werkzeug:192.168.0.84 - - [01/Aug/2023 14:22:21] "GET /static/images/img-4.png HTTP/1.1" 200 -
INFO:werkzeug:192.168.0.106 - - [01/Aug/2023 14:22:21] "[33mGET /favicon.ico HTTP/1.1[0m" 404 -
INFO:werkzeug:192.168.0.84 - - [01/Aug/2023 14:22:21] "[33mGET /favicon.ico HTTP/1.1[0m" 404 -
INFO:werkzeug:192.168.0.47 - - [01/Aug/2023 14:22:21] "GET / HTTP/1.1" 200 -
INFO:werkzeug:192.168.0.47 - - [01/Aug/2023 14:22:21] "GET /static/css/style.css HTTP/1.1" 200 -
INFO:werkzeug:192.168.0.47 - - [01/Aug/2023 14:22:21] "[33mGET /script.js HTTP/1.1[0m" 404 -
INFO:werkzeug:192.168.0.47 - - [01/Aug/2023 14:22:21] "[33mGET /static/images/abput-img.png HTTP/1.1[0m" 404 -
INFO:werkzeug:192.168.0.47 - - [01/Aug/2023 14:22:21] "GET /static/images/0721.jpg HTTP/1.1" 200 -
INFO:werkzeug:192.168.0.47 - - [01/Aug/2023 14:22:21] "GET /static/images/food.jpg HTTP/1.1" 200 -
INFO:werkzeug:192.168.0.47 - - [01/Aug/2023 14:22:21] "GET /static/images/img-1.png HTTP/1.1" 200 -
INFO:werkzeug:192.168.0.47 - - [01/Aug/2023 14:22:21] "GET /static/images/img-3.png HTTP/1.1" 200 -
INFO:werkzeug:192.168.0.47 - - [01/Aug/2023 14:22:21] "GET /static/images/img-2.png HTTP/1.1" 200 -
INFO:werkzeug:192.168.0.47 - - [01/Aug/2023 14:22:21] "GET /static/images/img-4.png HTTP/1.1" 200 -
INFO:werkzeug:192.168.0.47 - - [01/Aug/2023 14:22:21] "[33mGET /favicon.ico HTTP/1.1[0m" 404 -
INFO:app:¿ÂπŸ±∏¥œ ∆‰¿Ã¡ˆ ¡¯¿‘
INFO:app:product_id : 4
INFO:werkzeug:192.168.0.100 - - [01/Aug/2023 14:22:21] "POST /cart HTTP/1.1" 200 -
INFO:werkzeug:192.168.0.150 - - [01/Aug/2023 14:22:22] "GET / HTTP/1.1" 200 -
INFO:werkzeug:192.168.0.150 - - [01/Aug/2023 14:22:22] "GET /static/css/style.css HTTP/1.1" 200 -
INFO:werkzeug:192.168.0.150 - - [01/Aug/2023 14:22:22] "[33mGET /script.js HTTP/1.1[0m" 404 -
INFO:werkzeug:192.168.0.150 - - [01/Aug/2023 14:22:22] "GET /static/images/0721.jpg HTTP/1.1" 200 -
INFO:werkzeug:192.168.0.150 - - [01/Aug/2023 14:22:22] "[33mGET /static/images/abput-img.png HTTP/1.1[0m" 404 -
INFO:werkzeug:192.168.0.150 - - [01/Aug/2023 14:22:22] "GET /static/images/food.jpg HTTP/1.1" 200 -
INFO:werkzeug:192.168.0.150 - - [01/Aug/2023 14:22:22] "GET /static/images/img-1.png HTTP/1.1" 200 -
INFO:werkzeug:192.168.0.150 - - [01/Aug/2023 14:22:22] "GET /static/images/img-3.png HTTP/1.1" 200 -
INFO:werkzeug:192.168.0.150 - - [01/Aug/2023 14:22:22] "GET /static/images/img-2.png HTTP/1.1" 200 -
INFO:werkzeug:192.168.0.150 - - [01/Aug/2023 14:22:22] "GET /static/images/img-4.png HTTP/1.1" 200 -
INFO:werkzeug:192.168.0.150 - - [01/Aug/2023 14:22:22] "[33mGET /favicon.ico HTTP/1.1[0m" 404 -
INFO:app:¿ÂπŸ±∏¥œ ∆‰¿Ã¡ˆ ¡¯¿‘
INFO:app:product_id : 1
INFO:werkzeug:192.168.0.91 - - [01/Aug/2023 14:22:22] "POST /cart HTTP/1.1" 200 -
INFO:app:∑Œ±◊¿Œ ∆‰¿Ã¡ˆ ¡¯¿‘
INFO:werkzeug:192.168.0.104 - - [01/Aug/2023 14:22:22] "GET /login HTTP/1.1" 200 -
INFO:werkzeug:192.168.0.80 - - [01/Aug/2023 14:22:22] "GET / HTTP/1.1" 200 -
INFO:werkzeug:192.168.0.104 - - [01/Aug/2023 14:22:22] "GET /static/signin.css HTTP/1.1" 200 -
INFO:werkzeug:192.168.0.104 - - [01/Aug/2023 14:22:22] "GET /static/dist/css/bootstrap.min.css HTTP/1.1" 200 -
INFO:werkzeug:192.168.0.80 - - [01/Aug/2023 14:22:22] "GET /static/css/style.css HTTP/1.1" 200 -
INFO:werkzeug:192.168.0.104 - - [01/Aug/2023 14:22:22] "GET /static/images/catlogo_1.png HTTP/1.1" 200 -
INFO:werkzeug:192.168.0.80 - - [01/Aug/2023 14:22:22] "[33mGET /script.js HTTP/1.1[0m" 404 -
INFO:werkzeug:192.168.0.80 - - [01/Aug/2023 14:22:22] "GET /static/images/food.jpg HTTP/1.1" 200 -
INFO:werkzeug:192.168.0.80 - - [01/Aug/2023 14:22:22] "[33mGET /static/images/abput-img.png HTTP/1.1[0m" 404 -
INFO:werkzeug:192.168.0.80 - - [01/Aug/2023 14:22:22] "GET /static/images/img-1.png HTTP/1.1" 200 -
INFO:werkzeug:192.168.0.80 - - [01/Aug/2023 14:22:22] "GET /static/images/0721.jpg HTTP/1.1" 200 -
INFO:werkzeug:192.168.0.80 - - [01/Aug/2023 14:22:22] "GET /static/images/img-2.png HTTP/1.1" 200 -
INFO:werkzeug:192.168.0.80 - - [01/Aug/2023 14:22:22] "GET /static/images/img-3.png HTTP/1.1" 200 -
INFO:werkzeug:192.168.0.80 - - [01/Aug/2023 14:22:22] "GET /static/images/img-4.png HTTP/1.1" 200 -
INFO:werkzeug:192.168.0.107 - - [01/Aug/2023 14:22:22] "GET / HTTP/1.1" 200 -
INFO:werkzeug:192.168.0.80 - - [01/Aug/2023 14:22:22] "[33mGET /favicon.ico HTTP/1.1[0m" 404 -
INFO:werkzeug:192.168.0.107 - - [01/Aug/2023 14:22:22] "GET /static/images/0721.jpg HTTP/1.1" 200 -
INFO:werkzeug:192.168.0.107 - - [01/Aug/2023 14:22:22] "GET /static/css/style.css HTTP/1.1" 200 -
INFO:werkzeug:192.168.0.107 - - [01/Aug/2023 14:22:22] "[33mGET /static/images/abput-img.png HTTP/1.1[0m" 404 -
INFO:werkzeug:192.168.0.107 - - [01/Aug/2023 14:22:22] "[33mGET /script.js HTTP/1.1[0m" 404 -
INFO:werkzeug:192.168.0.107 - - [01/Aug/2023 14:22:22] "GET /static/images/food.jpg HTTP/1.1" 200 -
INFO:werkzeug:192.168.0.107 - - [01/Aug/2023 14:22:22] "GET /static/images/img-1.png HTTP/1.1" 200 -
INFO:werkzeug:192.168.0.107 - - [01/Aug/2023 14:22:22] "GET /static/images/img-2.png HTTP/1.1" 200 -
INFO:werkzeug:192.168.0.107 - - [01/Aug/2023 14:22:22] "GET /static/images/img-3.png HTTP/1.1" 200 -
INFO:werkzeug:192.168.0.107 - - [01/Aug/2023 14:22:22] "GET /static/images/img-4.png HTTP/1.1" 200 -
INFO:werkzeug:192.168.0.107 - - [01/Aug/2023 14:22:22] "[33mGET /favicon.ico HTTP/1.1[0m" 404 -
INFO:werkzeug:192.168.0.81 - - [01/Aug/2023 14:22:22] "GET / HTTP/1.1" 200 -
INFO:werkzeug:192.168.0.81 - - [01/Aug/2023 14:22:22] "[33mGET /script.js HTTP/1.1[0m" 404 -
INFO:werkzeug:192.168.0.81 - - [01/Aug/2023 14:22:22] "GET /static/css/style.css HTTP/1.1" 200 -
INFO:werkzeug:192.168.0.81 - - [01/Aug/2023 14:22:22] "[33mGET /static/images/abput-img.png HTTP/1.1[0m" 404 -
INFO:werkzeug:192.168.0.81 - - [01/Aug/2023 14:22:22] "GET /static/images/0721.jpg HTTP/1.1" 200 -
INFO:werkzeug:192.168.0.81 - - [01/Aug/2023 14:22:22] "GET /static/images/food.jpg HTTP/1.1" 200 -
INFO:werkzeug:192.168.0.81 - - [01/Aug/2023 14:22:22] "GET /static/images/img-1.png HTTP/1.1" 200 -
INFO:werkzeug:192.168.0.81 - - [01/Aug/2023 14:22:22] "GET /static/images/img-2.png HTTP/1.1" 200 -
INFO:werkzeug:192.168.0.81 - - [01/Aug/2023 14:22:22] "GET /static/images/img-3.png HTTP/1.1" 200 -
INFO:werkzeug:192.168.0.81 - - [01/Aug/2023 14:22:22] "GET /static/images/img-4.png HTTP/1.1" 200 -
INFO:werkzeug:192.168.0.81 - - [01/Aug/2023 14:22:22] "[33mGET /favicon.ico HTTP/1.1[0m" 404 -
INFO:werkzeug:192.168.0.125 - - [01/Aug/2023 14:22:23] "GET / HTTP/1.1" 200 -
INFO:werkzeug:192.168.0.125 - - [01/Aug/2023 14:22:23] "GET /static/css/style.css HTTP/1.1" 200 -
INFO:werkzeug:192.168.0.125 - - [01/Aug/2023 14:22:23] "[33mGET /static/images/abput-img.png HTTP/1.1[0m" 404 -
INFO:werkzeug:192.168.0.125 - - [01/Aug/2023 14:22:23] "GET /static/images/0721.jpg HTTP/1.1" 200 -
INFO:werkzeug:192.168.0.125 - - [01/Aug/2023 14:22:23] "GET /static/images/food.jpg HTTP/1.1" 200 -
INFO:werkzeug:192.168.0.125 - - [01/Aug/2023 14:22:23] "GET /static/images/img-1.png HTTP/1.1" 200 -
INFO:werkzeug:192.168.0.125 - - [01/Aug/2023 14:22:23] "[33mGET /script.js HTTP/1.1[0m" 404 -
INFO:werkzeug:192.168.0.125 - - [01/Aug/2023 14:22:23] "GET /static/images/img-2.png HTTP/1.1" 200 -
INFO:werkzeug:192.168.0.125 - - [01/Aug/2023 14:22:23] "GET /static/images/img-4.png HTTP/1.1" 200 -
INFO:werkzeug:192.168.0.125 - - [01/Aug/2023 14:22:23] "GET /static/images/img-3.png HTTP/1.1" 200 -
INFO:werkzeug:192.168.0.125 - - [01/Aug/2023 14:22:23] "[33mGET /favicon.ico HTTP/1.1[0m" 404 -
INFO:app:¿ÂπŸ±∏¥œ ∆‰¿Ã¡ˆ ¡¯¿‘
INFO:app:product_id : 4
INFO:werkzeug:192.168.0.154 - - [01/Aug/2023 14:22:23] "POST /cart HTTP/1.1" 200 -
INFO:werkzeug:192.168.0.28 - - [01/Aug/2023 14:22:23] "GET / HTTP/1.1" 200 -
INFO:werkzeug:192.168.0.28 - - [01/Aug/2023 14:22:23] "GET /static/css/style.css HTTP/1.1" 200 -
INFO:werkzeug:192.168.0.28 - - [01/Aug/2023 14:22:23] "[33mGET /script.js HTTP/1.1[0m" 404 -
INFO:werkzeug:192.168.0.28 - - [01/Aug/2023 14:22:23] "[33mGET /static/images/abput-img.png HTTP/1.1[0m" 404 -
INFO:werkzeug:192.168.0.28 - - [01/Aug/2023 14:22:23] "GET /static/images/food.jpg HTTP/1.1" 200 -
INFO:werkzeug:192.168.0.28 - - [01/Aug/2023 14:22:23] "GET /static/images/0721.jpg HTTP/1.1" 200 -
INFO:werkzeug:192.168.0.28 - - [01/Aug/2023 14:22:23] "GET /static/images/img-1.png HTTP/1.1" 200 -
INFO:werkzeug:192.168.0.28 - - [01/Aug/2023 14:22:23] "GET /static/images/img-2.png HTTP/1.1" 200 -
INFO:werkzeug:192.168.0.28 - - [01/Aug/2023 14:22:23] "GET /static/images/img-3.png HTTP/1.1" 200 -
INFO:werkzeug:192.168.0.28 - - [01/Aug/2023 14:22:23] "GET /static/images/img-4.png HTTP/1.1" 200 -
INFO:werkzeug:192.168.0.28 - - [01/Aug/2023 14:22:23] "[33mGET /favicon.ico HTTP/1.1[0m" 404 -
INFO:werkzeug:192.168.0.147 - - [01/Aug/2023 14:22:24] "GET / HTTP/1.1" 200 -
INFO:werkzeug:192.168.0.147 - - [01/Aug/2023 14:22:24] "GET /static/css/style.css HTTP/1.1" 200 -
INFO:werkzeug:192.168.0.147 - - [01/Aug/2023 14:22:24] "[33mGET /script.js HTTP/1.1[0m" 404 -
INFO:werkzeug:192.168.0.147 - - [01/Aug/2023 14:22:24] "GET /static/images/0721.jpg HTTP/1.1" 200 -
INFO:werkzeug:192.168.0.147 - - [01/Aug/2023 14:22:24] "GET /static/images/food.jpg HTTP/1.1" 200 -
INFO:werkzeug:192.168.0.147 - - [01/Aug/2023 14:22:24] "[33mGET /static/images/abput-img.png HTTP/1.1[0m" 404 -
INFO:werkzeug:192.168.0.147 - - [01/Aug/2023 14:22:24] "GET /static/images/img-1.png HTTP/1.1" 200 -
INFO:werkzeug:192.168.0.147 - - [01/Aug/2023 14:22:24] "GET /static/images/img-2.png HTTP/1.1" 200 -
INFO:werkzeug:192.168.0.147 - - [01/Aug/2023 14:22:24] "GET /static/images/img-3.png HTTP/1.1" 200 -
INFO:werkzeug:192.168.0.147 - - [01/Aug/2023 14:22:24] "GET /static/images/img-4.png HTTP/1.1" 200 -
INFO:werkzeug:192.168.0.147 - - [01/Aug/2023 14:22:24] "[33mGET /favicon.ico HTTP/1.1[0m" 404 -
INFO:werkzeug:192.168.0.146 - - [01/Aug/2023 14:22:24] "[33mGET /register HTTP/1.1[0m" 404 -
INFO:werkzeug:192.168.0.185 - - [01/Aug/2023 14:22:25] "GET / HTTP/1.1" 200 -
INFO:werkzeug:192.168.0.185 - - [01/Aug/2023 14:22:25] "GET /static/css/style.css HTTP/1.1" 200 -
INFO:werkzeug:192.168.0.185 - - [01/Aug/2023 14:22:25] "[33mGET /script.js HTTP/1.1[0m" 404 -
INFO:werkzeug:192.168.0.185 - - [01/Aug/2023 14:22:25] "[33mGET /static/images/abput-img.png HTTP/1.1[0m" 404 -
INFO:werkzeug:192.168.0.185 - - [01/Aug/2023 14:22:25] "GET /static/images/0721.jpg HTTP/1.1" 200 -
INFO:werkzeug:192.168.0.185 - - [01/Aug/2023 14:22:25] "GET /static/images/food.jpg HTTP/1.1" 200 -
INFO:werkzeug:192.168.0.185 - - [01/Aug/2023 14:22:25] "GET /static/images/img-1.png HTTP/1.1" 200 -
INFO:werkzeug:192.168.0.185 - - [01/Aug/2023 14:22:25] "GET /static/images/img-2.png HTTP/1.1" 200 -
INFO:werkzeug:192.168.0.185 - - [01/Aug/2023 14:22:25] "GET /static/images/img-3.png HTTP/1.1" 200 -
INFO:werkzeug:192.168.0.185 - - [01/Aug/2023 14:22:25] "GET /static/images/img-4.png HTTP/1.1" 200 -
INFO:werkzeug:192.168.0.185 - - [01/Aug/2023 14:22:25] "[33mGET /favicon.ico HTTP/1.1[0m" 404 -
INFO:app:¿ÂπŸ±∏¥œ ∆‰¿Ã¡ˆ ¡¯¿‘
INFO:app:product_id : 3
INFO:werkzeug:192.168.0.97 - - [01/Aug/2023 14:22:25] "POST /cart HTTP/1.1" 200 -
INFO:app:¿ÂπŸ±∏¥œ ∆‰¿Ã¡ˆ ¡¯¿‘
INFO:app:product_id : 3
INFO:werkzeug:192.168.0.91 - - [01/Aug/2023 14:22:25] "POST /cart HTTP/1.1" 200 -
INFO:app:¿ÂπŸ±∏¥œ ∆‰¿Ã¡ˆ ¡¯¿‘
INFO:app:product_id : 1
INFO:werkzeug:192.168.0.81 - - [01/Aug/2023 14:22:25] "POST /cart HTTP/1.1" 200 -
INFO:app:∑Œ±◊¿Œ ∆‰¿Ã¡ˆ ¡¯¿‘
INFO:werkzeug:192.168.0.100 - - [01/Aug/2023 14:22:25] "GET /login HTTP/1.1" 200 -
INFO:werkzeug:192.168.0.100 - - [01/Aug/2023 14:22:26] "GET /static/dist/css/bootstrap.min.css HTTP/1.1" 200 -
INFO:werkzeug:192.168.0.100 - - [01/Aug/2023 14:22:26] "GET /static/signin.css HTTP/1.1" 200 -
INFO:werkzeug:192.168.0.100 - - [01/Aug/2023 14:22:26] "GET /static/images/catlogo_1.png HTTP/1.1" 200 -
INFO:werkzeug:192.168.0.69 - - [01/Aug/2023 14:22:26] "GET / HTTP/1.1" 200 -
INFO:werkzeug:192.168.0.69 - - [01/Aug/2023 14:22:26] "GET /static/css/style.css HTTP/1.1" 200 -
INFO:werkzeug:192.168.0.69 - - [01/Aug/2023 14:22:26] "[33mGET /script.js HTTP/1.1[0m" 404 -
INFO:werkzeug:192.168.0.69 - - [01/Aug/2023 14:22:26] "GET /static/images/food.jpg HTTP/1.1" 200 -
INFO:werkzeug:192.168.0.69 - - [01/Aug/2023 14:22:26] "GET /static/images/img-1.png HTTP/1.1" 200 -
INFO:werkzeug:192.168.0.69 - - [01/Aug/2023 14:22:26] "GET /static/images/img-2.png HTTP/1.1" 200 -
INFO:werkzeug:192.168.0.69 - - [01/Aug/2023 14:22:26] "[33mGET /static/images/abput-img.png HTTP/1.1[0m" 404 -
INFO:werkzeug:192.168.0.69 - - [01/Aug/2023 14:22:26] "GET /static/images/0721.jpg HTTP/1.1" 200 -
INFO:werkzeug:192.168.0.69 - - [01/Aug/2023 14:22:26] "GET /static/images/img-3.png HTTP/1.1" 200 -
INFO:werkzeug:192.168.0.69 - - [01/Aug/2023 14:22:26] "GET /static/images/img-4.png HTTP/1.1" 200 -
INFO:werkzeug:192.168.0.69 - - [01/Aug/2023 14:22:26] "[33mGET /favicon.ico HTTP/1.1[0m" 404 -
INFO:app:∑Œ±◊¿Œ ∆‰¿Ã¡ˆ ¡¯¿‘
INFO:werkzeug:192.168.0.106 - - [01/Aug/2023 14:22:27] "GET /login HTTP/1.1" 200 -
INFO:werkzeug:192.168.0.106 - - [01/Aug/2023 14:22:27] "GET /static/dist/css/bootstrap.min.css HTTP/1.1" 200 -
INFO:werkzeug:192.168.0.106 - - [01/Aug/2023 14:22:27] "GET /static/images/catlogo_1.png HTTP/1.1" 200 -
INFO:werkzeug:192.168.0.106 - - [01/Aug/2023 14:22:27] "GET /static/signin.css HTTP/1.1" 200 -
INFO:app:¿ÂπŸ±∏¥œ ∆‰¿Ã¡ˆ ¡¯¿‘
INFO:app:product_id : 2
INFO:werkzeug:192.168.0.81 - - [01/Aug/2023 14:22:28] "POST /cart HTTP/1.1" 200 -
INFO:app:¿ÂπŸ±∏¥œ ∆‰¿Ã¡ˆ ¡¯¿‘
INFO:app:product_id : 7
INFO:werkzeug:192.168.0.91 - - [01/Aug/2023 14:22:28] "POST /cart HTTP/1.1" 200 -
INFO:app:∑Œ±◊¿Œ ∆‰¿Ã¡ˆ ¡¯¿‘
INFO:werkzeug:192.168.0.110 - - [01/Aug/2023 14:22:29] "GET /login HTTP/1.1" 200 -
INFO:werkzeug:192.168.0.110 - - [01/Aug/2023 14:22:29] "GET /static/dist/css/bootstrap.min.css HTTP/1.1" 200 -
INFO:werkzeug:192.168.0.110 - - [01/Aug/2023 14:22:29] "GET /static/signin.css HTTP/1.1" 200 -
INFO:werkzeug:192.168.0.110 - - [01/Aug/2023 14:22:29] "GET /static/images/catlogo_1.png HTTP/1.1" 200 -
INFO:app:¿ÂπŸ±∏¥œ ∆‰¿Ã¡ˆ ¡¯¿‘
INFO:app:product_id : 8
INFO:werkzeug:192.168.0.154 - - [01/Aug/2023 14:22:29] "POST /cart HTTP/1.1" 200 -
INFO:app:∑Œ±◊¿Œ ∆‰¿Ã¡ˆ ¡¯¿‘
INFO:werkzeug:192.168.0.84 - - [01/Aug/2023 14:22:29] "GET /login HTTP/1.1" 200 -
INFO:app:¿ÂπŸ±∏¥œ ∆‰¿Ã¡ˆ ¡¯¿‘
INFO:app:product_id : 4
INFO:werkzeug:192.168.0.84 - - [01/Aug/2023 14:22:29] "GET /static/dist/css/bootstrap.min.css HTTP/1.1" 200 -
INFO:werkzeug:192.168.0.84 - - [01/Aug/2023 14:22:29] "GET /static/signin.css HTTP/1.1" 200 -
INFO:werkzeug:192.168.0.84 - - [01/Aug/2023 14:22:30] "GET /static/images/catlogo_1.png HTTP/1.1" 200 -
INFO:werkzeug:192.168.0.138 - - [01/Aug/2023 14:22:30] "POST /cart HTTP/1.1" 200 -
INFO:app:¿ÂπŸ±∏¥œ ∆‰¿Ã¡ˆ ¡¯¿‘
INFO:app:product_id : 6
INFO:werkzeug:192.168.0.97 - - [01/Aug/2023 14:22:30] "POST /cart HTTP/1.1" 200 -
INFO:app:¿ÂπŸ±∏¥œ ∆‰¿Ã¡ˆ ¡¯¿‘
INFO:app:product_id : 3
INFO:werkzeug:192.168.0.81 - - [01/Aug/2023 14:22:30] "POST /cart HTTP/1.1" 200 -
INFO:app:∑Œ±◊¿Œ ∆‰¿Ã¡ˆ ¡¯¿‘
INFO:werkzeug:192.168.0.150 - - [01/Aug/2023 14:22:30] "GET /login HTTP/1.1" 200 -
INFO:werkzeug:192.168.0.150 - - [01/Aug/2023 14:22:30] "GET /static/dist/css/bootstrap.min.css HTTP/1.1" 200 -
INFO:werkzeug:192.168.0.150 - - [01/Aug/2023 14:22:30] "GET /static/images/catlogo_1.png HTTP/1.1" 200 -
INFO:werkzeug:192.168.0.150 - - [01/Aug/2023 14:22:30] "GET /static/signin.css HTTP/1.1" 200 -
INFO:app:∑Œ±◊¿Œ ∆‰¿Ã¡ˆ ¡¯¿‘
INFO:werkzeug:192.168.0.104 - - [01/Aug/2023 14:22:31] "GET /login HTTP/1.1" 200 -
INFO:werkzeug:192.168.0.104 - - [01/Aug/2023 14:22:31] "[36mGET /static/dist/css/bootstrap.min.css HTTP/1.1[0m" 304 -
INFO:werkzeug:192.168.0.104 - - [01/Aug/2023 14:22:31] "[36mGET /static/images/catlogo_1.png HTTP/1.1[0m" 304 -
INFO:werkzeug:192.168.0.104 - - [01/Aug/2023 14:22:31] "[36mGET /static/signin.css HTTP/1.1[0m" 304 -
INFO:app:∑Œ±◊¿Œ ∆‰¿Ã¡ˆ ¡¯¿‘
INFO:werkzeug:192.168.0.80 - - [01/Aug/2023 14:22:31] "GET /login HTTP/1.1" 200 -
INFO:werkzeug:192.168.0.80 - - [01/Aug/2023 14:22:31] "GET /static/dist/css/bootstrap.min.css HTTP/1.1" 200 -
INFO:werkzeug:192.168.0.80 - - [01/Aug/2023 14:22:31] "GET /static/signin.css HTTP/1.1" 200 -
INFO:werkzeug:192.168.0.80 - - [01/Aug/2023 14:22:31] "GET /static/images/catlogo_1.png HTTP/1.1" 200 -
INFO:app:∑Œ±◊¿Œ ∆‰¿Ã¡ˆ ¡¯¿‘
INFO:werkzeug:192.168.0.125 - - [01/Aug/2023 14:22:32] "GET /login HTTP/1.1" 200 -
INFO:werkzeug:192.168.0.125 - - [01/Aug/2023 14:22:32] "GET /static/dist/css/bootstrap.min.css HTTP/1.1" 200 -
INFO:werkzeug:192.168.0.125 - - [01/Aug/2023 14:22:32] "GET /static/signin.css HTTP/1.1" 200 -
INFO:werkzeug:192.168.0.125 - - [01/Aug/2023 14:22:32] "GET /static/images/catlogo_1.png HTTP/1.1" 200 -
INFO:app:∑Œ±◊¿Œ ∆‰¿Ã¡ˆ ¡¯¿‘
INFO:werkzeug:192.168.0.146 - - [01/Aug/2023 14:22:32] "GET /login HTTP/1.1" 200 -
INFO:app:∑Œ±◊¿Œ ∆‰¿Ã¡ˆ ¡¯¿‘
INFO:werkzeug:192.168.0.91 - - [01/Aug/2023 14:22:32] "GET /login HTTP/1.1" 200 -
INFO:werkzeug:192.168.0.146 - - [01/Aug/2023 14:22:32] "[36mGET /static/dist/css/bootstrap.min.css HTTP/1.1[0m" 304 -
INFO:werkzeug:192.168.0.146 - - [01/Aug/2023 14:22:32] "[36mGET /static/signin.css HTTP/1.1[0m" 304 -
INFO:werkzeug:192.168.0.146 - - [01/Aug/2023 14:22:32] "[36mGET /static/images/catlogo_1.png HTTP/1.1[0m" 304 -
INFO:werkzeug:192.168.0.91 - - [01/Aug/2023 14:22:32] "GET /static/dist/css/bootstrap.min.css HTTP/1.1" 200 -
INFO:werkzeug:192.168.0.91 - - [01/Aug/2023 14:22:32] "GET /static/signin.css HTTP/1.1" 200 -
INFO:werkzeug:192.168.0.91 - - [01/Aug/2023 14:22:32] "GET /static/images/catlogo_1.png HTTP/1.1" 200 -
INFO:app:∑Œ±◊¿Œ ∆‰¿Ã¡ˆ ¡¯¿‘
INFO:werkzeug:192.168.0.28 - - [01/Aug/2023 14:22:32] "GET /login HTTP/1.1" 200 -
INFO:werkzeug:192.168.0.28 - - [01/Aug/2023 14:22:32] "GET /static/dist/css/bootstrap.min.css HTTP/1.1" 200 -
INFO:werkzeug:192.168.0.28 - - [01/Aug/2023 14:22:32] "GET /static/signin.css HTTP/1.1" 200 -
INFO:werkzeug:192.168.0.28 - - [01/Aug/2023 14:22:32] "GET /static/images/catlogo_1.png HTTP/1.1" 200 -
INFO:app:∑Œ±◊¿Œ ∆‰¿Ã¡ˆ ¡¯¿‘
INFO:werkzeug:192.168.0.154 - - [01/Aug/2023 14:22:32] "GET /login HTTP/1.1" 200 -
INFO:werkzeug:192.168.0.154 - - [01/Aug/2023 14:22:32] "GET /static/dist/css/bootstrap.min.css HTTP/1.1" 200 -
INFO:werkzeug:192.168.0.154 - - [01/Aug/2023 14:22:32] "GET /static/signin.css HTTP/1.1" 200 -
INFO:werkzeug:192.168.0.154 - - [01/Aug/2023 14:22:32] "GET /static/images/catlogo_1.png HTTP/1.1" 200 -
INFO:app:¿ÂπŸ±∏¥œ ∆‰¿Ã¡ˆ ¡¯¿‘
INFO:app:product_id : 3
INFO:werkzeug:192.168.0.138 - - [01/Aug/2023 14:22:32] "POST /cart HTTP/1.1" 200 -
INFO:app:∑Œ±◊¿Œ ∆‰¿Ã¡ˆ ¡¯¿‘
INFO:app:∑Œ±◊¿Œ ∆‰¿Ã¡ˆ ¡¯¿‘
INFO:werkzeug:192.168.0.97 - - [01/Aug/2023 14:22:32] "GET /login HTTP/1.1" 200 -
INFO:werkzeug:192.168.0.185 - - [01/Aug/2023 14:22:32] "GET /login HTTP/1.1" 200 -
INFO:werkzeug:192.168.0.97 - - [01/Aug/2023 14:22:32] "GET /static/dist/css/bootstrap.min.css HTTP/1.1" 200 -
INFO:werkzeug:192.168.0.97 - - [01/Aug/2023 14:22:32] "GET /static/images/catlogo_1.png HTTP/1.1" 200 -
INFO:werkzeug:192.168.0.185 - - [01/Aug/2023 14:22:32] "GET /static/dist/css/bootstrap.min.css HTTP/1.1" 200 -
INFO:werkzeug:192.168.0.97 - - [01/Aug/2023 14:22:32] "GET /static/signin.css HTTP/1.1" 200 -
INFO:werkzeug:192.168.0.185 - - [01/Aug/2023 14:22:32] "GET /static/signin.css HTTP/1.1" 200 -
INFO:werkzeug:192.168.0.185 - - [01/Aug/2023 14:22:32] "GET /static/images/catlogo_1.png HTTP/1.1" 200 -
INFO:werkzeug:192.168.0.172 - - [01/Aug/2023 14:22:32] "GET / HTTP/1.1" 200 -
INFO:werkzeug:192.168.0.172 - - [01/Aug/2023 14:22:32] "GET /static/css/style.css HTTP/1.1" 200 -
INFO:werkzeug:192.168.0.172 - - [01/Aug/2023 14:22:32] "[33mGET /script.js HTTP/1.1[0m" 404 -
INFO:werkzeug:192.168.0.172 - - [01/Aug/2023 14:22:32] "GET /static/images/0721.jpg HTTP/1.1" 200 -
INFO:werkzeug:192.168.0.172 - - [01/Aug/2023 14:22:32] "[33mGET /static/images/abput-img.png HTTP/1.1[0m" 404 -
INFO:werkzeug:192.168.0.172 - - [01/Aug/2023 14:22:32] "GET /static/images/food.jpg HTTP/1.1" 200 -
INFO:werkzeug:192.168.0.172 - - [01/Aug/2023 14:22:32] "GET /static/images/img-1.png HTTP/1.1" 200 -
INFO:werkzeug:192.168.0.172 - - [01/Aug/2023 14:22:32] "GET /static/images/img-2.png HTTP/1.1" 200 -
INFO:werkzeug:192.168.0.172 - - [01/Aug/2023 14:22:32] "GET /static/images/img-3.png HTTP/1.1" 200 -
INFO:werkzeug:192.168.0.172 - - [01/Aug/2023 14:22:32] "GET /static/images/img-4.png HTTP/1.1" 200 -
INFO:werkzeug:192.168.0.172 - - [01/Aug/2023 14:22:32] "[33mGET /favicon.ico HTTP/1.1[0m" 404 -
INFO:app:¿ÂπŸ±∏¥œ ∆‰¿Ã¡ˆ ¡¯¿‘
INFO:app:product_id : 4
INFO:werkzeug:192.168.0.81 - - [01/Aug/2023 14:22:32] "POST /cart HTTP/1.1" 200 -
INFO:app:¿ÂπŸ±∏¥œ ∆‰¿Ã¡ˆ ¡¯¿‘
INFO:app:product_id : 1
INFO:werkzeug:192.168.0.69 - - [01/Aug/2023 14:22:33] "POST /cart HTTP/1.1" 200 -
INFO:app:∑Œ±◊¿Œ ∆‰¿Ã¡ˆ ¡¯¿‘
INFO:werkzeug:192.168.0.136 - - [01/Aug/2023 14:22:33] "GET /login HTTP/1.1" 200 -
INFO:werkzeug:192.168.0.136 - - [01/Aug/2023 14:22:33] "[36mGET /static/dist/css/bootstrap.min.css HTTP/1.1[0m" 304 -
INFO:werkzeug:192.168.0.136 - - [01/Aug/2023 14:22:33] "[36mGET /static/signin.css HTTP/1.1[0m" 304 -
INFO:werkzeug:192.168.0.136 - - [01/Aug/2023 14:22:33] "[36mGET /static/images/catlogo_1.png HTTP/1.1[0m" 304 -
INFO:app:∑Œ±◊¿Œ ∆‰¿Ã¡ˆ ¡¯¿‘
INFO:werkzeug:192.168.0.138 - - [01/Aug/2023 14:22:35] "GET /login HTTP/1.1" 200 -
INFO:werkzeug:192.168.0.138 - - [01/Aug/2023 14:22:35] "GET /static/dist/css/bootstrap.min.css HTTP/1.1" 200 -
INFO:werkzeug:192.168.0.138 - - [01/Aug/2023 14:22:35] "GET /static/signin.css HTTP/1.1" 200 -
INFO:werkzeug:192.168.0.138 - - [01/Aug/2023 14:22:35] "GET /static/images/catlogo_1.png HTTP/1.1" 200 -
INFO:app:¿ÂπŸ±∏¥œ ∆‰¿Ã¡ˆ ¡¯¿‘
INFO:app:product_id : 8
INFO:werkzeug:192.168.0.81 - - [01/Aug/2023 14:22:35] "POST /cart HTTP/1.1" 200 -
INFO:app:¿ÂπŸ±∏¥œ ∆‰¿Ã¡ˆ ¡¯¿‘
INFO:app:product_id : 7
INFO:werkzeug:192.168.0.81 - - [01/Aug/2023 14:22:38] "POST /cart HTTP/1.1" 200 -
INFO:app:∑Œ±◊¿Œ ∆‰¿Ã¡ˆ ¡¯¿‘
INFO:werkzeug:192.168.0.84 - - [01/Aug/2023 14:22:39] "POST /login HTTP/1.1" 200 -
INFO:werkzeug:192.168.0.84 - - [01/Aug/2023 14:22:39] "[36mGET /static/dist/css/bootstrap.min.css HTTP/1.1[0m" 304 -
INFO:werkzeug:192.168.0.84 - - [01/Aug/2023 14:22:39] "[36mGET /static/signin.css HTTP/1.1[0m" 304 -
INFO:werkzeug:192.168.0.84 - - [01/Aug/2023 14:22:39] "[36mGET /static/images/catlogo_1.png HTTP/1.1[0m" 304 -
INFO:app:∑Œ±◊¿Œ ∆‰¿Ã¡ˆ ¡¯¿‘
INFO:werkzeug:192.168.0.69 - - [01/Aug/2023 14:22:39] "GET /login HTTP/1.1" 200 -
INFO:werkzeug:192.168.0.69 - - [01/Aug/2023 14:22:39] "GET /static/dist/css/bootstrap.min.css HTTP/1.1" 200 -
INFO:werkzeug:192.168.0.69 - - [01/Aug/2023 14:22:39] "GET /static/signin.css HTTP/1.1" 200 -
INFO:werkzeug:192.168.0.69 - - [01/Aug/2023 14:22:39] "GET /static/images/catlogo_1.png HTTP/1.1" 200 -
INFO:app:¿ÂπŸ±∏¥œ ∆‰¿Ã¡ˆ ¡¯¿‘
INFO:app:product_id : 6
INFO:werkzeug:192.168.0.81 - - [01/Aug/2023 14:22:41] "POST /cart HTTP/1.1" 200 -
INFO:app:∑Œ±◊¿Œ ∆‰¿Ã¡ˆ ¡¯¿‘
INFO:werkzeug:192.168.0.136 - - [01/Aug/2023 14:22:41] "[32mPOST /login HTTP/1.1[0m" 302 -
INFO:werkzeug:192.168.0.136 - - [01/Aug/2023 14:22:41] "GET / HTTP/1.1" 200 -
INFO:werkzeug:192.168.0.136 - - [01/Aug/2023 14:22:41] "[33mGET /script.js HTTP/1.1[0m" 404 -
INFO:werkzeug:192.168.0.136 - - [01/Aug/2023 14:22:41] "[36mGET /static/css/style.css HTTP/1.1[0m" 304 -
INFO:werkzeug:192.168.0.136 - - [01/Aug/2023 14:22:42] "[36mGET /static/images/0721.jpg HTTP/1.1[0m" 304 -
INFO:werkzeug:192.168.0.136 - - [01/Aug/2023 14:22:42] "[36mGET /static/images/img-1.png HTTP/1.1[0m" 304 -
INFO:werkzeug:192.168.0.136 - - [01/Aug/2023 14:22:42] "[36mGET /static/images/img-3.png HTTP/1.1[0m" 304 -
INFO:werkzeug:192.168.0.136 - - [01/Aug/2023 14:22:42] "[36mGET /static/images/img-2.png HTTP/1.1[0m" 304 -
INFO:werkzeug:192.168.0.136 - - [01/Aug/2023 14:22:42] "[36mGET /static/images/img-4.png HTTP/1.1[0m" 304 -
INFO:werkzeug:192.168.0.136 - - [01/Aug/2023 14:22:42] "[33mGET /static/images/abput-img.png HTTP/1.1[0m" 404 -
INFO:werkzeug:192.168.0.136 - - [01/Aug/2023 14:22:42] "[36mGET /static/images/food.jpg HTTP/1.1[0m" 304 -
INFO:app:¿ÂπŸ±∏¥œ ∆‰¿Ã¡ˆ ¡¯¿‘
INFO:app:product_id : 5
INFO:werkzeug:192.168.0.81 - - [01/Aug/2023 14:22:43] "POST /cart HTTP/1.1" 200 -
INFO:werkzeug:192.168.0.138 - - [01/Aug/2023 14:22:44] "[33mGET /register HTTP/1.1[0m" 404 -
INFO:werkzeug:192.168.0.50 - - [01/Aug/2023 14:22:44] "GET / HTTP/1.1" 200 -
INFO:werkzeug:192.168.0.50 - - [01/Aug/2023 14:22:44] "GET /static/css/style.css HTTP/1.1" 200 -
INFO:werkzeug:192.168.0.50 - - [01/Aug/2023 14:22:44] "[33mGET /script.js HTTP/1.1[0m" 404 -
INFO:werkzeug:192.168.0.50 - - [01/Aug/2023 14:22:44] "GET /static/images/0721.jpg HTTP/1.1" 200 -
INFO:werkzeug:192.168.0.50 - - [01/Aug/2023 14:22:44] "[33mGET /static/images/abput-img.png HTTP/1.1[0m" 404 -
INFO:werkzeug:192.168.0.50 - - [01/Aug/2023 14:22:44] "GET /static/images/food.jpg HTTP/1.1" 200 -
INFO:werkzeug:192.168.0.50 - - [01/Aug/2023 14:22:44] "GET /static/images/img-1.png HTTP/1.1" 200 -
INFO:werkzeug:192.168.0.50 - - [01/Aug/2023 14:22:44] "GET /static/images/img-2.png HTTP/1.1" 200 -
INFO:werkzeug:192.168.0.50 - - [01/Aug/2023 14:22:44] "GET /static/images/img-3.png HTTP/1.1" 200 -
INFO:werkzeug:192.168.0.50 - - [01/Aug/2023 14:22:44] "GET /static/images/img-4.png HTTP/1.1" 200 -
INFO:werkzeug:192.168.0.50 - - [01/Aug/2023 14:22:45] "[33mGET /favicon.ico HTTP/1.1[0m" 404 -
INFO:app:∑Œ±◊¿Œ ∆‰¿Ã¡ˆ ¡¯¿‘
INFO:werkzeug:192.168.0.81 - - [01/Aug/2023 14:22:45] "GET /login HTTP/1.1" 200 -
INFO:werkzeug:192.168.0.81 - - [01/Aug/2023 14:22:45] "GET /static/dist/css/bootstrap.min.css HTTP/1.1" 200 -
INFO:werkzeug:192.168.0.81 - - [01/Aug/2023 14:22:45] "GET /static/signin.css HTTP/1.1" 200 -
INFO:werkzeug:192.168.0.81 - - [01/Aug/2023 14:22:45] "GET /static/images/catlogo_1.png HTTP/1.1" 200 -
INFO:app:∑Œ±◊¿Œ ∆‰¿Ã¡ˆ ¡¯¿‘
INFO:werkzeug:192.168.0.172 - - [01/Aug/2023 14:22:47] "GET /login HTTP/1.1" 200 -
INFO:werkzeug:192.168.0.172 - - [01/Aug/2023 14:22:47] "GET /static/dist/css/bootstrap.min.css HTTP/1.1" 200 -
INFO:werkzeug:192.168.0.172 - - [01/Aug/2023 14:22:47] "GET /static/signin.css HTTP/1.1" 200 -
INFO:werkzeug:192.168.0.172 - - [01/Aug/2023 14:22:47] "GET /static/images/catlogo_1.png HTTP/1.1" 200 -
INFO:app:∑Œ±◊¿Œ ∆‰¿Ã¡ˆ ¡¯¿‘
INFO:werkzeug:192.168.0.150 - - [01/Aug/2023 14:22:47] "[32mPOST /login HTTP/1.1[0m" 302 -
INFO:werkzeug:192.168.0.150 - - [01/Aug/2023 14:22:47] "GET / HTTP/1.1" 200 -
INFO:werkzeug:192.168.0.150 - - [01/Aug/2023 14:22:47] "[36mGET /static/css/style.css HTTP/1.1[0m" 304 -
INFO:werkzeug:192.168.0.150 - - [01/Aug/2023 14:22:47] "[33mGET /script.js HTTP/1.1[0m" 404 -
INFO:werkzeug:192.168.0.150 - - [01/Aug/2023 14:22:47] "[36mGET /static/images/0721.jpg HTTP/1.1[0m" 304 -
INFO:werkzeug:192.168.0.150 - - [01/Aug/2023 14:22:47] "[33mGET /static/images/abput-img.png HTTP/1.1[0m" 404 -
INFO:werkzeug:192.168.0.150 - - [01/Aug/2023 14:22:48] "[36mGET /static/images/food.jpg HTTP/1.1[0m" 304 -
INFO:werkzeug:192.168.0.150 - - [01/Aug/2023 14:22:48] "[36mGET /static/images/img-1.png HTTP/1.1[0m" 304 -
INFO:werkzeug:192.168.0.150 - - [01/Aug/2023 14:22:48] "[36mGET /static/images/img-2.png HTTP/1.1[0m" 304 -
INFO:werkzeug:192.168.0.150 - - [01/Aug/2023 14:22:48] "[36mGET /static/images/img-3.png HTTP/1.1[0m" 304 -
INFO:werkzeug:192.168.0.150 - - [01/Aug/2023 14:22:48] "[36mGET /static/images/img-4.png HTTP/1.1[0m" 304 -
INFO:app:∑Œ±◊¿Œ ∆‰¿Ã¡ˆ ¡¯¿‘
INFO:werkzeug:192.168.0.154 - - [01/Aug/2023 14:22:48] "POST /login HTTP/1.1" 200 -
INFO:werkzeug:192.168.0.154 - - [01/Aug/2023 14:22:48] "[36mGET /static/dist/css/bootstrap.min.css HTTP/1.1[0m" 304 -
INFO:werkzeug:192.168.0.154 - - [01/Aug/2023 14:22:48] "[36mGET /static/signin.css HTTP/1.1[0m" 304 -
INFO:werkzeug:192.168.0.154 - - [01/Aug/2023 14:22:48] "[36mGET /static/images/catlogo_1.png HTTP/1.1[0m" 304 -
INFO:app:∑Œ±◊¿Œ ∆‰¿Ã¡ˆ ¡¯¿‘
INFO:werkzeug:192.168.0.143 - - [01/Aug/2023 14:22:49] "GET /login HTTP/1.1" 200 -
INFO:werkzeug:192.168.0.143 - - [01/Aug/2023 14:22:49] "GET /static/dist/css/bootstrap.min.css HTTP/1.1" 200 -
INFO:werkzeug:192.168.0.143 - - [01/Aug/2023 14:22:49] "GET /static/signin.css HTTP/1.1" 200 -
INFO:werkzeug:192.168.0.143 - - [01/Aug/2023 14:22:49] "GET /static/images/catlogo_1.png HTTP/1.1" 200 -
INFO:app:∑Œ±◊¿Œ ∆‰¿Ã¡ˆ ¡¯¿‘
INFO:werkzeug:192.168.0.154 - - [01/Aug/2023 14:22:50] "POST /login HTTP/1.1" 200 -
INFO:werkzeug:192.168.0.154 - - [01/Aug/2023 14:22:50] "[36mGET /static/dist/css/bootstrap.min.css HTTP/1.1[0m" 304 -
INFO:werkzeug:192.168.0.154 - - [01/Aug/2023 14:22:50] "[36mGET /static/signin.css HTTP/1.1[0m" 304 -
INFO:werkzeug:192.168.0.154 - - [01/Aug/2023 14:22:50] "[36mGET /static/images/catlogo_1.png HTTP/1.1[0m" 304 -
INFO:app:∑Œ±◊¿Œ ∆‰¿Ã¡ˆ ¡¯¿‘
INFO:werkzeug:192.168.0.154 - - [01/Aug/2023 14:22:51] "POST /login HTTP/1.1" 200 -
INFO:werkzeug:192.168.0.154 - - [01/Aug/2023 14:22:51] "[36mGET /static/dist/css/bootstrap.min.css HTTP/1.1[0m" 304 -
INFO:werkzeug:192.168.0.154 - - [01/Aug/2023 14:22:51] "[36mGET /static/images/catlogo_1.png HTTP/1.1[0m" 304 -
INFO:werkzeug:192.168.0.154 - - [01/Aug/2023 14:22:51] "[36mGET /static/signin.css HTTP/1.1[0m" 304 -
INFO:app:¿ÂπŸ±∏¥œ ∆‰¿Ã¡ˆ ¡¯¿‘
INFO:app:product_id : 2
INFO:werkzeug:192.168.0.50 - - [01/Aug/2023 14:22:52] "POST /cart HTTP/1.1" 200 -
INFO:app:∑Œ±◊¿Œ ∆‰¿Ã¡ˆ ¡¯¿‘
INFO:werkzeug:192.168.0.47 - - [01/Aug/2023 14:22:52] "GET /login HTTP/1.1" 200 -
INFO:werkzeug:192.168.0.47 - - [01/Aug/2023 14:22:52] "GET /static/dist/css/bootstrap.min.css HTTP/1.1" 200 -
INFO:werkzeug:192.168.0.47 - - [01/Aug/2023 14:22:52] "GET /static/signin.css HTTP/1.1" 200 -
INFO:werkzeug:192.168.0.47 - - [01/Aug/2023 14:22:52] "GET /static/images/catlogo_1.png HTTP/1.1" 200 -
INFO:app:¿ÂπŸ±∏¥œ ∆‰¿Ã¡ˆ ¡¯¿‘
INFO:app:product_id : 7
INFO:werkzeug:192.168.0.50 - - [01/Aug/2023 14:22:55] "POST /cart HTTP/1.1" 200 -
INFO:app:∑Œ±◊¿Œ ∆‰¿Ã¡ˆ ¡¯¿‘
INFO:werkzeug:192.168.0.106 - - [01/Aug/2023 14:22:56] "[32mPOST /login HTTP/1.1[0m" 302 -
INFO:werkzeug:192.168.0.106 - - [01/Aug/2023 14:22:56] "GET / HTTP/1.1" 200 -
INFO:werkzeug:192.168.0.106 - - [01/Aug/2023 14:22:56] "[36mGET /static/css/style.css HTTP/1.1[0m" 304 -
INFO:werkzeug:192.168.0.106 - - [01/Aug/2023 14:22:56] "[36mGET /static/images/0721.jpg HTTP/1.1[0m" 304 -
INFO:werkzeug:192.168.0.106 - - [01/Aug/2023 14:22:56] "[33mGET /script.js HTTP/1.1[0m" 404 -
INFO:werkzeug:192.168.0.106 - - [01/Aug/2023 14:22:56] "[33mGET /static/images/abput-img.png HTTP/1.1[0m" 404 -
INFO:werkzeug:192.168.0.106 - - [01/Aug/2023 14:22:56] "[36mGET /static/images/food.jpg HTTP/1.1[0m" 304 -
INFO:werkzeug:192.168.0.106 - - [01/Aug/2023 14:22:56] "[36mGET /static/images/img-1.png HTTP/1.1[0m" 304 -
INFO:werkzeug:192.168.0.106 - - [01/Aug/2023 14:22:56] "[36mGET /static/images/img-3.png HTTP/1.1[0m" 304 -
INFO:werkzeug:192.168.0.106 - - [01/Aug/2023 14:22:56] "[36mGET /static/images/img-4.png HTTP/1.1[0m" 304 -
INFO:werkzeug:192.168.0.106 - - [01/Aug/2023 14:22:56] "[36mGET /static/images/img-2.png HTTP/1.1[0m" 304 -
INFO:app:∑Œ±◊¿Œ ∆‰¿Ã¡ˆ ¡¯¿‘
INFO:werkzeug:192.168.0.146 - - [01/Aug/2023 14:22:58] "[32mPOST /login HTTP/1.1[0m" 302 -
INFO:werkzeug:192.168.0.146 - - [01/Aug/2023 14:22:58] "GET / HTTP/1.1" 200 -
INFO:werkzeug:192.168.0.146 - - [01/Aug/2023 14:22:58] "[36mGET /static/css/style.css HTTP/1.1[0m" 304 -
INFO:werkzeug:192.168.0.146 - - [01/Aug/2023 14:22:58] "[33mGET /script.js HTTP/1.1[0m" 404 -
INFO:werkzeug:192.168.0.146 - - [01/Aug/2023 14:22:58] "[33mGET /static/images/abput-img.png HTTP/1.1[0m" 404 -
INFO:werkzeug:192.168.0.146 - - [01/Aug/2023 14:22:58] "[36mGET /static/images/0721.jpg HTTP/1.1[0m" 304 -
INFO:werkzeug:192.168.0.146 - - [01/Aug/2023 14:22:58] "[36mGET /static/images/food.jpg HTTP/1.1[0m" 304 -
INFO:werkzeug:192.168.0.146 - - [01/Aug/2023 14:22:58] "[36mGET /static/images/img-1.png HTTP/1.1[0m" 304 -
INFO:werkzeug:192.168.0.146 - - [01/Aug/2023 14:22:58] "[36mGET /static/images/img-3.png HTTP/1.1[0m" 304 -
INFO:werkzeug:192.168.0.146 - - [01/Aug/2023 14:22:58] "[36mGET /static/images/img-2.png HTTP/1.1[0m" 304 -
INFO:werkzeug:192.168.0.146 - - [01/Aug/2023 14:22:58] "[36mGET /static/images/img-4.png HTTP/1.1[0m" 304 -
INFO:app:∑Œ±◊¿Œ ∆‰¿Ã¡ˆ ¡¯¿‘
INFO:werkzeug:192.168.0.80 - - [01/Aug/2023 14:22:59] "[32mPOST /login HTTP/1.1[0m" 302 -
INFO:werkzeug:192.168.0.80 - - [01/Aug/2023 14:22:59] "GET / HTTP/1.1" 200 -
INFO:werkzeug:192.168.0.80 - - [01/Aug/2023 14:22:59] "[33mGET /script.js HTTP/1.1[0m" 404 -
INFO:werkzeug:192.168.0.80 - - [01/Aug/2023 14:22:59] "[36mGET /static/images/0721.jpg HTTP/1.1[0m" 304 -
INFO:werkzeug:192.168.0.80 - - [01/Aug/2023 14:22:59] "[33mGET /static/images/abput-img.png HTTP/1.1[0m" 404 -
INFO:werkzeug:192.168.0.80 - - [01/Aug/2023 14:22:59] "[36mGET /static/css/style.css HTTP/1.1[0m" 304 -
INFO:werkzeug:192.168.0.80 - - [01/Aug/2023 14:22:59] "[36mGET /static/images/food.jpg HTTP/1.1[0m" 304 -
INFO:app:cart api
INFO:werkzeug:192.168.0.80 - - [01/Aug/2023 14:22:59] "[36mGET /static/images/img-1.png HTTP/1.1[0m" 304 -
INFO:werkzeug:192.168.0.80 - - [01/Aug/2023 14:22:59] "[36mGET /static/images/img-3.png HTTP/1.1[0m" 304 -
INFO:werkzeug:192.168.0.80 - - [01/Aug/2023 14:22:59] "[36mGET /static/images/img-2.png HTTP/1.1[0m" 304 -
INFO:werkzeug:192.168.0.80 - - [01/Aug/2023 14:22:59] "[36mGET /static/images/img-4.png HTTP/1.1[0m" 304 -
INFO:werkzeug:192.168.0.50 - - [01/Aug/2023 14:22:59] "GET /cart HTTP/1.1" 200 -
INFO:app:cart api
INFO:werkzeug:192.168.0.50 - - [01/Aug/2023 14:22:59] "GET /cart HTTP/1.1" 200 -
INFO:werkzeug:192.168.0.154 - - [01/Aug/2023 14:22:59] "[33mGET /register HTTP/1.1[0m" 404 -
INFO:app:∞·¡¶ ∆‰¿Ã¡ˆ ¡¯¿‘ ¡ﬂ
ERROR:app:Exception on /kakaopay/1 [GET]
Traceback (most recent call last):
  File "C:\Users\okseok\anaconda3\lib\site-packages\flask\app.py", line 2190, in wsgi_app
    response = self.full_dispatch_request()
  File "C:\Users\okseok\anaconda3\lib\site-packages\flask\app.py", line 1486, in full_dispatch_request
    rv = self.handle_user_exception(e)
  File "C:\Users\okseok\anaconda3\lib\site-packages\flask\app.py", line 1484, in full_dispatch_request
    rv = self.dispatch_request()
  File "C:\Users\okseok\anaconda3\lib\site-packages\flask\app.py", line 1469, in dispatch_request
    return self.ensure_sync(self.view_functions[rule.endpoint])(**view_args)
  File "C:\ITStudy\06_flask\onlineshop\personal_project-main\app\views\control_views.py", line 183, in kakaopay
    return redirect(url_for('cart.html', products=products, form=form))
  File "C:\Users\okseok\anaconda3\lib\site-packages\flask\helpers.py", line 225, in url_for
    return current_app.url_for(
  File "C:\Users\okseok\anaconda3\lib\site-packages\flask\app.py", line 1697, in url_for
    return self.handle_url_build_error(error, endpoint, values)
  File "C:\Users\okseok\anaconda3\lib\site-packages\flask\app.py", line 1686, in url_for
    rv = url_adapter.build(  # type: ignore[union-attr]
  File "C:\Users\okseok\anaconda3\lib\site-packages\werkzeug\routing\map.py", line 950, in build
    raise BuildError(endpoint, values, method, self)
werkzeug.routing.exceptions.BuildError: Could not build url for endpoint 'cart.html' with values ['form', 'products']. Did you mean 'test.hello_html' instead?
INFO:werkzeug:192.168.0.50 - - [01/Aug/2023 14:23:00] "[35m[1mGET /kakaopay/1 HTTP/1.1[0m" 500 -
INFO:app:∑Œ±◊¿Œ ∆‰¿Ã¡ˆ ¡¯¿‘
INFO:werkzeug:192.168.0.138 - - [01/Aug/2023 14:23:00] "[32mPOST /login HTTP/1.1[0m" 302 -
INFO:werkzeug:192.168.0.138 - - [01/Aug/2023 14:23:00] "GET / HTTP/1.1" 200 -
INFO:werkzeug:192.168.0.138 - - [01/Aug/2023 14:23:00] "[36mGET /static/css/style.css HTTP/1.1[0m" 304 -
INFO:werkzeug:192.168.0.138 - - [01/Aug/2023 14:23:00] "[33mGET /script.js HTTP/1.1[0m" 404 -
INFO:werkzeug:192.168.0.138 - - [01/Aug/2023 14:23:00] "[36mGET /static/images/0721.jpg HTTP/1.1[0m" 304 -
INFO:werkzeug:192.168.0.138 - - [01/Aug/2023 14:23:00] "[33mGET /static/images/abput-img.png HTTP/1.1[0m" 404 -
INFO:werkzeug:192.168.0.138 - - [01/Aug/2023 14:23:00] "[36mGET /static/images/food.jpg HTTP/1.1[0m" 304 -
INFO:werkzeug:192.168.0.138 - - [01/Aug/2023 14:23:00] "[36mGET /static/images/img-1.png HTTP/1.1[0m" 304 -
INFO:werkzeug:192.168.0.138 - - [01/Aug/2023 14:23:00] "[36mGET /static/images/img-2.png HTTP/1.1[0m" 304 -
INFO:werkzeug:192.168.0.138 - - [01/Aug/2023 14:23:00] "[36mGET /static/images/img-3.png HTTP/1.1[0m" 304 -
INFO:werkzeug:192.168.0.138 - - [01/Aug/2023 14:23:00] "[36mGET /static/images/img-4.png HTTP/1.1[0m" 304 -
INFO:app:∑Œ±◊¿Œ ∆‰¿Ã¡ˆ ¡¯¿‘
INFO:werkzeug:192.168.0.125 - - [01/Aug/2023 14:23:01] "[32mPOST /login HTTP/1.1[0m" 302 -
INFO:werkzeug:192.168.0.125 - - [01/Aug/2023 14:23:01] "GET / HTTP/1.1" 200 -
INFO:werkzeug:192.168.0.125 - - [01/Aug/2023 14:23:01] "[36mGET /static/css/style.css HTTP/1.1[0m" 304 -
INFO:werkzeug:192.168.0.125 - - [01/Aug/2023 14:23:01] "[36mGET /static/images/0721.jpg HTTP/1.1[0m" 304 -
INFO:werkzeug:192.168.0.125 - - [01/Aug/2023 14:23:01] "[33mGET /static/images/abput-img.png HTTP/1.1[0m" 404 -
INFO:werkzeug:192.168.0.125 - - [01/Aug/2023 14:23:01] "[33mGET /script.js HTTP/1.1[0m" 404 -
INFO:werkzeug:192.168.0.125 - - [01/Aug/2023 14:23:01] "[36mGET /static/images/food.jpg HTTP/1.1[0m" 304 -
INFO:werkzeug:192.168.0.125 - - [01/Aug/2023 14:23:01] "[36mGET /static/images/img-1.png HTTP/1.1[0m" 304 -
INFO:werkzeug:192.168.0.125 - - [01/Aug/2023 14:23:01] "[36mGET /static/images/img-2.png HTTP/1.1[0m" 304 -
INFO:werkzeug:192.168.0.125 - - [01/Aug/2023 14:23:01] "[36mGET /static/images/img-3.png HTTP/1.1[0m" 304 -
INFO:werkzeug:192.168.0.125 - - [01/Aug/2023 14:23:01] "[36mGET /static/images/img-4.png HTTP/1.1[0m" 304 -
INFO:app:∑Œ±◊¿Œ ∆‰¿Ã¡ˆ ¡¯¿‘
ERROR:app:Exception on /login [POST]
Traceback (most recent call last):
  File "C:\Users\okseok\anaconda3\lib\site-packages\flask\app.py", line 2190, in wsgi_app
    response = self.full_dispatch_request()
  File "C:\Users\okseok\anaconda3\lib\site-packages\flask\app.py", line 1486, in full_dispatch_request
    rv = self.handle_user_exception(e)
  File "C:\Users\okseok\anaconda3\lib\site-packages\flask\app.py", line 1484, in full_dispatch_request
    rv = self.dispatch_request()
  File "C:\Users\okseok\anaconda3\lib\site-packages\flask\app.py", line 1469, in dispatch_request
    return self.ensure_sync(self.view_functions[rule.endpoint])(**view_args)
  File "C:\ITStudy\06_flask\onlineshop\personal_project-main\app\views\control_views.py", line 252, in login
    print(session['user_id'])
  File "C:\Users\okseok\anaconda3\lib\site-packages\flask\sessions.py", line 79, in __getitem__
    return super().__getitem__(key)
KeyError: 'user_id'
INFO:werkzeug:192.168.0.185 - - [01/Aug/2023 14:23:01] "[35m[1mPOST /login HTTP/1.1[0m" 500 -
INFO:app:∑Œ±◊¿Œ ∆‰¿Ã¡ˆ ¡¯¿‘
ERROR:app:Exception on /login [POST]
Traceback (most recent call last):
  File "C:\Users\okseok\anaconda3\lib\site-packages\flask\app.py", line 2190, in wsgi_app
    response = self.full_dispatch_request()
  File "C:\Users\okseok\anaconda3\lib\site-packages\flask\app.py", line 1486, in full_dispatch_request
    rv = self.handle_user_exception(e)
  File "C:\Users\okseok\anaconda3\lib\site-packages\flask\app.py", line 1484, in full_dispatch_request
    rv = self.dispatch_request()
  File "C:\Users\okseok\anaconda3\lib\site-packages\flask\app.py", line 1469, in dispatch_request
    return self.ensure_sync(self.view_functions[rule.endpoint])(**view_args)
  File "C:\ITStudy\06_flask\onlineshop\personal_project-main\app\views\control_views.py", line 252, in login
    print(session['user_id'])
  File "C:\Users\okseok\anaconda3\lib\site-packages\flask\sessions.py", line 79, in __getitem__
    return super().__getitem__(key)
KeyError: 'user_id'
INFO:werkzeug:192.168.0.100 - - [01/Aug/2023 14:23:02] "[35m[1mPOST /login HTTP/1.1[0m" 500 -
INFO:app:∑Œ±◊¿Œ ∆‰¿Ã¡ˆ ¡¯¿‘
INFO:werkzeug:192.168.0.147 - - [01/Aug/2023 14:23:02] "GET /login HTTP/1.1" 200 -
INFO:werkzeug:192.168.0.147 - - [01/Aug/2023 14:23:02] "GET /static/dist/css/bootstrap.min.css HTTP/1.1" 200 -
INFO:werkzeug:192.168.0.147 - - [01/Aug/2023 14:23:02] "GET /static/signin.css HTTP/1.1" 200 -
INFO:werkzeug:192.168.0.147 - - [01/Aug/2023 14:23:02] "GET /static/images/catlogo_1.png HTTP/1.1" 200 -
INFO:app:∑Œ±◊¿Œ ∆‰¿Ã¡ˆ ¡¯¿‘
INFO:werkzeug:192.168.0.81 - - [01/Aug/2023 14:23:02] "[32mPOST /login HTTP/1.1[0m" 302 -
INFO:werkzeug:192.168.0.81 - - [01/Aug/2023 14:23:02] "GET / HTTP/1.1" 200 -
INFO:werkzeug:192.168.0.81 - - [01/Aug/2023 14:23:02] "[36mGET /static/css/style.css HTTP/1.1[0m" 304 -
INFO:werkzeug:192.168.0.81 - - [01/Aug/2023 14:23:02] "[36mGET /static/images/img-1.png HTTP/1.1[0m" 304 -
INFO:werkzeug:192.168.0.81 - - [01/Aug/2023 14:23:02] "[36mGET /static/images/img-4.png HTTP/1.1[0m" 304 -
INFO:werkzeug:192.168.0.81 - - [01/Aug/2023 14:23:02] "[36mGET /static/images/img-2.png HTTP/1.1[0m" 304 -
INFO:werkzeug:192.168.0.81 - - [01/Aug/2023 14:23:02] "[33mGET /script.js HTTP/1.1[0m" 404 -
INFO:werkzeug:192.168.0.81 - - [01/Aug/2023 14:23:02] "[36mGET /static/images/img-3.png HTTP/1.1[0m" 304 -
INFO:werkzeug:192.168.0.81 - - [01/Aug/2023 14:23:02] "[33mGET /static/images/abput-img.png HTTP/1.1[0m" 404 -
INFO:werkzeug:192.168.0.81 - - [01/Aug/2023 14:23:02] "[36mGET /static/images/0721.jpg HTTP/1.1[0m" 304 -
INFO:werkzeug:192.168.0.81 - - [01/Aug/2023 14:23:02] "[36mGET /static/images/food.jpg HTTP/1.1[0m" 304 -
INFO:werkzeug:192.168.0.50 - - [01/Aug/2023 14:23:03] "[33mGET /script.js HTTP/1.1[0m" 404 -
INFO:app:∑Œ±◊¿Œ ∆‰¿Ã¡ˆ ¡¯¿‘
ERROR:app:Exception on /login [POST]
Traceback (most recent call last):
  File "C:\Users\okseok\anaconda3\lib\site-packages\flask\app.py", line 2190, in wsgi_app
    response = self.full_dispatch_request()
  File "C:\Users\okseok\anaconda3\lib\site-packages\flask\app.py", line 1486, in full_dispatch_request
    rv = self.handle_user_exception(e)
  File "C:\Users\okseok\anaconda3\lib\site-packages\flask\app.py", line 1484, in full_dispatch_request
    rv = self.dispatch_request()
  File "C:\Users\okseok\anaconda3\lib\site-packages\flask\app.py", line 1469, in dispatch_request
    return self.ensure_sync(self.view_functions[rule.endpoint])(**view_args)
  File "C:\ITStudy\06_flask\onlineshop\personal_project-main\app\views\control_views.py", line 252, in login
    print(session['user_id'])
  File "C:\Users\okseok\anaconda3\lib\site-packages\flask\sessions.py", line 79, in __getitem__
    return super().__getitem__(key)
KeyError: 'user_id'
INFO:werkzeug:192.168.0.97 - - [01/Aug/2023 14:23:03] "[35m[1mPOST /login HTTP/1.1[0m" 500 -
INFO:app:∑Œ±◊¿Œ ∆‰¿Ã¡ˆ ¡¯¿‘
ERROR:app:Exception on /login [POST]
Traceback (most recent call last):
  File "C:\Users\okseok\anaconda3\lib\site-packages\flask\app.py", line 2190, in wsgi_app
    response = self.full_dispatch_request()
  File "C:\Users\okseok\anaconda3\lib\site-packages\flask\app.py", line 1486, in full_dispatch_request
    rv = self.handle_user_exception(e)
  File "C:\Users\okseok\anaconda3\lib\site-packages\flask\app.py", line 1484, in full_dispatch_request
    rv = self.dispatch_request()
  File "C:\Users\okseok\anaconda3\lib\site-packages\flask\app.py", line 1469, in dispatch_request
    return self.ensure_sync(self.view_functions[rule.endpoint])(**view_args)
  File "C:\ITStudy\06_flask\onlineshop\personal_project-main\app\views\control_views.py", line 252, in login
    print(session['user_id'])
  File "C:\Users\okseok\anaconda3\lib\site-packages\flask\sessions.py", line 79, in __getitem__
    return super().__getitem__(key)
KeyError: 'user_id'
INFO:werkzeug:192.168.0.110 - - [01/Aug/2023 14:23:03] "[35m[1mPOST /login HTTP/1.1[0m" 500 -
INFO:werkzeug:192.168.0.50 - - [01/Aug/2023 14:23:04] "GET /about HTTP/1.1" 200 -
INFO:app:∑Œ±◊¿Œ ∆‰¿Ã¡ˆ ¡¯¿‘
INFO:werkzeug:192.168.0.97 - - [01/Aug/2023 14:23:05] "GET /login HTTP/1.1" 200 -
INFO:app:¿ÂπŸ±∏¥œ ∆‰¿Ã¡ˆ ¡¯¿‘
INFO:app:product_id : 6
INFO:werkzeug:192.168.0.150 - - [01/Aug/2023 14:23:05] "POST /cart HTTP/1.1" 200 -
INFO:app:¿ÂπŸ±∏¥œ ∆‰¿Ã¡ˆ ¡¯¿‘
INFO:app:∑Œ±◊¿Œ ∆‰¿Ã¡ˆ ¡¯¿‘
INFO:app:product_id : 6
INFO:werkzeug:192.168.0.107 - - [01/Aug/2023 14:23:05] "GET /login HTTP/1.1" 200 -
INFO:werkzeug:192.168.0.107 - - [01/Aug/2023 14:23:05] "GET /static/dist/css/bootstrap.min.css HTTP/1.1" 200 -
INFO:werkzeug:192.168.0.107 - - [01/Aug/2023 14:23:05] "GET /static/images/catlogo_1.png HTTP/1.1" 200 -
INFO:werkzeug:192.168.0.107 - - [01/Aug/2023 14:23:05] "GET /static/signin.css HTTP/1.1" 200 -
INFO:werkzeug:192.168.0.106 - - [01/Aug/2023 14:23:05] "POST /cart HTTP/1.1" 200 -
INFO:werkzeug:192.168.0.50 - - [01/Aug/2023 14:23:06] "[33mGET /script.js HTTP/1.1[0m" 404 -
INFO:app:∑Œ±◊¿Œ ∆‰¿Ã¡ˆ ¡¯¿‘
INFO:werkzeug:192.168.0.185 - - [01/Aug/2023 14:23:06] "GET /login HTTP/1.1" 200 -
INFO:app:∑Œ±◊¿Œ ∆‰¿Ã¡ˆ ¡¯¿‘
INFO:werkzeug:192.168.0.50 - - [01/Aug/2023 14:23:07] "GET /login HTTP/1.1" 200 -
INFO:werkzeug:192.168.0.50 - - [01/Aug/2023 14:23:07] "GET /static/dist/css/bootstrap.min.css HTTP/1.1" 200 -
INFO:werkzeug:192.168.0.50 - - [01/Aug/2023 14:23:07] "GET /static/signin.css HTTP/1.1" 200 -
INFO:werkzeug:192.168.0.50 - - [01/Aug/2023 14:23:07] "GET /static/images/catlogo_1.png HTTP/1.1" 200 -
INFO:app:∑Œ±◊¿Œ ∆‰¿Ã¡ˆ ¡¯¿‘
INFO:werkzeug:192.168.0.110 - - [01/Aug/2023 14:23:07] "GET /login HTTP/1.1" 200 -
INFO:app:¿ÂπŸ±∏¥œ ∆‰¿Ã¡ˆ ¡¯¿‘
INFO:app:product_id : 7
INFO:werkzeug:192.168.0.150 - - [01/Aug/2023 14:23:08] "POST /cart HTTP/1.1" 200 -
INFO:werkzeug:192.168.0.106 - - [01/Aug/2023 14:23:09] "GET /about HTTP/1.1" 200 -
INFO:app:∑Œ±◊¿Œ ∆‰¿Ã¡ˆ ¡¯¿‘
ERROR:app:Exception on /login [POST]
Traceback (most recent call last):
  File "C:\Users\okseok\anaconda3\lib\site-packages\flask\app.py", line 2190, in wsgi_app
    response = self.full_dispatch_request()
  File "C:\Users\okseok\anaconda3\lib\site-packages\flask\app.py", line 1486, in full_dispatch_request
    rv = self.handle_user_exception(e)
  File "C:\Users\okseok\anaconda3\lib\site-packages\flask\app.py", line 1484, in full_dispatch_request
    rv = self.dispatch_request()
  File "C:\Users\okseok\anaconda3\lib\site-packages\flask\app.py", line 1469, in dispatch_request
    return self.ensure_sync(self.view_functions[rule.endpoint])(**view_args)
  File "C:\ITStudy\06_flask\onlineshop\personal_project-main\app\views\control_views.py", line 252, in login
    print(session['user_id'])
  File "C:\Users\okseok\anaconda3\lib\site-packages\flask\sessions.py", line 79, in __getitem__
    return super().__getitem__(key)
KeyError: 'user_id'
INFO:werkzeug:192.168.0.172 - - [01/Aug/2023 14:23:09] "[35m[1mPOST /login HTTP/1.1[0m" 500 -
INFO:app:∑Œ±◊¿Œ ∆‰¿Ã¡ˆ ¡¯¿‘
ERROR:app:Exception on /login [POST]
Traceback (most recent call last):
  File "C:\Users\okseok\anaconda3\lib\site-packages\flask\app.py", line 2190, in wsgi_app
    response = self.full_dispatch_request()
  File "C:\Users\okseok\anaconda3\lib\site-packages\flask\app.py", line 1486, in full_dispatch_request
    rv = self.handle_user_exception(e)
  File "C:\Users\okseok\anaconda3\lib\site-packages\flask\app.py", line 1484, in full_dispatch_request
    rv = self.dispatch_request()
  File "C:\Users\okseok\anaconda3\lib\site-packages\flask\app.py", line 1469, in dispatch_request
    return self.ensure_sync(self.view_functions[rule.endpoint])(**view_args)
  File "C:\ITStudy\06_flask\onlineshop\personal_project-main\app\views\control_views.py", line 252, in login
    print(session['user_id'])
  File "C:\Users\okseok\anaconda3\lib\site-packages\flask\sessions.py", line 79, in __getitem__
    return super().__getitem__(key)
KeyError: 'user_id'
INFO:werkzeug:192.168.0.185 - - [01/Aug/2023 14:23:09] "[35m[1mPOST /login HTTP/1.1[0m" 500 -
INFO:werkzeug:192.168.0.67 - - [01/Aug/2023 14:23:10] "GET / HTTP/1.1" 200 -
INFO:werkzeug:192.168.0.67 - - [01/Aug/2023 14:23:10] "[33mGET /script.js HTTP/1.1[0m" 404 -
INFO:werkzeug:192.168.0.67 - - [01/Aug/2023 14:23:10] "GET /static/css/style.css HTTP/1.1" 200 -
INFO:werkzeug:192.168.0.67 - - [01/Aug/2023 14:23:10] "[33mGET /static/images/abput-img.png HTTP/1.1[0m" 404 -
INFO:werkzeug:192.168.0.67 - - [01/Aug/2023 14:23:10] "GET /static/images/0721.jpg HTTP/1.1" 200 -
INFO:werkzeug:192.168.0.67 - - [01/Aug/2023 14:23:10] "GET /static/images/food.jpg HTTP/1.1" 200 -
INFO:werkzeug:192.168.0.67 - - [01/Aug/2023 14:23:10] "GET /static/images/img-1.png HTTP/1.1" 200 -
INFO:werkzeug:192.168.0.67 - - [01/Aug/2023 14:23:10] "GET /static/images/img-2.png HTTP/1.1" 200 -
INFO:werkzeug:192.168.0.67 - - [01/Aug/2023 14:23:10] "GET /static/images/img-3.png HTTP/1.1" 200 -
INFO:werkzeug:192.168.0.67 - - [01/Aug/2023 14:23:10] "GET /static/images/img-4.png HTTP/1.1" 200 -
INFO:werkzeug:192.168.0.67 - - [01/Aug/2023 14:23:10] "[33mGET /favicon.ico HTTP/1.1[0m" 404 -
INFO:werkzeug:192.168.0.154 - - [01/Aug/2023 14:23:10] "GET / HTTP/1.1" 200 -
INFO:werkzeug:192.168.0.154 - - [01/Aug/2023 14:23:10] "[36mGET /static/css/style.css HTTP/1.1[0m" 304 -
INFO:werkzeug:192.168.0.154 - - [01/Aug/2023 14:23:10] "[33mGET /script.js HTTP/1.1[0m" 404 -
INFO:werkzeug:192.168.0.154 - - [01/Aug/2023 14:23:10] "[36mGET /static/images/0721.jpg HTTP/1.1[0m" 304 -
INFO:werkzeug:192.168.0.154 - - [01/Aug/2023 14:23:10] "[33mGET /static/images/abput-img.png HTTP/1.1[0m" 404 -
INFO:werkzeug:192.168.0.154 - - [01/Aug/2023 14:23:10] "[36mGET /static/images/img-1.png HTTP/1.1[0m" 304 -
INFO:werkzeug:192.168.0.154 - - [01/Aug/2023 14:23:10] "[36mGET /static/images/food.jpg HTTP/1.1[0m" 304 -
INFO:werkzeug:192.168.0.154 - - [01/Aug/2023 14:23:11] "[36mGET /static/images/img-4.png HTTP/1.1[0m" 304 -
INFO:werkzeug:192.168.0.154 - - [01/Aug/2023 14:23:11] "[36mGET /static/images/img-3.png HTTP/1.1[0m" 304 -
INFO:werkzeug:192.168.0.154 - - [01/Aug/2023 14:23:11] "[36mGET /static/images/img-2.png HTTP/1.1[0m" 304 -
INFO:app:∑Œ±◊¿Œ ∆‰¿Ã¡ˆ ¡¯¿‘
ERROR:app:Exception on /login [POST]
Traceback (most recent call last):
  File "C:\Users\okseok\anaconda3\lib\site-packages\flask\app.py", line 2190, in wsgi_app
    response = self.full_dispatch_request()
  File "C:\Users\okseok\anaconda3\lib\site-packages\flask\app.py", line 1486, in full_dispatch_request
    rv = self.handle_user_exception(e)
  File "C:\Users\okseok\anaconda3\lib\site-packages\flask\app.py", line 1484, in full_dispatch_request
    rv = self.dispatch_request()
  File "C:\Users\okseok\anaconda3\lib\site-packages\flask\app.py", line 1469, in dispatch_request
    return self.ensure_sync(self.view_functions[rule.endpoint])(**view_args)
  File "C:\ITStudy\06_flask\onlineshop\personal_project-main\app\views\control_views.py", line 252, in login
    print(session['user_id'])
  File "C:\Users\okseok\anaconda3\lib\site-packages\flask\sessions.py", line 79, in __getitem__
    return super().__getitem__(key)
KeyError: 'user_id'
INFO:werkzeug:192.168.0.69 - - [01/Aug/2023 14:23:11] "[35m[1mPOST /login HTTP/1.1[0m" 500 -
INFO:app:¿ÂπŸ±∏¥œ ∆‰¿Ã¡ˆ ¡¯¿‘
INFO:app:product_id : 8
INFO:werkzeug:192.168.0.150 - - [01/Aug/2023 14:23:12] "POST /cart HTTP/1.1" 200 -
INFO:app:∑Œ±◊¿Œ ∆‰¿Ã¡ˆ ¡¯¿‘
ERROR:app:Exception on /login [POST]
Traceback (most recent call last):
  File "C:\Users\okseok\anaconda3\lib\site-packages\flask\app.py", line 2190, in wsgi_app
    response = self.full_dispatch_request()
  File "C:\Users\okseok\anaconda3\lib\site-packages\flask\app.py", line 1486, in full_dispatch_request
    rv = self.handle_user_exception(e)
  File "C:\Users\okseok\anaconda3\lib\site-packages\flask\app.py", line 1484, in full_dispatch_request
    rv = self.dispatch_request()
  File "C:\Users\okseok\anaconda3\lib\site-packages\flask\app.py", line 1469, in dispatch_request
    return self.ensure_sync(self.view_functions[rule.endpoint])(**view_args)
  File "C:\ITStudy\06_flask\onlineshop\personal_project-main\app\views\control_views.py", line 252, in login
    print(session['user_id'])
  File "C:\Users\okseok\anaconda3\lib\site-packages\flask\sessions.py", line 79, in __getitem__
    return super().__getitem__(key)
KeyError: 'user_id'
INFO:werkzeug:192.168.0.110 - - [01/Aug/2023 14:23:12] "[35m[1mPOST /login HTTP/1.1[0m" 500 -
INFO:app:∑Œ±◊¿Œ ∆‰¿Ã¡ˆ ¡¯¿‘
INFO:werkzeug:192.168.0.172 - - [01/Aug/2023 14:23:12] "GET /login HTTP/1.1" 200 -
INFO:app:¿ÂπŸ±∏¥œ ∆‰¿Ã¡ˆ ¡¯¿‘
INFO:app:product_id : 3
INFO:werkzeug:192.168.0.136 - - [01/Aug/2023 14:23:12] "POST /cart HTTP/1.1" 200 -
INFO:app:∑Œ±◊¿Œ ∆‰¿Ã¡ˆ ¡¯¿‘
INFO:werkzeug:192.168.0.97 - - [01/Aug/2023 14:23:12] "[32mPOST /login HTTP/1.1[0m" 302 -
INFO:werkzeug:192.168.0.97 - - [01/Aug/2023 14:23:12] "GET / HTTP/1.1" 200 -
INFO:werkzeug:192.168.0.97 - - [01/Aug/2023 14:23:12] "[33mGET /script.js HTTP/1.1[0m" 404 -
INFO:werkzeug:192.168.0.97 - - [01/Aug/2023 14:23:12] "[36mGET /static/css/style.css HTTP/1.1[0m" 304 -
INFO:werkzeug:192.168.0.97 - - [01/Aug/2023 14:23:12] "[36mGET /static/images/0721.jpg HTTP/1.1[0m" 304 -
INFO:werkzeug:192.168.0.97 - - [01/Aug/2023 14:23:12] "[36mGET /static/images/img-1.png HTTP/1.1[0m" 304 -
INFO:werkzeug:192.168.0.97 - - [01/Aug/2023 14:23:12] "[33mGET /static/images/abput-img.png HTTP/1.1[0m" 404 -
INFO:werkzeug:192.168.0.97 - - [01/Aug/2023 14:23:12] "[36mGET /static/images/food.jpg HTTP/1.1[0m" 304 -
INFO:werkzeug:192.168.0.97 - - [01/Aug/2023 14:23:12] "[36mGET /static/images/img-3.png HTTP/1.1[0m" 304 -
INFO:werkzeug:192.168.0.97 - - [01/Aug/2023 14:23:12] "[36mGET /static/images/img-2.png HTTP/1.1[0m" 304 -
INFO:werkzeug:192.168.0.97 - - [01/Aug/2023 14:23:12] "[36mGET /static/images/img-4.png HTTP/1.1[0m" 304 -
INFO:app:∑Œ±◊¿Œ ∆‰¿Ã¡ˆ ¡¯¿‘
INFO:werkzeug:192.168.0.104 - - [01/Aug/2023 14:23:13] "[32mPOST /login HTTP/1.1[0m" 302 -
INFO:werkzeug:192.168.0.104 - - [01/Aug/2023 14:23:13] "GET / HTTP/1.1" 200 -
INFO:werkzeug:192.168.0.104 - - [01/Aug/2023 14:23:13] "[33mGET /script.js HTTP/1.1[0m" 404 -
INFO:werkzeug:192.168.0.104 - - [01/Aug/2023 14:23:13] "[36mGET /static/css/style.css HTTP/1.1[0m" 304 -
INFO:werkzeug:192.168.0.104 - - [01/Aug/2023 14:23:13] "[36mGET /static/images/0721.jpg HTTP/1.1[0m" 304 -
INFO:werkzeug:192.168.0.104 - - [01/Aug/2023 14:23:13] "[36mGET /static/images/img-1.png HTTP/1.1[0m" 304 -
INFO:werkzeug:192.168.0.104 - - [01/Aug/2023 14:23:13] "[33mGET /static/images/abput-img.png HTTP/1.1[0m" 404 -
INFO:werkzeug:192.168.0.104 - - [01/Aug/2023 14:23:13] "[36mGET /static/images/food.jpg HTTP/1.1[0m" 304 -
INFO:werkzeug:192.168.0.104 - - [01/Aug/2023 14:23:13] "[36mGET /static/images/img-2.png HTTP/1.1[0m" 304 -
INFO:werkzeug:192.168.0.100 - - [01/Aug/2023 14:23:13] "GET / HTTP/1.1" 200 -
INFO:werkzeug:192.168.0.104 - - [01/Aug/2023 14:23:13] "[36mGET /static/images/img-4.png HTTP/1.1[0m" 304 -
INFO:werkzeug:192.168.0.104 - - [01/Aug/2023 14:23:13] "[36mGET /static/images/img-3.png HTTP/1.1[0m" 304 -
INFO:werkzeug:192.168.0.100 - - [01/Aug/2023 14:23:13] "[33mGET /script.js HTTP/1.1[0m" 404 -
INFO:werkzeug:192.168.0.100 - - [01/Aug/2023 14:23:13] "[36mGET /static/css/style.css HTTP/1.1[0m" 304 -
INFO:werkzeug:192.168.0.100 - - [01/Aug/2023 14:23:13] "[36mGET /static/images/food.jpg HTTP/1.1[0m" 304 -
INFO:werkzeug:192.168.0.100 - - [01/Aug/2023 14:23:13] "[33mGET /static/images/abput-img.png HTTP/1.1[0m" 404 -
INFO:werkzeug:192.168.0.100 - - [01/Aug/2023 14:23:13] "[36mGET /static/images/img-1.png HTTP/1.1[0m" 304 -
INFO:werkzeug:192.168.0.100 - - [01/Aug/2023 14:23:13] "[36mGET /static/images/0721.jpg HTTP/1.1[0m" 304 -
INFO:werkzeug:192.168.0.100 - - [01/Aug/2023 14:23:13] "[36mGET /static/images/img-2.png HTTP/1.1[0m" 304 -
INFO:werkzeug:192.168.0.100 - - [01/Aug/2023 14:23:13] "[36mGET /static/images/img-3.png HTTP/1.1[0m" 304 -
INFO:werkzeug:192.168.0.100 - - [01/Aug/2023 14:23:13] "[36mGET /static/images/img-4.png HTTP/1.1[0m" 304 -
INFO:app:¿ÂπŸ±∏¥œ ∆‰¿Ã¡ˆ ¡¯¿‘
INFO:app:product_id : 2
INFO:werkzeug:192.168.0.125 - - [01/Aug/2023 14:23:13] "POST /cart HTTP/1.1" 200 -
INFO:app:¿ÂπŸ±∏¥œ ∆‰¿Ã¡ˆ ¡¯¿‘
INFO:app:product_id : 8
INFO:werkzeug:192.168.0.106 - - [01/Aug/2023 14:23:13] "POST /cart HTTP/1.1" 200 -
INFO:app:∑Œ±◊¿Œ ∆‰¿Ã¡ˆ ¡¯¿‘
INFO:werkzeug:192.168.0.69 - - [01/Aug/2023 14:23:14] "GET /login HTTP/1.1" 200 -
INFO:app:∑Œ±◊¿Œ ∆‰¿Ã¡ˆ ¡¯¿‘
INFO:werkzeug:192.168.0.28 - - [01/Aug/2023 14:23:14] "[32mPOST /login HTTP/1.1[0m" 302 -
INFO:werkzeug:192.168.0.28 - - [01/Aug/2023 14:23:14] "GET / HTTP/1.1" 200 -
INFO:werkzeug:192.168.0.28 - - [01/Aug/2023 14:23:14] "[36mGET /static/css/style.css HTTP/1.1[0m" 304 -
INFO:werkzeug:192.168.0.28 - - [01/Aug/2023 14:23:14] "[33mGET /script.js HTTP/1.1[0m" 404 -
INFO:werkzeug:192.168.0.28 - - [01/Aug/2023 14:23:14] "[36mGET /static/images/0721.jpg HTTP/1.1[0m" 304 -
INFO:werkzeug:192.168.0.28 - - [01/Aug/2023 14:23:14] "[33mGET /static/images/abput-img.png HTTP/1.1[0m" 404 -
INFO:werkzeug:192.168.0.28 - - [01/Aug/2023 14:23:14] "[36mGET /static/images/food.jpg HTTP/1.1[0m" 304 -
INFO:werkzeug:192.168.0.28 - - [01/Aug/2023 14:23:14] "[36mGET /static/images/img-1.png HTTP/1.1[0m" 304 -
INFO:werkzeug:192.168.0.28 - - [01/Aug/2023 14:23:14] "[36mGET /static/images/img-2.png HTTP/1.1[0m" 304 -
INFO:werkzeug:192.168.0.28 - - [01/Aug/2023 14:23:14] "[36mGET /static/images/img-3.png HTTP/1.1[0m" 304 -
INFO:werkzeug:192.168.0.28 - - [01/Aug/2023 14:23:14] "[36mGET /static/images/img-4.png HTTP/1.1[0m" 304 -
INFO:app:¿ÂπŸ±∏¥œ ∆‰¿Ã¡ˆ ¡¯¿‘
INFO:app:product_id : 2
INFO:werkzeug:192.168.0.97 - - [01/Aug/2023 14:23:14] "POST /cart HTTP/1.1" 200 -
INFO:app:∑Œ±◊¿Œ ∆‰¿Ã¡ˆ ¡¯¿‘
ERROR:app:Exception on /login [POST]
Traceback (most recent call last):
  File "C:\Users\okseok\anaconda3\lib\site-packages\flask\app.py", line 2190, in wsgi_app
    response = self.full_dispatch_request()
  File "C:\Users\okseok\anaconda3\lib\site-packages\flask\app.py", line 1486, in full_dispatch_request
    rv = self.handle_user_exception(e)
  File "C:\Users\okseok\anaconda3\lib\site-packages\flask\app.py", line 1484, in full_dispatch_request
    rv = self.dispatch_request()
  File "C:\Users\okseok\anaconda3\lib\site-packages\flask\app.py", line 1469, in dispatch_request
    return self.ensure_sync(self.view_functions[rule.endpoint])(**view_args)
  File "C:\ITStudy\06_flask\onlineshop\personal_project-main\app\views\control_views.py", line 252, in login
    print(session['user_id'])
  File "C:\Users\okseok\anaconda3\lib\site-packages\flask\sessions.py", line 79, in __getitem__
    return super().__getitem__(key)
KeyError: 'user_id'
INFO:werkzeug:192.168.0.84 - - [01/Aug/2023 14:23:14] "[35m[1mPOST /login HTTP/1.1[0m" 500 -
INFO:app:¿ÂπŸ±∏¥œ ∆‰¿Ã¡ˆ ¡¯¿‘
INFO:app:product_id : 6
INFO:werkzeug:192.168.0.154 - - [01/Aug/2023 14:23:15] "POST /cart HTTP/1.1" 200 -
INFO:app:¿ÂπŸ±∏¥œ ∆‰¿Ã¡ˆ ¡¯¿‘
INFO:app:product_id : 2
INFO:werkzeug:192.168.0.136 - - [01/Aug/2023 14:23:15] "POST /cart HTTP/1.1" 200 -
INFO:app:¿ÂπŸ±∏¥œ ∆‰¿Ã¡ˆ ¡¯¿‘
INFO:app:product_id : 1
INFO:werkzeug:192.168.0.81 - - [01/Aug/2023 14:23:16] "POST /cart HTTP/1.1" 200 -
INFO:app:¿ÂπŸ±∏¥œ ∆‰¿Ã¡ˆ ¡¯¿‘
INFO:app:product_id : 5
INFO:app:∑Œ±◊¿Œ ∆‰¿Ã¡ˆ ¡¯¿‘
INFO:werkzeug:192.168.0.67 - - [01/Aug/2023 14:23:16] "GET /login HTTP/1.1" 200 -
INFO:werkzeug:192.168.0.150 - - [01/Aug/2023 14:23:16] "POST /cart HTTP/1.1" 200 -
INFO:werkzeug:192.168.0.67 - - [01/Aug/2023 14:23:16] "GET /static/dist/css/bootstrap.min.css HTTP/1.1" 200 -
INFO:werkzeug:192.168.0.67 - - [01/Aug/2023 14:23:16] "GET /static/signin.css HTTP/1.1" 200 -
INFO:werkzeug:192.168.0.67 - - [01/Aug/2023 14:23:16] "GET /static/images/catlogo_1.png HTTP/1.1" 200 -
INFO:app:¿ÂπŸ±∏¥œ ∆‰¿Ã¡ˆ ¡¯¿‘
INFO:app:product_id : 3
INFO:werkzeug:192.168.0.125 - - [01/Aug/2023 14:23:16] "POST /cart HTTP/1.1" 200 -
INFO:app:¿ÂπŸ±∏¥œ ∆‰¿Ã¡ˆ ¡¯¿‘
INFO:app:product_id : 6
INFO:werkzeug:192.168.0.97 - - [01/Aug/2023 14:23:17] "POST /cart HTTP/1.1" 200 -
INFO:app:¿ÂπŸ±∏¥œ ∆‰¿Ã¡ˆ ¡¯¿‘
INFO:app:product_id : 4
INFO:werkzeug:192.168.0.47 - - [01/Aug/2023 14:23:17] "POST /cart HTTP/1.1" 200 -
INFO:app:∑Œ±◊¿Œ ∆‰¿Ã¡ˆ ¡¯¿‘
INFO:werkzeug:192.168.0.91 - - [01/Aug/2023 14:23:17] "[32mPOST /login HTTP/1.1[0m" 302 -
INFO:werkzeug:192.168.0.91 - - [01/Aug/2023 14:23:17] "GET / HTTP/1.1" 200 -
INFO:werkzeug:192.168.0.91 - - [01/Aug/2023 14:23:17] "[36mGET /static/css/style.css HTTP/1.1[0m" 304 -
INFO:werkzeug:192.168.0.91 - - [01/Aug/2023 14:23:17] "[36mGET /static/images/0721.jpg HTTP/1.1[0m" 304 -
INFO:werkzeug:192.168.0.91 - - [01/Aug/2023 14:23:17] "[33mGET /script.js HTTP/1.1[0m" 404 -
INFO:werkzeug:192.168.0.91 - - [01/Aug/2023 14:23:17] "[33mGET /static/images/abput-img.png HTTP/1.1[0m" 404 -
INFO:werkzeug:192.168.0.91 - - [01/Aug/2023 14:23:17] "[36mGET /static/images/food.jpg HTTP/1.1[0m" 304 -
INFO:werkzeug:192.168.0.91 - - [01/Aug/2023 14:23:17] "[36mGET /static/images/img-1.png HTTP/1.1[0m" 304 -
INFO:werkzeug:192.168.0.91 - - [01/Aug/2023 14:23:17] "[36mGET /static/images/img-2.png HTTP/1.1[0m" 304 -
INFO:werkzeug:192.168.0.91 - - [01/Aug/2023 14:23:17] "[36mGET /static/images/img-3.png HTTP/1.1[0m" 304 -
INFO:werkzeug:192.168.0.91 - - [01/Aug/2023 14:23:17] "[36mGET /static/images/img-4.png HTTP/1.1[0m" 304 -
INFO:app:¿ÂπŸ±∏¥œ ∆‰¿Ã¡ˆ ¡¯¿‘
INFO:app:product_id : 2
INFO:werkzeug:192.168.0.81 - - [01/Aug/2023 14:23:17] "POST /cart HTTP/1.1" 200 -
INFO:app:¿ÂπŸ±∏¥œ ∆‰¿Ã¡ˆ ¡¯¿‘
INFO:app:product_id : 1
INFO:werkzeug:192.168.0.104 - - [01/Aug/2023 14:23:18] "POST /cart HTTP/1.1" 200 -
INFO:app:¿ÂπŸ±∏¥œ ∆‰¿Ã¡ˆ ¡¯¿‘
INFO:app:product_id : 5
INFO:werkzeug:192.168.0.154 - - [01/Aug/2023 14:23:18] "POST /cart HTTP/1.1" 200 -
INFO:app:¿ÂπŸ±∏¥œ ∆‰¿Ã¡ˆ ¡¯¿‘
INFO:app:product_id : 3
INFO:app:¿ÂπŸ±∏¥œ ∆‰¿Ã¡ˆ ¡¯¿‘
INFO:app:product_id : 3
INFO:werkzeug:192.168.0.146 - - [01/Aug/2023 14:23:19] "POST /cart HTTP/1.1" 200 -
INFO:werkzeug:192.168.0.81 - - [01/Aug/2023 14:23:19] "POST /cart HTTP/1.1" 200 -
INFO:app:¿ÂπŸ±∏¥œ ∆‰¿Ã¡ˆ ¡¯¿‘
INFO:app:product_id : 4
INFO:werkzeug:192.168.0.125 - - [01/Aug/2023 14:23:19] "POST /cart HTTP/1.1" 200 -
INFO:app:¿ÂπŸ±∏¥œ ∆‰¿Ã¡ˆ ¡¯¿‘
INFO:app:product_id : 2
INFO:werkzeug:192.168.0.138 - - [01/Aug/2023 14:23:19] "POST /cart HTTP/1.1" 200 -
INFO:app:¿ÂπŸ±∏¥œ ∆‰¿Ã¡ˆ ¡¯¿‘
INFO:app:product_id : 4
INFO:app:∑Œ±◊¿Œ ∆‰¿Ã¡ˆ ¡¯¿‘
INFO:werkzeug:192.168.0.136 - - [01/Aug/2023 14:23:19] "POST /cart HTTP/1.1" 200 -
ERROR:app:Exception on /login [POST]
Traceback (most recent call last):
  File "C:\Users\okseok\anaconda3\lib\site-packages\flask\app.py", line 2190, in wsgi_app
    response = self.full_dispatch_request()
  File "C:\Users\okseok\anaconda3\lib\site-packages\flask\app.py", line 1486, in full_dispatch_request
    rv = self.handle_user_exception(e)
  File "C:\Users\okseok\anaconda3\lib\site-packages\flask\app.py", line 1484, in full_dispatch_request
    rv = self.dispatch_request()
  File "C:\Users\okseok\anaconda3\lib\site-packages\flask\app.py", line 1469, in dispatch_request
    return self.ensure_sync(self.view_functions[rule.endpoint])(**view_args)
  File "C:\ITStudy\06_flask\onlineshop\personal_project-main\app\views\control_views.py", line 252, in login
    print(session['user_id'])
  File "C:\Users\okseok\anaconda3\lib\site-packages\flask\sessions.py", line 79, in __getitem__
    return super().__getitem__(key)
KeyError: 'user_id'
INFO:werkzeug:192.168.0.69 - - [01/Aug/2023 14:23:19] "[35m[1mPOST /login HTTP/1.1[0m" 500 -
INFO:app:¿ÂπŸ±∏¥œ ∆‰¿Ã¡ˆ ¡¯¿‘
INFO:app:product_id : 2
INFO:werkzeug:192.168.0.91 - - [01/Aug/2023 14:23:19] "POST /cart HTTP/1.1" 200 -
INFO:app:¿ÂπŸ±∏¥œ ∆‰¿Ã¡ˆ ¡¯¿‘
INFO:app:product_id : 1
INFO:werkzeug:192.168.0.97 - - [01/Aug/2023 14:23:19] "POST /cart HTTP/1.1" 200 -
INFO:app:¿ÂπŸ±∏¥œ ∆‰¿Ã¡ˆ ¡¯¿‘
INFO:app:product_id : 4
INFO:werkzeug:192.168.0.150 - - [01/Aug/2023 14:23:19] "POST /cart HTTP/1.1" 200 -
INFO:werkzeug:192.168.0.100 - - [01/Aug/2023 14:23:20] "[33mGET /script.js HTTP/1.1[0m" 404 -
INFO:app:¿ÂπŸ±∏¥œ ∆‰¿Ã¡ˆ ¡¯¿‘
INFO:app:product_id : 1
INFO:werkzeug:192.168.0.81 - - [01/Aug/2023 14:23:20] "POST /cart HTTP/1.1" 200 -
INFO:app:cart api
INFO:werkzeug:192.168.0.136 - - [01/Aug/2023 14:23:21] "GET /cart HTTP/1.1" 200 -
INFO:app:¿ÂπŸ±∏¥œ ∆‰¿Ã¡ˆ ¡¯¿‘
INFO:app:product_id : 2
INFO:app:cart api
INFO:werkzeug:192.168.0.104 - - [01/Aug/2023 14:23:21] "POST /cart HTTP/1.1" 200 -
INFO:werkzeug:192.168.0.136 - - [01/Aug/2023 14:23:21] "GET /cart HTTP/1.1" 200 -
INFO:app:¿ÂπŸ±∏¥œ ∆‰¿Ã¡ˆ ¡¯¿‘
INFO:app:product_id : 3
INFO:werkzeug:192.168.0.100 - - [01/Aug/2023 14:23:21] "POST /cart HTTP/1.1" 200 -
INFO:app:cart api
INFO:werkzeug:192.168.0.146 - - [01/Aug/2023 14:23:22] "GET /cart HTTP/1.1" 200 -
INFO:app:¿ÂπŸ±∏¥œ ∆‰¿Ã¡ˆ ¡¯¿‘
INFO:app:product_id : 1
INFO:app:cart api
INFO:werkzeug:192.168.0.81 - - [01/Aug/2023 14:23:22] "POST /cart HTTP/1.1" 200 -
INFO:werkzeug:192.168.0.146 - - [01/Aug/2023 14:23:22] "GET /cart HTTP/1.1" 200 -
INFO:app:¿ÂπŸ±∏¥œ ∆‰¿Ã¡ˆ ¡¯¿‘
INFO:app:product_id : 4
INFO:werkzeug:192.168.0.154 - - [01/Aug/2023 14:23:22] "POST /cart HTTP/1.1" 200 -
INFO:app:¿ÂπŸ±∏¥œ ∆‰¿Ã¡ˆ ¡¯¿‘
INFO:app:product_id : 3
INFO:werkzeug:192.168.0.97 - - [01/Aug/2023 14:23:22] "POST /cart HTTP/1.1" 200 -
INFO:app:¿ÂπŸ±∏¥œ ∆‰¿Ã¡ˆ ¡¯¿‘
INFO:app:product_id : 4
INFO:werkzeug:192.168.0.138 - - [01/Aug/2023 14:23:22] "POST /cart HTTP/1.1" 200 -
INFO:app:¿ÂπŸ±∏¥œ ∆‰¿Ã¡ˆ ¡¯¿‘
INFO:app:product_id : 6
INFO:werkzeug:192.168.0.91 - - [01/Aug/2023 14:23:22] "POST /cart HTTP/1.1" 200 -
INFO:app:¿ÂπŸ±∏¥œ ∆‰¿Ã¡ˆ ¡¯¿‘
INFO:app:product_id : 3
INFO:werkzeug:192.168.0.104 - - [01/Aug/2023 14:23:23] "POST /cart HTTP/1.1" 200 -
INFO:app:¿ÂπŸ±∏¥œ ∆‰¿Ã¡ˆ ¡¯¿‘
INFO:app:product_id : 5
INFO:app:∑Œ±◊¿Œ ∆‰¿Ã¡ˆ ¡¯¿‘
ERROR:app:Exception on /login [POST]
Traceback (most recent call last):
  File "C:\Users\okseok\anaconda3\lib\site-packages\flask\app.py", line 2190, in wsgi_app
    response = self.full_dispatch_request()
  File "C:\Users\okseok\anaconda3\lib\site-packages\flask\app.py", line 1486, in full_dispatch_request
    rv = self.handle_user_exception(e)
  File "C:\Users\okseok\anaconda3\lib\site-packages\flask\app.py", line 1484, in full_dispatch_request
    rv = self.dispatch_request()
  File "C:\Users\okseok\anaconda3\lib\site-packages\flask\app.py", line 1469, in dispatch_request
    return self.ensure_sync(self.view_functions[rule.endpoint])(**view_args)
  File "C:\ITStudy\06_flask\onlineshop\personal_project-main\app\views\control_views.py", line 252, in login
    print(session['user_id'])
  File "C:\Users\okseok\anaconda3\lib\site-packages\flask\sessions.py", line 79, in __getitem__
    return super().__getitem__(key)
KeyError: 'user_id'
INFO:werkzeug:192.168.0.84 - - [01/Aug/2023 14:23:23] "[35m[1mPOST /login HTTP/1.1[0m" 500 -
INFO:werkzeug:192.168.0.106 - - [01/Aug/2023 14:23:23] "POST /cart HTTP/1.1" 200 -
INFO:app:¿ÂπŸ±∏¥œ ∆‰¿Ã¡ˆ ¡¯¿‘
INFO:app:product_id : 1
INFO:werkzeug:192.168.0.81 - - [01/Aug/2023 14:23:23] "POST /cart HTTP/1.1" 200 -
INFO:app:¿ÂπŸ±∏¥œ ∆‰¿Ã¡ˆ ¡¯¿‘
INFO:app:product_id : 6
INFO:werkzeug:192.168.0.125 - - [01/Aug/2023 14:23:23] "POST /cart HTTP/1.1" 200 -
INFO:app:¿ÂπŸ±∏¥œ ∆‰¿Ã¡ˆ ¡¯¿‘
INFO:app:product_id : 3
INFO:werkzeug:192.168.0.150 - - [01/Aug/2023 14:23:23] "POST /cart HTTP/1.1" 200 -
INFO:app:¿ÂπŸ±∏¥œ ∆‰¿Ã¡ˆ ¡¯¿‘
INFO:app:product_id : 8
INFO:werkzeug:192.168.0.47 - - [01/Aug/2023 14:23:23] "POST /cart HTTP/1.1" 200 -
INFO:app:¿ÂπŸ±∏¥œ ∆‰¿Ã¡ˆ ¡¯¿‘
INFO:app:product_id : 8
INFO:werkzeug:192.168.0.100 - - [01/Aug/2023 14:23:24] "POST /cart HTTP/1.1" 200 -
INFO:app:¿ÂπŸ±∏¥œ ∆‰¿Ã¡ˆ ¡¯¿‘
INFO:app:product_id : 4
INFO:werkzeug:192.168.0.97 - - [01/Aug/2023 14:23:24] "POST /cart HTTP/1.1" 200 -
INFO:app:¿ÂπŸ±∏¥œ ∆‰¿Ã¡ˆ ¡¯¿‘
INFO:app:product_id : 4
INFO:werkzeug:192.168.0.104 - - [01/Aug/2023 14:23:24] "POST /cart HTTP/1.1" 200 -
INFO:app:∑Œ±◊¿Œ ∆‰¿Ã¡ˆ ¡¯¿‘
INFO:werkzeug:192.168.0.50 - - [01/Aug/2023 14:23:24] "POST /login HTTP/1.1" 200 -
INFO:werkzeug:192.168.0.50 - - [01/Aug/2023 14:23:24] "[36mGET /static/dist/css/bootstrap.min.css HTTP/1.1[0m" 304 -
INFO:werkzeug:192.168.0.50 - - [01/Aug/2023 14:23:24] "[36mGET /static/images/catlogo_1.png HTTP/1.1[0m" 304 -
INFO:werkzeug:192.168.0.50 - - [01/Aug/2023 14:23:24] "[36mGET /static/signin.css HTTP/1.1[0m" 304 -
INFO:app:¿ÂπŸ±∏¥œ ∆‰¿Ã¡ˆ ¡¯¿‘
INFO:app:product_id : 5
INFO:werkzeug:192.168.0.146 - - [01/Aug/2023 14:23:25] "POST /cart HTTP/1.1" 200 -
INFO:app:¿ÂπŸ±∏¥œ ∆‰¿Ã¡ˆ ¡¯¿‘
INFO:app:product_id : 8
INFO:werkzeug:192.168.0.154 - - [01/Aug/2023 14:23:25] "POST /cart HTTP/1.1" 200 -
INFO:app:¿ÂπŸ±∏¥œ ∆‰¿Ã¡ˆ ¡¯¿‘
INFO:app:product_id : 8
INFO:werkzeug:192.168.0.104 - - [01/Aug/2023 14:23:25] "POST /cart HTTP/1.1" 200 -
INFO:app:∑Œ±◊¿Œ ∆‰¿Ã¡ˆ ¡¯¿‘
ERROR:app:Exception on /login [POST]
Traceback (most recent call last):
  File "C:\Users\okseok\anaconda3\lib\site-packages\flask\app.py", line 2190, in wsgi_app
    response = self.full_dispatch_request()
  File "C:\Users\okseok\anaconda3\lib\site-packages\flask\app.py", line 1486, in full_dispatch_request
    rv = self.handle_user_exception(e)
  File "C:\Users\okseok\anaconda3\lib\site-packages\flask\app.py", line 1484, in full_dispatch_request
    rv = self.dispatch_request()
  File "C:\Users\okseok\anaconda3\lib\site-packages\flask\app.py", line 1469, in dispatch_request
    return self.ensure_sync(self.view_functions[rule.endpoint])(**view_args)
  File "C:\ITStudy\06_flask\onlineshop\personal_project-main\app\views\control_views.py", line 252, in login
    print(session['user_id'])
  File "C:\Users\okseok\anaconda3\lib\site-packages\flask\sessions.py", line 79, in __getitem__
    return super().__getitem__(key)
KeyError: 'user_id'
INFO:werkzeug:192.168.0.69 - - [01/Aug/2023 14:23:26] "[35m[1mPOST /login HTTP/1.1[0m" 500 -
INFO:app:¿ÂπŸ±∏¥œ ∆‰¿Ã¡ˆ ¡¯¿‘
INFO:app:product_id : 3
INFO:werkzeug:192.168.0.138 - - [01/Aug/2023 14:23:26] "POST /cart HTTP/1.1" 200 -
INFO:app:¿ÂπŸ±∏¥œ ∆‰¿Ã¡ˆ ¡¯¿‘
INFO:app:product_id : 1
INFO:werkzeug:192.168.0.81 - - [01/Aug/2023 14:23:26] "POST /cart HTTP/1.1" 200 -
INFO:app:¿ÂπŸ±∏¥œ ∆‰¿Ã¡ˆ ¡¯¿‘
INFO:app:product_id : 2
INFO:werkzeug:192.168.0.150 - - [01/Aug/2023 14:23:26] "POST /cart HTTP/1.1" 200 -
INFO:app:∑Œ±◊¿Œ ∆‰¿Ã¡ˆ ¡¯¿‘
INFO:werkzeug:192.168.0.50 - - [01/Aug/2023 14:23:26] "POST /login HTTP/1.1" 200 -
INFO:werkzeug:192.168.0.50 - - [01/Aug/2023 14:23:26] "[36mGET /static/dist/css/bootstrap.min.css HTTP/1.1[0m" 304 -
INFO:werkzeug:192.168.0.50 - - [01/Aug/2023 14:23:26] "[36mGET /static/signin.css HTTP/1.1[0m" 304 -
INFO:werkzeug:192.168.0.50 - - [01/Aug/2023 14:23:26] "[36mGET /static/images/catlogo_1.png HTTP/1.1[0m" 304 -
INFO:app:∑Œ±◊¿Œ ∆‰¿Ã¡ˆ ¡¯¿‘
INFO:werkzeug:192.168.0.50 - - [01/Aug/2023 14:23:27] "POST /login HTTP/1.1" 200 -
INFO:werkzeug:192.168.0.50 - - [01/Aug/2023 14:23:27] "[36mGET /static/dist/css/bootstrap.min.css HTTP/1.1[0m" 304 -
INFO:werkzeug:192.168.0.50 - - [01/Aug/2023 14:23:27] "[36mGET /static/signin.css HTTP/1.1[0m" 304 -
INFO:werkzeug:192.168.0.50 - - [01/Aug/2023 14:23:27] "[36mGET /static/images/catlogo_1.png HTTP/1.1[0m" 304 -
INFO:app:¿ÂπŸ±∏¥œ ∆‰¿Ã¡ˆ ¡¯¿‘
INFO:app:product_id : 7
INFO:werkzeug:192.168.0.100 - - [01/Aug/2023 14:23:27] "POST /cart HTTP/1.1" 200 -
INFO:app:∑Œ±◊¿Œ ∆‰¿Ã¡ˆ ¡¯¿‘
INFO:werkzeug:192.168.0.50 - - [01/Aug/2023 14:23:27] "POST /login HTTP/1.1" 200 -
INFO:werkzeug:192.168.0.50 - - [01/Aug/2023 14:23:27] "[36mGET /static/dist/css/bootstrap.min.css HTTP/1.1[0m" 304 -
INFO:werkzeug:192.168.0.50 - - [01/Aug/2023 14:23:27] "[36mGET /static/signin.css HTTP/1.1[0m" 304 -
INFO:werkzeug:192.168.0.50 - - [01/Aug/2023 14:23:27] "[36mGET /static/images/catlogo_1.png HTTP/1.1[0m" 304 -
INFO:app:¿ÂπŸ±∏¥œ ∆‰¿Ã¡ˆ ¡¯¿‘
INFO:app:product_id : 8
INFO:werkzeug:192.168.0.91 - - [01/Aug/2023 14:23:27] "POST /cart HTTP/1.1" 200 -
INFO:app:¿ÂπŸ±∏¥œ ∆‰¿Ã¡ˆ ¡¯¿‘
INFO:app:product_id : 7
INFO:werkzeug:192.168.0.104 - - [01/Aug/2023 14:23:27] "POST /cart HTTP/1.1" 200 -
INFO:app:∑Œ±◊¿Œ ∆‰¿Ã¡ˆ ¡¯¿‘
INFO:werkzeug:192.168.0.50 - - [01/Aug/2023 14:23:27] "POST /login HTTP/1.1" 200 -
INFO:werkzeug:192.168.0.50 - - [01/Aug/2023 14:23:27] "[36mGET /static/dist/css/bootstrap.min.css HTTP/1.1[0m" 304 -
INFO:werkzeug:192.168.0.50 - - [01/Aug/2023 14:23:27] "[36mGET /static/images/catlogo_1.png HTTP/1.1[0m" 304 -
INFO:werkzeug:192.168.0.50 - - [01/Aug/2023 14:23:27] "[36mGET /static/signin.css HTTP/1.1[0m" 304 -
INFO:app:∑Œ±◊¿Œ ∆‰¿Ã¡ˆ ¡¯¿‘
ERROR:app:Exception on /login [POST]
Traceback (most recent call last):
  File "C:\Users\okseok\anaconda3\lib\site-packages\flask\app.py", line 2190, in wsgi_app
    response = self.full_dispatch_request()
  File "C:\Users\okseok\anaconda3\lib\site-packages\flask\app.py", line 1486, in full_dispatch_request
    rv = self.handle_user_exception(e)
  File "C:\Users\okseok\anaconda3\lib\site-packages\flask\app.py", line 1484, in full_dispatch_request
    rv = self.dispatch_request()
  File "C:\Users\okseok\anaconda3\lib\site-packages\flask\app.py", line 1469, in dispatch_request
    return self.ensure_sync(self.view_functions[rule.endpoint])(**view_args)
  File "C:\ITStudy\06_flask\onlineshop\personal_project-main\app\views\control_views.py", line 252, in login
    print(session['user_id'])
  File "C:\Users\okseok\anaconda3\lib\site-packages\flask\sessions.py", line 79, in __getitem__
    return super().__getitem__(key)
KeyError: 'user_id'
INFO:werkzeug:192.168.0.185 - - [01/Aug/2023 14:23:28] "[35m[1mPOST /login HTTP/1.1[0m" 500 -
INFO:app:¿ÂπŸ±∏¥œ ∆‰¿Ã¡ˆ ¡¯¿‘
INFO:app:product_id : 1
INFO:werkzeug:192.168.0.81 - - [01/Aug/2023 14:23:28] "POST /cart HTTP/1.1" 200 -
INFO:app:∑Œ±◊¿Œ ∆‰¿Ã¡ˆ ¡¯¿‘
INFO:werkzeug:192.168.0.50 - - [01/Aug/2023 14:23:28] "POST /login HTTP/1.1" 200 -
INFO:werkzeug:192.168.0.50 - - [01/Aug/2023 14:23:28] "[36mGET /static/dist/css/bootstrap.min.css HTTP/1.1[0m" 304 -
INFO:werkzeug:192.168.0.50 - - [01/Aug/2023 14:23:28] "[36mGET /static/signin.css HTTP/1.1[0m" 304 -
INFO:werkzeug:192.168.0.50 - - [01/Aug/2023 14:23:28] "[36mGET /static/images/catlogo_1.png HTTP/1.1[0m" 304 -
INFO:app:∑Œ±◊¿Œ ∆‰¿Ã¡ˆ ¡¯¿‘
INFO:werkzeug:192.168.0.50 - - [01/Aug/2023 14:23:28] "POST /login HTTP/1.1" 200 -
INFO:werkzeug:192.168.0.50 - - [01/Aug/2023 14:23:28] "[36mGET /static/dist/css/bootstrap.min.css HTTP/1.1[0m" 304 -
INFO:werkzeug:192.168.0.50 - - [01/Aug/2023 14:23:28] "[36mGET /static/signin.css HTTP/1.1[0m" 304 -
INFO:werkzeug:192.168.0.50 - - [01/Aug/2023 14:23:28] "[36mGET /static/images/catlogo_1.png HTTP/1.1[0m" 304 -
INFO:app:¿ÂπŸ±∏¥œ ∆‰¿Ã¡ˆ ¡¯¿‘
INFO:app:product_id : 1
INFO:werkzeug:192.168.0.150 - - [01/Aug/2023 14:23:29] "POST /cart HTTP/1.1" 200 -
INFO:app:¿ÂπŸ±∏¥œ ∆‰¿Ã¡ˆ ¡¯¿‘
INFO:app:product_id : 7
INFO:werkzeug:192.168.0.146 - - [01/Aug/2023 14:23:29] "POST /cart HTTP/1.1" 200 -
INFO:app:¿ÂπŸ±∏¥œ ∆‰¿Ã¡ˆ ¡¯¿‘
INFO:app:product_id : 1
INFO:werkzeug:192.168.0.81 - - [01/Aug/2023 14:23:29] "POST /cart HTTP/1.1" 200 -
INFO:app:¿ÂπŸ±∏¥œ ∆‰¿Ã¡ˆ ¡¯¿‘
INFO:app:product_id : 6
INFO:werkzeug:192.168.0.104 - - [01/Aug/2023 14:23:29] "POST /cart HTTP/1.1" 200 -
INFO:app:¿ÂπŸ±∏¥œ ∆‰¿Ã¡ˆ ¡¯¿‘
INFO:app:product_id : 7
INFO:werkzeug:192.168.0.138 - - [01/Aug/2023 14:23:29] "POST /cart HTTP/1.1" 200 -
INFO:app:¿ÂπŸ±∏¥œ ∆‰¿Ã¡ˆ ¡¯¿‘
INFO:app:product_id : 1
INFO:werkzeug:192.168.0.106 - - [01/Aug/2023 14:23:29] "POST /cart HTTP/1.1" 200 -
INFO:app:¿ÂπŸ±∏¥œ ∆‰¿Ã¡ˆ ¡¯¿‘
INFO:app:product_id : 7
INFO:werkzeug:192.168.0.91 - - [01/Aug/2023 14:23:29] "POST /cart HTTP/1.1" 200 -
INFO:app:cart api
INFO:werkzeug:192.168.0.47 - - [01/Aug/2023 14:23:30] "GET /cart HTTP/1.1" 200 -
INFO:app:cart api
INFO:werkzeug:192.168.0.47 - - [01/Aug/2023 14:23:30] "GET /cart HTTP/1.1" 200 -
INFO:app:¿ÂπŸ±∏¥œ ∆‰¿Ã¡ˆ ¡¯¿‘
INFO:app:product_id : 5
INFO:werkzeug:192.168.0.104 - - [01/Aug/2023 14:23:30] "POST /cart HTTP/1.1" 200 -
INFO:app:cart api
INFO:werkzeug:192.168.0.150 - - [01/Aug/2023 14:23:31] "GET /cart HTTP/1.1" 200 -
INFO:app:cart api
INFO:werkzeug:192.168.0.150 - - [01/Aug/2023 14:23:31] "GET /cart HTTP/1.1" 200 -
INFO:app:¿ÂπŸ±∏¥œ ∆‰¿Ã¡ˆ ¡¯¿‘
INFO:app:product_id : 1
INFO:werkzeug:192.168.0.81 - - [01/Aug/2023 14:23:31] "POST /cart HTTP/1.1" 200 -
INFO:app:∑Œ±◊¿Œ ∆‰¿Ã¡ˆ ¡¯¿‘
INFO:werkzeug:192.168.0.50 - - [01/Aug/2023 14:23:31] "GET /login HTTP/1.1" 200 -
INFO:app:cart api
INFO:werkzeug:192.168.0.154 - - [01/Aug/2023 14:23:31] "GET /cart HTTP/1.1" 200 -
INFO:app:cart api
INFO:werkzeug:192.168.0.154 - - [01/Aug/2023 14:23:31] "GET /cart HTTP/1.1" 200 -
INFO:app:¿ÂπŸ±∏¥œ ∆‰¿Ã¡ˆ ¡¯¿‘
INFO:app:product_id : 8
INFO:werkzeug:192.168.0.50 - - [01/Aug/2023 14:23:31] "[33mGET /script.js HTTP/1.1[0m" 404 -
INFO:werkzeug:192.168.0.146 - - [01/Aug/2023 14:23:31] "POST /cart HTTP/1.1" 200 -
INFO:app:¿ÂπŸ±∏¥œ ∆‰¿Ã¡ˆ ¡¯¿‘
INFO:app:product_id : 7
INFO:werkzeug:192.168.0.100 - - [01/Aug/2023 14:23:32] "POST /cart HTTP/1.1" 200 -
INFO:app:¿ÂπŸ±∏¥œ ∆‰¿Ã¡ˆ ¡¯¿‘
INFO:app:product_id : 2
INFO:werkzeug:192.168.0.106 - - [01/Aug/2023 14:23:32] "POST /cart HTTP/1.1" 200 -
INFO:app:∞·¡¶ ∆‰¿Ã¡ˆ ¡¯¿‘ ¡ﬂ
ERROR:app:Exception on /kakaopay/1 [GET]
Traceback (most recent call last):
  File "C:\Users\okseok\anaconda3\lib\site-packages\flask\app.py", line 2190, in wsgi_app
    response = self.full_dispatch_request()
  File "C:\Users\okseok\anaconda3\lib\site-packages\flask\app.py", line 1486, in full_dispatch_request
    rv = self.handle_user_exception(e)
  File "C:\Users\okseok\anaconda3\lib\site-packages\flask\app.py", line 1484, in full_dispatch_request
    rv = self.dispatch_request()
  File "C:\Users\okseok\anaconda3\lib\site-packages\flask\app.py", line 1469, in dispatch_request
    return self.ensure_sync(self.view_functions[rule.endpoint])(**view_args)
  File "C:\ITStudy\06_flask\onlineshop\personal_project-main\app\views\control_views.py", line 183, in kakaopay
    return redirect(url_for('cart.html', products=products, form=form))
  File "C:\Users\okseok\anaconda3\lib\site-packages\flask\helpers.py", line 225, in url_for
    return current_app.url_for(
  File "C:\Users\okseok\anaconda3\lib\site-packages\flask\app.py", line 1697, in url_for
    return self.handle_url_build_error(error, endpoint, values)
  File "C:\Users\okseok\anaconda3\lib\site-packages\flask\app.py", line 1686, in url_for
    rv = url_adapter.build(  # type: ignore[union-attr]
  File "C:\Users\okseok\anaconda3\lib\site-packages\werkzeug\routing\map.py", line 950, in build
    raise BuildError(endpoint, values, method, self)
werkzeug.routing.exceptions.BuildError: Could not build url for endpoint 'cart.html' with values ['form', 'products']. Did you mean 'test.hello_html' instead?
INFO:werkzeug:192.168.0.47 - - [01/Aug/2023 14:23:32] "[35m[1mGET /kakaopay/1 HTTP/1.1[0m" 500 -
INFO:app:¿ÂπŸ±∏¥œ ∆‰¿Ã¡ˆ ¡¯¿‘
INFO:app:product_id : 1
INFO:werkzeug:192.168.0.91 - - [01/Aug/2023 14:23:32] "POST /cart HTTP/1.1" 200 -
INFO:app:¿ÂπŸ±∏¥œ ∆‰¿Ã¡ˆ ¡¯¿‘
INFO:app:product_id : 5
INFO:werkzeug:192.168.0.138 - - [01/Aug/2023 14:23:32] "POST /cart HTTP/1.1" 200 -
INFO:app:¿ÂπŸ±∏¥œ ∆‰¿Ã¡ˆ ¡¯¿‘
INFO:app:product_id : 5
INFO:werkzeug:192.168.0.104 - - [01/Aug/2023 14:23:32] "POST /cart HTTP/1.1" 200 -
INFO:app:¿ÂπŸ±∏¥œ ∆‰¿Ã¡ˆ ¡¯¿‘
INFO:app:product_id : 1
INFO:werkzeug:192.168.0.81 - - [01/Aug/2023 14:23:32] "POST /cart HTTP/1.1" 200 -
INFO:werkzeug:192.168.0.50 - - [01/Aug/2023 14:23:33] "[33mGET /script.js HTTP/1.1[0m" 404 -
INFO:app:¿ÂπŸ±∏¥œ ∆‰¿Ã¡ˆ ¡¯¿‘
INFO:app:product_id : 4
INFO:werkzeug:192.168.0.97 - - [01/Aug/2023 14:23:33] "POST /cart HTTP/1.1" 200 -
INFO:app:¿ÂπŸ±∏¥œ ∆‰¿Ã¡ˆ ¡¯¿‘
INFO:app:product_id : 1
INFO:werkzeug:192.168.0.104 - - [01/Aug/2023 14:23:34] "POST /cart HTTP/1.1" 200 -
INFO:app:¿ÂπŸ±∏¥œ ∆‰¿Ã¡ˆ ¡¯¿‘
INFO:app:product_id : 6
INFO:werkzeug:192.168.0.100 - - [01/Aug/2023 14:23:34] "POST /cart HTTP/1.1" 200 -
INFO:app:¿ÂπŸ±∏¥œ ∆‰¿Ã¡ˆ ¡¯¿‘
INFO:app:product_id : 1
INFO:werkzeug:192.168.0.81 - - [01/Aug/2023 14:23:34] "POST /cart HTTP/1.1" 200 -
INFO:app:¿ÂπŸ±∏¥œ ∆‰¿Ã¡ˆ ¡¯¿‘
INFO:app:product_id : 3
INFO:werkzeug:192.168.0.106 - - [01/Aug/2023 14:23:34] "POST /cart HTTP/1.1" 200 -
INFO:app:¿ÂπŸ±∏¥œ ∆‰¿Ã¡ˆ ¡¯¿‘
INFO:app:product_id : 2
INFO:werkzeug:192.168.0.91 - - [01/Aug/2023 14:23:34] "POST /cart HTTP/1.1" 200 -
INFO:app:¿ÂπŸ±∏¥œ ∆‰¿Ã¡ˆ ¡¯¿‘
INFO:app:product_id : 2
INFO:werkzeug:192.168.0.50 - - [01/Aug/2023 14:23:34] "POST /cart HTTP/1.1" 200 -
INFO:app:¿ÂπŸ±∏¥œ ∆‰¿Ã¡ˆ ¡¯¿‘
INFO:app:product_id : 5
INFO:werkzeug:192.168.0.125 - - [01/Aug/2023 14:23:34] "POST /cart HTTP/1.1" 200 -
INFO:app:¿ÂπŸ±∏¥œ ∆‰¿Ã¡ˆ ¡¯¿‘
INFO:app:product_id : 1
INFO:werkzeug:192.168.0.138 - - [01/Aug/2023 14:23:35] "POST /cart HTTP/1.1" 200 -
INFO:app:¿ÂπŸ±∏¥œ ∆‰¿Ã¡ˆ ¡¯¿‘
INFO:app:product_id : 1
INFO:werkzeug:192.168.0.110 - - [01/Aug/2023 14:23:35] "POST /cart HTTP/1.1" 200 -
INFO:app:¿ÂπŸ±∏¥œ ∆‰¿Ã¡ˆ ¡¯¿‘
INFO:app:product_id : 2
INFO:werkzeug:192.168.0.104 - - [01/Aug/2023 14:23:35] "POST /cart HTTP/1.1" 200 -
INFO:app:∞·¡¶ ∆‰¿Ã¡ˆ ¡¯¿‘ ¡ﬂ
ERROR:app:Exception on /kakaopay/1 [GET]
Traceback (most recent call last):
  File "C:\Users\okseok\anaconda3\lib\site-packages\flask\app.py", line 2190, in wsgi_app
    response = self.full_dispatch_request()
  File "C:\Users\okseok\anaconda3\lib\site-packages\flask\app.py", line 1486, in full_dispatch_request
    rv = self.handle_user_exception(e)
  File "C:\Users\okseok\anaconda3\lib\site-packages\flask\app.py", line 1484, in full_dispatch_request
    rv = self.dispatch_request()
  File "C:\Users\okseok\anaconda3\lib\site-packages\flask\app.py", line 1469, in dispatch_request
    return self.ensure_sync(self.view_functions[rule.endpoint])(**view_args)
  File "C:\ITStudy\06_flask\onlineshop\personal_project-main\app\views\control_views.py", line 183, in kakaopay
    return redirect(url_for('cart.html', products=products, form=form))
  File "C:\Users\okseok\anaconda3\lib\site-packages\flask\helpers.py", line 225, in url_for
    return current_app.url_for(
  File "C:\Users\okseok\anaconda3\lib\site-packages\flask\app.py", line 1697, in url_for
    return self.handle_url_build_error(error, endpoint, values)
  File "C:\Users\okseok\anaconda3\lib\site-packages\flask\app.py", line 1686, in url_for
    rv = url_adapter.build(  # type: ignore[union-attr]
  File "C:\Users\okseok\anaconda3\lib\site-packages\werkzeug\routing\map.py", line 950, in build
    raise BuildError(endpoint, values, method, self)
werkzeug.routing.exceptions.BuildError: Could not build url for endpoint 'cart.html' with values ['form', 'products']. Did you mean 'test.hello_html' instead?
INFO:werkzeug:192.168.0.154 - - [01/Aug/2023 14:23:35] "[35m[1mGET /kakaopay/1 HTTP/1.1[0m" 500 -
INFO:app:¿ÂπŸ±∏¥œ ∆‰¿Ã¡ˆ ¡¯¿‘
INFO:app:product_id : 1
INFO:werkzeug:192.168.0.81 - - [01/Aug/2023 14:23:35] "POST /cart HTTP/1.1" 200 -
INFO:app:¿ÂπŸ±∏¥œ ∆‰¿Ã¡ˆ ¡¯¿‘
INFO:app:product_id : 4
INFO:werkzeug:192.168.0.97 - - [01/Aug/2023 14:23:35] "POST /cart HTTP/1.1" 200 -
INFO:app:¿ÂπŸ±∏¥œ ∆‰¿Ã¡ˆ ¡¯¿‘
INFO:app:product_id : 8
INFO:werkzeug:192.168.0.146 - - [01/Aug/2023 14:23:36] "POST /cart HTTP/1.1" 200 -
INFO:app:¿ÂπŸ±∏¥œ ∆‰¿Ã¡ˆ ¡¯¿‘
INFO:app:product_id : 1
INFO:werkzeug:192.168.0.81 - - [01/Aug/2023 14:23:36] "POST /cart HTTP/1.1" 200 -
INFO:app:¿ÂπŸ±∏¥œ ∆‰¿Ã¡ˆ ¡¯¿‘
INFO:app:product_id : 6
INFO:werkzeug:192.168.0.104 - - [01/Aug/2023 14:23:37] "POST /cart HTTP/1.1" 200 -
INFO:app:¿ÂπŸ±∏¥œ ∆‰¿Ã¡ˆ ¡¯¿‘
INFO:app:product_id : 8
INFO:werkzeug:192.168.0.136 - - [01/Aug/2023 14:23:37] "POST /cart HTTP/1.1" 200 -
INFO:app:¿ÂπŸ±∏¥œ ∆‰¿Ã¡ˆ ¡¯¿‘
INFO:app:product_id : 4
INFO:werkzeug:192.168.0.80 - - [01/Aug/2023 14:23:37] "POST /cart HTTP/1.1" 200 -
INFO:app:cart api
INFO:werkzeug:192.168.0.91 - - [01/Aug/2023 14:23:37] "GET /cart HTTP/1.1" 200 -
INFO:app:cart api
INFO:werkzeug:192.168.0.91 - - [01/Aug/2023 14:23:37] "GET /cart HTTP/1.1" 200 -
INFO:app:¿ÂπŸ±∏¥œ ∆‰¿Ã¡ˆ ¡¯¿‘
INFO:app:product_id : 3
INFO:werkzeug:192.168.0.50 - - [01/Aug/2023 14:23:38] "POST /cart HTTP/1.1" 200 -
INFO:app:¿ÂπŸ±∏¥œ ∆‰¿Ã¡ˆ ¡¯¿‘
INFO:app:product_id : 1
INFO:werkzeug:192.168.0.81 - - [01/Aug/2023 14:23:38] "POST /cart HTTP/1.1" 200 -
INFO:app:¿ÂπŸ±∏¥œ ∆‰¿Ã¡ˆ ¡¯¿‘
INFO:app:product_id : 4
INFO:werkzeug:192.168.0.100 - - [01/Aug/2023 14:23:38] "POST /cart HTTP/1.1" 200 -
INFO:app:¿ÂπŸ±∏¥œ ∆‰¿Ã¡ˆ ¡¯¿‘
INFO:app:product_id : 3
INFO:app:¿ÂπŸ±∏¥œ ∆‰¿Ã¡ˆ ¡¯¿‘
INFO:app:product_id : 2
INFO:werkzeug:192.168.0.104 - - [01/Aug/2023 14:23:38] "POST /cart HTTP/1.1" 200 -
INFO:werkzeug:192.168.0.110 - - [01/Aug/2023 14:23:38] "POST /cart HTTP/1.1" 200 -
INFO:app:¿ÂπŸ±∏¥œ ∆‰¿Ã¡ˆ ¡¯¿‘
INFO:app:product_id : 3
INFO:werkzeug:192.168.0.138 - - [01/Aug/2023 14:23:38] "POST /cart HTTP/1.1" 200 -
INFO:app:¿ÂπŸ±∏¥œ ∆‰¿Ã¡ˆ ¡¯¿‘
INFO:app:product_id : 4
INFO:werkzeug:192.168.0.97 - - [01/Aug/2023 14:23:38] "POST /cart HTTP/1.1" 200 -
INFO:app:¿ÂπŸ±∏¥œ ∆‰¿Ã¡ˆ ¡¯¿‘
INFO:app:product_id : 1
INFO:werkzeug:192.168.0.81 - - [01/Aug/2023 14:23:39] "POST /cart HTTP/1.1" 200 -
INFO:app:¿ÂπŸ±∏¥œ ∆‰¿Ã¡ˆ ¡¯¿‘
INFO:app:product_id : 6
INFO:werkzeug:192.168.0.136 - - [01/Aug/2023 14:23:39] "POST /cart HTTP/1.1" 200 -
INFO:app:¿ÂπŸ±∏¥œ ∆‰¿Ã¡ˆ ¡¯¿‘
INFO:app:product_id : 7
INFO:werkzeug:192.168.0.50 - - [01/Aug/2023 14:23:40] "POST /cart HTTP/1.1" 200 -
INFO:app:¿ÂπŸ±∏¥œ ∆‰¿Ã¡ˆ ¡¯¿‘
INFO:app:product_id : 7
INFO:werkzeug:192.168.0.104 - - [01/Aug/2023 14:23:40] "POST /cart HTTP/1.1" 200 -
INFO:app:cart api
INFO:werkzeug:192.168.0.138 - - [01/Aug/2023 14:23:40] "GET /cart HTTP/1.1" 200 -
INFO:app:cart api
INFO:werkzeug:192.168.0.138 - - [01/Aug/2023 14:23:40] "GET /cart HTTP/1.1" 200 -
INFO:app:¿ÂπŸ±∏¥œ ∆‰¿Ã¡ˆ ¡¯¿‘
INFO:app:product_id : 4
INFO:werkzeug:192.168.0.100 - - [01/Aug/2023 14:23:40] "POST /cart HTTP/1.1" 200 -
INFO:app:¿ÂπŸ±∏¥œ ∆‰¿Ã¡ˆ ¡¯¿‘
INFO:app:product_id : 8
INFO:werkzeug:192.168.0.146 - - [01/Aug/2023 14:23:40] "POST /cart HTTP/1.1" 200 -
INFO:app:¿ÂπŸ±∏¥œ ∆‰¿Ã¡ˆ ¡¯¿‘
INFO:app:product_id : 1
INFO:werkzeug:192.168.0.81 - - [01/Aug/2023 14:23:40] "POST /cart HTTP/1.1" 200 -
INFO:app:¿ÂπŸ±∏¥œ ∆‰¿Ã¡ˆ ¡¯¿‘
INFO:app:product_id : 5
INFO:werkzeug:192.168.0.136 - - [01/Aug/2023 14:23:41] "POST /cart HTTP/1.1" 200 -
INFO:app:¿ÂπŸ±∏¥œ ∆‰¿Ã¡ˆ ¡¯¿‘
INFO:app:product_id : 4
INFO:werkzeug:192.168.0.100 - - [01/Aug/2023 14:23:41] "POST /cart HTTP/1.1" 200 -
INFO:app:¿ÂπŸ±∏¥œ ∆‰¿Ã¡ˆ ¡¯¿‘
INFO:app:product_id : 6
INFO:werkzeug:192.168.0.50 - - [01/Aug/2023 14:23:41] "POST /cart HTTP/1.1" 200 -
INFO:app:¿ÂπŸ±∏¥œ ∆‰¿Ã¡ˆ ¡¯¿‘
INFO:app:product_id : 3
INFO:werkzeug:192.168.0.80 - - [01/Aug/2023 14:23:41] "POST /cart HTTP/1.1" 200 -
INFO:app:¿ÂπŸ±∏¥œ ∆‰¿Ã¡ˆ ¡¯¿‘
INFO:app:product_id : 4
INFO:werkzeug:192.168.0.154 - - [01/Aug/2023 14:23:42] "[33mGET /script.js HTTP/1.1[0m" 404 -
INFO:werkzeug:192.168.0.104 - - [01/Aug/2023 14:23:42] "POST /cart HTTP/1.1" 200 -
INFO:app:¿ÂπŸ±∏¥œ ∆‰¿Ã¡ˆ ¡¯¿‘
INFO:app:product_id : 3
INFO:werkzeug:192.168.0.110 - - [01/Aug/2023 14:23:42] "POST /cart HTTP/1.1" 200 -
INFO:app:¿ÂπŸ±∏¥œ ∆‰¿Ã¡ˆ ¡¯¿‘
INFO:app:product_id : 1
INFO:werkzeug:192.168.0.50 - - [01/Aug/2023 14:23:43] "POST /cart HTTP/1.1" 200 -
INFO:app:¿ÂπŸ±∏¥œ ∆‰¿Ã¡ˆ ¡¯¿‘
INFO:app:product_id : 8
INFO:werkzeug:192.168.0.104 - - [01/Aug/2023 14:23:43] "POST /cart HTTP/1.1" 200 -
INFO:app:¿ÂπŸ±∏¥œ ∆‰¿Ã¡ˆ ¡¯¿‘
INFO:app:product_id : 4
INFO:werkzeug:192.168.0.81 - - [01/Aug/2023 14:23:44] "POST /cart HTTP/1.1" 200 -
INFO:app:¿ÂπŸ±∏¥œ ∆‰¿Ã¡ˆ ¡¯¿‘
INFO:app:product_id : 4
INFO:werkzeug:192.168.0.100 - - [01/Aug/2023 14:23:44] "POST /cart HTTP/1.1" 200 -
INFO:app:¿ÂπŸ±∏¥œ ∆‰¿Ã¡ˆ ¡¯¿‘
INFO:app:product_id : 1
INFO:app:¿ÂπŸ±∏¥œ ∆‰¿Ã¡ˆ ¡¯¿‘
INFO:app:product_id : 8
INFO:werkzeug:192.168.0.50 - - [01/Aug/2023 14:23:44] "POST /cart HTTP/1.1" 200 -
INFO:app:¿ÂπŸ±∏¥œ ∆‰¿Ã¡ˆ ¡¯¿‘
INFO:app:product_id : 1
INFO:werkzeug:192.168.0.146 - - [01/Aug/2023 14:23:44] "POST /cart HTTP/1.1" 200 -
INFO:werkzeug:192.168.0.50 - - [01/Aug/2023 14:23:44] "POST /cart HTTP/1.1" 200 -
INFO:app:¿ÂπŸ±∏¥œ ∆‰¿Ã¡ˆ ¡¯¿‘
INFO:app:product_id : 6
INFO:werkzeug:192.168.0.154 - - [01/Aug/2023 14:23:44] "POST /cart HTTP/1.1" 200 -
INFO:app:¿ÂπŸ±∏¥œ ∆‰¿Ã¡ˆ ¡¯¿‘
INFO:app:product_id : 7
INFO:werkzeug:192.168.0.104 - - [01/Aug/2023 14:23:45] "POST /cart HTTP/1.1" 200 -
INFO:app:¿ÂπŸ±∏¥œ ∆‰¿Ã¡ˆ ¡¯¿‘
INFO:app:product_id : 4
INFO:werkzeug:192.168.0.110 - - [01/Aug/2023 14:23:45] "POST /cart HTTP/1.1" 200 -
INFO:app:¿ÂπŸ±∏¥œ ∆‰¿Ã¡ˆ ¡¯¿‘
INFO:app:product_id : 4
INFO:werkzeug:192.168.0.81 - - [01/Aug/2023 14:23:45] "POST /cart HTTP/1.1" 200 -
INFO:app:¿ÂπŸ±∏¥œ ∆‰¿Ã¡ˆ ¡¯¿‘
INFO:app:product_id : 4
INFO:werkzeug:192.168.0.100 - - [01/Aug/2023 14:23:45] "POST /cart HTTP/1.1" 200 -
INFO:app:¿ÂπŸ±∏¥œ ∆‰¿Ã¡ˆ ¡¯¿‘
INFO:app:product_id : 7
INFO:werkzeug:192.168.0.136 - - [01/Aug/2023 14:23:45] "POST /cart HTTP/1.1" 200 -
INFO:app:¿ÂπŸ±∏¥œ ∆‰¿Ã¡ˆ ¡¯¿‘
INFO:app:product_id : 1
INFO:werkzeug:192.168.0.50 - - [01/Aug/2023 14:23:46] "POST /cart HTTP/1.1" 200 -
INFO:app:¿ÂπŸ±∏¥œ ∆‰¿Ã¡ˆ ¡¯¿‘
INFO:app:product_id : 8
INFO:werkzeug:192.168.0.138 - - [01/Aug/2023 14:23:46] "POST /cart HTTP/1.1" 200 -
INFO:app:¿ÂπŸ±∏¥œ ∆‰¿Ã¡ˆ ¡¯¿‘
INFO:app:product_id : 6
INFO:werkzeug:192.168.0.106 - - [01/Aug/2023 14:23:46] "POST /cart HTTP/1.1" 200 -
INFO:app:¿ÂπŸ±∏¥œ ∆‰¿Ã¡ˆ ¡¯¿‘
INFO:app:product_id : 4
INFO:werkzeug:192.168.0.81 - - [01/Aug/2023 14:23:46] "POST /cart HTTP/1.1" 200 -
INFO:app:¿ÂπŸ±∏¥œ ∆‰¿Ã¡ˆ ¡¯¿‘
INFO:app:product_id : 1
INFO:werkzeug:192.168.0.50 - - [01/Aug/2023 14:23:47] "POST /cart HTTP/1.1" 200 -
INFO:app:¿ÂπŸ±∏¥œ ∆‰¿Ã¡ˆ ¡¯¿‘
INFO:app:product_id : 4
INFO:werkzeug:192.168.0.104 - - [01/Aug/2023 14:23:47] "POST /cart HTTP/1.1" 200 -
INFO:app:∑Œ±◊¿Œ ∆‰¿Ã¡ˆ ¡¯¿‘
INFO:werkzeug:192.168.0.146 - - [01/Aug/2023 14:23:47] "GET /login HTTP/1.1" 200 -
INFO:werkzeug:192.168.0.146 - - [01/Aug/2023 14:23:47] "[36mGET /static/dist/css/bootstrap.min.css HTTP/1.1[0m" 304 -
INFO:werkzeug:192.168.0.146 - - [01/Aug/2023 14:23:47] "[36mGET /static/signin.css HTTP/1.1[0m" 304 -
INFO:werkzeug:192.168.0.146 - - [01/Aug/2023 14:23:47] "[36mGET /static/images/catlogo_1.png HTTP/1.1[0m" 304 -
INFO:app:¿ÂπŸ±∏¥œ ∆‰¿Ã¡ˆ ¡¯¿‘
INFO:app:product_id : 6
INFO:werkzeug:192.168.0.91 - - [01/Aug/2023 14:23:47] "POST /cart HTTP/1.1" 200 -
INFO:app:¿ÂπŸ±∏¥œ ∆‰¿Ã¡ˆ ¡¯¿‘
INFO:app:product_id : 1
INFO:werkzeug:192.168.0.80 - - [01/Aug/2023 14:23:47] "POST /cart HTTP/1.1" 200 -
INFO:app:¿ÂπŸ±∏¥œ ∆‰¿Ã¡ˆ ¡¯¿‘
INFO:app:product_id : 1
INFO:werkzeug:192.168.0.50 - - [01/Aug/2023 14:23:47] "POST /cart HTTP/1.1" 200 -
INFO:app:¿ÂπŸ±∏¥œ ∆‰¿Ã¡ˆ ¡¯¿‘
INFO:app:product_id : 4
INFO:werkzeug:192.168.0.81 - - [01/Aug/2023 14:23:48] "POST /cart HTTP/1.1" 200 -
INFO:app:¿ÂπŸ±∏¥œ ∆‰¿Ã¡ˆ ¡¯¿‘
INFO:app:product_id : 6
INFO:werkzeug:192.168.0.154 - - [01/Aug/2023 14:23:48] "POST /cart HTTP/1.1" 200 -
INFO:app:¿ÂπŸ±∏¥œ ∆‰¿Ã¡ˆ ¡¯¿‘
INFO:app:product_id : 1
INFO:werkzeug:192.168.0.50 - - [01/Aug/2023 14:23:48] "POST /cart HTTP/1.1" 200 -
INFO:app:¿ÂπŸ±∏¥œ ∆‰¿Ã¡ˆ ¡¯¿‘
INFO:app:product_id : 1
INFO:app:¿ÂπŸ±∏¥œ ∆‰¿Ã¡ˆ ¡¯¿‘
INFO:app:product_id : 1
INFO:werkzeug:192.168.0.136 - - [01/Aug/2023 14:23:48] "POST /cart HTTP/1.1" 200 -
INFO:werkzeug:192.168.0.50 - - [01/Aug/2023 14:23:48] "POST /cart HTTP/1.1" 200 -
INFO:app:¿ÂπŸ±∏¥œ ∆‰¿Ã¡ˆ ¡¯¿‘
INFO:app:product_id : 3
INFO:werkzeug:192.168.0.104 - - [01/Aug/2023 14:23:48] "POST /cart HTTP/1.1" 200 -
INFO:app:¿ÂπŸ±∏¥œ ∆‰¿Ã¡ˆ ¡¯¿‘
INFO:app:product_id : 1
INFO:werkzeug:192.168.0.50 - - [01/Aug/2023 14:23:48] "POST /cart HTTP/1.1" 200 -
INFO:app:¿ÂπŸ±∏¥œ ∆‰¿Ã¡ˆ ¡¯¿‘
INFO:app:product_id : 1
INFO:werkzeug:192.168.0.50 - - [01/Aug/2023 14:23:49] "POST /cart HTTP/1.1" 200 -
INFO:app:¿ÂπŸ±∏¥œ ∆‰¿Ã¡ˆ ¡¯¿‘
INFO:app:product_id : 4
INFO:app:¿ÂπŸ±∏¥œ ∆‰¿Ã¡ˆ ¡¯¿‘
INFO:app:product_id : 1
INFO:app:cart api
INFO:werkzeug:192.168.0.81 - - [01/Aug/2023 14:23:49] "POST /cart HTTP/1.1" 200 -
INFO:werkzeug:192.168.0.50 - - [01/Aug/2023 14:23:49] "POST /cart HTTP/1.1" 200 -
INFO:werkzeug:192.168.0.146 - - [01/Aug/2023 14:23:49] "GET /cart HTTP/1.1" 200 -
INFO:app:cart api
INFO:werkzeug:192.168.0.146 - - [01/Aug/2023 14:23:49] "GET /cart HTTP/1.1" 200 -
INFO:app:∑Œ±◊¿Œ ∆‰¿Ã¡ˆ ¡¯¿‘
ERROR:app:Exception on /login [POST]
Traceback (most recent call last):
  File "C:\Users\okseok\anaconda3\lib\site-packages\flask\app.py", line 2190, in wsgi_app
    response = self.full_dispatch_request()
  File "C:\Users\okseok\anaconda3\lib\site-packages\flask\app.py", line 1486, in full_dispatch_request
    rv = self.handle_user_exception(e)
  File "C:\Users\okseok\anaconda3\lib\site-packages\flask\app.py", line 1484, in full_dispatch_request
    rv = self.dispatch_request()
  File "C:\Users\okseok\anaconda3\lib\site-packages\flask\app.py", line 1469, in dispatch_request
    return self.ensure_sync(self.view_functions[rule.endpoint])(**view_args)
  File "C:\ITStudy\06_flask\onlineshop\personal_project-main\app\views\control_views.py", line 252, in login
    print(session['user_id'])
  File "C:\Users\okseok\anaconda3\lib\site-packages\flask\sessions.py", line 79, in __getitem__
    return super().__getitem__(key)
KeyError: 'user_id'
INFO:werkzeug:192.168.0.84 - - [01/Aug/2023 14:23:49] "[35m[1mPOST /login HTTP/1.1[0m" 500 -
INFO:app:¿ÂπŸ±∏¥œ ∆‰¿Ã¡ˆ ¡¯¿‘
INFO:app:product_id : 1
INFO:werkzeug:192.168.0.50 - - [01/Aug/2023 14:23:49] "POST /cart HTTP/1.1" 200 -
INFO:app:¿ÂπŸ±∏¥œ ∆‰¿Ã¡ˆ ¡¯¿‘
INFO:app:product_id : 1
INFO:werkzeug:192.168.0.50 - - [01/Aug/2023 14:23:49] "POST /cart HTTP/1.1" 200 -
INFO:app:¿ÂπŸ±∏¥œ ∆‰¿Ã¡ˆ ¡¯¿‘
INFO:app:product_id : 2
INFO:werkzeug:192.168.0.104 - - [01/Aug/2023 14:23:49] "POST /cart HTTP/1.1" 200 -
INFO:app:¿ÂπŸ±∏¥œ ∆‰¿Ã¡ˆ ¡¯¿‘
INFO:app:product_id : 5
INFO:werkzeug:192.168.0.110 - - [01/Aug/2023 14:23:49] "POST /cart HTTP/1.1" 200 -
INFO:app:¿ÂπŸ±∏¥œ ∆‰¿Ã¡ˆ ¡¯¿‘
INFO:app:product_id : 1
INFO:werkzeug:192.168.0.50 - - [01/Aug/2023 14:23:50] "POST /cart HTTP/1.1" 200 -
INFO:app:¿ÂπŸ±∏¥œ ∆‰¿Ã¡ˆ ¡¯¿‘
INFO:app:product_id : 1
INFO:werkzeug:192.168.0.50 - - [01/Aug/2023 14:23:50] "POST /cart HTTP/1.1" 200 -
INFO:app:¿ÂπŸ±∏¥œ ∆‰¿Ã¡ˆ ¡¯¿‘
INFO:app:product_id : 4
INFO:werkzeug:192.168.0.81 - - [01/Aug/2023 14:23:50] "POST /cart HTTP/1.1" 200 -
INFO:app:¿ÂπŸ±∏¥œ ∆‰¿Ã¡ˆ ¡¯¿‘
INFO:app:product_id : 3
INFO:app:¿ÂπŸ±∏¥œ ∆‰¿Ã¡ˆ ¡¯¿‘
INFO:app:product_id : 1
INFO:werkzeug:192.168.0.138 - - [01/Aug/2023 14:23:50] "POST /cart HTTP/1.1" 200 -
INFO:app:¿ÂπŸ±∏¥œ ∆‰¿Ã¡ˆ ¡¯¿‘
INFO:app:product_id : 4
INFO:app:cart api
INFO:werkzeug:192.168.0.136 - - [01/Aug/2023 14:23:50] "POST /cart HTTP/1.1" 200 -
INFO:werkzeug:192.168.0.154 - - [01/Aug/2023 14:23:50] "GET /cart HTTP/1.1" 200 -
INFO:werkzeug:192.168.0.50 - - [01/Aug/2023 14:23:50] "POST /cart HTTP/1.1" 200 -
INFO:app:cart api
INFO:werkzeug:192.168.0.154 - - [01/Aug/2023 14:23:50] "GET /cart HTTP/1.1" 200 -
INFO:app:¿ÂπŸ±∏¥œ ∆‰¿Ã¡ˆ ¡¯¿‘
INFO:app:product_id : 1
INFO:werkzeug:192.168.0.50 - - [01/Aug/2023 14:23:50] "POST /cart HTTP/1.1" 200 -
INFO:app:¿ÂπŸ±∏¥œ ∆‰¿Ã¡ˆ ¡¯¿‘
INFO:app:product_id : 5
INFO:app:¿ÂπŸ±∏¥œ ∆‰¿Ã¡ˆ ¡¯¿‘
INFO:app:product_id : 1
INFO:werkzeug:192.168.0.106 - - [01/Aug/2023 14:23:51] "POST /cart HTTP/1.1" 200 -
INFO:app:¿ÂπŸ±∏¥œ ∆‰¿Ã¡ˆ ¡¯¿‘
INFO:app:product_id : 1
INFO:werkzeug:192.168.0.104 - - [01/Aug/2023 14:23:51] "POST /cart HTTP/1.1" 200 -
INFO:werkzeug:192.168.0.50 - - [01/Aug/2023 14:23:51] "POST /cart HTTP/1.1" 200 -
INFO:app:¿ÂπŸ±∏¥œ ∆‰¿Ã¡ˆ ¡¯¿‘
INFO:app:product_id : 1
INFO:werkzeug:192.168.0.50 - - [01/Aug/2023 14:23:51] "POST /cart HTTP/1.1" 200 -
INFO:app:¿ÂπŸ±∏¥œ ∆‰¿Ã¡ˆ ¡¯¿‘
INFO:app:product_id : 4
INFO:werkzeug:192.168.0.81 - - [01/Aug/2023 14:23:51] "POST /cart HTTP/1.1" 200 -
INFO:app:¿ÂπŸ±∏¥œ ∆‰¿Ã¡ˆ ¡¯¿‘
INFO:app:product_id : 1
INFO:werkzeug:192.168.0.50 - - [01/Aug/2023 14:23:51] "POST /cart HTTP/1.1" 200 -
INFO:app:cart api
INFO:werkzeug:192.168.0.80 - - [01/Aug/2023 14:23:52] "GET /cart HTTP/1.1" 200 -
INFO:app:cart api
INFO:werkzeug:192.168.0.80 - - [01/Aug/2023 14:23:52] "GET /cart HTTP/1.1" 200 -
INFO:app:¿ÂπŸ±∏¥œ ∆‰¿Ã¡ˆ ¡¯¿‘
INFO:app:product_id : 1
INFO:werkzeug:192.168.0.50 - - [01/Aug/2023 14:23:52] "POST /cart HTTP/1.1" 200 -
INFO:app:cart api
INFO:werkzeug:192.168.0.136 - - [01/Aug/2023 14:23:52] "GET /cart HTTP/1.1" 200 -
INFO:app:cart api
INFO:werkzeug:192.168.0.136 - - [01/Aug/2023 14:23:52] "GET /cart HTTP/1.1" 200 -
INFO:app:¿ÂπŸ±∏¥œ ∆‰¿Ã¡ˆ ¡¯¿‘
INFO:app:product_id : 1
INFO:werkzeug:192.168.0.50 - - [01/Aug/2023 14:23:52] "POST /cart HTTP/1.1" 200 -
INFO:app:¿ÂπŸ±∏¥œ ∆‰¿Ã¡ˆ ¡¯¿‘
INFO:app:product_id : 1
INFO:werkzeug:192.168.0.50 - - [01/Aug/2023 14:23:52] "POST /cart HTTP/1.1" 200 -
INFO:app:¿ÂπŸ±∏¥œ ∆‰¿Ã¡ˆ ¡¯¿‘
INFO:app:product_id : 5
INFO:werkzeug:192.168.0.104 - - [01/Aug/2023 14:23:52] "POST /cart HTTP/1.1" 200 -
INFO:app:¿ÂπŸ±∏¥œ ∆‰¿Ã¡ˆ ¡¯¿‘
INFO:app:product_id : 2
INFO:werkzeug:192.168.0.138 - - [01/Aug/2023 14:23:52] "POST /cart HTTP/1.1" 200 -
INFO:app:¿ÂπŸ±∏¥œ ∆‰¿Ã¡ˆ ¡¯¿‘
INFO:app:product_id : 1
INFO:werkzeug:192.168.0.50 - - [01/Aug/2023 14:23:53] "POST /cart HTTP/1.1" 200 -
INFO:app:¿ÂπŸ±∏¥œ ∆‰¿Ã¡ˆ ¡¯¿‘
INFO:app:product_id : 4
INFO:werkzeug:192.168.0.81 - - [01/Aug/2023 14:23:53] "POST /cart HTTP/1.1" 200 -
INFO:app:¿ÂπŸ±∏¥œ ∆‰¿Ã¡ˆ ¡¯¿‘
INFO:app:product_id : 2
INFO:werkzeug:192.168.0.147 - - [01/Aug/2023 14:23:53] "POST /cart HTTP/1.1" 200 -
INFO:app:∑Œ±◊¿Œ ∆‰¿Ã¡ˆ ¡¯¿‘
ERROR:app:Exception on /login [POST]
Traceback (most recent call last):
  File "C:\Users\okseok\anaconda3\lib\site-packages\flask\app.py", line 2190, in wsgi_app
    response = self.full_dispatch_request()
  File "C:\Users\okseok\anaconda3\lib\site-packages\flask\app.py", line 1486, in full_dispatch_request
    rv = self.handle_user_exception(e)
  File "C:\Users\okseok\anaconda3\lib\site-packages\flask\app.py", line 1484, in full_dispatch_request
    rv = self.dispatch_request()
  File "C:\Users\okseok\anaconda3\lib\site-packages\flask\app.py", line 1469, in dispatch_request
    return self.ensure_sync(self.view_functions[rule.endpoint])(**view_args)
  File "C:\ITStudy\06_flask\onlineshop\personal_project-main\app\views\control_views.py", line 252, in login
    print(session['user_id'])
  File "C:\Users\okseok\anaconda3\lib\site-packages\flask\sessions.py", line 79, in __getitem__
    return super().__getitem__(key)
KeyError: 'user_id'
INFO:werkzeug:192.168.0.143 - - [01/Aug/2023 14:23:53] "[35m[1mPOST /login HTTP/1.1[0m" 500 -
INFO:app:¿ÂπŸ±∏¥œ ∆‰¿Ã¡ˆ ¡¯¿‘
INFO:app:product_id : 1
INFO:werkzeug:192.168.0.50 - - [01/Aug/2023 14:23:53] "POST /cart HTTP/1.1" 200 -
INFO:app:¿ÂπŸ±∏¥œ ∆‰¿Ã¡ˆ ¡¯¿‘
INFO:app:product_id : 1
INFO:werkzeug:192.168.0.50 - - [01/Aug/2023 14:23:54] "POST /cart HTTP/1.1" 200 -
INFO:app:¿ÂπŸ±∏¥œ ∆‰¿Ã¡ˆ ¡¯¿‘
INFO:app:product_id : 6
INFO:werkzeug:192.168.0.104 - - [01/Aug/2023 14:23:54] "POST /cart HTTP/1.1" 200 -
INFO:app:¿ÂπŸ±∏¥œ ∆‰¿Ã¡ˆ ¡¯¿‘
INFO:app:product_id : 6
INFO:werkzeug:192.168.0.110 - - [01/Aug/2023 14:23:54] "POST /cart HTTP/1.1" 200 -
INFO:app:¿ÂπŸ±∏¥œ ∆‰¿Ã¡ˆ ¡¯¿‘
INFO:app:product_id : 4
INFO:werkzeug:192.168.0.81 - - [01/Aug/2023 14:23:54] "POST /cart HTTP/1.1" 200 -
INFO:app:¿ÂπŸ±∏¥œ ∆‰¿Ã¡ˆ ¡¯¿‘
INFO:app:product_id : 1
INFO:werkzeug:192.168.0.50 - - [01/Aug/2023 14:23:54] "POST /cart HTTP/1.1" 200 -
INFO:app:¿ÂπŸ±∏¥œ ∆‰¿Ã¡ˆ ¡¯¿‘
INFO:app:product_id : 1
INFO:werkzeug:192.168.0.50 - - [01/Aug/2023 14:23:54] "POST /cart HTTP/1.1" 200 -
INFO:app:¿ÂπŸ±∏¥œ ∆‰¿Ã¡ˆ ¡¯¿‘
INFO:app:product_id : 1
INFO:werkzeug:192.168.0.50 - - [01/Aug/2023 14:23:54] "POST /cart HTTP/1.1" 200 -
INFO:app:¿ÂπŸ±∏¥œ ∆‰¿Ã¡ˆ ¡¯¿‘
INFO:app:product_id : 2
INFO:app:¿ÂπŸ±∏¥œ ∆‰¿Ã¡ˆ ¡¯¿‘
INFO:app:product_id : 1
INFO:werkzeug:192.168.0.91 - - [01/Aug/2023 14:23:55] "POST /cart HTTP/1.1" 200 -
INFO:werkzeug:192.168.0.50 - - [01/Aug/2023 14:23:55] "POST /cart HTTP/1.1" 200 -
INFO:app:¿ÂπŸ±∏¥œ ∆‰¿Ã¡ˆ ¡¯¿‘
INFO:app:product_id : 7
INFO:werkzeug:192.168.0.104 - - [01/Aug/2023 14:23:55] "POST /cart HTTP/1.1" 200 -
INFO:werkzeug:192.168.0.133 - - [01/Aug/2023 14:23:55] "GET / HTTP/1.1" 200 -
INFO:werkzeug:192.168.0.133 - - [01/Aug/2023 14:23:55] "GET /static/css/style.css HTTP/1.1" 200 -
INFO:app:¿ÂπŸ±∏¥œ ∆‰¿Ã¡ˆ ¡¯¿‘
INFO:app:product_id : 6
INFO:werkzeug:192.168.0.138 - - [01/Aug/2023 14:23:55] "POST /cart HTTP/1.1" 200 -
INFO:werkzeug:192.168.0.133 - - [01/Aug/2023 14:23:55] "[33mGET /script.js HTTP/1.1[0m" 404 -
INFO:werkzeug:192.168.0.133 - - [01/Aug/2023 14:23:55] "GET /static/images/img-1.png HTTP/1.1" 200 -
INFO:werkzeug:192.168.0.133 - - [01/Aug/2023 14:23:55] "GET /static/images/0721.jpg HTTP/1.1" 200 -
INFO:werkzeug:192.168.0.133 - - [01/Aug/2023 14:23:55] "[33mGET /static/images/abput-img.png HTTP/1.1[0m" 404 -
INFO:werkzeug:192.168.0.133 - - [01/Aug/2023 14:23:55] "GET /static/images/img-2.png HTTP/1.1" 200 -
INFO:werkzeug:192.168.0.133 - - [01/Aug/2023 14:23:55] "GET /static/images/food.jpg HTTP/1.1" 200 -
INFO:app:¿ÂπŸ±∏¥œ ∆‰¿Ã¡ˆ ¡¯¿‘
INFO:app:product_id : 1
INFO:werkzeug:192.168.0.133 - - [01/Aug/2023 14:23:55] "GET /static/images/img-3.png HTTP/1.1" 200 -
INFO:werkzeug:192.168.0.133 - - [01/Aug/2023 14:23:55] "GET /static/images/img-4.png HTTP/1.1" 200 -
INFO:werkzeug:192.168.0.50 - - [01/Aug/2023 14:23:55] "POST /cart HTTP/1.1" 200 -
INFO:werkzeug:192.168.0.133 - - [01/Aug/2023 14:23:55] "[33mGET /favicon.ico HTTP/1.1[0m" 404 -
INFO:app:cart api
INFO:werkzeug:192.168.0.81 - - [01/Aug/2023 14:23:56] "GET /cart HTTP/1.1" 200 -
INFO:app:cart api
INFO:werkzeug:192.168.0.81 - - [01/Aug/2023 14:23:56] "GET /cart HTTP/1.1" 200 -
INFO:app:¿ÂπŸ±∏¥œ ∆‰¿Ã¡ˆ ¡¯¿‘
INFO:app:product_id : 1
INFO:werkzeug:192.168.0.50 - - [01/Aug/2023 14:23:56] "POST /cart HTTP/1.1" 200 -
INFO:app:¿ÂπŸ±∏¥œ ∆‰¿Ã¡ˆ ¡¯¿‘
INFO:app:product_id : 1
INFO:werkzeug:192.168.0.147 - - [01/Aug/2023 14:23:56] "POST /cart HTTP/1.1" 200 -
INFO:app:∑Œ±◊¿Œ ∆‰¿Ã¡ˆ ¡¯¿‘
INFO:werkzeug:192.168.0.143 - - [01/Aug/2023 14:23:56] "GET /login HTTP/1.1" 200 -
INFO:app:¿ÂπŸ±∏¥œ ∆‰¿Ã¡ˆ ¡¯¿‘
INFO:app:product_id : 8
INFO:werkzeug:192.168.0.146 - - [01/Aug/2023 14:23:56] "POST /cart HTTP/1.1" 200 -
INFO:app:¿ÂπŸ±∏¥œ ∆‰¿Ã¡ˆ ¡¯¿‘
INFO:app:product_id : 8
INFO:app:∑Œ±◊¿Œ ∆‰¿Ã¡ˆ ¡¯¿‘
INFO:werkzeug:192.168.0.104 - - [01/Aug/2023 14:23:56] "POST /cart HTTP/1.1" 200 -
INFO:werkzeug:192.168.0.69 - - [01/Aug/2023 14:23:56] "[32mPOST /login HTTP/1.1[0m" 302 -
INFO:werkzeug:192.168.0.69 - - [01/Aug/2023 14:23:56] "GET / HTTP/1.1" 200 -
INFO:werkzeug:192.168.0.69 - - [01/Aug/2023 14:23:56] "[36mGET /static/images/0721.jpg HTTP/1.1[0m" 304 -
INFO:werkzeug:192.168.0.69 - - [01/Aug/2023 14:23:56] "[33mGET /script.js HTTP/1.1[0m" 404 -
INFO:werkzeug:192.168.0.69 - - [01/Aug/2023 14:23:56] "[36mGET /static/css/style.css HTTP/1.1[0m" 304 -
INFO:werkzeug:192.168.0.69 - - [01/Aug/2023 14:23:56] "[33mGET /static/images/abput-img.png HTTP/1.1[0m" 404 -
INFO:werkzeug:192.168.0.69 - - [01/Aug/2023 14:23:56] "[36mGET /static/images/food.jpg HTTP/1.1[0m" 304 -
INFO:werkzeug:192.168.0.69 - - [01/Aug/2023 14:23:56] "[36mGET /static/images/img-1.png HTTP/1.1[0m" 304 -
INFO:app:¿ÂπŸ±∏¥œ ∆‰¿Ã¡ˆ ¡¯¿‘
INFO:app:product_id : 1
INFO:werkzeug:192.168.0.69 - - [01/Aug/2023 14:23:56] "[36mGET /static/images/img-2.png HTTP/1.1[0m" 304 -
INFO:werkzeug:192.168.0.69 - - [01/Aug/2023 14:23:56] "[36mGET /static/images/img-3.png HTTP/1.1[0m" 304 -
INFO:werkzeug:192.168.0.69 - - [01/Aug/2023 14:23:56] "[36mGET /static/images/img-4.png HTTP/1.1[0m" 304 -
INFO:werkzeug:192.168.0.50 - - [01/Aug/2023 14:23:56] "POST /cart HTTP/1.1" 200 -
INFO:app:¿ÂπŸ±∏¥œ ∆‰¿Ã¡ˆ ¡¯¿‘
INFO:app:product_id : 1
INFO:werkzeug:192.168.0.50 - - [01/Aug/2023 14:23:57] "POST /cart HTTP/1.1" 200 -
INFO:app:¿ÂπŸ±∏¥œ ∆‰¿Ã¡ˆ ¡¯¿‘
INFO:app:product_id : 1
INFO:werkzeug:192.168.0.50 - - [01/Aug/2023 14:23:57] "POST /cart HTTP/1.1" 200 -
INFO:app:¿ÂπŸ±∏¥œ ∆‰¿Ã¡ˆ ¡¯¿‘
INFO:app:product_id : 4
INFO:werkzeug:192.168.0.138 - - [01/Aug/2023 14:23:58] "POST /cart HTTP/1.1" 200 -
INFO:app:¿ÂπŸ±∏¥œ ∆‰¿Ã¡ˆ ¡¯¿‘
INFO:app:product_id : 4
INFO:werkzeug:192.168.0.104 - - [01/Aug/2023 14:23:58] "POST /cart HTTP/1.1" 200 -
INFO:app:¿ÂπŸ±∏¥œ ∆‰¿Ã¡ˆ ¡¯¿‘
INFO:app:product_id : 8
INFO:werkzeug:192.168.0.91 - - [01/Aug/2023 14:23:58] "POST /cart HTTP/1.1" 200 -
INFO:app:¿ÂπŸ±∏¥œ ∆‰¿Ã¡ˆ ¡¯¿‘
INFO:app:product_id : 8
INFO:werkzeug:192.168.0.106 - - [01/Aug/2023 14:23:59] "POST /cart HTTP/1.1" 200 -
INFO:app:¿ÂπŸ±∏¥œ ∆‰¿Ã¡ˆ ¡¯¿‘
INFO:app:product_id : 6
INFO:werkzeug:192.168.0.146 - - [01/Aug/2023 14:23:59] "POST /cart HTTP/1.1" 200 -
INFO:app:¿ÂπŸ±∏¥œ ∆‰¿Ã¡ˆ ¡¯¿‘
INFO:app:product_id : 3
INFO:werkzeug:192.168.0.104 - - [01/Aug/2023 14:23:59] "POST /cart HTTP/1.1" 200 -
INFO:app:¿ÂπŸ±∏¥œ ∆‰¿Ã¡ˆ ¡¯¿‘
INFO:app:product_id : 4
INFO:werkzeug:192.168.0.47 - - [01/Aug/2023 14:24:00] "POST /cart HTTP/1.1" 200 -
INFO:app:¿ÂπŸ±∏¥œ ∆‰¿Ã¡ˆ ¡¯¿‘
INFO:app:product_id : 8
INFO:werkzeug:192.168.0.50 - - [01/Aug/2023 14:24:00] "POST /cart HTTP/1.1" 200 -
INFO:app:¿ÂπŸ±∏¥œ ∆‰¿Ã¡ˆ ¡¯¿‘
INFO:app:product_id : 3
INFO:werkzeug:192.168.0.97 - - [01/Aug/2023 14:24:00] "POST /cart HTTP/1.1" 200 -
INFO:app:¿ÂπŸ±∏¥œ ∆‰¿Ã¡ˆ ¡¯¿‘
INFO:app:product_id : 8
INFO:werkzeug:192.168.0.50 - - [01/Aug/2023 14:24:01] "POST /cart HTTP/1.1" 200 -
INFO:app:¿ÂπŸ±∏¥œ ∆‰¿Ã¡ˆ ¡¯¿‘
INFO:app:product_id : 7
INFO:werkzeug:192.168.0.91 - - [01/Aug/2023 14:24:01] "POST /cart HTTP/1.1" 200 -
INFO:app:¿ÂπŸ±∏¥œ ∆‰¿Ã¡ˆ ¡¯¿‘
INFO:app:product_id : 8
INFO:werkzeug:192.168.0.50 - - [01/Aug/2023 14:24:01] "POST /cart HTTP/1.1" 200 -
INFO:app:¿ÂπŸ±∏¥œ ∆‰¿Ã¡ˆ ¡¯¿‘
INFO:app:product_id : 8
INFO:werkzeug:192.168.0.50 - - [01/Aug/2023 14:24:01] "POST /cart HTTP/1.1" 200 -
INFO:app:¿ÂπŸ±∏¥œ ∆‰¿Ã¡ˆ ¡¯¿‘
INFO:app:product_id : 2
INFO:werkzeug:192.168.0.146 - - [01/Aug/2023 14:24:01] "POST /cart HTTP/1.1" 200 -
INFO:app:¿ÂπŸ±∏¥œ ∆‰¿Ã¡ˆ ¡¯¿‘
INFO:app:product_id : 2
INFO:app:∑Œ±◊¿Œ ∆‰¿Ã¡ˆ ¡¯¿‘
INFO:werkzeug:192.168.0.172 - - [01/Aug/2023 14:24:02] "GET /login HTTP/1.1" 200 -
INFO:werkzeug:192.168.0.104 - - [01/Aug/2023 14:24:02] "POST /cart HTTP/1.1" 200 -
INFO:werkzeug:192.168.0.172 - - [01/Aug/2023 14:24:02] "[36mGET /static/dist/css/bootstrap.min.css HTTP/1.1[0m" 304 -
INFO:werkzeug:192.168.0.172 - - [01/Aug/2023 14:24:02] "[36mGET /static/images/catlogo_1.png HTTP/1.1[0m" 304 -
INFO:werkzeug:192.168.0.172 - - [01/Aug/2023 14:24:02] "[36mGET /static/signin.css HTTP/1.1[0m" 304 -
INFO:app:∑Œ±◊¿Œ ∆‰¿Ã¡ˆ ¡¯¿‘
ERROR:app:Exception on /login [POST]
Traceback (most recent call last):
  File "C:\Users\okseok\anaconda3\lib\site-packages\flask\app.py", line 2190, in wsgi_app
    response = self.full_dispatch_request()
  File "C:\Users\okseok\anaconda3\lib\site-packages\flask\app.py", line 1486, in full_dispatch_request
    rv = self.handle_user_exception(e)
  File "C:\Users\okseok\anaconda3\lib\site-packages\flask\app.py", line 1484, in full_dispatch_request
    rv = self.dispatch_request()
  File "C:\Users\okseok\anaconda3\lib\site-packages\flask\app.py", line 1469, in dispatch_request
    return self.ensure_sync(self.view_functions[rule.endpoint])(**view_args)
  File "C:\ITStudy\06_flask\onlineshop\personal_project-main\app\views\control_views.py", line 252, in login
    print(session['user_id'])
  File "C:\Users\okseok\anaconda3\lib\site-packages\flask\sessions.py", line 79, in __getitem__
    return super().__getitem__(key)
KeyError: 'user_id'
INFO:werkzeug:192.168.0.143 - - [01/Aug/2023 14:24:02] "[35m[1mPOST /login HTTP/1.1[0m" 500 -
INFO:app:¿ÂπŸ±∏¥œ ∆‰¿Ã¡ˆ ¡¯¿‘
INFO:app:product_id : 8
INFO:werkzeug:192.168.0.110 - - [01/Aug/2023 14:24:02] "POST /cart HTTP/1.1" 200 -
INFO:app:¿ÂπŸ±∏¥œ ∆‰¿Ã¡ˆ ¡¯¿‘
INFO:app:product_id : 6
INFO:werkzeug:192.168.0.80 - - [01/Aug/2023 14:24:03] "POST /cart HTTP/1.1" 200 -
INFO:app:¿ÂπŸ±∏¥œ ∆‰¿Ã¡ˆ ¡¯¿‘
INFO:app:product_id : 8
INFO:werkzeug:192.168.0.50 - - [01/Aug/2023 14:24:03] "POST /cart HTTP/1.1" 200 -
INFO:app:cart api
INFO:werkzeug:192.168.0.150 - - [01/Aug/2023 14:24:04] "GET /cart HTTP/1.1" 200 -
INFO:app:¿ÂπŸ±∏¥œ ∆‰¿Ã¡ˆ ¡¯¿‘
INFO:app:product_id : 8
INFO:werkzeug:192.168.0.50 - - [01/Aug/2023 14:24:04] "POST /cart HTTP/1.1" 200 -
INFO:app:∑Œ±◊¿Œ ∆‰¿Ã¡ˆ ¡¯¿‘
ERROR:app:Exception on /login [POST]
Traceback (most recent call last):
  File "C:\Users\okseok\anaconda3\lib\site-packages\flask\app.py", line 2190, in wsgi_app
    response = self.full_dispatch_request()
  File "C:\Users\okseok\anaconda3\lib\site-packages\flask\app.py", line 1486, in full_dispatch_request
    rv = self.handle_user_exception(e)
  File "C:\Users\okseok\anaconda3\lib\site-packages\flask\app.py", line 1484, in full_dispatch_request
    rv = self.dispatch_request()
  File "C:\Users\okseok\anaconda3\lib\site-packages\flask\app.py", line 1469, in dispatch_request
    return self.ensure_sync(self.view_functions[rule.endpoint])(**view_args)
  File "C:\ITStudy\06_flask\onlineshop\personal_project-main\app\views\control_views.py", line 252, in login
    print(session['user_id'])
  File "C:\Users\okseok\anaconda3\lib\site-packages\flask\sessions.py", line 79, in __getitem__
    return super().__getitem__(key)
KeyError: 'user_id'
INFO:werkzeug:192.168.0.185 - - [01/Aug/2023 14:24:04] "[35m[1mPOST /login HTTP/1.1[0m" 500 -
INFO:app:cart api
INFO:werkzeug:192.168.0.104 - - [01/Aug/2023 14:24:04] "GET /cart HTTP/1.1" 200 -
INFO:app:cart api
INFO:werkzeug:192.168.0.104 - - [01/Aug/2023 14:24:05] "GET /cart HTTP/1.1" 200 -
INFO:app:¿ÂπŸ±∏¥œ ∆‰¿Ã¡ˆ ¡¯¿‘
INFO:app:product_id : 2
INFO:app:¿ÂπŸ±∏¥œ ∆‰¿Ã¡ˆ ¡¯¿‘
INFO:app:product_id : 8
INFO:werkzeug:192.168.0.97 - - [01/Aug/2023 14:24:05] "POST /cart HTTP/1.1" 200 -
INFO:werkzeug:192.168.0.50 - - [01/Aug/2023 14:24:05] "POST /cart HTTP/1.1" 200 -
INFO:app:cart api
INFO:werkzeug:192.168.0.47 - - [01/Aug/2023 14:24:05] "GET /cart HTTP/1.1" 200 -
INFO:app:cart api
INFO:werkzeug:192.168.0.47 - - [01/Aug/2023 14:24:05] "GET /cart HTTP/1.1" 200 -
INFO:app:¿ÂπŸ±∏¥œ ∆‰¿Ã¡ˆ ¡¯¿‘
INFO:app:product_id : 8
INFO:werkzeug:192.168.0.50 - - [01/Aug/2023 14:24:05] "POST /cart HTTP/1.1" 200 -
INFO:app:¿ÂπŸ±∏¥œ ∆‰¿Ã¡ˆ ¡¯¿‘
INFO:app:product_id : 8
INFO:werkzeug:192.168.0.50 - - [01/Aug/2023 14:24:05] "POST /cart HTTP/1.1" 200 -
INFO:app:¿ÂπŸ±∏¥œ ∆‰¿Ã¡ˆ ¡¯¿‘
INFO:app:product_id : 1
INFO:werkzeug:192.168.0.91 - - [01/Aug/2023 14:24:06] "POST /cart HTTP/1.1" 200 -
INFO:app:¿ÂπŸ±∏¥œ ∆‰¿Ã¡ˆ ¡¯¿‘
INFO:app:product_id : 8
INFO:werkzeug:192.168.0.50 - - [01/Aug/2023 14:24:06] "POST /cart HTTP/1.1" 200 -
INFO:app:cart api
INFO:werkzeug:192.168.0.150 - - [01/Aug/2023 14:24:06] "GET /cart HTTP/1.1" 200 -
INFO:app:cart api
INFO:werkzeug:192.168.0.100 - - [01/Aug/2023 14:24:06] "GET /cart HTTP/1.1" 200 -
INFO:app:cart api
INFO:werkzeug:192.168.0.100 - - [01/Aug/2023 14:24:06] "GET /cart HTTP/1.1" 200 -
INFO:app:¿ÂπŸ±∏¥œ ∆‰¿Ã¡ˆ ¡¯¿‘
INFO:app:product_id : 5
INFO:werkzeug:192.168.0.80 - - [01/Aug/2023 14:24:07] "POST /cart HTTP/1.1" 200 -
INFO:app:¿ÂπŸ±∏¥œ ∆‰¿Ã¡ˆ ¡¯¿‘
INFO:app:product_id : 8
INFO:werkzeug:192.168.0.50 - - [01/Aug/2023 14:24:07] "POST /cart HTTP/1.1" 200 -
INFO:app:cart api
INFO:werkzeug:192.168.0.150 - - [01/Aug/2023 14:24:07] "GET /cart HTTP/1.1" 200 -
INFO:app:¿ÂπŸ±∏¥œ ∆‰¿Ã¡ˆ ¡¯¿‘
INFO:app:product_id : 8
INFO:werkzeug:192.168.0.50 - - [01/Aug/2023 14:24:07] "POST /cart HTTP/1.1" 200 -
INFO:app:cart api
INFO:werkzeug:192.168.0.146 - - [01/Aug/2023 14:24:07] "GET /cart HTTP/1.1" 200 -
INFO:app:cart api
INFO:werkzeug:192.168.0.146 - - [01/Aug/2023 14:24:07] "GET /cart HTTP/1.1" 200 -
INFO:app:¿ÂπŸ±∏¥œ ∆‰¿Ã¡ˆ ¡¯¿‘
INFO:app:product_id : 8
INFO:werkzeug:192.168.0.50 - - [01/Aug/2023 14:24:07] "POST /cart HTTP/1.1" 200 -
INFO:app:¿ÂπŸ±∏¥œ ∆‰¿Ã¡ˆ ¡¯¿‘
INFO:app:product_id : 8
INFO:werkzeug:192.168.0.50 - - [01/Aug/2023 14:24:08] "POST /cart HTTP/1.1" 200 -
INFO:app:cart api
INFO:werkzeug:192.168.0.150 - - [01/Aug/2023 14:24:08] "GET /cart HTTP/1.1" 200 -
INFO:app:∑Œ±◊¿Œ ∆‰¿Ã¡ˆ ¡¯¿‘
ERROR:app:Exception on /login [POST]
Traceback (most recent call last):
  File "C:\Users\okseok\anaconda3\lib\site-packages\flask\app.py", line 2190, in wsgi_app
    response = self.full_dispatch_request()
  File "C:\Users\okseok\anaconda3\lib\site-packages\flask\app.py", line 1486, in full_dispatch_request
    rv = self.handle_user_exception(e)
  File "C:\Users\okseok\anaconda3\lib\site-packages\flask\app.py", line 1484, in full_dispatch_request
    rv = self.dispatch_request()
  File "C:\Users\okseok\anaconda3\lib\site-packages\flask\app.py", line 1469, in dispatch_request
    return self.ensure_sync(self.view_functions[rule.endpoint])(**view_args)
  File "C:\ITStudy\06_flask\onlineshop\personal_project-main\app\views\control_views.py", line 252, in login
    print(session['user_id'])
  File "C:\Users\okseok\anaconda3\lib\site-packages\flask\sessions.py", line 79, in __getitem__
    return super().__getitem__(key)
KeyError: 'user_id'
INFO:werkzeug:192.168.0.172 - - [01/Aug/2023 14:24:08] "[35m[1mPOST /login HTTP/1.1[0m" 500 -
INFO:app:∑Œ±◊¿Œ ∆‰¿Ã¡ˆ ¡¯¿‘
ERROR:app:Exception on /login [POST]
Traceback (most recent call last):
  File "C:\Users\okseok\anaconda3\lib\site-packages\flask\app.py", line 2190, in wsgi_app
    response = self.full_dispatch_request()
  File "C:\Users\okseok\anaconda3\lib\site-packages\flask\app.py", line 1486, in full_dispatch_request
    rv = self.handle_user_exception(e)
  File "C:\Users\okseok\anaconda3\lib\site-packages\flask\app.py", line 1484, in full_dispatch_request
    rv = self.dispatch_request()
  File "C:\Users\okseok\anaconda3\lib\site-packages\flask\app.py", line 1469, in dispatch_request
    return self.ensure_sync(self.view_functions[rule.endpoint])(**view_args)
  File "C:\ITStudy\06_flask\onlineshop\personal_project-main\app\views\control_views.py", line 252, in login
    print(session['user_id'])
  File "C:\Users\okseok\anaconda3\lib\site-packages\flask\sessions.py", line 79, in __getitem__
    return super().__getitem__(key)
KeyError: 'user_id'
INFO:werkzeug:192.168.0.67 - - [01/Aug/2023 14:24:08] "[35m[1mPOST /login HTTP/1.1[0m" 500 -
INFO:app:¿ÂπŸ±∏¥œ ∆‰¿Ã¡ˆ ¡¯¿‘
INFO:app:product_id : 8
INFO:werkzeug:192.168.0.50 - - [01/Aug/2023 14:24:08] "POST /cart HTTP/1.1" 200 -
INFO:app:¿ÂπŸ±∏¥œ ∆‰¿Ã¡ˆ ¡¯¿‘
INFO:app:product_id : 4
INFO:app:¿ÂπŸ±∏¥œ ∆‰¿Ã¡ˆ ¡¯¿‘
INFO:app:product_id : 8
INFO:werkzeug:192.168.0.97 - - [01/Aug/2023 14:24:08] "POST /cart HTTP/1.1" 200 -
INFO:werkzeug:192.168.0.50 - - [01/Aug/2023 14:24:08] "POST /cart HTTP/1.1" 200 -
INFO:app:¿ÂπŸ±∏¥œ ∆‰¿Ã¡ˆ ¡¯¿‘
INFO:app:product_id : 1
INFO:werkzeug:192.168.0.91 - - [01/Aug/2023 14:24:08] "POST /cart HTTP/1.1" 200 -
INFO:app:cart api
INFO:werkzeug:192.168.0.150 - - [01/Aug/2023 14:24:08] "GET /cart HTTP/1.1" 200 -
INFO:app:¿ÂπŸ±∏¥œ ∆‰¿Ã¡ˆ ¡¯¿‘
INFO:app:product_id : 8
INFO:werkzeug:192.168.0.50 - - [01/Aug/2023 14:24:09] "POST /cart HTTP/1.1" 200 -
INFO:app:¿ÂπŸ±∏¥œ ∆‰¿Ã¡ˆ ¡¯¿‘
INFO:werkzeug:192.168.0.185 - - [01/Aug/2023 14:24:09] "GET / HTTP/1.1" 200 -
INFO:app:product_id : 8
INFO:werkzeug:192.168.0.50 - - [01/Aug/2023 14:24:09] "POST /cart HTTP/1.1" 200 -
INFO:werkzeug:192.168.0.185 - - [01/Aug/2023 14:24:09] "[36mGET /static/css/style.css HTTP/1.1[0m" 304 -
INFO:werkzeug:192.168.0.185 - - [01/Aug/2023 14:24:09] "[33mGET /static/images/abput-img.png HTTP/1.1[0m" 404 -
INFO:werkzeug:192.168.0.185 - - [01/Aug/2023 14:24:09] "[36mGET /static/images/0721.jpg HTTP/1.1[0m" 304 -
INFO:werkzeug:192.168.0.185 - - [01/Aug/2023 14:24:09] "[36mGET /static/images/food.jpg HTTP/1.1[0m" 304 -
INFO:werkzeug:192.168.0.185 - - [01/Aug/2023 14:24:09] "[36mGET /static/images/img-1.png HTTP/1.1[0m" 304 -
INFO:werkzeug:192.168.0.185 - - [01/Aug/2023 14:24:09] "[36mGET /static/images/img-2.png HTTP/1.1[0m" 304 -
INFO:werkzeug:192.168.0.185 - - [01/Aug/2023 14:24:09] "[36mGET /static/images/img-3.png HTTP/1.1[0m" 304 -
INFO:werkzeug:192.168.0.185 - - [01/Aug/2023 14:24:09] "[36mGET /static/images/img-4.png HTTP/1.1[0m" 304 -
INFO:werkzeug:192.168.0.185 - - [01/Aug/2023 14:24:09] "[33mGET /script.js HTTP/1.1[0m" 404 -
INFO:app:¿ÂπŸ±∏¥œ ∆‰¿Ã¡ˆ ¡¯¿‘
INFO:app:product_id : 8
INFO:werkzeug:192.168.0.80 - - [01/Aug/2023 14:24:09] "POST /cart HTTP/1.1" 200 -
INFO:app:cart api
INFO:werkzeug:192.168.0.150 - - [01/Aug/2023 14:24:10] "GET /cart HTTP/1.1" 200 -
INFO:app:¿ÂπŸ±∏¥œ ∆‰¿Ã¡ˆ ¡¯¿‘
INFO:app:product_id : 1
INFO:werkzeug:192.168.0.106 - - [01/Aug/2023 14:24:10] "POST /cart HTTP/1.1" 200 -
INFO:app:cart api
INFO:werkzeug:192.168.0.150 - - [01/Aug/2023 14:24:10] "GET /cart HTTP/1.1" 200 -
INFO:app:¿ÂπŸ±∏¥œ ∆‰¿Ã¡ˆ ¡¯¿‘
INFO:app:product_id : 1
INFO:werkzeug:192.168.0.125 - - [01/Aug/2023 14:24:10] "POST /cart HTTP/1.1" 200 -
INFO:app:¿ÂπŸ±∏¥œ ∆‰¿Ã¡ˆ ¡¯¿‘
INFO:app:product_id : 1
INFO:werkzeug:192.168.0.110 - - [01/Aug/2023 14:24:10] "POST /cart HTTP/1.1" 200 -
INFO:app:∑Œ±◊¿Œ ∆‰¿Ã¡ˆ ¡¯¿‘
INFO:app:cart api
ERROR:app:Exception on /login [POST]
Traceback (most recent call last):
  File "C:\Users\okseok\anaconda3\lib\site-packages\flask\app.py", line 2190, in wsgi_app
    response = self.full_dispatch_request()
  File "C:\Users\okseok\anaconda3\lib\site-packages\flask\app.py", line 1486, in full_dispatch_request
    rv = self.handle_user_exception(e)
  File "C:\Users\okseok\anaconda3\lib\site-packages\flask\app.py", line 1484, in full_dispatch_request
    rv = self.dispatch_request()
  File "C:\Users\okseok\anaconda3\lib\site-packages\flask\app.py", line 1469, in dispatch_request
    return self.ensure_sync(self.view_functions[rule.endpoint])(**view_args)
  File "C:\ITStudy\06_flask\onlineshop\personal_project-main\app\views\control_views.py", line 252, in login
    print(session['user_id'])
  File "C:\Users\okseok\anaconda3\lib\site-packages\flask\sessions.py", line 79, in __getitem__
    return super().__getitem__(key)
KeyError: 'user_id'
INFO:werkzeug:192.168.0.84 - - [01/Aug/2023 14:24:11] "[35m[1mPOST /login HTTP/1.1[0m" 500 -
INFO:werkzeug:192.168.0.91 - - [01/Aug/2023 14:24:11] "GET /cart HTTP/1.1" 200 -
INFO:app:cart api
INFO:werkzeug:192.168.0.91 - - [01/Aug/2023 14:24:11] "GET /cart HTTP/1.1" 200 -
INFO:app:cart api
INFO:werkzeug:192.168.0.150 - - [01/Aug/2023 14:24:11] "GET /cart HTTP/1.1" 200 -
INFO:app:¿ÂπŸ±∏¥œ ∆‰¿Ã¡ˆ ¡¯¿‘
INFO:app:product_id : 3
INFO:werkzeug:192.168.0.185 - - [01/Aug/2023 14:24:11] "POST /cart HTTP/1.1" 200 -
INFO:app:¿ÂπŸ±∏¥œ ∆‰¿Ã¡ˆ ¡¯¿‘
INFO:app:product_id : 3
INFO:werkzeug:192.168.0.80 - - [01/Aug/2023 14:24:12] "POST /cart HTTP/1.1" 200 -
INFO:app:¿ÂπŸ±∏¥œ ∆‰¿Ã¡ˆ ¡¯¿‘
INFO:app:product_id : 7
INFO:werkzeug:192.168.0.50 - - [01/Aug/2023 14:24:13] "POST /cart HTTP/1.1" 200 -
INFO:app:cart api
INFO:werkzeug:192.168.0.110 - - [01/Aug/2023 14:24:13] "GET /cart HTTP/1.1" 200 -
INFO:app:cart api
INFO:werkzeug:192.168.0.110 - - [01/Aug/2023 14:24:13] "GET /cart HTTP/1.1" 200 -
INFO:app:¿ÂπŸ±∏¥œ ∆‰¿Ã¡ˆ ¡¯¿‘
INFO:app:product_id : 1
INFO:werkzeug:192.168.0.104 - - [01/Aug/2023 14:24:13] "POST /cart HTTP/1.1" 200 -
INFO:app:¿ÂπŸ±∏¥œ ∆‰¿Ã¡ˆ ¡¯¿‘
INFO:app:product_id : 4
INFO:werkzeug:192.168.0.146 - - [01/Aug/2023 14:24:14] "POST /cart HTTP/1.1" 200 -
INFO:app:¿ÂπŸ±∏¥œ ∆‰¿Ã¡ˆ ¡¯¿‘
INFO:app:product_id : 2
INFO:werkzeug:192.168.0.80 - - [01/Aug/2023 14:24:14] "POST /cart HTTP/1.1" 200 -
INFO:app:¿ÂπŸ±∏¥œ ∆‰¿Ã¡ˆ ¡¯¿‘
INFO:app:product_id : 5
INFO:app:¿ÂπŸ±∏¥œ ∆‰¿Ã¡ˆ ¡¯¿‘
INFO:app:product_id : 7
INFO:werkzeug:192.168.0.97 - - [01/Aug/2023 14:24:14] "POST /cart HTTP/1.1" 200 -
INFO:werkzeug:192.168.0.106 - - [01/Aug/2023 14:24:14] "POST /cart HTTP/1.1" 200 -
INFO:app:∑Œ±◊¿Œ ∆‰¿Ã¡ˆ ¡¯¿‘
ERROR:app:Exception on /login [POST]
Traceback (most recent call last):
  File "C:\Users\okseok\anaconda3\lib\site-packages\flask\app.py", line 2190, in wsgi_app
    response = self.full_dispatch_request()
  File "C:\Users\okseok\anaconda3\lib\site-packages\flask\app.py", line 1486, in full_dispatch_request
    rv = self.handle_user_exception(e)
  File "C:\Users\okseok\anaconda3\lib\site-packages\flask\app.py", line 1484, in full_dispatch_request
    rv = self.dispatch_request()
  File "C:\Users\okseok\anaconda3\lib\site-packages\flask\app.py", line 1469, in dispatch_request
    return self.ensure_sync(self.view_functions[rule.endpoint])(**view_args)
  File "C:\ITStudy\06_flask\onlineshop\personal_project-main\app\views\control_views.py", line 252, in login
    print(session['user_id'])
  File "C:\Users\okseok\anaconda3\lib\site-packages\flask\sessions.py", line 79, in __getitem__
    return super().__getitem__(key)
KeyError: 'user_id'
INFO:werkzeug:192.168.0.107 - - [01/Aug/2023 14:24:14] "[35m[1mPOST /login HTTP/1.1[0m" 500 -
INFO:app:cart api
INFO:werkzeug:192.168.0.138 - - [01/Aug/2023 14:24:14] "GET /cart HTTP/1.1" 200 -
INFO:app:cart api
INFO:werkzeug:192.168.0.138 - - [01/Aug/2023 14:24:15] "GET /cart HTTP/1.1" 200 -
INFO:app:¿ÂπŸ±∏¥œ ∆‰¿Ã¡ˆ ¡¯¿‘
INFO:app:product_id : 7
INFO:werkzeug:192.168.0.50 - - [01/Aug/2023 14:24:15] "POST /cart HTTP/1.1" 200 -
INFO:app:¿ÂπŸ±∏¥œ ∆‰¿Ã¡ˆ ¡¯¿‘
INFO:app:product_id : 7
INFO:werkzeug:192.168.0.50 - - [01/Aug/2023 14:24:15] "POST /cart HTTP/1.1" 200 -
INFO:app:cart api
INFO:werkzeug:192.168.0.81 - - [01/Aug/2023 14:24:15] "GET /cart HTTP/1.1" 200 -
INFO:app:¿ÂπŸ±∏¥œ ∆‰¿Ã¡ˆ ¡¯¿‘
INFO:app:product_id : 1
INFO:app:¿ÂπŸ±∏¥œ ∆‰¿Ã¡ˆ ¡¯¿‘
INFO:app:product_id : 6
INFO:werkzeug:192.168.0.185 - - [01/Aug/2023 14:24:15] "POST /cart HTTP/1.1" 200 -
INFO:werkzeug:192.168.0.125 - - [01/Aug/2023 14:24:15] "POST /cart HTTP/1.1" 200 -
INFO:app:¿ÂπŸ±∏¥œ ∆‰¿Ã¡ˆ ¡¯¿‘
INFO:app:product_id : 1
INFO:werkzeug:192.168.0.104 - - [01/Aug/2023 14:24:16] "POST /cart HTTP/1.1" 200 -
INFO:app:¿ÂπŸ±∏¥œ ∆‰¿Ã¡ˆ ¡¯¿‘
INFO:app:product_id : 7
INFO:werkzeug:192.168.0.50 - - [01/Aug/2023 14:24:16] "POST /cart HTTP/1.1" 200 -
INFO:app:cart api
INFO:werkzeug:192.168.0.81 - - [01/Aug/2023 14:24:16] "GET /cart HTTP/1.1" 200 -
INFO:app:¿ÂπŸ±∏¥œ ∆‰¿Ã¡ˆ ¡¯¿‘
INFO:app:product_id : 7
INFO:werkzeug:192.168.0.50 - - [01/Aug/2023 14:24:16] "POST /cart HTTP/1.1" 200 -
INFO:app:¿ÂπŸ±∏¥œ ∆‰¿Ã¡ˆ ¡¯¿‘
INFO:app:product_id : 7
INFO:werkzeug:192.168.0.50 - - [01/Aug/2023 14:24:16] "POST /cart HTTP/1.1" 200 -
INFO:app:¿ÂπŸ±∏¥œ ∆‰¿Ã¡ˆ ¡¯¿‘
INFO:app:product_id : 7
INFO:werkzeug:192.168.0.50 - - [01/Aug/2023 14:24:16] "POST /cart HTTP/1.1" 200 -
INFO:app:¿ÂπŸ±∏¥œ ∆‰¿Ã¡ˆ ¡¯¿‘
INFO:app:product_id : 7
INFO:werkzeug:192.168.0.50 - - [01/Aug/2023 14:24:17] "POST /cart HTTP/1.1" 200 -
INFO:app:¿ÂπŸ±∏¥œ ∆‰¿Ã¡ˆ ¡¯¿‘
INFO:app:product_id : 5
INFO:werkzeug:192.168.0.146 - - [01/Aug/2023 14:24:17] "POST /cart HTTP/1.1" 200 -
INFO:app:¿ÂπŸ±∏¥œ ∆‰¿Ã¡ˆ ¡¯¿‘
INFO:app:product_id : 4
INFO:werkzeug:192.168.0.106 - - [01/Aug/2023 14:24:17] "POST /cart HTTP/1.1" 200 -
INFO:app:¿ÂπŸ±∏¥œ ∆‰¿Ã¡ˆ ¡¯¿‘
INFO:app:product_id : 7
INFO:werkzeug:192.168.0.50 - - [01/Aug/2023 14:24:17] "POST /cart HTTP/1.1" 200 -
INFO:app:¿ÂπŸ±∏¥œ ∆‰¿Ã¡ˆ ¡¯¿‘
INFO:app:product_id : 2
INFO:werkzeug:192.168.0.104 - - [01/Aug/2023 14:24:17] "POST /cart HTTP/1.1" 200 -
INFO:app:¿ÂπŸ±∏¥œ ∆‰¿Ã¡ˆ ¡¯¿‘
INFO:app:product_id : 1
INFO:werkzeug:192.168.0.80 - - [01/Aug/2023 14:24:17] "POST /cart HTTP/1.1" 200 -
INFO:app:¿ÂπŸ±∏¥œ ∆‰¿Ã¡ˆ ¡¯¿‘
INFO:app:product_id : 7
INFO:werkzeug:192.168.0.50 - - [01/Aug/2023 14:24:17] "POST /cart HTTP/1.1" 200 -
INFO:app:∑Œ±◊¿Œ ∆‰¿Ã¡ˆ ¡¯¿‘
INFO:werkzeug:192.168.0.107 - - [01/Aug/2023 14:24:18] "GET /login HTTP/1.1" 200 -
INFO:app:¿ÂπŸ±∏¥œ ∆‰¿Ã¡ˆ ¡¯¿‘
INFO:app:product_id : 7
INFO:werkzeug:192.168.0.50 - - [01/Aug/2023 14:24:18] "POST /cart HTTP/1.1" 200 -
INFO:app:¿ÂπŸ±∏¥œ ∆‰¿Ã¡ˆ ¡¯¿‘
INFO:app:product_id : 1
INFO:werkzeug:192.168.0.91 - - [01/Aug/2023 14:24:18] "POST /cart HTTP/1.1" 200 -
INFO:app:¿ÂπŸ±∏¥œ ∆‰¿Ã¡ˆ ¡¯¿‘
INFO:app:product_id : 7
INFO:werkzeug:192.168.0.50 - - [01/Aug/2023 14:24:18] "POST /cart HTTP/1.1" 200 -
INFO:app:¿ÂπŸ±∏¥œ ∆‰¿Ã¡ˆ ¡¯¿‘
INFO:app:product_id : 7
INFO:werkzeug:192.168.0.50 - - [01/Aug/2023 14:24:18] "POST /cart HTTP/1.1" 200 -
INFO:app:¿ÂπŸ±∏¥œ ∆‰¿Ã¡ˆ ¡¯¿‘
INFO:app:product_id : 3
INFO:werkzeug:192.168.0.104 - - [01/Aug/2023 14:24:19] "POST /cart HTTP/1.1" 200 -
INFO:app:¿ÂπŸ±∏¥œ ∆‰¿Ã¡ˆ ¡¯¿‘
INFO:app:product_id : 7
INFO:werkzeug:192.168.0.50 - - [01/Aug/2023 14:24:19] "POST /cart HTTP/1.1" 200 -
INFO:werkzeug:192.168.0.111 - - [01/Aug/2023 14:24:19] "GET / HTTP/1.1" 200 -
INFO:werkzeug:192.168.0.111 - - [01/Aug/2023 14:24:19] "GET /static/css/style.css HTTP/1.1" 200 -
INFO:werkzeug:192.168.0.111 - - [01/Aug/2023 14:24:19] "[33mGET /script.js HTTP/1.1[0m" 404 -
INFO:werkzeug:192.168.0.111 - - [01/Aug/2023 14:24:19] "[33mGET /static/images/abput-img.png HTTP/1.1[0m" 404 -
INFO:werkzeug:192.168.0.111 - - [01/Aug/2023 14:24:19] "GET /static/images/food.jpg HTTP/1.1" 200 -
INFO:werkzeug:192.168.0.111 - - [01/Aug/2023 14:24:19] "GET /static/images/0721.jpg HTTP/1.1" 200 -
INFO:werkzeug:192.168.0.111 - - [01/Aug/2023 14:24:19] "GET /static/images/img-3.png HTTP/1.1" 200 -
INFO:werkzeug:192.168.0.111 - - [01/Aug/2023 14:24:19] "GET /static/images/img-1.png HTTP/1.1" 200 -
INFO:werkzeug:192.168.0.111 - - [01/Aug/2023 14:24:19] "GET /static/images/img-2.png HTTP/1.1" 200 -
INFO:werkzeug:192.168.0.111 - - [01/Aug/2023 14:24:19] "GET /static/images/img-4.png HTTP/1.1" 200 -
INFO:werkzeug:192.168.0.111 - - [01/Aug/2023 14:24:19] "[33mGET /favicon.ico HTTP/1.1[0m" 404 -
INFO:app:¿ÂπŸ±∏¥œ ∆‰¿Ã¡ˆ ¡¯¿‘
INFO:app:product_id : 1
INFO:werkzeug:192.168.0.146 - - [01/Aug/2023 14:24:19] "POST /cart HTTP/1.1" 200 -
INFO:app:¿ÂπŸ±∏¥œ ∆‰¿Ã¡ˆ ¡¯¿‘
INFO:app:product_id : 4
INFO:werkzeug:192.168.0.104 - - [01/Aug/2023 14:24:20] "POST /cart HTTP/1.1" 200 -
INFO:app:¿ÂπŸ±∏¥œ ∆‰¿Ã¡ˆ ¡¯¿‘
INFO:app:product_id : 1
INFO:werkzeug:192.168.0.138 - - [01/Aug/2023 14:24:20] "POST /cart HTTP/1.1" 200 -
INFO:app:¿ÂπŸ±∏¥œ ∆‰¿Ã¡ˆ ¡¯¿‘
INFO:app:product_id : 6
INFO:werkzeug:192.168.0.106 - - [01/Aug/2023 14:24:20] "POST /cart HTTP/1.1" 200 -
INFO:app:¿ÂπŸ±∏¥œ ∆‰¿Ã¡ˆ ¡¯¿‘
INFO:app:product_id : 7
INFO:werkzeug:192.168.0.80 - - [01/Aug/2023 14:24:20] "POST /cart HTTP/1.1" 200 -
INFO:app:cart api
INFO:werkzeug:192.168.0.50 - - [01/Aug/2023 14:24:20] "GET /cart HTTP/1.1" 200 -
INFO:app:cart api
INFO:werkzeug:192.168.0.50 - - [01/Aug/2023 14:24:20] "GET /cart HTTP/1.1" 200 -
INFO:app:¿ÂπŸ±∏¥œ ∆‰¿Ã¡ˆ ¡¯¿‘
INFO:app:product_id : 5
INFO:werkzeug:192.168.0.91 - - [01/Aug/2023 14:24:21] "POST /cart HTTP/1.1" 200 -
INFO:app:¿ÂπŸ±∏¥œ ∆‰¿Ã¡ˆ ¡¯¿‘
INFO:app:product_id : 7
INFO:werkzeug:192.168.0.104 - - [01/Aug/2023 14:24:21] "POST /cart HTTP/1.1" 200 -
INFO:app:¿ÂπŸ±∏¥œ ∆‰¿Ã¡ˆ ¡¯¿‘
INFO:app:product_id : 4
INFO:werkzeug:192.168.0.81 - - [01/Aug/2023 14:24:21] "POST /cart HTTP/1.1" 200 -
INFO:app:¿ÂπŸ±∏¥œ ∆‰¿Ã¡ˆ ¡¯¿‘
INFO:app:product_id : 1
INFO:werkzeug:192.168.0.146 - - [01/Aug/2023 14:24:21] "POST /cart HTTP/1.1" 200 -
INFO:app:¿ÂπŸ±∏¥œ ∆‰¿Ã¡ˆ ¡¯¿‘
INFO:app:product_id : 8
INFO:werkzeug:192.168.0.104 - - [01/Aug/2023 14:24:22] "POST /cart HTTP/1.1" 200 -
INFO:app:¿ÂπŸ±∏¥œ ∆‰¿Ã¡ˆ ¡¯¿‘
INFO:app:product_id : 2
INFO:werkzeug:192.168.0.97 - - [01/Aug/2023 14:24:22] "POST /cart HTTP/1.1" 200 -
INFO:app:∑Œ±◊¿Œ ∆‰¿Ã¡ˆ ¡¯¿‘
ERROR:app:Exception on /login [POST]
Traceback (most recent call last):
  File "C:\Users\okseok\anaconda3\lib\site-packages\flask\app.py", line 2190, in wsgi_app
    response = self.full_dispatch_request()
  File "C:\Users\okseok\anaconda3\lib\site-packages\flask\app.py", line 1486, in full_dispatch_request
    rv = self.handle_user_exception(e)
  File "C:\Users\okseok\anaconda3\lib\site-packages\flask\app.py", line 1484, in full_dispatch_request
    rv = self.dispatch_request()
  File "C:\Users\okseok\anaconda3\lib\site-packages\flask\app.py", line 1469, in dispatch_request
    return self.ensure_sync(self.view_functions[rule.endpoint])(**view_args)
  File "C:\ITStudy\06_flask\onlineshop\personal_project-main\app\views\control_views.py", line 252, in login
    print(session['user_id'])
  File "C:\Users\okseok\anaconda3\lib\site-packages\flask\sessions.py", line 79, in __getitem__
    return super().__getitem__(key)
KeyError: 'user_id'
INFO:werkzeug:192.168.0.107 - - [01/Aug/2023 14:24:23] "[35m[1mPOST /login HTTP/1.1[0m" 500 -
INFO:app:¿ÂπŸ±∏¥œ ∆‰¿Ã¡ˆ ¡¯¿‘
INFO:app:product_id : 4
INFO:werkzeug:192.168.0.81 - - [01/Aug/2023 14:24:23] "POST /cart HTTP/1.1" 200 -
INFO:app:cart api
INFO:werkzeug:192.168.0.80 - - [01/Aug/2023 14:24:23] "GET /cart HTTP/1.1" 200 -
INFO:app:cart api
INFO:werkzeug:192.168.0.80 - - [01/Aug/2023 14:24:23] "GET /cart HTTP/1.1" 200 -
INFO:app:¿ÂπŸ±∏¥œ ∆‰¿Ã¡ˆ ¡¯¿‘
INFO:app:product_id : 7
INFO:werkzeug:192.168.0.138 - - [01/Aug/2023 14:24:23] "POST /cart HTTP/1.1" 200 -
INFO:app:¿ÂπŸ±∏¥œ ∆‰¿Ã¡ˆ ¡¯¿‘
INFO:app:product_id : 6
INFO:werkzeug:192.168.0.91 - - [01/Aug/2023 14:24:23] "POST /cart HTTP/1.1" 200 -
INFO:app:¿ÂπŸ±∏¥œ ∆‰¿Ã¡ˆ ¡¯¿‘
INFO:app:product_id : 6
INFO:werkzeug:192.168.0.104 - - [01/Aug/2023 14:24:24] "POST /cart HTTP/1.1" 200 -
INFO:app:¿ÂπŸ±∏¥œ ∆‰¿Ã¡ˆ ¡¯¿‘
INFO:app:product_id : 4
INFO:werkzeug:192.168.0.69 - - [01/Aug/2023 14:24:24] "POST /cart HTTP/1.1" 200 -
INFO:app:¿ÂπŸ±∏¥œ ∆‰¿Ã¡ˆ ¡¯¿‘
INFO:app:product_id : 1
INFO:werkzeug:192.168.0.97 - - [01/Aug/2023 14:24:24] "POST /cart HTTP/1.1" 200 -
INFO:app:cart api
INFO:werkzeug:192.168.0.146 - - [01/Aug/2023 14:24:25] "GET /cart HTTP/1.1" 200 -
INFO:app:cart api
INFO:werkzeug:192.168.0.146 - - [01/Aug/2023 14:24:25] "GET /cart HTTP/1.1" 200 -
INFO:app:¿ÂπŸ±∏¥œ ∆‰¿Ã¡ˆ ¡¯¿‘
INFO:app:product_id : 3
INFO:werkzeug:192.168.0.81 - - [01/Aug/2023 14:24:25] "POST /cart HTTP/1.1" 200 -
INFO:app:¿ÂπŸ±∏¥œ ∆‰¿Ã¡ˆ ¡¯¿‘
INFO:app:product_id : 5
INFO:werkzeug:192.168.0.104 - - [01/Aug/2023 14:24:26] "POST /cart HTTP/1.1" 200 -
INFO:app:¿ÂπŸ±∏¥œ ∆‰¿Ã¡ˆ ¡¯¿‘
INFO:app:product_id : 7
INFO:werkzeug:192.168.0.91 - - [01/Aug/2023 14:24:26] "POST /cart HTTP/1.1" 200 -
INFO:app:¿ÂπŸ±∏¥œ ∆‰¿Ã¡ˆ ¡¯¿‘
INFO:app:product_id : 2
INFO:werkzeug:192.168.0.172 - - [01/Aug/2023 14:24:26] "POST /cart HTTP/1.1" 200 -
INFO:app:cart api
INFO:werkzeug:192.168.0.69 - - [01/Aug/2023 14:24:27] "GET /cart HTTP/1.1" 200 -
INFO:app:cart api
INFO:werkzeug:192.168.0.69 - - [01/Aug/2023 14:24:27] "GET /cart HTTP/1.1" 200 -
INFO:app:¿ÂπŸ±∏¥œ ∆‰¿Ã¡ˆ ¡¯¿‘
INFO:app:product_id : 3
INFO:werkzeug:192.168.0.97 - - [01/Aug/2023 14:24:27] "POST /cart HTTP/1.1" 200 -
INFO:app:¿ÂπŸ±∏¥œ ∆‰¿Ã¡ˆ ¡¯¿‘
INFO:app:product_id : 1
INFO:werkzeug:192.168.0.104 - - [01/Aug/2023 14:24:27] "POST /cart HTTP/1.1" 200 -
INFO:app:¿ÂπŸ±∏¥œ ∆‰¿Ã¡ˆ ¡¯¿‘
INFO:app:product_id : 4
INFO:werkzeug:192.168.0.50 - - [01/Aug/2023 14:24:28] "POST /cart HTTP/1.1" 200 -
INFO:app:¿ÂπŸ±∏¥œ ∆‰¿Ã¡ˆ ¡¯¿‘
INFO:app:product_id : 4
INFO:werkzeug:192.168.0.50 - - [01/Aug/2023 14:24:28] "POST /cart HTTP/1.1" 200 -
INFO:app:¿ÂπŸ±∏¥œ ∆‰¿Ã¡ˆ ¡¯¿‘
INFO:app:product_id : 6
INFO:werkzeug:192.168.0.138 - - [01/Aug/2023 14:24:28] "POST /cart HTTP/1.1" 200 -
INFO:app:¿ÂπŸ±∏¥œ ∆‰¿Ã¡ˆ ¡¯¿‘
INFO:app:product_id : 3
INFO:werkzeug:192.168.0.81 - - [01/Aug/2023 14:24:28] "POST /cart HTTP/1.1" 200 -
INFO:app:¿ÂπŸ±∏¥œ ∆‰¿Ã¡ˆ ¡¯¿‘
INFO:app:product_id : 4
INFO:werkzeug:192.168.0.50 - - [01/Aug/2023 14:24:28] "POST /cart HTTP/1.1" 200 -
INFO:app:¿ÂπŸ±∏¥œ ∆‰¿Ã¡ˆ ¡¯¿‘
INFO:app:product_id : 4
INFO:werkzeug:192.168.0.50 - - [01/Aug/2023 14:24:28] "POST /cart HTTP/1.1" 200 -
INFO:app:¿ÂπŸ±∏¥œ ∆‰¿Ã¡ˆ ¡¯¿‘
INFO:app:product_id : 2
INFO:werkzeug:192.168.0.146 - - [01/Aug/2023 14:24:28] "POST /cart HTTP/1.1" 200 -
INFO:app:¿ÂπŸ±∏¥œ ∆‰¿Ã¡ˆ ¡¯¿‘
INFO:app:product_id : 4
INFO:werkzeug:192.168.0.50 - - [01/Aug/2023 14:24:29] "POST /cart HTTP/1.1" 200 -
INFO:app:¿ÂπŸ±∏¥œ ∆‰¿Ã¡ˆ ¡¯¿‘
INFO:app:product_id : 3
INFO:werkzeug:192.168.0.172 - - [01/Aug/2023 14:24:29] "POST /cart HTTP/1.1" 200 -
INFO:app:¿ÂπŸ±∏¥œ ∆‰¿Ã¡ˆ ¡¯¿‘
INFO:app:product_id : 4
INFO:werkzeug:192.168.0.50 - - [01/Aug/2023 14:24:29] "POST /cart HTTP/1.1" 200 -
INFO:app:¿ÂπŸ±∏¥œ ∆‰¿Ã¡ˆ ¡¯¿‘
INFO:app:product_id : 2
INFO:werkzeug:192.168.0.81 - - [01/Aug/2023 14:24:29] "POST /cart HTTP/1.1" 200 -
INFO:app:¿ÂπŸ±∏¥œ ∆‰¿Ã¡ˆ ¡¯¿‘
INFO:app:product_id : 8
INFO:werkzeug:192.168.0.91 - - [01/Aug/2023 14:24:29] "POST /cart HTTP/1.1" 200 -
INFO:app:¿ÂπŸ±∏¥œ ∆‰¿Ã¡ˆ ¡¯¿‘
INFO:app:product_id : 4
INFO:werkzeug:192.168.0.50 - - [01/Aug/2023 14:24:29] "POST /cart HTTP/1.1" 200 -
INFO:app:¿ÂπŸ±∏¥œ ∆‰¿Ã¡ˆ ¡¯¿‘
INFO:app:product_id : 4
INFO:werkzeug:192.168.0.50 - - [01/Aug/2023 14:24:29] "POST /cart HTTP/1.1" 200 -
INFO:app:¿ÂπŸ±∏¥œ ∆‰¿Ã¡ˆ ¡¯¿‘
INFO:app:product_id : 4
INFO:werkzeug:192.168.0.50 - - [01/Aug/2023 14:24:30] "POST /cart HTTP/1.1" 200 -
INFO:app:¿ÂπŸ±∏¥œ ∆‰¿Ã¡ˆ ¡¯¿‘
INFO:app:product_id : 4
INFO:werkzeug:192.168.0.50 - - [01/Aug/2023 14:24:30] "POST /cart HTTP/1.1" 200 -
INFO:app:¿ÂπŸ±∏¥œ ∆‰¿Ã¡ˆ ¡¯¿‘
INFO:app:product_id : 4
INFO:werkzeug:192.168.0.50 - - [01/Aug/2023 14:24:30] "POST /cart HTTP/1.1" 200 -
INFO:app:cart api
INFO:werkzeug:192.168.0.136 - - [01/Aug/2023 14:24:30] "GET /cart HTTP/1.1" 200 -
INFO:app:cart api
INFO:werkzeug:192.168.0.136 - - [01/Aug/2023 14:24:30] "GET /cart HTTP/1.1" 200 -
INFO:app:¿ÂπŸ±∏¥œ ∆‰¿Ã¡ˆ ¡¯¿‘
INFO:app:product_id : 4
INFO:werkzeug:192.168.0.50 - - [01/Aug/2023 14:24:31] "POST /cart HTTP/1.1" 200 -
INFO:app:¿ÂπŸ±∏¥œ ∆‰¿Ã¡ˆ ¡¯¿‘
INFO:app:product_id : 4
INFO:werkzeug:192.168.0.138 - - [01/Aug/2023 14:24:31] "POST /cart HTTP/1.1" 200 -
INFO:app:¿ÂπŸ±∏¥œ ∆‰¿Ã¡ˆ ¡¯¿‘
INFO:app:product_id : 6
INFO:werkzeug:192.168.0.81 - - [01/Aug/2023 14:24:31] "POST /cart HTTP/1.1" 200 -
INFO:app:¿ÂπŸ±∏¥œ ∆‰¿Ã¡ˆ ¡¯¿‘
INFO:app:product_id : 4
INFO:werkzeug:192.168.0.50 - - [01/Aug/2023 14:24:31] "POST /cart HTTP/1.1" 200 -
INFO:app:¿ÂπŸ±∏¥œ ∆‰¿Ã¡ˆ ¡¯¿‘
INFO:app:product_id : 4
INFO:werkzeug:192.168.0.146 - - [01/Aug/2023 14:24:31] "POST /cart HTTP/1.1" 200 -
INFO:app:¿ÂπŸ±∏¥œ ∆‰¿Ã¡ˆ ¡¯¿‘
INFO:app:product_id : 4
INFO:werkzeug:192.168.0.50 - - [01/Aug/2023 14:24:31] "POST /cart HTTP/1.1" 200 -
INFO:app:¿ÂπŸ±∏¥œ ∆‰¿Ã¡ˆ ¡¯¿‘
INFO:app:product_id : 4
INFO:werkzeug:192.168.0.50 - - [01/Aug/2023 14:24:32] "POST /cart HTTP/1.1" 200 -
INFO:app:¿ÂπŸ±∏¥œ ∆‰¿Ã¡ˆ ¡¯¿‘
INFO:app:product_id : 3
INFO:werkzeug:192.168.0.104 - - [01/Aug/2023 14:24:32] "POST /cart HTTP/1.1" 200 -
INFO:app:¿ÂπŸ±∏¥œ ∆‰¿Ã¡ˆ ¡¯¿‘
INFO:app:product_id : 4
INFO:werkzeug:192.168.0.50 - - [01/Aug/2023 14:24:32] "POST /cart HTTP/1.1" 200 -
INFO:app:¿ÂπŸ±∏¥œ ∆‰¿Ã¡ˆ ¡¯¿‘
INFO:app:product_id : 7
INFO:werkzeug:192.168.0.81 - - [01/Aug/2023 14:24:32] "POST /cart HTTP/1.1" 200 -
INFO:app:¿ÂπŸ±∏¥œ ∆‰¿Ã¡ˆ ¡¯¿‘
INFO:app:product_id : 4
INFO:werkzeug:192.168.0.50 - - [01/Aug/2023 14:24:32] "POST /cart HTTP/1.1" 200 -
INFO:app:¿ÂπŸ±∏¥œ ∆‰¿Ã¡ˆ ¡¯¿‘
INFO:app:product_id : 4
INFO:werkzeug:192.168.0.50 - - [01/Aug/2023 14:24:33] "POST /cart HTTP/1.1" 200 -
INFO:app:¿ÂπŸ±∏¥œ ∆‰¿Ã¡ˆ ¡¯¿‘
INFO:app:product_id : 4
INFO:werkzeug:192.168.0.50 - - [01/Aug/2023 14:24:33] "POST /cart HTTP/1.1" 200 -
INFO:app:¿ÂπŸ±∏¥œ ∆‰¿Ã¡ˆ ¡¯¿‘
INFO:app:product_id : 6
INFO:werkzeug:192.168.0.172 - - [01/Aug/2023 14:24:33] "POST /cart HTTP/1.1" 200 -
INFO:app:¿ÂπŸ±∏¥œ ∆‰¿Ã¡ˆ ¡¯¿‘
INFO:app:product_id : 4
INFO:werkzeug:192.168.0.50 - - [01/Aug/2023 14:24:33] "POST /cart HTTP/1.1" 200 -
INFO:app:¿ÂπŸ±∏¥œ ∆‰¿Ã¡ˆ ¡¯¿‘
INFO:app:product_id : 6
INFO:app:¿ÂπŸ±∏¥œ ∆‰¿Ã¡ˆ ¡¯¿‘
INFO:app:product_id : 3
INFO:werkzeug:192.168.0.146 - - [01/Aug/2023 14:24:34] "POST /cart HTTP/1.1" 200 -
INFO:werkzeug:192.168.0.104 - - [01/Aug/2023 14:24:34] "POST /cart HTTP/1.1" 200 -
INFO:app:¿ÂπŸ±∏¥œ ∆‰¿Ã¡ˆ ¡¯¿‘
INFO:app:product_id : 4
INFO:werkzeug:192.168.0.50 - - [01/Aug/2023 14:24:34] "POST /cart HTTP/1.1" 200 -
INFO:app:¿ÂπŸ±∏¥œ ∆‰¿Ã¡ˆ ¡¯¿‘
INFO:app:product_id : 8
INFO:werkzeug:192.168.0.81 - - [01/Aug/2023 14:24:34] "POST /cart HTTP/1.1" 200 -
INFO:app:¿ÂπŸ±∏¥œ ∆‰¿Ã¡ˆ ¡¯¿‘
INFO:app:product_id : 4
INFO:werkzeug:192.168.0.91 - - [01/Aug/2023 14:24:34] "POST /cart HTTP/1.1" 200 -
INFO:app:¿ÂπŸ±∏¥œ ∆‰¿Ã¡ˆ ¡¯¿‘
INFO:app:product_id : 5
INFO:werkzeug:192.168.0.138 - - [01/Aug/2023 14:24:35] "POST /cart HTTP/1.1" 200 -
INFO:app:¿ÂπŸ±∏¥œ ∆‰¿Ã¡ˆ ¡¯¿‘
INFO:app:product_id : 3
INFO:werkzeug:192.168.0.104 - - [01/Aug/2023 14:24:35] "POST /cart HTTP/1.1" 200 -
INFO:app:∑Œ±◊¿Œ ∆‰¿Ã¡ˆ ¡¯¿‘
INFO:werkzeug:192.168.0.133 - - [01/Aug/2023 14:24:35] "GET /login HTTP/1.1" 200 -
INFO:werkzeug:192.168.0.133 - - [01/Aug/2023 14:24:35] "GET /static/dist/css/bootstrap.min.css HTTP/1.1" 200 -
INFO:werkzeug:192.168.0.133 - - [01/Aug/2023 14:24:35] "GET /static/signin.css HTTP/1.1" 200 -
INFO:werkzeug:192.168.0.133 - - [01/Aug/2023 14:24:35] "GET /static/images/catlogo_1.png HTTP/1.1" 200 -
INFO:app:¿ÂπŸ±∏¥œ ∆‰¿Ã¡ˆ ¡¯¿‘
INFO:app:product_id : 8
INFO:werkzeug:192.168.0.81 - - [01/Aug/2023 14:24:35] "POST /cart HTTP/1.1" 200 -
INFO:app:¿ÂπŸ±∏¥œ ∆‰¿Ã¡ˆ ¡¯¿‘
INFO:app:product_id : 8
INFO:werkzeug:192.168.0.81 - - [01/Aug/2023 14:24:36] "POST /cart HTTP/1.1" 200 -
INFO:app:¿ÂπŸ±∏¥œ ∆‰¿Ã¡ˆ ¡¯¿‘
INFO:app:product_id : 4
INFO:werkzeug:192.168.0.104 - - [01/Aug/2023 14:24:37] "POST /cart HTTP/1.1" 200 -
INFO:app:¿ÂπŸ±∏¥œ ∆‰¿Ã¡ˆ ¡¯¿‘
INFO:app:product_id : 2
INFO:werkzeug:192.168.0.91 - - [01/Aug/2023 14:24:37] "POST /cart HTTP/1.1" 200 -
INFO:app:¿ÂπŸ±∏¥œ ∆‰¿Ã¡ˆ ¡¯¿‘
INFO:app:product_id : 8
INFO:werkzeug:192.168.0.146 - - [01/Aug/2023 14:24:37] "POST /cart HTTP/1.1" 200 -
INFO:app:¿ÂπŸ±∏¥œ ∆‰¿Ã¡ˆ ¡¯¿‘
INFO:app:product_id : 6
INFO:werkzeug:192.168.0.50 - - [01/Aug/2023 14:24:37] "POST /cart HTTP/1.1" 200 -
INFO:app:¿ÂπŸ±∏¥œ ∆‰¿Ã¡ˆ ¡¯¿‘
INFO:app:product_id : 6
INFO:werkzeug:192.168.0.50 - - [01/Aug/2023 14:24:37] "POST /cart HTTP/1.1" 200 -
INFO:app:¿ÂπŸ±∏¥œ ∆‰¿Ã¡ˆ ¡¯¿‘
INFO:app:product_id : 6
INFO:app:∑Œ±◊¿Œ ∆‰¿Ã¡ˆ ¡¯¿‘
INFO:werkzeug:192.168.0.111 - - [01/Aug/2023 14:24:38] "GET /login HTTP/1.1" 200 -
INFO:werkzeug:192.168.0.50 - - [01/Aug/2023 14:24:38] "POST /cart HTTP/1.1" 200 -
INFO:werkzeug:192.168.0.111 - - [01/Aug/2023 14:24:38] "GET /static/dist/css/bootstrap.min.css HTTP/1.1" 200 -
INFO:werkzeug:192.168.0.111 - - [01/Aug/2023 14:24:38] "GET /static/images/catlogo_1.png HTTP/1.1" 200 -
INFO:werkzeug:192.168.0.111 - - [01/Aug/2023 14:24:38] "GET /static/signin.css HTTP/1.1" 200 -
INFO:app:¿ÂπŸ±∏¥œ ∆‰¿Ã¡ˆ ¡¯¿‘
INFO:app:product_id : 1
INFO:werkzeug:192.168.0.138 - - [01/Aug/2023 14:24:38] "POST /cart HTTP/1.1" 200 -
INFO:app:¿ÂπŸ±∏¥œ ∆‰¿Ã¡ˆ ¡¯¿‘
INFO:app:product_id : 8
INFO:werkzeug:192.168.0.172 - - [01/Aug/2023 14:24:38] "POST /cart HTTP/1.1" 200 -
INFO:app:¿ÂπŸ±∏¥œ ∆‰¿Ã¡ˆ ¡¯¿‘
INFO:app:product_id : 6
INFO:werkzeug:192.168.0.50 - - [01/Aug/2023 14:24:38] "POST /cart HTTP/1.1" 200 -
INFO:app:¿ÂπŸ±∏¥œ ∆‰¿Ã¡ˆ ¡¯¿‘
INFO:app:product_id : 6
INFO:werkzeug:192.168.0.50 - - [01/Aug/2023 14:24:38] "POST /cart HTTP/1.1" 200 -
INFO:app:cart api
INFO:werkzeug:192.168.0.125 - - [01/Aug/2023 14:24:39] "GET /cart HTTP/1.1" 200 -
INFO:app:cart api
INFO:werkzeug:192.168.0.125 - - [01/Aug/2023 14:24:39] "GET /cart HTTP/1.1" 200 -
INFO:app:¿ÂπŸ±∏¥œ ∆‰¿Ã¡ˆ ¡¯¿‘
INFO:app:product_id : 6
INFO:werkzeug:192.168.0.50 - - [01/Aug/2023 14:24:39] "POST /cart HTTP/1.1" 200 -
INFO:app:¿ÂπŸ±∏¥œ ∆‰¿Ã¡ˆ ¡¯¿‘
INFO:app:product_id : 7
INFO:werkzeug:192.168.0.81 - - [01/Aug/2023 14:24:39] "POST /cart HTTP/1.1" 200 -
INFO:app:¿ÂπŸ±∏¥œ ∆‰¿Ã¡ˆ ¡¯¿‘
INFO:app:product_id : 2
INFO:werkzeug:192.168.0.104 - - [01/Aug/2023 14:24:39] "POST /cart HTTP/1.1" 200 -
INFO:app:¿ÂπŸ±∏¥œ ∆‰¿Ã¡ˆ ¡¯¿‘
INFO:app:product_id : 6
INFO:werkzeug:192.168.0.50 - - [01/Aug/2023 14:24:39] "POST /cart HTTP/1.1" 200 -
INFO:app:¿ÂπŸ±∏¥œ ∆‰¿Ã¡ˆ ¡¯¿‘
INFO:app:product_id : 6
INFO:werkzeug:192.168.0.50 - - [01/Aug/2023 14:24:39] "POST /cart HTTP/1.1" 200 -
INFO:app:¿ÂπŸ±∏¥œ ∆‰¿Ã¡ˆ ¡¯¿‘
INFO:app:product_id : 6
INFO:werkzeug:192.168.0.50 - - [01/Aug/2023 14:24:40] "POST /cart HTTP/1.1" 200 -
INFO:app:¿ÂπŸ±∏¥œ ∆‰¿Ã¡ˆ ¡¯¿‘
INFO:app:product_id : 1
INFO:werkzeug:192.168.0.91 - - [01/Aug/2023 14:24:40] "POST /cart HTTP/1.1" 200 -
INFO:app:¿ÂπŸ±∏¥œ ∆‰¿Ã¡ˆ ¡¯¿‘
INFO:app:product_id : 2
INFO:werkzeug:192.168.0.69 - - [01/Aug/2023 14:24:40] "POST /cart HTTP/1.1" 200 -
INFO:app:¿ÂπŸ±∏¥œ ∆‰¿Ã¡ˆ ¡¯¿‘
INFO:app:product_id : 6
INFO:werkzeug:192.168.0.50 - - [01/Aug/2023 14:24:40] "POST /cart HTTP/1.1" 200 -
INFO:app:¿ÂπŸ±∏¥œ ∆‰¿Ã¡ˆ ¡¯¿‘
INFO:app:product_id : 4
INFO:werkzeug:192.168.0.146 - - [01/Aug/2023 14:24:40] "POST /cart HTTP/1.1" 200 -
INFO:app:¿ÂπŸ±∏¥œ ∆‰¿Ã¡ˆ ¡¯¿‘
INFO:app:product_id : 6
INFO:werkzeug:192.168.0.50 - - [01/Aug/2023 14:24:40] "POST /cart HTTP/1.1" 200 -
INFO:app:¿ÂπŸ±∏¥œ ∆‰¿Ã¡ˆ ¡¯¿‘
INFO:app:product_id : 1
INFO:werkzeug:192.168.0.104 - - [01/Aug/2023 14:24:40] "POST /cart HTTP/1.1" 200 -
INFO:app:¿ÂπŸ±∏¥œ ∆‰¿Ã¡ˆ ¡¯¿‘
INFO:app:product_id : 6
INFO:werkzeug:192.168.0.81 - - [01/Aug/2023 14:24:40] "POST /cart HTTP/1.1" 200 -
INFO:app:¿ÂπŸ±∏¥œ ∆‰¿Ã¡ˆ ¡¯¿‘
INFO:app:product_id : 2
INFO:werkzeug:192.168.0.28 - - [01/Aug/2023 14:24:40] "POST /cart HTTP/1.1" 200 -
INFO:app:¿ÂπŸ±∏¥œ ∆‰¿Ã¡ˆ ¡¯¿‘
INFO:app:product_id : 6
INFO:werkzeug:192.168.0.50 - - [01/Aug/2023 14:24:41] "POST /cart HTTP/1.1" 200 -
INFO:app:¿ÂπŸ±∏¥œ ∆‰¿Ã¡ˆ ¡¯¿‘
INFO:app:product_id : 6
INFO:werkzeug:192.168.0.50 - - [01/Aug/2023 14:24:41] "POST /cart HTTP/1.1" 200 -
INFO:app:¿ÂπŸ±∏¥œ ∆‰¿Ã¡ˆ ¡¯¿‘
INFO:app:product_id : 2
INFO:werkzeug:192.168.0.138 - - [01/Aug/2023 14:24:41] "POST /cart HTTP/1.1" 200 -
INFO:app:¿ÂπŸ±∏¥œ ∆‰¿Ã¡ˆ ¡¯¿‘
INFO:app:product_id : 6
INFO:werkzeug:192.168.0.50 - - [01/Aug/2023 14:24:41] "POST /cart HTTP/1.1" 200 -
INFO:app:¿ÂπŸ±∏¥œ ∆‰¿Ã¡ˆ ¡¯¿‘
INFO:app:product_id : 6
INFO:werkzeug:192.168.0.50 - - [01/Aug/2023 14:24:41] "POST /cart HTTP/1.1" 200 -
INFO:app:¿ÂπŸ±∏¥œ ∆‰¿Ã¡ˆ ¡¯¿‘
INFO:app:product_id : 6
INFO:werkzeug:192.168.0.50 - - [01/Aug/2023 14:24:42] "POST /cart HTTP/1.1" 200 -
INFO:app:¿ÂπŸ±∏¥œ ∆‰¿Ã¡ˆ ¡¯¿‘
INFO:app:product_id : 2
INFO:werkzeug:192.168.0.104 - - [01/Aug/2023 14:24:42] "POST /cart HTTP/1.1" 200 -
INFO:app:¿ÂπŸ±∏¥œ ∆‰¿Ã¡ˆ ¡¯¿‘
INFO:app:product_id : 6
INFO:werkzeug:192.168.0.50 - - [01/Aug/2023 14:24:42] "POST /cart HTTP/1.1" 200 -
INFO:app:∑Œ±◊¿Œ ∆‰¿Ã¡ˆ ¡¯¿‘
ERROR:app:Exception on /login [POST]
Traceback (most recent call last):
  File "C:\Users\okseok\anaconda3\lib\site-packages\flask\app.py", line 2190, in wsgi_app
    response = self.full_dispatch_request()
  File "C:\Users\okseok\anaconda3\lib\site-packages\flask\app.py", line 1486, in full_dispatch_request
    rv = self.handle_user_exception(e)
  File "C:\Users\okseok\anaconda3\lib\site-packages\flask\app.py", line 1484, in full_dispatch_request
    rv = self.dispatch_request()
  File "C:\Users\okseok\anaconda3\lib\site-packages\flask\app.py", line 1469, in dispatch_request
    return self.ensure_sync(self.view_functions[rule.endpoint])(**view_args)
  File "C:\ITStudy\06_flask\onlineshop\personal_project-main\app\views\control_views.py", line 252, in login
    print(session['user_id'])
  File "C:\Users\okseok\anaconda3\lib\site-packages\flask\sessions.py", line 79, in __getitem__
    return super().__getitem__(key)
KeyError: 'user_id'
INFO:werkzeug:192.168.0.67 - - [01/Aug/2023 14:24:42] "[35m[1mPOST /login HTTP/1.1[0m" 500 -
INFO:app:¿ÂπŸ±∏¥œ ∆‰¿Ã¡ˆ ¡¯¿‘
INFO:app:product_id : 5
INFO:werkzeug:192.168.0.81 - - [01/Aug/2023 14:24:42] "POST /cart HTTP/1.1" 200 -
INFO:app:¿ÂπŸ±∏¥œ ∆‰¿Ã¡ˆ ¡¯¿‘
INFO:app:product_id : 6
INFO:werkzeug:192.168.0.50 - - [01/Aug/2023 14:24:42] "POST /cart HTTP/1.1" 200 -
INFO:app:cart api
INFO:werkzeug:192.168.0.136 - - [01/Aug/2023 14:24:42] "GET /cart HTTP/1.1" 200 -
INFO:app:¿ÂπŸ±∏¥œ ∆‰¿Ã¡ˆ ¡¯¿‘
INFO:app:product_id : 4
INFO:werkzeug:192.168.0.146 - - [01/Aug/2023 14:24:42] "POST /cart HTTP/1.1" 200 -
INFO:app:cart api
INFO:werkzeug:192.168.0.91 - - [01/Aug/2023 14:24:42] "GET /cart HTTP/1.1" 200 -
INFO:app:cart api
INFO:werkzeug:192.168.0.91 - - [01/Aug/2023 14:24:42] "GET /cart HTTP/1.1" 200 -
INFO:app:¿ÂπŸ±∏¥œ ∆‰¿Ã¡ˆ ¡¯¿‘
INFO:app:product_id : 6
INFO:werkzeug:192.168.0.50 - - [01/Aug/2023 14:24:43] "POST /cart HTTP/1.1" 200 -
INFO:app:¿ÂπŸ±∏¥œ ∆‰¿Ã¡ˆ ¡¯¿‘
INFO:app:product_id : 6
INFO:werkzeug:192.168.0.50 - - [01/Aug/2023 14:24:43] "POST /cart HTTP/1.1" 200 -
INFO:app:cart api
INFO:werkzeug:192.168.0.138 - - [01/Aug/2023 14:24:43] "GET /cart HTTP/1.1" 200 -
INFO:app:cart api
INFO:werkzeug:192.168.0.138 - - [01/Aug/2023 14:24:43] "GET /cart HTTP/1.1" 200 -
INFO:app:∑Œ±◊¿Œ ∆‰¿Ã¡ˆ ¡¯¿‘
INFO:werkzeug:192.168.0.172 - - [01/Aug/2023 14:24:43] "GET /login HTTP/1.1" 200 -
INFO:app:¿ÂπŸ±∏¥œ ∆‰¿Ã¡ˆ ¡¯¿‘
INFO:app:product_id : 6
INFO:werkzeug:192.168.0.172 - - [01/Aug/2023 14:24:43] "[36mGET /static/signin.css HTTP/1.1[0m" 304 -
INFO:werkzeug:192.168.0.172 - - [01/Aug/2023 14:24:43] "[36mGET /static/dist/css/bootstrap.min.css HTTP/1.1[0m" 304 -
INFO:werkzeug:192.168.0.172 - - [01/Aug/2023 14:24:43] "[36mGET /static/images/catlogo_1.png HTTP/1.1[0m" 304 -
INFO:werkzeug:192.168.0.50 - - [01/Aug/2023 14:24:43] "POST /cart HTTP/1.1" 200 -
INFO:app:¿ÂπŸ±∏¥œ ∆‰¿Ã¡ˆ ¡¯¿‘
INFO:app:product_id : 3
INFO:werkzeug:192.168.0.104 - - [01/Aug/2023 14:24:43] "POST /cart HTTP/1.1" 200 -
INFO:app:cart api
INFO:werkzeug:192.168.0.81 - - [01/Aug/2023 14:24:43] "GET /cart HTTP/1.1" 200 -
INFO:app:¿ÂπŸ±∏¥œ ∆‰¿Ã¡ˆ ¡¯¿‘
INFO:app:product_id : 6
INFO:app:cart api
INFO:werkzeug:192.168.0.50 - - [01/Aug/2023 14:24:43] "POST /cart HTTP/1.1" 200 -
INFO:werkzeug:192.168.0.81 - - [01/Aug/2023 14:24:44] "GET /cart HTTP/1.1" 200 -
INFO:app:¿ÂπŸ±∏¥œ ∆‰¿Ã¡ˆ ¡¯¿‘
INFO:app:product_id : 6
INFO:werkzeug:192.168.0.50 - - [01/Aug/2023 14:24:44] "POST /cart HTTP/1.1" 200 -
INFO:app:¿ÂπŸ±∏¥œ ∆‰¿Ã¡ˆ ¡¯¿‘
INFO:app:product_id : 6
INFO:werkzeug:192.168.0.50 - - [01/Aug/2023 14:24:44] "POST /cart HTTP/1.1" 200 -
INFO:app:cart api
INFO:werkzeug:192.168.0.136 - - [01/Aug/2023 14:24:44] "GET /cart HTTP/1.1" 200 -
INFO:app:¿ÂπŸ±∏¥œ ∆‰¿Ã¡ˆ ¡¯¿‘
INFO:app:product_id : 4
INFO:werkzeug:192.168.0.104 - - [01/Aug/2023 14:24:45] "POST /cart HTTP/1.1" 200 -
INFO:app:¿ÂπŸ±∏¥œ ∆‰¿Ã¡ˆ ¡¯¿‘
INFO:app:product_id : 6
INFO:werkzeug:192.168.0.50 - - [01/Aug/2023 14:24:45] "POST /cart HTTP/1.1" 200 -
INFO:app:¿ÂπŸ±∏¥œ ∆‰¿Ã¡ˆ ¡¯¿‘
INFO:app:product_id : 6
INFO:werkzeug:192.168.0.50 - - [01/Aug/2023 14:24:45] "POST /cart HTTP/1.1" 200 -
INFO:app:¿ÂπŸ±∏¥œ ∆‰¿Ã¡ˆ ¡¯¿‘
INFO:app:product_id : 1
INFO:werkzeug:192.168.0.110 - - [01/Aug/2023 14:24:45] "POST /cart HTTP/1.1" 200 -
INFO:app:cart api
INFO:werkzeug:192.168.0.136 - - [01/Aug/2023 14:24:45] "GET /cart HTTP/1.1" 200 -
INFO:app:¿ÂπŸ±∏¥œ ∆‰¿Ã¡ˆ ¡¯¿‘
INFO:app:product_id : 6
INFO:werkzeug:192.168.0.50 - - [01/Aug/2023 14:24:45] "POST /cart HTTP/1.1" 200 -
INFO:app:∑Œ±◊¿Œ ∆‰¿Ã¡ˆ ¡¯¿‘
ERROR:app:Exception on /login [POST]
Traceback (most recent call last):
  File "C:\Users\okseok\anaconda3\lib\site-packages\flask\app.py", line 2190, in wsgi_app
    response = self.full_dispatch_request()
  File "C:\Users\okseok\anaconda3\lib\site-packages\flask\app.py", line 1486, in full_dispatch_request
    rv = self.handle_user_exception(e)
  File "C:\Users\okseok\anaconda3\lib\site-packages\flask\app.py", line 1484, in full_dispatch_request
    rv = self.dispatch_request()
  File "C:\Users\okseok\anaconda3\lib\site-packages\flask\app.py", line 1469, in dispatch_request
    return self.ensure_sync(self.view_functions[rule.endpoint])(**view_args)
  File "C:\ITStudy\06_flask\onlineshop\personal_project-main\app\views\control_views.py", line 252, in login
    print(session['user_id'])
  File "C:\Users\okseok\anaconda3\lib\site-packages\flask\sessions.py", line 79, in __getitem__
    return super().__getitem__(key)
KeyError: 'user_id'
INFO:werkzeug:192.168.0.111 - - [01/Aug/2023 14:24:45] "[35m[1mPOST /login HTTP/1.1[0m" 500 -
INFO:app:¿ÂπŸ±∏¥œ ∆‰¿Ã¡ˆ ¡¯¿‘
INFO:app:product_id : 4
INFO:werkzeug:192.168.0.146 - - [01/Aug/2023 14:24:45] "POST /cart HTTP/1.1" 200 -
INFO:app:cart api
INFO:werkzeug:192.168.0.136 - - [01/Aug/2023 14:24:46] "GET /cart HTTP/1.1" 200 -
INFO:app:¿ÂπŸ±∏¥œ ∆‰¿Ã¡ˆ ¡¯¿‘
INFO:app:product_id : 6
INFO:app:cart api
INFO:werkzeug:192.168.0.50 - - [01/Aug/2023 14:24:46] "POST /cart HTTP/1.1" 200 -
INFO:werkzeug:192.168.0.125 - - [01/Aug/2023 14:24:46] "GET /cart HTTP/1.1" 200 -
INFO:app:∑Œ±◊¿Œ ∆‰¿Ã¡ˆ ¡¯¿‘
ERROR:app:Exception on /login [POST]
Traceback (most recent call last):
  File "C:\Users\okseok\anaconda3\lib\site-packages\flask\app.py", line 2190, in wsgi_app
    response = self.full_dispatch_request()
  File "C:\Users\okseok\anaconda3\lib\site-packages\flask\app.py", line 1486, in full_dispatch_request
    rv = self.handle_user_exception(e)
  File "C:\Users\okseok\anaconda3\lib\site-packages\flask\app.py", line 1484, in full_dispatch_request
    rv = self.dispatch_request()
  File "C:\Users\okseok\anaconda3\lib\site-packages\flask\app.py", line 1469, in dispatch_request
    return self.ensure_sync(self.view_functions[rule.endpoint])(**view_args)
  File "C:\ITStudy\06_flask\onlineshop\personal_project-main\app\views\control_views.py", line 252, in login
    print(session['user_id'])
  File "C:\Users\okseok\anaconda3\lib\site-packages\flask\sessions.py", line 79, in __getitem__
    return super().__getitem__(key)
KeyError: 'user_id'
INFO:werkzeug:192.168.0.67 - - [01/Aug/2023 14:24:46] "[35m[1mPOST /login HTTP/1.1[0m" 500 -
INFO:app:cart api
INFO:app:¿ÂπŸ±∏¥œ ∆‰¿Ã¡ˆ ¡¯¿‘
INFO:app:product_id : 6
INFO:werkzeug:192.168.0.136 - - [01/Aug/2023 14:24:46] "GET /cart HTTP/1.1" 200 -
INFO:werkzeug:192.168.0.50 - - [01/Aug/2023 14:24:46] "POST /cart HTTP/1.1" 200 -
INFO:app:¿ÂπŸ±∏¥œ ∆‰¿Ã¡ˆ ¡¯¿‘
INFO:app:product_id : 4
INFO:app:cart api
INFO:werkzeug:192.168.0.146 - - [01/Aug/2023 14:24:46] "POST /cart HTTP/1.1" 200 -
INFO:werkzeug:192.168.0.104 - - [01/Aug/2023 14:24:46] "GET /cart HTTP/1.1" 200 -
INFO:app:cart api
INFO:werkzeug:192.168.0.104 - - [01/Aug/2023 14:24:46] "GET /cart HTTP/1.1" 200 -
INFO:app:cart api
INFO:werkzeug:192.168.0.136 - - [01/Aug/2023 14:24:46] "GET /cart HTTP/1.1" 200 -
INFO:app:¿ÂπŸ±∏¥œ ∆‰¿Ã¡ˆ ¡¯¿‘
INFO:app:product_id : 1
INFO:werkzeug:192.168.0.28 - - [01/Aug/2023 14:24:46] "POST /cart HTTP/1.1" 200 -
INFO:app:¿ÂπŸ±∏¥œ ∆‰¿Ã¡ˆ ¡¯¿‘
INFO:app:product_id : 6
INFO:werkzeug:192.168.0.50 - - [01/Aug/2023 14:24:46] "POST /cart HTTP/1.1" 200 -
INFO:app:cart api
INFO:werkzeug:192.168.0.136 - - [01/Aug/2023 14:24:46] "GET /cart HTTP/1.1" 200 -
INFO:app:¿ÂπŸ±∏¥œ ∆‰¿Ã¡ˆ ¡¯¿‘
INFO:app:product_id : 4
INFO:werkzeug:192.168.0.146 - - [01/Aug/2023 14:24:47] "POST /cart HTTP/1.1" 200 -
INFO:app:cart api
INFO:werkzeug:192.168.0.136 - - [01/Aug/2023 14:24:47] "GET /cart HTTP/1.1" 200 -
INFO:app:¿ÂπŸ±∏¥œ ∆‰¿Ã¡ˆ ¡¯¿‘
INFO:app:product_id : 6
INFO:werkzeug:192.168.0.50 - - [01/Aug/2023 14:24:47] "POST /cart HTTP/1.1" 200 -
INFO:app:∑Œ±◊¿Œ ∆‰¿Ã¡ˆ ¡¯¿‘
INFO:werkzeug:192.168.0.111 - - [01/Aug/2023 14:24:47] "GET /login HTTP/1.1" 200 -
INFO:app:cart api
INFO:werkzeug:192.168.0.138 - - [01/Aug/2023 14:24:47] "GET /cart HTTP/1.1" 200 -
INFO:app:cart api
INFO:werkzeug:192.168.0.136 - - [01/Aug/2023 14:24:47] "GET /cart HTTP/1.1" 200 -
INFO:app:¿ÂπŸ±∏¥œ ∆‰¿Ã¡ˆ ¡¯¿‘
INFO:app:product_id : 6
INFO:werkzeug:192.168.0.50 - - [01/Aug/2023 14:24:47] "POST /cart HTTP/1.1" 200 -
INFO:app:cart api
INFO:werkzeug:192.168.0.136 - - [01/Aug/2023 14:24:47] "GET /cart HTTP/1.1" 200 -
INFO:app:cart api
INFO:werkzeug:192.168.0.136 - - [01/Aug/2023 14:24:47] "GET /cart HTTP/1.1" 200 -
INFO:app:cart api
INFO:app:¿ÂπŸ±∏¥œ ∆‰¿Ã¡ˆ ¡¯¿‘
INFO:app:product_id : 4
INFO:werkzeug:192.168.0.138 - - [01/Aug/2023 14:24:47] "GET /cart HTTP/1.1" 200 -
INFO:werkzeug:192.168.0.146 - - [01/Aug/2023 14:24:47] "POST /cart HTTP/1.1" 200 -
INFO:app:¿ÂπŸ±∏¥œ ∆‰¿Ã¡ˆ ¡¯¿‘
INFO:app:product_id : 6
INFO:app:cart api
INFO:werkzeug:192.168.0.111 - - [01/Aug/2023 14:24:47] "[33mGET /script.js HTTP/1.1[0m" 404 -
INFO:werkzeug:192.168.0.50 - - [01/Aug/2023 14:24:47] "POST /cart HTTP/1.1" 200 -
INFO:werkzeug:192.168.0.136 - - [01/Aug/2023 14:24:47] "GET /cart HTTP/1.1" 200 -
INFO:app:∑Œ±◊¿Œ ∆‰¿Ã¡ˆ ¡¯¿‘
INFO:werkzeug:192.168.0.106 - - [01/Aug/2023 14:24:47] "GET /login HTTP/1.1" 200 -
INFO:werkzeug:192.168.0.106 - - [01/Aug/2023 14:24:47] "[36mGET /static/signin.css HTTP/1.1[0m" 304 -
INFO:werkzeug:192.168.0.106 - - [01/Aug/2023 14:24:47] "[36mGET /static/images/catlogo_1.png HTTP/1.1[0m" 304 -
INFO:werkzeug:192.168.0.106 - - [01/Aug/2023 14:24:47] "[36mGET /static/dist/css/bootstrap.min.css HTTP/1.1[0m" 304 -
INFO:app:cart api
INFO:werkzeug:192.168.0.138 - - [01/Aug/2023 14:24:47] "GET /cart HTTP/1.1" 200 -
INFO:app:cart api
INFO:werkzeug:192.168.0.136 - - [01/Aug/2023 14:24:47] "GET /cart HTTP/1.1" 200 -
INFO:app:¿ÂπŸ±∏¥œ ∆‰¿Ã¡ˆ ¡¯¿‘
INFO:app:product_id : 6
INFO:werkzeug:192.168.0.50 - - [01/Aug/2023 14:24:48] "POST /cart HTTP/1.1" 200 -
INFO:app:¿ÂπŸ±∏¥œ ∆‰¿Ã¡ˆ ¡¯¿‘
INFO:app:product_id : 4
INFO:werkzeug:192.168.0.146 - - [01/Aug/2023 14:24:48] "POST /cart HTTP/1.1" 200 -
INFO:app:cart api
INFO:werkzeug:192.168.0.136 - - [01/Aug/2023 14:24:48] "GET /cart HTTP/1.1" 200 -
INFO:app:cart api
INFO:werkzeug:192.168.0.138 - - [01/Aug/2023 14:24:48] "GET /cart HTTP/1.1" 200 -
INFO:app:cart api
INFO:werkzeug:192.168.0.91 - - [01/Aug/2023 14:24:48] "GET /cart HTTP/1.1" 200 -
INFO:app:¿ÂπŸ±∏¥œ ∆‰¿Ã¡ˆ ¡¯¿‘
INFO:app:product_id : 6
INFO:werkzeug:192.168.0.50 - - [01/Aug/2023 14:24:48] "POST /cart HTTP/1.1" 200 -
INFO:app:¿ÂπŸ±∏¥œ ∆‰¿Ã¡ˆ ¡¯¿‘
INFO:app:product_id : 2
INFO:app:cart api
INFO:werkzeug:192.168.0.110 - - [01/Aug/2023 14:24:48] "POST /cart HTTP/1.1" 200 -
INFO:werkzeug:192.168.0.136 - - [01/Aug/2023 14:24:48] "GET /cart HTTP/1.1" 200 -
INFO:app:cart api
INFO:werkzeug:192.168.0.138 - - [01/Aug/2023 14:24:48] "GET /cart HTTP/1.1" 200 -
INFO:app:¿ÂπŸ±∏¥œ ∆‰¿Ã¡ˆ ¡¯¿‘
INFO:app:product_id : 5
INFO:werkzeug:192.168.0.81 - - [01/Aug/2023 14:24:48] "POST /cart HTTP/1.1" 200 -
INFO:app:¿ÂπŸ±∏¥œ ∆‰¿Ã¡ˆ ¡¯¿‘
INFO:app:product_id : 6
INFO:werkzeug:192.168.0.50 - - [01/Aug/2023 14:24:48] "POST /cart HTTP/1.1" 200 -
INFO:app:cart api
INFO:app:cart api
INFO:werkzeug:192.168.0.138 - - [01/Aug/2023 14:24:48] "GET /cart HTTP/1.1" 200 -
INFO:werkzeug:192.168.0.136 - - [01/Aug/2023 14:24:48] "GET /cart HTTP/1.1" 200 -
INFO:app:cart api
INFO:app:¿ÂπŸ±∏¥œ ∆‰¿Ã¡ˆ ¡¯¿‘
INFO:app:product_id : 6
INFO:werkzeug:192.168.0.138 - - [01/Aug/2023 14:24:48] "GET /cart HTTP/1.1" 200 -
INFO:app:cart api
INFO:werkzeug:192.168.0.50 - - [01/Aug/2023 14:24:48] "POST /cart HTTP/1.1" 200 -
INFO:werkzeug:192.168.0.136 - - [01/Aug/2023 14:24:48] "GET /cart HTTP/1.1" 200 -
INFO:app:cart api
INFO:app:cart api
INFO:app:cart api
INFO:werkzeug:192.168.0.125 - - [01/Aug/2023 14:24:49] "GET /cart HTTP/1.1" 200 -
INFO:werkzeug:192.168.0.138 - - [01/Aug/2023 14:24:49] "GET /cart HTTP/1.1" 200 -
INFO:werkzeug:192.168.0.136 - - [01/Aug/2023 14:24:49] "GET /cart HTTP/1.1" 200 -
INFO:app:cart api
INFO:werkzeug:192.168.0.138 - - [01/Aug/2023 14:24:49] "GET /cart HTTP/1.1" 200 -
INFO:app:cart api
INFO:werkzeug:192.168.0.104 - - [01/Aug/2023 14:24:49] "GET /cart HTTP/1.1" 200 -
INFO:app:cart api
INFO:app:¿ÂπŸ±∏¥œ ∆‰¿Ã¡ˆ ¡¯¿‘
INFO:app:product_id : 3
INFO:werkzeug:192.168.0.136 - - [01/Aug/2023 14:24:49] "GET /cart HTTP/1.1" 200 -
INFO:werkzeug:192.168.0.146 - - [01/Aug/2023 14:24:49] "POST /cart HTTP/1.1" 200 -
INFO:app:cart api
INFO:werkzeug:192.168.0.91 - - [01/Aug/2023 14:24:49] "GET /cart HTTP/1.1" 200 -
INFO:app:¿ÂπŸ±∏¥œ ∆‰¿Ã¡ˆ ¡¯¿‘
INFO:app:product_id : 6
INFO:werkzeug:192.168.0.67 - - [01/Aug/2023 14:24:49] "GET / HTTP/1.1" 200 -
INFO:werkzeug:192.168.0.50 - - [01/Aug/2023 14:24:49] "POST /cart HTTP/1.1" 200 -
INFO:app:cart api
INFO:app:¿ÂπŸ±∏¥œ ∆‰¿Ã¡ˆ ¡¯¿‘
INFO:app:product_id : 6
INFO:werkzeug:192.168.0.138 - - [01/Aug/2023 14:24:49] "GET /cart HTTP/1.1" 200 -
INFO:app:cart api
INFO:werkzeug:192.168.0.50 - - [01/Aug/2023 14:24:49] "POST /cart HTTP/1.1" 200 -
INFO:werkzeug:192.168.0.136 - - [01/Aug/2023 14:24:49] "GET /cart HTTP/1.1" 200 -
INFO:app:¿ÂπŸ±∏¥œ ∆‰¿Ã¡ˆ ¡¯¿‘
INFO:app:product_id : 3
INFO:app:¿ÂπŸ±∏¥œ ∆‰¿Ã¡ˆ ¡¯¿‘
INFO:app:product_id : 6
INFO:werkzeug:192.168.0.50 - - [01/Aug/2023 14:24:49] "POST /cart HTTP/1.1" 200 -
INFO:werkzeug:192.168.0.146 - - [01/Aug/2023 14:24:49] "POST /cart HTTP/1.1" 200 -
INFO:app:cart api
INFO:app:cart api
INFO:werkzeug:192.168.0.125 - - [01/Aug/2023 14:24:49] "GET /cart HTTP/1.1" 200 -
INFO:werkzeug:192.168.0.67 - - [01/Aug/2023 14:24:49] "[33mGET /script.js HTTP/1.1[0m" 404 -
INFO:werkzeug:192.168.0.67 - - [01/Aug/2023 14:24:49] "[36mGET /static/images/0721.jpg HTTP/1.1[0m" 304 -
INFO:werkzeug:192.168.0.138 - - [01/Aug/2023 14:24:49] "GET /cart HTTP/1.1" 200 -
INFO:werkzeug:192.168.0.67 - - [01/Aug/2023 14:24:49] "[36mGET /static/css/style.css HTTP/1.1[0m" 304 -
INFO:werkzeug:192.168.0.67 - - [01/Aug/2023 14:24:49] "[33mGET /static/images/abput-img.png HTTP/1.1[0m" 404 -
INFO:app:¿ÂπŸ±∏¥œ ∆‰¿Ã¡ˆ ¡¯¿‘
INFO:app:product_id : 6
INFO:werkzeug:192.168.0.67 - - [01/Aug/2023 14:24:49] "[36mGET /static/images/food.jpg HTTP/1.1[0m" 304 -
INFO:werkzeug:192.168.0.50 - - [01/Aug/2023 14:24:49] "POST /cart HTTP/1.1" 200 -
INFO:werkzeug:192.168.0.67 - - [01/Aug/2023 14:24:49] "[36mGET /static/images/img-1.png HTTP/1.1[0m" 304 -
INFO:app:cart api
INFO:app:cart api
INFO:werkzeug:192.168.0.136 - - [01/Aug/2023 14:24:49] "GET /cart HTTP/1.1" 200 -
INFO:werkzeug:192.168.0.138 - - [01/Aug/2023 14:24:49] "GET /cart HTTP/1.1" 200 -
INFO:app:cart api
INFO:werkzeug:192.168.0.67 - - [01/Aug/2023 14:24:49] "[36mGET /static/images/img-2.png HTTP/1.1[0m" 304 -
INFO:werkzeug:192.168.0.138 - - [01/Aug/2023 14:24:49] "GET /cart HTTP/1.1" 200 -
INFO:werkzeug:192.168.0.67 - - [01/Aug/2023 14:24:49] "[36mGET /static/images/img-3.png HTTP/1.1[0m" 304 -
INFO:app:cart api
INFO:werkzeug:192.168.0.67 - - [01/Aug/2023 14:24:49] "[36mGET /static/images/img-4.png HTTP/1.1[0m" 304 -
INFO:werkzeug:192.168.0.91 - - [01/Aug/2023 14:24:49] "GET /cart HTTP/1.1" 200 -
INFO:app:¿ÂπŸ±∏¥œ ∆‰¿Ã¡ˆ ¡¯¿‘
INFO:app:product_id : 6
INFO:werkzeug:192.168.0.81 - - [01/Aug/2023 14:24:49] "POST /cart HTTP/1.1" 200 -
INFO:app:cart api
INFO:werkzeug:192.168.0.136 - - [01/Aug/2023 14:24:49] "GET /cart HTTP/1.1" 200 -
INFO:app:cart api
INFO:werkzeug:192.168.0.138 - - [01/Aug/2023 14:24:50] "GET /cart HTTP/1.1" 200 -
INFO:app:cart api
INFO:werkzeug:192.168.0.125 - - [01/Aug/2023 14:24:50] "GET /cart HTTP/1.1" 200 -
INFO:app:cart api
INFO:app:cart api
INFO:werkzeug:192.168.0.136 - - [01/Aug/2023 14:24:50] "GET /cart HTTP/1.1" 200 -
INFO:werkzeug:192.168.0.138 - - [01/Aug/2023 14:24:50] "GET /cart HTTP/1.1" 200 -
INFO:app:∑Œ±◊¿Œ ∆‰¿Ã¡ˆ ¡¯¿‘
ERROR:app:Exception on /login [POST]
Traceback (most recent call last):
  File "C:\Users\okseok\anaconda3\lib\site-packages\flask\app.py", line 2190, in wsgi_app
    response = self.full_dispatch_request()
  File "C:\Users\okseok\anaconda3\lib\site-packages\flask\app.py", line 1486, in full_dispatch_request
    rv = self.handle_user_exception(e)
  File "C:\Users\okseok\anaconda3\lib\site-packages\flask\app.py", line 1484, in full_dispatch_request
    rv = self.dispatch_request()
  File "C:\Users\okseok\anaconda3\lib\site-packages\flask\app.py", line 1469, in dispatch_request
    return self.ensure_sync(self.view_functions[rule.endpoint])(**view_args)
  File "C:\ITStudy\06_flask\onlineshop\personal_project-main\app\views\control_views.py", line 252, in login
    print(session['user_id'])
  File "C:\Users\okseok\anaconda3\lib\site-packages\flask\sessions.py", line 79, in __getitem__
    return super().__getitem__(key)
KeyError: 'user_id'
INFO:werkzeug:192.168.0.133 - - [01/Aug/2023 14:24:50] "[35m[1mPOST /login HTTP/1.1[0m" 500 -
INFO:app:cart api
INFO:werkzeug:192.168.0.138 - - [01/Aug/2023 14:24:50] "GET /cart HTTP/1.1" 200 -
INFO:app:cart api
INFO:werkzeug:192.168.0.136 - - [01/Aug/2023 14:24:50] "GET /cart HTTP/1.1" 200 -
INFO:app:cart api
INFO:werkzeug:192.168.0.138 - - [01/Aug/2023 14:24:50] "GET /cart HTTP/1.1" 200 -
INFO:app:cart api
INFO:werkzeug:192.168.0.91 - - [01/Aug/2023 14:24:50] "GET /cart HTTP/1.1" 200 -
INFO:app:cart api
INFO:app:cart api
INFO:werkzeug:192.168.0.125 - - [01/Aug/2023 14:24:50] "GET /cart HTTP/1.1" 200 -
INFO:werkzeug:192.168.0.136 - - [01/Aug/2023 14:24:50] "GET /cart HTTP/1.1" 200 -
INFO:app:cart api
INFO:werkzeug:192.168.0.138 - - [01/Aug/2023 14:24:50] "GET /cart HTTP/1.1" 200 -
INFO:app:∑Œ±◊¿Œ ∆‰¿Ã¡ˆ ¡¯¿‘
INFO:werkzeug:192.168.0.67 - - [01/Aug/2023 14:24:50] "GET /login HTTP/1.1" 200 -
INFO:werkzeug:192.168.0.67 - - [01/Aug/2023 14:24:50] "[36mGET /static/dist/css/bootstrap.min.css HTTP/1.1[0m" 304 -
INFO:werkzeug:192.168.0.67 - - [01/Aug/2023 14:24:50] "[36mGET /static/signin.css HTTP/1.1[0m" 304 -
INFO:werkzeug:192.168.0.67 - - [01/Aug/2023 14:24:50] "[36mGET /static/images/catlogo_1.png HTTP/1.1[0m" 304 -
INFO:app:cart api
INFO:werkzeug:192.168.0.136 - - [01/Aug/2023 14:24:50] "GET /cart HTTP/1.1" 200 -
INFO:app:cart api
INFO:werkzeug:192.168.0.138 - - [01/Aug/2023 14:24:51] "GET /cart HTTP/1.1" 200 -
INFO:app:cart api
INFO:app:cart api
INFO:werkzeug:192.168.0.106 - - [01/Aug/2023 14:24:51] "GET /cart HTTP/1.1" 200 -
INFO:werkzeug:192.168.0.91 - - [01/Aug/2023 14:24:51] "GET /cart HTTP/1.1" 200 -
INFO:app:cart api
INFO:werkzeug:192.168.0.106 - - [01/Aug/2023 14:24:51] "GET /cart HTTP/1.1" 200 -
INFO:app:cart api
INFO:werkzeug:192.168.0.136 - - [01/Aug/2023 14:24:51] "GET /cart HTTP/1.1" 200 -
INFO:app:¿ÂπŸ±∏¥œ ∆‰¿Ã¡ˆ ¡¯¿‘
INFO:app:product_id : 6
INFO:app:¿ÂπŸ±∏¥œ ∆‰¿Ã¡ˆ ¡¯¿‘
INFO:app:product_id : 7
INFO:app:cart api
INFO:werkzeug:192.168.0.50 - - [01/Aug/2023 14:24:51] "POST /cart HTTP/1.1" 200 -
INFO:werkzeug:192.168.0.138 - - [01/Aug/2023 14:24:51] "GET /cart HTTP/1.1" 200 -
INFO:werkzeug:192.168.0.81 - - [01/Aug/2023 14:24:51] "POST /cart HTTP/1.1" 200 -
INFO:app:cart api
INFO:werkzeug:192.168.0.136 - - [01/Aug/2023 14:24:51] "GET /cart HTTP/1.1" 200 -
INFO:app:¿ÂπŸ±∏¥œ ∆‰¿Ã¡ˆ ¡¯¿‘
INFO:app:product_id : 6
INFO:app:cart api
INFO:werkzeug:192.168.0.50 - - [01/Aug/2023 14:24:51] "POST /cart HTTP/1.1" 200 -
INFO:werkzeug:192.168.0.91 - - [01/Aug/2023 14:24:51] "GET /cart HTTP/1.1" 200 -
INFO:app:¿ÂπŸ±∏¥œ ∆‰¿Ã¡ˆ ¡¯¿‘
INFO:app:product_id : 3
INFO:werkzeug:192.168.0.146 - - [01/Aug/2023 14:24:51] "POST /cart HTTP/1.1" 200 -
INFO:app:cart api
INFO:app:cart api
INFO:werkzeug:192.168.0.138 - - [01/Aug/2023 14:24:51] "GET /cart HTTP/1.1" 200 -
INFO:werkzeug:192.168.0.136 - - [01/Aug/2023 14:24:51] "GET /cart HTTP/1.1" 200 -
INFO:app:¿ÂπŸ±∏¥œ ∆‰¿Ã¡ˆ ¡¯¿‘
INFO:app:product_id : 6
INFO:werkzeug:192.168.0.50 - - [01/Aug/2023 14:24:51] "POST /cart HTTP/1.1" 200 -
INFO:app:cart api
INFO:app:cart api
INFO:werkzeug:192.168.0.138 - - [01/Aug/2023 14:24:51] "GET /cart HTTP/1.1" 200 -
INFO:werkzeug:192.168.0.150 - - [01/Aug/2023 14:24:51] "GET /cart HTTP/1.1" 200 -
INFO:app:¿ÂπŸ±∏¥œ ∆‰¿Ã¡ˆ ¡¯¿‘
INFO:app:product_id : 3
INFO:app:cart api
INFO:app:cart api
INFO:werkzeug:192.168.0.136 - - [01/Aug/2023 14:24:51] "GET /cart HTTP/1.1" 200 -
INFO:werkzeug:192.168.0.91 - - [01/Aug/2023 14:24:51] "GET /cart HTTP/1.1" 200 -
INFO:werkzeug:192.168.0.111 - - [01/Aug/2023 14:24:51] "POST /cart HTTP/1.1" 200 -
INFO:app:¿ÂπŸ±∏¥œ ∆‰¿Ã¡ˆ ¡¯¿‘
INFO:app:product_id : 3
INFO:app:cart api
INFO:werkzeug:192.168.0.146 - - [01/Aug/2023 14:24:52] "POST /cart HTTP/1.1" 200 -
INFO:app:cart api
INFO:werkzeug:192.168.0.69 - - [01/Aug/2023 14:24:52] "GET /cart HTTP/1.1" 200 -
INFO:werkzeug:192.168.0.125 - - [01/Aug/2023 14:24:52] "GET /cart HTTP/1.1" 200 -
INFO:app:¿ÂπŸ±∏¥œ ∆‰¿Ã¡ˆ ¡¯¿‘
INFO:app:product_id : 6
INFO:app:cart api
INFO:werkzeug:192.168.0.50 - - [01/Aug/2023 14:24:52] "POST /cart HTTP/1.1" 200 -
INFO:werkzeug:192.168.0.69 - - [01/Aug/2023 14:24:52] "GET /cart HTTP/1.1" 200 -
INFO:app:cart api
INFO:werkzeug:192.168.0.138 - - [01/Aug/2023 14:24:52] "GET /cart HTTP/1.1" 200 -
INFO:app:cart api
INFO:werkzeug:192.168.0.136 - - [01/Aug/2023 14:24:52] "GET /cart HTTP/1.1" 200 -
INFO:app:cart api
INFO:werkzeug:192.168.0.138 - - [01/Aug/2023 14:24:52] "GET /cart HTTP/1.1" 200 -
INFO:app:cart api
INFO:werkzeug:192.168.0.110 - - [01/Aug/2023 14:24:52] "GET /cart HTTP/1.1" 200 -
INFO:app:¿ÂπŸ±∏¥œ ∆‰¿Ã¡ˆ ¡¯¿‘
INFO:app:product_id : 6
INFO:app:cart api
INFO:app:¿ÂπŸ±∏¥œ ∆‰¿Ã¡ˆ ¡¯¿‘
INFO:app:product_id : 3
INFO:werkzeug:192.168.0.50 - - [01/Aug/2023 14:24:52] "POST /cart HTTP/1.1" 200 -
INFO:werkzeug:192.168.0.110 - - [01/Aug/2023 14:24:52] "GET /cart HTTP/1.1" 200 -
INFO:werkzeug:192.168.0.146 - - [01/Aug/2023 14:24:52] "POST /cart HTTP/1.1" 200 -
INFO:app:¿ÂπŸ±∏¥œ ∆‰¿Ã¡ˆ ¡¯¿‘
INFO:app:product_id : 8
INFO:werkzeug:192.168.0.81 - - [01/Aug/2023 14:24:52] "POST /cart HTTP/1.1" 200 -
INFO:app:cart api
INFO:werkzeug:192.168.0.125 - - [01/Aug/2023 14:24:52] "GET /cart HTTP/1.1" 200 -
INFO:app:¿ÂπŸ±∏¥œ ∆‰¿Ã¡ˆ ¡¯¿‘
INFO:app:product_id : 6
INFO:werkzeug:192.168.0.50 - - [01/Aug/2023 14:24:52] "POST /cart HTTP/1.1" 200 -
INFO:app:cart api
INFO:werkzeug:192.168.0.91 - - [01/Aug/2023 14:24:52] "GET /cart HTTP/1.1" 200 -
INFO:app:cart api
INFO:werkzeug:192.168.0.138 - - [01/Aug/2023 14:24:52] "GET /cart HTTP/1.1" 200 -
INFO:app:¿ÂπŸ±∏¥œ ∆‰¿Ã¡ˆ ¡¯¿‘
INFO:app:product_id : 6
INFO:app:cart api
INFO:werkzeug:192.168.0.50 - - [01/Aug/2023 14:24:52] "POST /cart HTTP/1.1" 200 -
INFO:werkzeug:192.168.0.138 - - [01/Aug/2023 14:24:52] "GET /cart HTTP/1.1" 200 -
INFO:app:¿ÂπŸ±∏¥œ ∆‰¿Ã¡ˆ ¡¯¿‘
INFO:app:product_id : 6
INFO:werkzeug:192.168.0.50 - - [01/Aug/2023 14:24:53] "POST /cart HTTP/1.1" 200 -
INFO:app:cart api
INFO:werkzeug:192.168.0.138 - - [01/Aug/2023 14:24:53] "GET /cart HTTP/1.1" 200 -
INFO:werkzeug:192.168.0.114 - - [01/Aug/2023 14:24:53] "GET / HTTP/1.1" 200 -
INFO:werkzeug:192.168.0.114 - - [01/Aug/2023 14:24:53] "[33mGET /script.js HTTP/1.1[0m" 404 -
INFO:werkzeug:192.168.0.114 - - [01/Aug/2023 14:24:53] "GET /static/css/style.css HTTP/1.1" 200 -
INFO:werkzeug:192.168.0.114 - - [01/Aug/2023 14:24:53] "[33mGET /static/images/abput-img.png HTTP/1.1[0m" 404 -
INFO:werkzeug:192.168.0.114 - - [01/Aug/2023 14:24:53] "GET /static/images/0721.jpg HTTP/1.1" 200 -
INFO:werkzeug:192.168.0.114 - - [01/Aug/2023 14:24:53] "GET /static/images/img-1.png HTTP/1.1" 200 -
INFO:werkzeug:192.168.0.114 - - [01/Aug/2023 14:24:53] "GET /static/images/food.jpg HTTP/1.1" 200 -
INFO:werkzeug:192.168.0.114 - - [01/Aug/2023 14:24:53] "GET /static/images/img-2.png HTTP/1.1" 200 -
INFO:werkzeug:192.168.0.114 - - [01/Aug/2023 14:24:53] "GET /static/images/img-3.png HTTP/1.1" 200 -
INFO:app:cart api
INFO:werkzeug:192.168.0.91 - - [01/Aug/2023 14:24:53] "GET /cart HTTP/1.1" 200 -
INFO:app:cart api
INFO:werkzeug:192.168.0.138 - - [01/Aug/2023 14:24:53] "GET /cart HTTP/1.1" 200 -
INFO:app:∑Œ±◊¿Œ ∆‰¿Ã¡ˆ ¡¯¿‘
INFO:werkzeug:192.168.0.133 - - [01/Aug/2023 14:24:53] "GET /login HTTP/1.1" 200 -
INFO:app:¿ÂπŸ±∏¥œ ∆‰¿Ã¡ˆ ¡¯¿‘
INFO:app:product_id : 6
INFO:app:¿ÂπŸ±∏¥œ ∆‰¿Ã¡ˆ ¡¯¿‘
INFO:app:product_id : 6
INFO:werkzeug:192.168.0.50 - - [01/Aug/2023 14:24:53] "POST /cart HTTP/1.1" 200 -
INFO:app:¿ÂπŸ±∏¥œ ∆‰¿Ã¡ˆ ¡¯¿‘
INFO:app:product_id : 3
INFO:werkzeug:192.168.0.50 - - [01/Aug/2023 14:24:53] "POST /cart HTTP/1.1" 200 -
INFO:werkzeug:192.168.0.146 - - [01/Aug/2023 14:24:53] "POST /cart HTTP/1.1" 200 -
INFO:app:cart api
INFO:werkzeug:192.168.0.138 - - [01/Aug/2023 14:24:53] "GET /cart HTTP/1.1" 200 -
INFO:app:∞·¡¶ ∆‰¿Ã¡ˆ ¡¯¿‘ ¡ﬂ
ERROR:app:Exception on /kakaopay/1 [GET]
Traceback (most recent call last):
  File "C:\Users\okseok\anaconda3\lib\site-packages\flask\app.py", line 2190, in wsgi_app
    response = self.full_dispatch_request()
  File "C:\Users\okseok\anaconda3\lib\site-packages\flask\app.py", line 1486, in full_dispatch_request
    rv = self.handle_user_exception(e)
  File "C:\Users\okseok\anaconda3\lib\site-packages\flask\app.py", line 1484, in full_dispatch_request
    rv = self.dispatch_request()
  File "C:\Users\okseok\anaconda3\lib\site-packages\flask\app.py", line 1469, in dispatch_request
    return self.ensure_sync(self.view_functions[rule.endpoint])(**view_args)
  File "C:\ITStudy\06_flask\onlineshop\personal_project-main\app\views\control_views.py", line 183, in kakaopay
    return redirect(url_for('cart.html', products=products, form=form))
  File "C:\Users\okseok\anaconda3\lib\site-packages\flask\helpers.py", line 225, in url_for
    return current_app.url_for(
  File "C:\Users\okseok\anaconda3\lib\site-packages\flask\app.py", line 1697, in url_for
    return self.handle_url_build_error(error, endpoint, values)
  File "C:\Users\okseok\anaconda3\lib\site-packages\flask\app.py", line 1686, in url_for
    rv = url_adapter.build(  # type: ignore[union-attr]
  File "C:\Users\okseok\anaconda3\lib\site-packages\werkzeug\routing\map.py", line 950, in build
    raise BuildError(endpoint, values, method, self)
werkzeug.routing.exceptions.BuildError: Could not build url for endpoint 'cart.html' with values ['form', 'products']. Did you mean 'test.hello_html' instead?
INFO:werkzeug:192.168.0.69 - - [01/Aug/2023 14:24:53] "[35m[1mGET /kakaopay/1 HTTP/1.1[0m" 500 -
INFO:app:cart api
INFO:werkzeug:192.168.0.138 - - [01/Aug/2023 14:24:53] "GET /cart HTTP/1.1" 200 -
INFO:app:¿ÂπŸ±∏¥œ ∆‰¿Ã¡ˆ ¡¯¿‘
INFO:app:product_id : 6
INFO:app:¿ÂπŸ±∏¥œ ∆‰¿Ã¡ˆ ¡¯¿‘
INFO:app:product_id : 4
INFO:app:¿ÂπŸ±∏¥œ ∆‰¿Ã¡ˆ ¡¯¿‘
INFO:app:product_id : 1
INFO:werkzeug:192.168.0.50 - - [01/Aug/2023 14:24:53] "POST /cart HTTP/1.1" 200 -
INFO:werkzeug:192.168.0.81 - - [01/Aug/2023 14:24:53] "POST /cart HTTP/1.1" 200 -
INFO:werkzeug:192.168.0.146 - - [01/Aug/2023 14:24:53] "POST /cart HTTP/1.1" 200 -
INFO:app:cart api
INFO:werkzeug:192.168.0.138 - - [01/Aug/2023 14:24:53] "GET /cart HTTP/1.1" 200 -
INFO:app:cart api
INFO:werkzeug:192.168.0.133 - - [01/Aug/2023 14:24:54] "[33mGET /script.js HTTP/1.1[0m" 404 -
INFO:werkzeug:192.168.0.91 - - [01/Aug/2023 14:24:54] "GET /cart HTTP/1.1" 200 -
INFO:app:¿ÂπŸ±∏¥œ ∆‰¿Ã¡ˆ ¡¯¿‘
INFO:app:product_id : 6
INFO:app:cart api
INFO:werkzeug:192.168.0.50 - - [01/Aug/2023 14:24:54] "POST /cart HTTP/1.1" 200 -
INFO:werkzeug:192.168.0.138 - - [01/Aug/2023 14:24:54] "GET /cart HTTP/1.1" 200 -
INFO:werkzeug:192.168.0.114 - - [01/Aug/2023 14:24:54] "GET /static/images/img-4.png HTTP/1.1" 200 -
INFO:werkzeug:192.168.0.114 - - [01/Aug/2023 14:24:54] "[33mGET /favicon.ico HTTP/1.1[0m" 404 -
INFO:app:cart api
INFO:werkzeug:192.168.0.138 - - [01/Aug/2023 14:24:54] "GET /cart HTTP/1.1" 200 -
INFO:app:¿ÂπŸ±∏¥œ ∆‰¿Ã¡ˆ ¡¯¿‘
INFO:app:product_id : 1
INFO:app:cart api
INFO:werkzeug:192.168.0.146 - - [01/Aug/2023 14:24:54] "POST /cart HTTP/1.1" 200 -
INFO:werkzeug:192.168.0.138 - - [01/Aug/2023 14:24:54] "GET /cart HTTP/1.1" 200 -
INFO:app:¿ÂπŸ±∏¥œ ∆‰¿Ã¡ˆ ¡¯¿‘
INFO:app:product_id : 6
INFO:werkzeug:192.168.0.50 - - [01/Aug/2023 14:24:54] "POST /cart HTTP/1.1" 200 -
INFO:app:cart api
INFO:werkzeug:192.168.0.138 - - [01/Aug/2023 14:24:54] "GET /cart HTTP/1.1" 200 -
INFO:app:∑Œ±◊¿Œ ∆‰¿Ã¡ˆ ¡¯¿‘
ERROR:app:Exception on /login [POST]
Traceback (most recent call last):
  File "C:\Users\okseok\anaconda3\lib\site-packages\flask\app.py", line 2190, in wsgi_app
    response = self.full_dispatch_request()
  File "C:\Users\okseok\anaconda3\lib\site-packages\flask\app.py", line 1486, in full_dispatch_request
    rv = self.handle_user_exception(e)
  File "C:\Users\okseok\anaconda3\lib\site-packages\flask\app.py", line 1484, in full_dispatch_request
    rv = self.dispatch_request()
  File "C:\Users\okseok\anaconda3\lib\site-packages\flask\app.py", line 1469, in dispatch_request
    return self.ensure_sync(self.view_functions[rule.endpoint])(**view_args)
  File "C:\ITStudy\06_flask\onlineshop\personal_project-main\app\views\control_views.py", line 252, in login
    print(session['user_id'])
  File "C:\Users\okseok\anaconda3\lib\site-packages\flask\sessions.py", line 79, in __getitem__
    return super().__getitem__(key)
KeyError: 'user_id'
INFO:werkzeug:192.168.0.67 - - [01/Aug/2023 14:24:54] "[35m[1mPOST /login HTTP/1.1[0m" 500 -
INFO:app:cart api
INFO:app:cart api
INFO:app:cart api
INFO:app:¿ÂπŸ±∏¥œ ∆‰¿Ã¡ˆ ¡¯¿‘
INFO:app:product_id : 6
INFO:werkzeug:192.168.0.138 - - [01/Aug/2023 14:24:55] "GET /cart HTTP/1.1" 200 -
INFO:werkzeug:192.168.0.91 - - [01/Aug/2023 14:24:55] "GET /cart HTTP/1.1" 200 -
INFO:app:¿ÂπŸ±∏¥œ ∆‰¿Ã¡ˆ ¡¯¿‘
INFO:app:product_id : 2
INFO:werkzeug:192.168.0.150 - - [01/Aug/2023 14:24:55] "GET /cart HTTP/1.1" 200 -
INFO:werkzeug:192.168.0.50 - - [01/Aug/2023 14:24:55] "POST /cart HTTP/1.1" 200 -
INFO:app:cart api
INFO:werkzeug:192.168.0.104 - - [01/Aug/2023 14:24:55] "POST /cart HTTP/1.1" 200 -
INFO:app:¿ÂπŸ±∏¥œ ∆‰¿Ã¡ˆ ¡¯¿‘
INFO:app:product_id : 6
INFO:werkzeug:192.168.0.136 - - [01/Aug/2023 14:24:55] "GET /cart HTTP/1.1" 200 -
INFO:werkzeug:192.168.0.50 - - [01/Aug/2023 14:24:55] "POST /cart HTTP/1.1" 200 -
INFO:app:cart api
INFO:werkzeug:192.168.0.138 - - [01/Aug/2023 14:24:55] "GET /cart HTTP/1.1" 200 -
INFO:app:¿ÂπŸ±∏¥œ ∆‰¿Ã¡ˆ ¡¯¿‘
INFO:app:product_id : 3
INFO:werkzeug:192.168.0.81 - - [01/Aug/2023 14:24:55] "POST /cart HTTP/1.1" 200 -
INFO:app:cart api
INFO:werkzeug:192.168.0.28 - - [01/Aug/2023 14:24:55] "GET /cart HTTP/1.1" 200 -
INFO:app:¿ÂπŸ±∏¥œ ∆‰¿Ã¡ˆ ¡¯¿‘
INFO:app:product_id : 1
INFO:app:¿ÂπŸ±∏¥œ ∆‰¿Ã¡ˆ ¡¯¿‘
INFO:app:product_id : 6
INFO:app:¿ÂπŸ±∏¥œ ∆‰¿Ã¡ˆ ¡¯¿‘
INFO:werkzeug:192.168.0.146 - - [01/Aug/2023 14:24:55] "POST /cart HTTP/1.1" 200 -
INFO:app:product_id : 4
INFO:app:¿ÂπŸ±∏¥œ ∆‰¿Ã¡ˆ ¡¯¿‘
INFO:app:product_id : 1
INFO:werkzeug:192.168.0.50 - - [01/Aug/2023 14:24:55] "POST /cart HTTP/1.1" 200 -
INFO:app:cart api
INFO:werkzeug:192.168.0.111 - - [01/Aug/2023 14:24:55] "POST /cart HTTP/1.1" 200 -
INFO:werkzeug:192.168.0.146 - - [01/Aug/2023 14:24:55] "POST /cart HTTP/1.1" 200 -
INFO:werkzeug:192.168.0.138 - - [01/Aug/2023 14:24:55] "GET /cart HTTP/1.1" 200 -
INFO:app:cart api
INFO:app:¿ÂπŸ±∏¥œ ∆‰¿Ã¡ˆ ¡¯¿‘
INFO:app:product_id : 6
INFO:werkzeug:192.168.0.28 - - [01/Aug/2023 14:24:55] "GET /cart HTTP/1.1" 200 -
INFO:werkzeug:192.168.0.50 - - [01/Aug/2023 14:24:55] "POST /cart HTTP/1.1" 200 -
INFO:app:cart api
INFO:werkzeug:192.168.0.150 - - [01/Aug/2023 14:24:55] "GET /cart HTTP/1.1" 200 -
INFO:app:cart api
INFO:werkzeug:192.168.0.138 - - [01/Aug/2023 14:24:55] "GET /cart HTTP/1.1" 200 -
INFO:app:¿ÂπŸ±∏¥œ ∆‰¿Ã¡ˆ ¡¯¿‘
INFO:app:product_id : 6
INFO:werkzeug:192.168.0.50 - - [01/Aug/2023 14:24:55] "POST /cart HTTP/1.1" 200 -
INFO:app:cart api
INFO:werkzeug:192.168.0.91 - - [01/Aug/2023 14:24:55] "GET /cart HTTP/1.1" 200 -
INFO:app:cart api
INFO:werkzeug:192.168.0.138 - - [01/Aug/2023 14:24:55] "GET /cart HTTP/1.1" 200 -
INFO:app:cart api
INFO:app:¿ÂπŸ±∏¥œ ∆‰¿Ã¡ˆ ¡¯¿‘
INFO:app:product_id : 6
INFO:werkzeug:192.168.0.47 - - [01/Aug/2023 14:24:56] "GET /cart HTTP/1.1" 200 -
INFO:app:cart api
INFO:app:cart api
INFO:werkzeug:192.168.0.138 - - [01/Aug/2023 14:24:56] "GET /cart HTTP/1.1" 200 -
INFO:werkzeug:192.168.0.50 - - [01/Aug/2023 14:24:56] "POST /cart HTTP/1.1" 200 -
INFO:werkzeug:192.168.0.150 - - [01/Aug/2023 14:24:56] "GET /cart HTTP/1.1" 200 -
INFO:app:cart api
INFO:app:cart api
INFO:werkzeug:192.168.0.138 - - [01/Aug/2023 14:24:56] "GET /cart HTTP/1.1" 200 -
INFO:werkzeug:192.168.0.91 - - [01/Aug/2023 14:24:56] "GET /cart HTTP/1.1" 200 -
INFO:app:¿ÂπŸ±∏¥œ ∆‰¿Ã¡ˆ ¡¯¿‘
INFO:app:product_id : 3
INFO:app:cart api
INFO:werkzeug:192.168.0.104 - - [01/Aug/2023 14:24:56] "POST /cart HTTP/1.1" 200 -
INFO:werkzeug:192.168.0.136 - - [01/Aug/2023 14:24:56] "GET /cart HTTP/1.1" 200 -
INFO:app:cart api
INFO:werkzeug:192.168.0.138 - - [01/Aug/2023 14:24:56] "GET /cart HTTP/1.1" 200 -
INFO:app:¿ÂπŸ±∏¥œ ∆‰¿Ã¡ˆ ¡¯¿‘
INFO:app:product_id : 6
INFO:werkzeug:192.168.0.50 - - [01/Aug/2023 14:24:56] "POST /cart HTTP/1.1" 200 -
INFO:app:¿ÂπŸ±∏¥œ ∆‰¿Ã¡ˆ ¡¯¿‘
INFO:app:product_id : 2
INFO:werkzeug:192.168.0.81 - - [01/Aug/2023 14:24:56] "POST /cart HTTP/1.1" 200 -
INFO:app:¿ÂπŸ±∏¥œ ∆‰¿Ã¡ˆ ¡¯¿‘
INFO:app:product_id : 6
INFO:werkzeug:192.168.0.50 - - [01/Aug/2023 14:24:56] "POST /cart HTTP/1.1" 200 -
INFO:app:cart api
INFO:werkzeug:192.168.0.150 - - [01/Aug/2023 14:24:56] "GET /cart HTTP/1.1" 200 -
INFO:app:∑Œ±◊¿Œ ∆‰¿Ã¡ˆ ¡¯¿‘
INFO:app:cart api
INFO:werkzeug:192.168.0.114 - - [01/Aug/2023 14:24:56] "GET /login HTTP/1.1" 200 -
INFO:werkzeug:192.168.0.138 - - [01/Aug/2023 14:24:56] "GET /cart HTTP/1.1" 200 -
INFO:app:cart api
INFO:werkzeug:192.168.0.114 - - [01/Aug/2023 14:24:56] "GET /static/dist/css/bootstrap.min.css HTTP/1.1" 200 -
INFO:app:¿ÂπŸ±∏¥œ ∆‰¿Ã¡ˆ ¡¯¿‘
INFO:app:product_id : 3
INFO:werkzeug:192.168.0.136 - - [01/Aug/2023 14:24:56] "GET /cart HTTP/1.1" 200 -
INFO:werkzeug:192.168.0.114 - - [01/Aug/2023 14:24:56] "GET /static/signin.css HTTP/1.1" 200 -
INFO:werkzeug:192.168.0.80 - - [01/Aug/2023 14:24:56] "POST /cart HTTP/1.1" 200 -
INFO:werkzeug:192.168.0.114 - - [01/Aug/2023 14:24:56] "GET /static/images/catlogo_1.png HTTP/1.1" 200 -
INFO:app:cart api
INFO:werkzeug:192.168.0.47 - - [01/Aug/2023 14:24:57] "GET /cart HTTP/1.1" 200 -
INFO:app:cart api
INFO:werkzeug:192.168.0.138 - - [01/Aug/2023 14:24:57] "GET /cart HTTP/1.1" 200 -
INFO:app:cart api
INFO:werkzeug:192.168.0.91 - - [01/Aug/2023 14:24:57] "GET /cart HTTP/1.1" 200 -
INFO:app:cart api
INFO:werkzeug:192.168.0.138 - - [01/Aug/2023 14:24:57] "GET /cart HTTP/1.1" 200 -
INFO:app:cart api
INFO:app:¿ÂπŸ±∏¥œ ∆‰¿Ã¡ˆ ¡¯¿‘
INFO:app:product_id : 6
INFO:werkzeug:192.168.0.136 - - [01/Aug/2023 14:24:57] "GET /cart HTTP/1.1" 200 -
INFO:werkzeug:192.168.0.50 - - [01/Aug/2023 14:24:57] "POST /cart HTTP/1.1" 200 -
INFO:app:cart api
INFO:werkzeug:192.168.0.138 - - [01/Aug/2023 14:24:57] "GET /cart HTTP/1.1" 200 -
INFO:app:cart api
INFO:werkzeug:192.168.0.150 - - [01/Aug/2023 14:24:57] "GET /cart HTTP/1.1" 200 -
INFO:app:¿ÂπŸ±∏¥œ ∆‰¿Ã¡ˆ ¡¯¿‘
INFO:app:product_id : 6
INFO:werkzeug:192.168.0.50 - - [01/Aug/2023 14:24:57] "POST /cart HTTP/1.1" 200 -
INFO:app:cart api
INFO:werkzeug:192.168.0.136 - - [01/Aug/2023 14:24:57] "GET /cart HTTP/1.1" 200 -
INFO:app:cart api
INFO:app:cart api
INFO:werkzeug:192.168.0.47 - - [01/Aug/2023 14:24:57] "GET /cart HTTP/1.1" 200 -
INFO:werkzeug:192.168.0.138 - - [01/Aug/2023 14:24:57] "GET /cart HTTP/1.1" 200 -
INFO:app:¿ÂπŸ±∏¥œ ∆‰¿Ã¡ˆ ¡¯¿‘
INFO:app:product_id : 1
INFO:werkzeug:192.168.0.104 - - [01/Aug/2023 14:24:57] "POST /cart HTTP/1.1" 200 -
INFO:app:¿ÂπŸ±∏¥œ ∆‰¿Ã¡ˆ ¡¯¿‘
INFO:app:product_id : 6
INFO:werkzeug:192.168.0.50 - - [01/Aug/2023 14:24:57] "POST /cart HTTP/1.1" 200 -
INFO:app:cart api
INFO:werkzeug:192.168.0.136 - - [01/Aug/2023 14:24:57] "GET /cart HTTP/1.1" 200 -
INFO:app:cart api
INFO:werkzeug:192.168.0.138 - - [01/Aug/2023 14:24:57] "GET /cart HTTP/1.1" 200 -
INFO:app:cart api
INFO:werkzeug:192.168.0.150 - - [01/Aug/2023 14:24:58] "GET /cart HTTP/1.1" 200 -
INFO:app:cart api
INFO:werkzeug:192.168.0.136 - - [01/Aug/2023 14:24:58] "GET /cart HTTP/1.1" 200 -
INFO:app:¿ÂπŸ±∏¥œ ∆‰¿Ã¡ˆ ¡¯¿‘
INFO:app:product_id : 6
INFO:app:cart api
INFO:werkzeug:192.168.0.50 - - [01/Aug/2023 14:24:58] "POST /cart HTTP/1.1" 200 -
INFO:werkzeug:192.168.0.138 - - [01/Aug/2023 14:24:58] "GET /cart HTTP/1.1" 200 -
INFO:app:cart api
INFO:werkzeug:192.168.0.136 - - [01/Aug/2023 14:24:58] "GET /cart HTTP/1.1" 200 -
INFO:app:¿ÂπŸ±∏¥œ ∆‰¿Ã¡ˆ ¡¯¿‘
INFO:app:product_id : 1
INFO:werkzeug:192.168.0.81 - - [01/Aug/2023 14:24:58] "POST /cart HTTP/1.1" 200 -
INFO:app:¿ÂπŸ±∏¥œ ∆‰¿Ã¡ˆ ¡¯¿‘
INFO:app:product_id : 1
INFO:werkzeug:192.168.0.81 - - [01/Aug/2023 14:24:58] "POST /cart HTTP/1.1" 200 -
INFO:app:cart api
INFO:werkzeug:192.168.0.138 - - [01/Aug/2023 14:24:58] "GET /cart HTTP/1.1" 200 -
INFO:app:cart api
INFO:app:¿ÂπŸ±∏¥œ ∆‰¿Ã¡ˆ ¡¯¿‘
INFO:app:product_id : 6
INFO:werkzeug:192.168.0.136 - - [01/Aug/2023 14:24:58] "GET /cart HTTP/1.1" 200 -
INFO:werkzeug:192.168.0.50 - - [01/Aug/2023 14:24:58] "POST /cart HTTP/1.1" 200 -
INFO:app:cart api
INFO:werkzeug:192.168.0.91 - - [01/Aug/2023 14:24:58] "GET /cart HTTP/1.1" 200 -
INFO:app:cart api
INFO:werkzeug:192.168.0.150 - - [01/Aug/2023 14:24:58] "GET /cart HTTP/1.1" 200 -
INFO:app:cart api
INFO:app:¿ÂπŸ±∏¥œ ∆‰¿Ã¡ˆ ¡¯¿‘
INFO:app:product_id : 6
INFO:werkzeug:192.168.0.136 - - [01/Aug/2023 14:24:58] "GET /cart HTTP/1.1" 200 -
INFO:werkzeug:192.168.0.50 - - [01/Aug/2023 14:24:58] "POST /cart HTTP/1.1" 200 -
INFO:app:cart api
INFO:werkzeug:192.168.0.138 - - [01/Aug/2023 14:24:58] "GET /cart HTTP/1.1" 200 -
INFO:app:¿ÂπŸ±∏¥œ ∆‰¿Ã¡ˆ ¡¯¿‘
INFO:app:product_id : 6
INFO:app:cart api
INFO:werkzeug:192.168.0.50 - - [01/Aug/2023 14:24:59] "POST /cart HTTP/1.1" 200 -
INFO:app:cart api
INFO:werkzeug:192.168.0.91 - - [01/Aug/2023 14:24:59] "GET /cart HTTP/1.1" 200 -
INFO:app:cart api
INFO:werkzeug:192.168.0.138 - - [01/Aug/2023 14:24:59] "GET /cart HTTP/1.1" 200 -
INFO:werkzeug:192.168.0.80 - - [01/Aug/2023 14:24:59] "GET /cart HTTP/1.1" 200 -
INFO:app:cart api
INFO:werkzeug:192.168.0.80 - - [01/Aug/2023 14:24:59] "GET /cart HTTP/1.1" 200 -
INFO:app:¿ÂπŸ±∏¥œ ∆‰¿Ã¡ˆ ¡¯¿‘
INFO:app:product_id : 6
INFO:werkzeug:192.168.0.50 - - [01/Aug/2023 14:24:59] "POST /cart HTTP/1.1" 200 -
INFO:app:cart api
INFO:werkzeug:192.168.0.138 - - [01/Aug/2023 14:24:59] "GET /cart HTTP/1.1" 200 -
INFO:app:cart api
INFO:werkzeug:192.168.0.136 - - [01/Aug/2023 14:24:59] "GET /cart HTTP/1.1" 200 -
INFO:app:¿ÂπŸ±∏¥œ ∆‰¿Ã¡ˆ ¡¯¿‘
INFO:app:product_id : 5
INFO:app:¿ÂπŸ±∏¥œ ∆‰¿Ã¡ˆ ¡¯¿‘
INFO:app:product_id : 6
INFO:werkzeug:192.168.0.104 - - [01/Aug/2023 14:24:59] "POST /cart HTTP/1.1" 200 -
INFO:werkzeug:192.168.0.111 - - [01/Aug/2023 14:24:59] "POST /cart HTTP/1.1" 200 -
INFO:app:cart api
INFO:app:cart api
INFO:app:¿ÂπŸ±∏¥œ ∆‰¿Ã¡ˆ ¡¯¿‘
INFO:app:product_id : 6
INFO:werkzeug:192.168.0.138 - - [01/Aug/2023 14:24:59] "GET /cart HTTP/1.1" 200 -
INFO:werkzeug:192.168.0.136 - - [01/Aug/2023 14:24:59] "GET /cart HTTP/1.1" 200 -
INFO:werkzeug:192.168.0.50 - - [01/Aug/2023 14:24:59] "POST /cart HTTP/1.1" 200 -
INFO:app:cart api
INFO:werkzeug:192.168.0.138 - - [01/Aug/2023 14:24:59] "GET /cart HTTP/1.1" 200 -
INFO:app:cart api
INFO:werkzeug:192.168.0.136 - - [01/Aug/2023 14:24:59] "GET /cart HTTP/1.1" 200 -
INFO:app:cart api
INFO:werkzeug:192.168.0.150 - - [01/Aug/2023 14:24:59] "GET /cart HTTP/1.1" 200 -
INFO:app:¿ÂπŸ±∏¥œ ∆‰¿Ã¡ˆ ¡¯¿‘
INFO:app:product_id : 6
INFO:werkzeug:192.168.0.50 - - [01/Aug/2023 14:24:59] "POST /cart HTTP/1.1" 200 -
INFO:app:cart api
INFO:werkzeug:192.168.0.138 - - [01/Aug/2023 14:24:59] "GET /cart HTTP/1.1" 200 -
INFO:app:∑Œ±◊¿Œ ∆‰¿Ã¡ˆ ¡¯¿‘
ERROR:app:Exception on /login [POST]
Traceback (most recent call last):
  File "C:\Users\okseok\anaconda3\lib\site-packages\flask\app.py", line 2190, in wsgi_app
    response = self.full_dispatch_request()
  File "C:\Users\okseok\anaconda3\lib\site-packages\flask\app.py", line 1486, in full_dispatch_request
    rv = self.handle_user_exception(e)
  File "C:\Users\okseok\anaconda3\lib\site-packages\flask\app.py", line 1484, in full_dispatch_request
    rv = self.dispatch_request()
  File "C:\Users\okseok\anaconda3\lib\site-packages\flask\app.py", line 1469, in dispatch_request
    return self.ensure_sync(self.view_functions[rule.endpoint])(**view_args)
  File "C:\ITStudy\06_flask\onlineshop\personal_project-main\app\views\control_views.py", line 252, in login
    print(session['user_id'])
  File "C:\Users\okseok\anaconda3\lib\site-packages\flask\sessions.py", line 79, in __getitem__
    return super().__getitem__(key)
KeyError: 'user_id'
INFO:werkzeug:192.168.0.107 - - [01/Aug/2023 14:24:59] "[35m[1mPOST /login HTTP/1.1[0m" 500 -
INFO:app:cart api
INFO:app:cart api
INFO:werkzeug:192.168.0.91 - - [01/Aug/2023 14:24:59] "GET /cart HTTP/1.1" 200 -
INFO:werkzeug:192.168.0.136 - - [01/Aug/2023 14:25:00] "GET /cart HTTP/1.1" 200 -
INFO:app:cart api
INFO:werkzeug:192.168.0.138 - - [01/Aug/2023 14:25:00] "GET /cart HTTP/1.1" 200 -
INFO:app:cart api
INFO:werkzeug:192.168.0.136 - - [01/Aug/2023 14:25:00] "GET /cart HTTP/1.1" 200 -
INFO:app:cart api
INFO:app:cart api
INFO:werkzeug:192.168.0.150 - - [01/Aug/2023 14:25:00] "GET /cart HTTP/1.1" 200 -
INFO:werkzeug:192.168.0.138 - - [01/Aug/2023 14:25:00] "GET /cart HTTP/1.1" 200 -
INFO:app:cart api
INFO:werkzeug:192.168.0.136 - - [01/Aug/2023 14:25:00] "GET /cart HTTP/1.1" 200 -
INFO:app:¿ÂπŸ±∏¥œ ∆‰¿Ã¡ˆ ¡¯¿‘
INFO:app:product_id : 6
INFO:app:cart api
INFO:werkzeug:192.168.0.50 - - [01/Aug/2023 14:25:00] "POST /cart HTTP/1.1" 200 -
INFO:werkzeug:192.168.0.138 - - [01/Aug/2023 14:25:00] "GET /cart HTTP/1.1" 200 -
INFO:app:cart api
INFO:app:cart api
INFO:werkzeug:192.168.0.91 - - [01/Aug/2023 14:25:00] "GET /cart HTTP/1.1" 200 -
INFO:werkzeug:192.168.0.136 - - [01/Aug/2023 14:25:00] "GET /cart HTTP/1.1" 200 -
INFO:app:cart api
INFO:werkzeug:192.168.0.138 - - [01/Aug/2023 14:25:00] "GET /cart HTTP/1.1" 200 -
INFO:app:¿ÂπŸ±∏¥œ ∆‰¿Ã¡ˆ ¡¯¿‘
INFO:app:product_id : 6
INFO:werkzeug:192.168.0.50 - - [01/Aug/2023 14:25:00] "POST /cart HTTP/1.1" 200 -
INFO:app:cart api
INFO:app:cart api
INFO:werkzeug:192.168.0.150 - - [01/Aug/2023 14:25:00] "GET /cart HTTP/1.1" 200 -
INFO:werkzeug:192.168.0.136 - - [01/Aug/2023 14:25:00] "GET /cart HTTP/1.1" 200 -
INFO:app:cart api
INFO:werkzeug:192.168.0.138 - - [01/Aug/2023 14:25:00] "GET /cart HTTP/1.1" 200 -
INFO:app:¿ÂπŸ±∏¥œ ∆‰¿Ã¡ˆ ¡¯¿‘
INFO:app:product_id : 6
INFO:werkzeug:192.168.0.50 - - [01/Aug/2023 14:25:01] "POST /cart HTTP/1.1" 200 -
INFO:app:cart api
INFO:werkzeug:192.168.0.136 - - [01/Aug/2023 14:25:01] "GET /cart HTTP/1.1" 200 -
INFO:app:cart api
INFO:werkzeug:192.168.0.138 - - [01/Aug/2023 14:25:01] "GET /cart HTTP/1.1" 200 -
INFO:app:cart api
INFO:werkzeug:192.168.0.91 - - [01/Aug/2023 14:25:01] "GET /cart HTTP/1.1" 200 -
INFO:app:cart api
INFO:app:cart api
INFO:werkzeug:192.168.0.150 - - [01/Aug/2023 14:25:01] "GET /cart HTTP/1.1" 200 -
INFO:app:¿ÂπŸ±∏¥œ ∆‰¿Ã¡ˆ ¡¯¿‘
INFO:app:product_id : 6
INFO:app:cart api
INFO:werkzeug:192.168.0.138 - - [01/Aug/2023 14:25:01] "GET /cart HTTP/1.1" 200 -
INFO:werkzeug:192.168.0.50 - - [01/Aug/2023 14:25:01] "POST /cart HTTP/1.1" 200 -
INFO:werkzeug:192.168.0.136 - - [01/Aug/2023 14:25:01] "GET /cart HTTP/1.1" 200 -
INFO:app:¿ÂπŸ±∏¥œ ∆‰¿Ã¡ˆ ¡¯¿‘
INFO:app:product_id : 5
INFO:app:cart api
INFO:werkzeug:192.168.0.138 - - [01/Aug/2023 14:25:01] "GET /cart HTTP/1.1" 200 -
INFO:werkzeug:192.168.0.81 - - [01/Aug/2023 14:25:01] "POST /cart HTTP/1.1" 200 -
INFO:app:cart api
INFO:app:¿ÂπŸ±∏¥œ ∆‰¿Ã¡ˆ ¡¯¿‘
INFO:app:product_id : 6
INFO:werkzeug:192.168.0.136 - - [01/Aug/2023 14:25:01] "GET /cart HTTP/1.1" 200 -
INFO:werkzeug:192.168.0.50 - - [01/Aug/2023 14:25:01] "POST /cart HTTP/1.1" 200 -
INFO:app:¿ÂπŸ±∏¥œ ∆‰¿Ã¡ˆ ¡¯¿‘
INFO:app:product_id : 6
INFO:werkzeug:192.168.0.104 - - [01/Aug/2023 14:25:01] "POST /cart HTTP/1.1" 200 -
INFO:app:cart api
INFO:werkzeug:192.168.0.136 - - [01/Aug/2023 14:25:01] "GET /cart HTTP/1.1" 200 -
INFO:app:¿ÂπŸ±∏¥œ ∆‰¿Ã¡ˆ ¡¯¿‘
INFO:app:product_id : 1
INFO:app:¿ÂπŸ±∏¥œ ∆‰¿Ã¡ˆ ¡¯¿‘
INFO:app:product_id : 6
INFO:app:cart api
INFO:werkzeug:192.168.0.146 - - [01/Aug/2023 14:25:01] "POST /cart HTTP/1.1" 200 -
INFO:werkzeug:192.168.0.138 - - [01/Aug/2023 14:25:01] "GET /cart HTTP/1.1" 200 -
INFO:werkzeug:192.168.0.50 - - [01/Aug/2023 14:25:01] "POST /cart HTTP/1.1" 200 -
INFO:app:cart api
INFO:werkzeug:192.168.0.91 - - [01/Aug/2023 14:25:02] "GET /cart HTTP/1.1" 200 -
INFO:app:cart api
INFO:werkzeug:192.168.0.138 - - [01/Aug/2023 14:25:02] "GET /cart HTTP/1.1" 200 -
INFO:app:¿ÂπŸ±∏¥œ ∆‰¿Ã¡ˆ ¡¯¿‘
INFO:app:product_id : 1
INFO:werkzeug:192.168.0.146 - - [01/Aug/2023 14:25:02] "POST /cart HTTP/1.1" 200 -
INFO:app:cart api
INFO:werkzeug:192.168.0.138 - - [01/Aug/2023 14:25:02] "GET /cart HTTP/1.1" 200 -
INFO:app:¿ÂπŸ±∏¥œ ∆‰¿Ã¡ˆ ¡¯¿‘
INFO:app:product_id : 1
INFO:werkzeug:192.168.0.146 - - [01/Aug/2023 14:25:02] "POST /cart HTTP/1.1" 200 -
INFO:app:¿ÂπŸ±∏¥œ ∆‰¿Ã¡ˆ ¡¯¿‘
INFO:app:product_id : 6
INFO:werkzeug:192.168.0.50 - - [01/Aug/2023 14:25:02] "POST /cart HTTP/1.1" 200 -
INFO:app:cart api
INFO:werkzeug:192.168.0.138 - - [01/Aug/2023 14:25:02] "GET /cart HTTP/1.1" 200 -
INFO:app:¿ÂπŸ±∏¥œ ∆‰¿Ã¡ˆ ¡¯¿‘
INFO:app:product_id : 1
INFO:werkzeug:192.168.0.146 - - [01/Aug/2023 14:25:02] "POST /cart HTTP/1.1" 200 -
INFO:app:¿ÂπŸ±∏¥œ ∆‰¿Ã¡ˆ ¡¯¿‘
INFO:app:product_id : 6
INFO:werkzeug:192.168.0.50 - - [01/Aug/2023 14:25:02] "POST /cart HTTP/1.1" 200 -
INFO:app:cart api
INFO:werkzeug:192.168.0.138 - - [01/Aug/2023 14:25:02] "GET /cart HTTP/1.1" 200 -
INFO:app:¿ÂπŸ±∏¥œ ∆‰¿Ã¡ˆ ¡¯¿‘
INFO:app:product_id : 1
INFO:werkzeug:192.168.0.146 - - [01/Aug/2023 14:25:03] "POST /cart HTTP/1.1" 200 -
INFO:app:¿ÂπŸ±∏¥œ ∆‰¿Ã¡ˆ ¡¯¿‘
INFO:app:cart api
INFO:app:product_id : 1
INFO:app:cart api
INFO:app:¿ÂπŸ±∏¥œ ∆‰¿Ã¡ˆ ¡¯¿‘
INFO:app:product_id : 6
INFO:app:¿ÂπŸ±∏¥œ ∆‰¿Ã¡ˆ ¡¯¿‘
INFO:app:product_id : 6
INFO:werkzeug:192.168.0.138 - - [01/Aug/2023 14:25:03] "GET /cart HTTP/1.1" 200 -
INFO:werkzeug:192.168.0.91 - - [01/Aug/2023 14:25:03] "GET /cart HTTP/1.1" 200 -
INFO:werkzeug:192.168.0.146 - - [01/Aug/2023 14:25:03] "POST /cart HTTP/1.1" 200 -
INFO:werkzeug:192.168.0.50 - - [01/Aug/2023 14:25:03] "POST /cart HTTP/1.1" 200 -
INFO:app:¿ÂπŸ±∏¥œ ∆‰¿Ã¡ˆ ¡¯¿‘
INFO:app:product_id : 7
INFO:werkzeug:192.168.0.81 - - [01/Aug/2023 14:25:03] "POST /cart HTTP/1.1" 200 -
INFO:app:cart api
INFO:werkzeug:192.168.0.104 - - [01/Aug/2023 14:25:03] "POST /cart HTTP/1.1" 200 -
INFO:werkzeug:192.168.0.138 - - [01/Aug/2023 14:25:03] "GET /cart HTTP/1.1" 200 -
INFO:app:¿ÂπŸ±∏¥œ ∆‰¿Ã¡ˆ ¡¯¿‘
INFO:app:product_id : 6
INFO:werkzeug:192.168.0.50 - - [01/Aug/2023 14:25:03] "POST /cart HTTP/1.1" 200 -
INFO:app:cart api
INFO:werkzeug:192.168.0.138 - - [01/Aug/2023 14:25:03] "GET /cart HTTP/1.1" 200 -
INFO:app:¿ÂπŸ±∏¥œ ∆‰¿Ã¡ˆ ¡¯¿‘
INFO:app:product_id : 6
INFO:app:cart api
INFO:app:cart api
INFO:werkzeug:192.168.0.50 - - [01/Aug/2023 14:25:03] "POST /cart HTTP/1.1" 200 -
INFO:werkzeug:192.168.0.91 - - [01/Aug/2023 14:25:03] "GET /cart HTTP/1.1" 200 -
INFO:werkzeug:192.168.0.138 - - [01/Aug/2023 14:25:03] "GET /cart HTTP/1.1" 200 -
INFO:app:cart api
INFO:werkzeug:192.168.0.138 - - [01/Aug/2023 14:25:04] "GET /cart HTTP/1.1" 200 -
INFO:app:cart api
INFO:app:cart api
INFO:werkzeug:192.168.0.136 - - [01/Aug/2023 14:25:04] "GET /cart HTTP/1.1" 200 -
INFO:werkzeug:192.168.0.138 - - [01/Aug/2023 14:25:04] "GET /cart HTTP/1.1" 200 -
INFO:app:¿ÂπŸ±∏¥œ ∆‰¿Ã¡ˆ ¡¯¿‘
INFO:app:product_id : 6
INFO:app:cart api
INFO:app:¿ÂπŸ±∏¥œ ∆‰¿Ã¡ˆ ¡¯¿‘
INFO:app:product_id : 6
INFO:werkzeug:192.168.0.50 - - [01/Aug/2023 14:25:04] "POST /cart HTTP/1.1" 200 -
INFO:werkzeug:192.168.0.50 - - [01/Aug/2023 14:25:04] "POST /cart HTTP/1.1" 200 -
INFO:werkzeug:192.168.0.91 - - [01/Aug/2023 14:25:04] "GET /cart HTTP/1.1" 200 -
INFO:app:cart api
INFO:app:cart api
INFO:werkzeug:192.168.0.138 - - [01/Aug/2023 14:25:05] "GET /cart HTTP/1.1" 200 -
INFO:app:¿ÂπŸ±∏¥œ ∆‰¿Ã¡ˆ ¡¯¿‘
INFO:werkzeug:192.168.0.136 - - [01/Aug/2023 14:25:05] "GET /cart HTTP/1.1" 200 -
INFO:app:product_id : 7
INFO:werkzeug:192.168.0.81 - - [01/Aug/2023 14:25:05] "POST /cart HTTP/1.1" 200 -
INFO:app:¿ÂπŸ±∏¥œ ∆‰¿Ã¡ˆ ¡¯¿‘
INFO:app:product_id : 6
INFO:werkzeug:192.168.0.50 - - [01/Aug/2023 14:25:05] "POST /cart HTTP/1.1" 200 -
INFO:app:cart api
INFO:app:¿ÂπŸ±∏¥œ ∆‰¿Ã¡ˆ ¡¯¿‘
INFO:app:product_id : 6
INFO:werkzeug:192.168.0.138 - - [01/Aug/2023 14:25:05] "GET /cart HTTP/1.1" 200 -
INFO:app:cart api
INFO:werkzeug:192.168.0.50 - - [01/Aug/2023 14:25:05] "POST /cart HTTP/1.1" 200 -
INFO:werkzeug:192.168.0.91 - - [01/Aug/2023 14:25:05] "GET /cart HTTP/1.1" 200 -
INFO:app:cart api
INFO:werkzeug:192.168.0.138 - - [01/Aug/2023 14:25:05] "GET /cart HTTP/1.1" 200 -
INFO:app:¿ÂπŸ±∏¥œ ∆‰¿Ã¡ˆ ¡¯¿‘
INFO:app:product_id : 7
INFO:app:cart api
INFO:werkzeug:192.168.0.81 - - [01/Aug/2023 14:25:05] "POST /cart HTTP/1.1" 200 -
INFO:app:¿ÂπŸ±∏¥œ ∆‰¿Ã¡ˆ ¡¯¿‘
INFO:app:product_id : 8
INFO:werkzeug:192.168.0.136 - - [01/Aug/2023 14:25:06] "GET /cart HTTP/1.1" 200 -
INFO:app:¿ÂπŸ±∏¥œ ∆‰¿Ã¡ˆ ¡¯¿‘
INFO:app:product_id : 5
INFO:app:cart api
INFO:werkzeug:192.168.0.106 - - [01/Aug/2023 14:25:06] "POST /cart HTTP/1.1" 200 -
INFO:werkzeug:192.168.0.111 - - [01/Aug/2023 14:25:06] "POST /cart HTTP/1.1" 200 -
INFO:app:¿ÂπŸ±∏¥œ ∆‰¿Ã¡ˆ ¡¯¿‘
INFO:app:product_id : 8
INFO:werkzeug:192.168.0.138 - - [01/Aug/2023 14:25:06] "GET /cart HTTP/1.1" 200 -
INFO:app:¿ÂπŸ±∏¥œ ∆‰¿Ã¡ˆ ¡¯¿‘
INFO:app:product_id : 3
INFO:werkzeug:192.168.0.104 - - [01/Aug/2023 14:25:06] "POST /cart HTTP/1.1" 200 -
INFO:app:cart api
INFO:werkzeug:192.168.0.28 - - [01/Aug/2023 14:25:06] "POST /cart HTTP/1.1" 200 -
INFO:werkzeug:192.168.0.136 - - [01/Aug/2023 14:25:06] "GET /cart HTTP/1.1" 200 -
INFO:app:¿ÂπŸ±∏¥œ ∆‰¿Ã¡ˆ ¡¯¿‘
INFO:app:product_id : 4
INFO:app:cart api
INFO:werkzeug:192.168.0.47 - - [01/Aug/2023 14:25:06] "POST /cart HTTP/1.1" 200 -
INFO:werkzeug:192.168.0.138 - - [01/Aug/2023 14:25:06] "GET /cart HTTP/1.1" 200 -
INFO:app:¿ÂπŸ±∏¥œ ∆‰¿Ã¡ˆ ¡¯¿‘
INFO:app:product_id : 8
INFO:werkzeug:192.168.0.104 - - [01/Aug/2023 14:25:06] "POST /cart HTTP/1.1" 200 -
INFO:app:cart api
INFO:app:cart api
INFO:app:cart api
INFO:werkzeug:192.168.0.91 - - [01/Aug/2023 14:25:06] "GET /cart HTTP/1.1" 200 -
INFO:werkzeug:192.168.0.138 - - [01/Aug/2023 14:25:06] "GET /cart HTTP/1.1" 200 -
INFO:app:cart api
INFO:werkzeug:192.168.0.138 - - [01/Aug/2023 14:25:06] "GET /cart HTTP/1.1" 200 -
INFO:werkzeug:192.168.0.91 - - [01/Aug/2023 14:25:07] "GET /cart HTTP/1.1" 200 -
INFO:app:cart api
INFO:werkzeug:192.168.0.136 - - [01/Aug/2023 14:25:07] "GET /cart HTTP/1.1" 200 -
INFO:app:cart api
INFO:werkzeug:192.168.0.136 - - [01/Aug/2023 14:25:07] "GET /cart HTTP/1.1" 200 -
INFO:app:cart api
INFO:werkzeug:192.168.0.91 - - [01/Aug/2023 14:25:07] "GET /cart HTTP/1.1" 200 -
INFO:app:cart api
INFO:app:¿ÂπŸ±∏¥œ ∆‰¿Ã¡ˆ ¡¯¿‘
INFO:app:product_id : 6
INFO:werkzeug:192.168.0.133 - - [01/Aug/2023 14:25:07] "POST /cart HTTP/1.1" 200 -
INFO:werkzeug:192.168.0.136 - - [01/Aug/2023 14:25:07] "GET /cart HTTP/1.1" 200 -
INFO:app:cart api
INFO:werkzeug:192.168.0.136 - - [01/Aug/2023 14:25:07] "GET /cart HTTP/1.1" 200 -
INFO:app:cart api
INFO:werkzeug:192.168.0.138 - - [01/Aug/2023 14:25:07] "GET /cart HTTP/1.1" 200 -
INFO:app:cart api
INFO:werkzeug:192.168.0.91 - - [01/Aug/2023 14:25:07] "GET /cart HTTP/1.1" 200 -
INFO:app:¿ÂπŸ±∏¥œ ∆‰¿Ã¡ˆ ¡¯¿‘
INFO:app:product_id : 1
INFO:werkzeug:192.168.0.81 - - [01/Aug/2023 14:25:07] "POST /cart HTTP/1.1" 200 -
INFO:app:cart api
INFO:app:cart api
INFO:werkzeug:192.168.0.138 - - [01/Aug/2023 14:25:08] "GET /cart HTTP/1.1" 200 -
INFO:werkzeug:192.168.0.136 - - [01/Aug/2023 14:25:08] "GET /cart HTTP/1.1" 200 -
INFO:app:∑Œ±◊¿Œ ∆‰¿Ã¡ˆ ¡¯¿‘
INFO:werkzeug:192.168.0.114 - - [01/Aug/2023 14:25:08] "[32mPOST /login HTTP/1.1[0m" 302 -
INFO:werkzeug:192.168.0.114 - - [01/Aug/2023 14:25:08] "GET / HTTP/1.1" 200 -
INFO:app:cart api
INFO:app:cart api
INFO:werkzeug:192.168.0.91 - - [01/Aug/2023 14:25:08] "GET /cart HTTP/1.1" 200 -
INFO:app:¿ÂπŸ±∏¥œ ∆‰¿Ã¡ˆ ¡¯¿‘
INFO:app:product_id : 4
INFO:werkzeug:192.168.0.138 - - [01/Aug/2023 14:25:08] "GET /cart HTTP/1.1" 200 -
INFO:werkzeug:192.168.0.104 - - [01/Aug/2023 14:25:08] "POST /cart HTTP/1.1" 200 -
INFO:app:¿ÂπŸ±∏¥œ ∆‰¿Ã¡ˆ ¡¯¿‘
INFO:app:product_id : 4
INFO:werkzeug:192.168.0.104 - - [01/Aug/2023 14:25:08] "POST /cart HTTP/1.1" 200 -
INFO:app:cart api
INFO:app:¿ÂπŸ±∏¥œ ∆‰¿Ã¡ˆ ¡¯¿‘
INFO:app:product_id : 6
INFO:werkzeug:192.168.0.91 - - [01/Aug/2023 14:25:08] "GET /cart HTTP/1.1" 200 -
INFO:werkzeug:192.168.0.50 - - [01/Aug/2023 14:25:09] "POST /cart HTTP/1.1" 200 -
INFO:werkzeug:192.168.0.114 - - [01/Aug/2023 14:25:09] "[33mGET /script.js HTTP/1.1[0m" 404 -
INFO:werkzeug:192.168.0.114 - - [01/Aug/2023 14:25:09] "[33mGET /static/images/abput-img.png HTTP/1.1[0m" 404 -
INFO:werkzeug:192.168.0.114 - - [01/Aug/2023 14:25:09] "[36mGET /static/css/style.css HTTP/1.1[0m" 304 -
INFO:werkzeug:192.168.0.114 - - [01/Aug/2023 14:25:09] "[36mGET /static/images/0721.jpg HTTP/1.1[0m" 304 -
INFO:werkzeug:192.168.0.114 - - [01/Aug/2023 14:25:09] "[36mGET /static/images/food.jpg HTTP/1.1[0m" 304 -
INFO:werkzeug:192.168.0.114 - - [01/Aug/2023 14:25:09] "[36mGET /static/images/img-1.png HTTP/1.1[0m" 304 -
INFO:app:cart api
INFO:app:cart api
INFO:app:cart api
INFO:werkzeug:192.168.0.138 - - [01/Aug/2023 14:25:09] "GET /cart HTTP/1.1" 200 -
INFO:app:cart api
INFO:werkzeug:192.168.0.138 - - [01/Aug/2023 14:25:09] "GET /cart HTTP/1.1" 200 -
INFO:werkzeug:192.168.0.138 - - [01/Aug/2023 14:25:09] "GET /cart HTTP/1.1" 200 -
INFO:app:cart api
INFO:app:¿ÂπŸ±∏¥œ ∆‰¿Ã¡ˆ ¡¯¿‘
INFO:app:product_id : 4
INFO:werkzeug:192.168.0.91 - - [01/Aug/2023 14:25:09] "GET /cart HTTP/1.1" 200 -
INFO:werkzeug:192.168.0.138 - - [01/Aug/2023 14:25:09] "GET /cart HTTP/1.1" 200 -
INFO:app:cart api
INFO:werkzeug:192.168.0.114 - - [01/Aug/2023 14:25:09] "[36mGET /static/images/img-2.png HTTP/1.1[0m" 304 -
INFO:werkzeug:192.168.0.28 - - [01/Aug/2023 14:25:09] "POST /cart HTTP/1.1" 200 -
INFO:werkzeug:192.168.0.138 - - [01/Aug/2023 14:25:09] "GET /cart HTTP/1.1" 200 -
INFO:app:cart api
INFO:werkzeug:192.168.0.114 - - [01/Aug/2023 14:25:10] "[36mGET /static/images/img-3.png HTTP/1.1[0m" 304 -
INFO:werkzeug:192.168.0.138 - - [01/Aug/2023 14:25:10] "GET /cart HTTP/1.1" 200 -
INFO:app:cart api
INFO:werkzeug:192.168.0.114 - - [01/Aug/2023 14:25:10] "[36mGET /static/images/img-4.png HTTP/1.1[0m" 304 -
INFO:app:¿ÂπŸ±∏¥œ ∆‰¿Ã¡ˆ ¡¯¿‘
INFO:app:product_id : 7
INFO:werkzeug:192.168.0.138 - - [01/Aug/2023 14:25:10] "GET /cart HTTP/1.1" 200 -
INFO:app:¿ÂπŸ±∏¥œ ∆‰¿Ã¡ˆ ¡¯¿‘
INFO:app:cart api
INFO:app:cart api
INFO:app:product_id : 1
INFO:werkzeug:192.168.0.111 - - [01/Aug/2023 14:25:10] "POST /cart HTTP/1.1" 200 -
INFO:werkzeug:192.168.0.138 - - [01/Aug/2023 14:25:10] "GET /cart HTTP/1.1" 200 -
INFO:app:¿ÂπŸ±∏¥œ ∆‰¿Ã¡ˆ ¡¯¿‘
INFO:app:product_id : 2
INFO:werkzeug:192.168.0.81 - - [01/Aug/2023 14:25:10] "POST /cart HTTP/1.1" 200 -
INFO:app:cart api
INFO:werkzeug:192.168.0.138 - - [01/Aug/2023 14:25:10] "GET /cart HTTP/1.1" 200 -
INFO:werkzeug:192.168.0.50 - - [01/Aug/2023 14:25:10] "POST /cart HTTP/1.1" 200 -
INFO:werkzeug:192.168.0.138 - - [01/Aug/2023 14:25:10] "GET /cart HTTP/1.1" 200 -
INFO:app:cart api
INFO:werkzeug:192.168.0.138 - - [01/Aug/2023 14:25:10] "GET /cart HTTP/1.1" 200 -
INFO:app:¿ÂπŸ±∏¥œ ∆‰¿Ã¡ˆ ¡¯¿‘
INFO:app:product_id : 2
INFO:werkzeug:192.168.0.50 - - [01/Aug/2023 14:25:10] "POST /cart HTTP/1.1" 200 -
INFO:app:cart api
INFO:werkzeug:192.168.0.138 - - [01/Aug/2023 14:25:10] "GET /cart HTTP/1.1" 200 -
INFO:app:¿ÂπŸ±∏¥œ ∆‰¿Ã¡ˆ ¡¯¿‘
INFO:app:product_id : 3
INFO:werkzeug:192.168.0.136 - - [01/Aug/2023 14:25:10] "POST /cart HTTP/1.1" 200 -
INFO:app:¿ÂπŸ±∏¥œ ∆‰¿Ã¡ˆ ¡¯¿‘
INFO:app:product_id : 2
INFO:app:cart api
INFO:werkzeug:192.168.0.50 - - [01/Aug/2023 14:25:11] "POST /cart HTTP/1.1" 200 -
INFO:werkzeug:192.168.0.138 - - [01/Aug/2023 14:25:11] "GET /cart HTTP/1.1" 200 -
INFO:app:¿ÂπŸ±∏¥œ ∆‰¿Ã¡ˆ ¡¯¿‘
INFO:app:product_id : 4
INFO:werkzeug:192.168.0.47 - - [01/Aug/2023 14:25:11] "POST /cart HTTP/1.1" 200 -
INFO:app:¿ÂπŸ±∏¥œ ∆‰¿Ã¡ˆ ¡¯¿‘
INFO:app:product_id : 4
INFO:werkzeug:192.168.0.104 - - [01/Aug/2023 14:25:11] "POST /cart HTTP/1.1" 200 -
INFO:app:cart api
INFO:werkzeug:192.168.0.138 - - [01/Aug/2023 14:25:11] "GET /cart HTTP/1.1" 200 -
INFO:app:¿ÂπŸ±∏¥œ ∆‰¿Ã¡ˆ ¡¯¿‘
INFO:app:product_id : 2
INFO:app:cart api
INFO:app:cart api
INFO:werkzeug:192.168.0.50 - - [01/Aug/2023 14:25:11] "POST /cart HTTP/1.1" 200 -
INFO:werkzeug:192.168.0.91 - - [01/Aug/2023 14:25:11] "GET /cart HTTP/1.1" 200 -
INFO:werkzeug:192.168.0.138 - - [01/Aug/2023 14:25:11] "GET /cart HTTP/1.1" 200 -
INFO:app:¿ÂπŸ±∏¥œ ∆‰¿Ã¡ˆ ¡¯¿‘
INFO:app:product_id : 2
INFO:app:cart api
INFO:werkzeug:192.168.0.91 - - [01/Aug/2023 14:25:11] "GET /cart HTTP/1.1" 200 -
INFO:app:cart api
INFO:werkzeug:192.168.0.50 - - [01/Aug/2023 14:25:11] "POST /cart HTTP/1.1" 200 -
INFO:werkzeug:192.168.0.138 - - [01/Aug/2023 14:25:11] "GET /cart HTTP/1.1" 200 -
INFO:app:¿ÂπŸ±∏¥œ ∆‰¿Ã¡ˆ ¡¯¿‘
INFO:app:product_id : 1
INFO:werkzeug:192.168.0.81 - - [01/Aug/2023 14:25:11] "POST /cart HTTP/1.1" 200 -
INFO:app:¿ÂπŸ±∏¥œ ∆‰¿Ã¡ˆ ¡¯¿‘
INFO:app:product_id : 6
INFO:app:cart api
INFO:werkzeug:192.168.0.133 - - [01/Aug/2023 14:25:11] "POST /cart HTTP/1.1" 200 -
INFO:werkzeug:192.168.0.91 - - [01/Aug/2023 14:25:11] "GET /cart HTTP/1.1" 200 -
INFO:app:¿ÂπŸ±∏¥œ ∆‰¿Ã¡ˆ ¡¯¿‘
INFO:app:product_id : 5
INFO:werkzeug:192.168.0.106 - - [01/Aug/2023 14:25:12] "POST /cart HTTP/1.1" 200 -
INFO:app:cart api
INFO:werkzeug:192.168.0.91 - - [01/Aug/2023 14:25:12] "GET /cart HTTP/1.1" 200 -
INFO:app:cart api
INFO:app:cart api
INFO:werkzeug:192.168.0.91 - - [01/Aug/2023 14:25:12] "GET /cart HTTP/1.1" 200 -
INFO:werkzeug:192.168.0.138 - - [01/Aug/2023 14:25:12] "GET /cart HTTP/1.1" 200 -
INFO:app:¿ÂπŸ±∏¥œ ∆‰¿Ã¡ˆ ¡¯¿‘
INFO:app:product_id : 2
INFO:werkzeug:192.168.0.50 - - [01/Aug/2023 14:25:12] "POST /cart HTTP/1.1" 200 -
INFO:app:¿ÂπŸ±∏¥œ ∆‰¿Ã¡ˆ ¡¯¿‘
INFO:app:product_id : 2
INFO:app:cart api
INFO:app:cart api
INFO:app:∞·¡¶ ∆‰¿Ã¡ˆ ¡¯¿‘ ¡ﬂ
INFO:app:¿ÂπŸ±∏¥œ ∆‰¿Ã¡ˆ ¡¯¿‘
INFO:app:product_id : 2
ERROR:app:Exception on /kakaopay/1 [GET]
Traceback (most recent call last):
  File "C:\Users\okseok\anaconda3\lib\site-packages\flask\app.py", line 2190, in wsgi_app
    response = self.full_dispatch_request()
  File "C:\Users\okseok\anaconda3\lib\site-packages\flask\app.py", line 1486, in full_dispatch_request
    rv = self.handle_user_exception(e)
  File "C:\Users\okseok\anaconda3\lib\site-packages\flask\app.py", line 1484, in full_dispatch_request
    rv = self.dispatch_request()
  File "C:\Users\okseok\anaconda3\lib\site-packages\flask\app.py", line 1469, in dispatch_request
    return self.ensure_sync(self.view_functions[rule.endpoint])(**view_args)
  File "C:\ITStudy\06_flask\onlineshop\personal_project-main\app\views\control_views.py", line 183, in kakaopay
    return redirect(url_for('cart.html', products=products, form=form))
  File "C:\Users\okseok\anaconda3\lib\site-packages\flask\helpers.py", line 225, in url_for
    return current_app.url_for(
  File "C:\Users\okseok\anaconda3\lib\site-packages\flask\app.py", line 1697, in url_for
    return self.handle_url_build_error(error, endpoint, values)
  File "C:\Users\okseok\anaconda3\lib\site-packages\flask\app.py", line 1686, in url_for
    rv = url_adapter.build(  # type: ignore[union-attr]
  File "C:\Users\okseok\anaconda3\lib\site-packages\werkzeug\routing\map.py", line 950, in build
    raise BuildError(endpoint, values, method, self)
werkzeug.routing.exceptions.BuildError: Could not build url for endpoint 'cart.html' with values ['form', 'products']. Did you mean 'test.hello_html' instead?
INFO:werkzeug:192.168.0.125 - - [01/Aug/2023 14:25:12] "[35m[1mGET /kakaopay/1 HTTP/1.1[0m" 500 -
INFO:werkzeug:192.168.0.50 - - [01/Aug/2023 14:25:12] "POST /cart HTTP/1.1" 200 -
INFO:werkzeug:192.168.0.91 - - [01/Aug/2023 14:25:12] "GET /cart HTTP/1.1" 200 -
INFO:werkzeug:192.168.0.138 - - [01/Aug/2023 14:25:12] "GET /cart HTTP/1.1" 200 -
INFO:app:cart api
INFO:werkzeug:192.168.0.50 - - [01/Aug/2023 14:25:12] "POST /cart HTTP/1.1" 200 -
INFO:werkzeug:192.168.0.138 - - [01/Aug/2023 14:25:13] "GET /cart HTTP/1.1" 200 -
INFO:app:cart api
INFO:app:¿ÂπŸ±∏¥œ ∆‰¿Ã¡ˆ ¡¯¿‘
INFO:app:product_id : 2
INFO:werkzeug:192.168.0.91 - - [01/Aug/2023 14:25:13] "GET /cart HTTP/1.1" 200 -
INFO:app:cart api
INFO:app:cart api
INFO:werkzeug:192.168.0.111 - - [01/Aug/2023 14:25:13] "POST /cart HTTP/1.1" 200 -
INFO:werkzeug:192.168.0.138 - - [01/Aug/2023 14:25:13] "GET /cart HTTP/1.1" 200 -
INFO:app:¿ÂπŸ±∏¥œ ∆‰¿Ã¡ˆ ¡¯¿‘
INFO:app:product_id : 6
INFO:werkzeug:192.168.0.47 - - [01/Aug/2023 14:25:13] "GET /cart HTTP/1.1" 200 -
INFO:werkzeug:192.168.0.28 - - [01/Aug/2023 14:25:13] "POST /cart HTTP/1.1" 200 -
INFO:app:cart api
INFO:app:¿ÂπŸ±∏¥œ ∆‰¿Ã¡ˆ ¡¯¿‘
INFO:app:product_id : 7
INFO:app:cart api
INFO:werkzeug:192.168.0.91 - - [01/Aug/2023 14:25:13] "GET /cart HTTP/1.1" 200 -
INFO:werkzeug:192.168.0.136 - - [01/Aug/2023 14:25:13] "POST /cart HTTP/1.1" 200 -
INFO:werkzeug:192.168.0.138 - - [01/Aug/2023 14:25:13] "GET /cart HTTP/1.1" 200 -
INFO:app:cart api
INFO:werkzeug:192.168.0.47 - - [01/Aug/2023 14:25:13] "GET /cart HTTP/1.1" 200 -
INFO:app:¿ÂπŸ±∏¥œ ∆‰¿Ã¡ˆ ¡¯¿‘
INFO:app:cart api
INFO:app:product_id : 2
INFO:werkzeug:192.168.0.91 - - [01/Aug/2023 14:25:13] "GET /cart HTTP/1.1" 200 -
INFO:werkzeug:192.168.0.50 - - [01/Aug/2023 14:25:13] "POST /cart HTTP/1.1" 200 -
INFO:app:¿ÂπŸ±∏¥œ ∆‰¿Ã¡ˆ ¡¯¿‘
INFO:app:product_id : 2
INFO:werkzeug:192.168.0.50 - - [01/Aug/2023 14:25:13] "POST /cart HTTP/1.1" 200 -
INFO:app:¿ÂπŸ±∏¥œ ∆‰¿Ã¡ˆ ¡¯¿‘
INFO:app:product_id : 1
INFO:app:¿ÂπŸ±∏¥œ ∆‰¿Ã¡ˆ ¡¯¿‘
INFO:app:product_id : 4
INFO:app:¿ÂπŸ±∏¥œ ∆‰¿Ã¡ˆ ¡¯¿‘
INFO:app:product_id : 2
INFO:werkzeug:192.168.0.81 - - [01/Aug/2023 14:25:13] "POST /cart HTTP/1.1" 200 -
INFO:app:cart api
INFO:werkzeug:192.168.0.104 - - [01/Aug/2023 14:25:13] "POST /cart HTTP/1.1" 200 -
INFO:werkzeug:192.168.0.91 - - [01/Aug/2023 14:25:13] "GET /cart HTTP/1.1" 200 -
INFO:werkzeug:192.168.0.50 - - [01/Aug/2023 14:25:14] "POST /cart HTTP/1.1" 200 -
INFO:app:cart api
INFO:werkzeug:192.168.0.91 - - [01/Aug/2023 14:25:14] "GET /cart HTTP/1.1" 200 -
INFO:app:cart api
INFO:werkzeug:192.168.0.91 - - [01/Aug/2023 14:25:14] "GET /cart HTTP/1.1" 200 -
INFO:app:cart api
INFO:werkzeug:192.168.0.91 - - [01/Aug/2023 14:25:14] "GET /cart HTTP/1.1" 200 -
INFO:app:¿ÂπŸ±∏¥œ ∆‰¿Ã¡ˆ ¡¯¿‘
INFO:app:product_id : 4
INFO:werkzeug:192.168.0.97 - - [01/Aug/2023 14:25:14] "POST /cart HTTP/1.1" 200 -
INFO:app:cart api
INFO:werkzeug:192.168.0.91 - - [01/Aug/2023 14:25:14] "GET /cart HTTP/1.1" 200 -
INFO:app:¿ÂπŸ±∏¥œ ∆‰¿Ã¡ˆ ¡¯¿‘
INFO:app:product_id : 2
INFO:werkzeug:192.168.0.50 - - [01/Aug/2023 14:25:15] "POST /cart HTTP/1.1" 200 -
INFO:app:¿ÂπŸ±∏¥œ ∆‰¿Ã¡ˆ ¡¯¿‘
INFO:app:product_id : 7
INFO:app:¿ÂπŸ±∏¥œ ∆‰¿Ã¡ˆ ¡¯¿‘
INFO:app:cart api
INFO:app:product_id : 2
INFO:app:¿ÂπŸ±∏¥œ ∆‰¿Ã¡ˆ ¡¯¿‘
INFO:app:product_id : 1
INFO:werkzeug:192.168.0.136 - - [01/Aug/2023 14:25:15] "POST /cart HTTP/1.1" 200 -
INFO:werkzeug:192.168.0.91 - - [01/Aug/2023 14:25:15] "GET /cart HTTP/1.1" 200 -
INFO:app:¿ÂπŸ±∏¥œ ∆‰¿Ã¡ˆ ¡¯¿‘
INFO:app:product_id : 7
INFO:werkzeug:192.168.0.106 - - [01/Aug/2023 14:25:15] "POST /cart HTTP/1.1" 200 -
INFO:werkzeug:192.168.0.111 - - [01/Aug/2023 14:25:15] "GET /about HTTP/1.1" 200 -
INFO:werkzeug:192.168.0.50 - - [01/Aug/2023 14:25:15] "POST /cart HTTP/1.1" 200 -
INFO:werkzeug:192.168.0.136 - - [01/Aug/2023 14:25:15] "POST /cart HTTP/1.1" 200 -
INFO:app:cart api
INFO:werkzeug:192.168.0.91 - - [01/Aug/2023 14:25:15] "GET /cart HTTP/1.1" 200 -
INFO:app:cart api
INFO:werkzeug:192.168.0.28 - - [01/Aug/2023 14:25:15] "GET /cart HTTP/1.1" 200 -
INFO:app:cart api
INFO:app:cart api
INFO:werkzeug:192.168.0.91 - - [01/Aug/2023 14:25:15] "GET /cart HTTP/1.1" 200 -
INFO:werkzeug:192.168.0.28 - - [01/Aug/2023 14:25:15] "GET /cart HTTP/1.1" 200 -
INFO:app:¿ÂπŸ±∏¥œ ∆‰¿Ã¡ˆ ¡¯¿‘
INFO:app:product_id : 2
INFO:app:¿ÂπŸ±∏¥œ ∆‰¿Ã¡ˆ ¡¯¿‘
INFO:app:product_id : 1
INFO:werkzeug:192.168.0.50 - - [01/Aug/2023 14:25:15] "POST /cart HTTP/1.1" 200 -
INFO:werkzeug:192.168.0.81 - - [01/Aug/2023 14:25:15] "POST /cart HTTP/1.1" 200 -
INFO:app:cart api
INFO:werkzeug:192.168.0.125 - - [01/Aug/2023 14:25:15] "[33mGET /script.js HTTP/1.1[0m" 404 -
INFO:app:¿ÂπŸ±∏¥œ ∆‰¿Ã¡ˆ ¡¯¿‘
INFO:werkzeug:192.168.0.91 - - [01/Aug/2023 14:25:15] "GET /cart HTTP/1.1" 200 -
INFO:app:product_id : 4
INFO:werkzeug:192.168.0.104 - - [01/Aug/2023 14:25:15] "POST /cart HTTP/1.1" 200 -
INFO:app:cart api
INFO:werkzeug:192.168.0.91 - - [01/Aug/2023 14:25:15] "GET /cart HTTP/1.1" 200 -
INFO:app:¿ÂπŸ±∏¥œ ∆‰¿Ã¡ˆ ¡¯¿‘
INFO:app:product_id : 6
INFO:werkzeug:192.168.0.133 - - [01/Aug/2023 14:25:16] "POST /cart HTTP/1.1" 200 -
INFO:app:cart api
INFO:werkzeug:192.168.0.91 - - [01/Aug/2023 14:25:16] "GET /cart HTTP/1.1" 200 -
INFO:app:cart api
INFO:werkzeug:192.168.0.91 - - [01/Aug/2023 14:25:16] "GET /cart HTTP/1.1" 200 -
INFO:werkzeug:192.168.0.111 - - [01/Aug/2023 14:25:16] "[33mGET /script.js HTTP/1.1[0m" 404 -
INFO:app:cart api
INFO:werkzeug:192.168.0.91 - - [01/Aug/2023 14:25:16] "GET /cart HTTP/1.1" 200 -
INFO:app:cart api
INFO:app:cart api
INFO:werkzeug:192.168.0.147 - - [01/Aug/2023 14:25:17] "GET /cart HTTP/1.1" 200 -
INFO:werkzeug:192.168.0.91 - - [01/Aug/2023 14:25:17] "GET /cart HTTP/1.1" 200 -
INFO:app:¿ÂπŸ±∏¥œ ∆‰¿Ã¡ˆ ¡¯¿‘
INFO:app:product_id : 1
INFO:app:cart api
INFO:app:cart api
INFO:werkzeug:192.168.0.81 - - [01/Aug/2023 14:25:17] "POST /cart HTTP/1.1" 200 -
INFO:werkzeug:192.168.0.147 - - [01/Aug/2023 14:25:17] "GET /cart HTTP/1.1" 200 -
INFO:werkzeug:192.168.0.91 - - [01/Aug/2023 14:25:17] "GET /cart HTTP/1.1" 200 -
INFO:app:¿ÂπŸ±∏¥œ ∆‰¿Ã¡ˆ ¡¯¿‘
INFO:app:product_id : 4
INFO:app:cart api
INFO:app:¿ÂπŸ±∏¥œ ∆‰¿Ã¡ˆ ¡¯¿‘
INFO:app:product_id : 2
INFO:werkzeug:192.168.0.91 - - [01/Aug/2023 14:25:17] "GET /cart HTTP/1.1" 200 -
INFO:werkzeug:192.168.0.97 - - [01/Aug/2023 14:25:17] "POST /cart HTTP/1.1" 200 -
INFO:werkzeug:192.168.0.125 - - [01/Aug/2023 14:25:17] "POST /cart HTTP/1.1" 200 -
INFO:app:cart api
INFO:werkzeug:192.168.0.50 - - [01/Aug/2023 14:25:17] "GET /cart HTTP/1.1" 200 -
INFO:werkzeug:192.168.0.154 - - [01/Aug/2023 14:25:17] "[33mGET /script.js HTTP/1.1[0m" 404 -
INFO:app:cart api
INFO:app:cart api
INFO:app:cart api
INFO:werkzeug:192.168.0.91 - - [01/Aug/2023 14:25:17] "GET /cart HTTP/1.1" 200 -
INFO:werkzeug:192.168.0.111 - - [01/Aug/2023 14:25:17] "GET /cart HTTP/1.1" 200 -
INFO:werkzeug:192.168.0.50 - - [01/Aug/2023 14:25:17] "GET /cart HTTP/1.1" 200 -
INFO:app:∑Œ±◊¿Œ ∆‰¿Ã¡ˆ ¡¯¿‘
ERROR:app:Exception on /login [POST]
Traceback (most recent call last):
  File "C:\Users\okseok\anaconda3\lib\site-packages\flask\app.py", line 2190, in wsgi_app
    response = self.full_dispatch_request()
  File "C:\Users\okseok\anaconda3\lib\site-packages\flask\app.py", line 1486, in full_dispatch_request
    rv = self.handle_user_exception(e)
  File "C:\Users\okseok\anaconda3\lib\site-packages\flask\app.py", line 1484, in full_dispatch_request
    rv = self.dispatch_request()
  File "C:\Users\okseok\anaconda3\lib\site-packages\flask\app.py", line 1469, in dispatch_request
    return self.ensure_sync(self.view_functions[rule.endpoint])(**view_args)
  File "C:\ITStudy\06_flask\onlineshop\personal_project-main\app\views\control_views.py", line 252, in login
    print(session['user_id'])
  File "C:\Users\okseok\anaconda3\lib\site-packages\flask\sessions.py", line 79, in __getitem__
    return super().__getitem__(key)
KeyError: 'user_id'
INFO:app:cart api
INFO:app:¿ÂπŸ±∏¥œ ∆‰¿Ã¡ˆ ¡¯¿‘
INFO:werkzeug:192.168.0.172 - - [01/Aug/2023 14:25:17] "[35m[1mPOST /login HTTP/1.1[0m" 500 -
INFO:app:product_id : 7
INFO:app:¿ÂπŸ±∏¥œ ∆‰¿Ã¡ˆ ¡¯¿‘
INFO:app:product_id : 7
INFO:app:¿ÂπŸ±∏¥œ ∆‰¿Ã¡ˆ ¡¯¿‘
INFO:app:product_id : 2
INFO:werkzeug:192.168.0.111 - - [01/Aug/2023 14:25:17] "GET /cart HTTP/1.1" 200 -
INFO:werkzeug:192.168.0.136 - - [01/Aug/2023 14:25:17] "POST /cart HTTP/1.1" 200 -
INFO:werkzeug:192.168.0.136 - - [01/Aug/2023 14:25:17] "POST /cart HTTP/1.1" 200 -
INFO:werkzeug:192.168.0.114 - - [01/Aug/2023 14:25:17] "POST /cart HTTP/1.1" 200 -
INFO:app:cart api
INFO:werkzeug:192.168.0.91 - - [01/Aug/2023 14:25:17] "GET /cart HTTP/1.1" 200 -
INFO:app:¿ÂπŸ±∏¥œ ∆‰¿Ã¡ˆ ¡¯¿‘
INFO:app:product_id : 4
INFO:werkzeug:192.168.0.104 - - [01/Aug/2023 14:25:18] "POST /cart HTTP/1.1" 200 -
INFO:app:cart api
INFO:werkzeug:192.168.0.91 - - [01/Aug/2023 14:25:18] "GET /cart HTTP/1.1" 200 -
INFO:app:¿ÂπŸ±∏¥œ ∆‰¿Ã¡ˆ ¡¯¿‘
INFO:app:product_id : 2
INFO:werkzeug:192.168.0.106 - - [01/Aug/2023 14:25:18] "POST /cart HTTP/1.1" 200 -
INFO:app:cart api
INFO:werkzeug:192.168.0.91 - - [01/Aug/2023 14:25:18] "GET /cart HTTP/1.1" 200 -
INFO:app:¿ÂπŸ±∏¥œ ∆‰¿Ã¡ˆ ¡¯¿‘
INFO:app:product_id : 1
INFO:werkzeug:192.168.0.81 - - [01/Aug/2023 14:25:18] "POST /cart HTTP/1.1" 200 -
INFO:app:cart api
INFO:werkzeug:192.168.0.91 - - [01/Aug/2023 14:25:18] "GET /cart HTTP/1.1" 200 -
INFO:app:¿ÂπŸ±∏¥œ ∆‰¿Ã¡ˆ ¡¯¿‘
INFO:app:product_id : 4
INFO:werkzeug:192.168.0.97 - - [01/Aug/2023 14:25:18] "POST /cart HTTP/1.1" 200 -
INFO:app:cart api
INFO:werkzeug:192.168.0.91 - - [01/Aug/2023 14:25:18] "GET /cart HTTP/1.1" 200 -
INFO:app:cart api
INFO:werkzeug:192.168.0.91 - - [01/Aug/2023 14:25:19] "GET /cart HTTP/1.1" 200 -
INFO:app:cart api
INFO:werkzeug:192.168.0.91 - - [01/Aug/2023 14:25:19] "GET /cart HTTP/1.1" 200 -
INFO:app:cart api
INFO:werkzeug:192.168.0.91 - - [01/Aug/2023 14:25:19] "GET /cart HTTP/1.1" 200 -
INFO:app:cart api
INFO:werkzeug:192.168.0.154 - - [01/Aug/2023 14:25:19] "GET /cart HTTP/1.1" 200 -
INFO:app:cart api
INFO:app:cart api
INFO:werkzeug:192.168.0.91 - - [01/Aug/2023 14:25:19] "GET /cart HTTP/1.1" 200 -
INFO:werkzeug:192.168.0.154 - - [01/Aug/2023 14:25:19] "GET /cart HTTP/1.1" 200 -
INFO:app:¿ÂπŸ±∏¥œ ∆‰¿Ã¡ˆ ¡¯¿‘
INFO:app:product_id : 1
INFO:werkzeug:192.168.0.81 - - [01/Aug/2023 14:25:20] "POST /cart HTTP/1.1" 200 -
INFO:app:cart api
INFO:werkzeug:192.168.0.91 - - [01/Aug/2023 14:25:20] "GET /cart HTTP/1.1" 200 -
INFO:app:¿ÂπŸ±∏¥œ ∆‰¿Ã¡ˆ ¡¯¿‘
INFO:app:product_id : 4
INFO:werkzeug:192.168.0.104 - - [01/Aug/2023 14:25:20] "POST /cart HTTP/1.1" 200 -
INFO:app:cart api
INFO:app:¿ÂπŸ±∏¥œ ∆‰¿Ã¡ˆ ¡¯¿‘
INFO:werkzeug:192.168.0.91 - - [01/Aug/2023 14:25:20] "GET /cart HTTP/1.1" 200 -
INFO:app:product_id : 2
INFO:werkzeug:192.168.0.136 - - [01/Aug/2023 14:25:20] "POST /cart HTTP/1.1" 200 -
INFO:app:cart api
INFO:werkzeug:192.168.0.91 - - [01/Aug/2023 14:25:20] "GET /cart HTTP/1.1" 200 -
INFO:app:¿ÂπŸ±∏¥œ ∆‰¿Ã¡ˆ ¡¯¿‘
INFO:app:product_id : 2
INFO:werkzeug:192.168.0.136 - - [01/Aug/2023 14:25:20] "POST /cart HTTP/1.1" 200 -
INFO:app:¿ÂπŸ±∏¥œ ∆‰¿Ã¡ˆ ¡¯¿‘
INFO:app:product_id : 5
INFO:app:cart api
INFO:werkzeug:192.168.0.125 - - [01/Aug/2023 14:25:20] "POST /cart HTTP/1.1" 200 -
INFO:app:¿ÂπŸ±∏¥œ ∆‰¿Ã¡ˆ ¡¯¿‘
INFO:app:product_id : 4
INFO:werkzeug:192.168.0.91 - - [01/Aug/2023 14:25:21] "GET /cart HTTP/1.1" 200 -
INFO:app:cart api
INFO:werkzeug:192.168.0.97 - - [01/Aug/2023 14:25:21] "POST /cart HTTP/1.1" 200 -
INFO:werkzeug:192.168.0.91 - - [01/Aug/2023 14:25:21] "GET /cart HTTP/1.1" 200 -
INFO:app:¿ÂπŸ±∏¥œ ∆‰¿Ã¡ˆ ¡¯¿‘
INFO:app:product_id : 3
INFO:app:¿ÂπŸ±∏¥œ ∆‰¿Ã¡ˆ ¡¯¿‘
INFO:app:product_id : 2
INFO:werkzeug:192.168.0.106 - - [01/Aug/2023 14:25:21] "POST /cart HTTP/1.1" 200 -
INFO:werkzeug:192.168.0.136 - - [01/Aug/2023 14:25:21] "POST /cart HTTP/1.1" 200 -
INFO:app:¿ÂπŸ±∏¥œ ∆‰¿Ã¡ˆ ¡¯¿‘
INFO:app:product_id : 4
INFO:werkzeug:192.168.0.97 - - [01/Aug/2023 14:25:21] "POST /cart HTTP/1.1" 200 -
INFO:app:cart api
INFO:app:¿ÂπŸ±∏¥œ ∆‰¿Ã¡ˆ ¡¯¿‘
INFO:app:product_id : 2
INFO:werkzeug:192.168.0.91 - - [01/Aug/2023 14:25:21] "GET /cart HTTP/1.1" 200 -
INFO:app:¿ÂπŸ±∏¥œ ∆‰¿Ã¡ˆ ¡¯¿‘
INFO:app:product_id : 2
INFO:werkzeug:192.168.0.136 - - [01/Aug/2023 14:25:21] "POST /cart HTTP/1.1" 200 -
INFO:werkzeug:192.168.0.136 - - [01/Aug/2023 14:25:21] "POST /cart HTTP/1.1" 200 -
INFO:app:¿ÂπŸ±∏¥œ ∆‰¿Ã¡ˆ ¡¯¿‘
INFO:app:cart api
INFO:app:product_id : 1
INFO:app:cart api
INFO:werkzeug:192.168.0.81 - - [01/Aug/2023 14:25:21] "POST /cart HTTP/1.1" 200 -
INFO:werkzeug:192.168.0.147 - - [01/Aug/2023 14:25:21] "GET /cart HTTP/1.1" 200 -
INFO:werkzeug:192.168.0.91 - - [01/Aug/2023 14:25:21] "GET /cart HTTP/1.1" 200 -
INFO:app:cart api
INFO:werkzeug:192.168.0.91 - - [01/Aug/2023 14:25:22] "GET /cart HTTP/1.1" 200 -
INFO:app:cart api
INFO:app:cart api
INFO:werkzeug:192.168.0.133 - - [01/Aug/2023 14:25:22] "GET /cart HTTP/1.1" 200 -
INFO:werkzeug:192.168.0.91 - - [01/Aug/2023 14:25:22] "GET /cart HTTP/1.1" 200 -
INFO:app:cart api
INFO:app:¿ÂπŸ±∏¥œ ∆‰¿Ã¡ˆ ¡¯¿‘
INFO:app:product_id : 4
INFO:werkzeug:192.168.0.133 - - [01/Aug/2023 14:25:22] "GET /cart HTTP/1.1" 200 -
INFO:werkzeug:192.168.0.104 - - [01/Aug/2023 14:25:22] "POST /cart HTTP/1.1" 200 -
INFO:app:¿ÂπŸ±∏¥œ ∆‰¿Ã¡ˆ ¡¯¿‘
INFO:app:product_id : 3
INFO:app:cart api
INFO:werkzeug:192.168.0.50 - - [01/Aug/2023 14:25:22] "POST /cart HTTP/1.1" 200 -
INFO:werkzeug:192.168.0.91 - - [01/Aug/2023 14:25:22] "GET /cart HTTP/1.1" 200 -
INFO:app:¿ÂπŸ±∏¥œ ∆‰¿Ã¡ˆ ¡¯¿‘
INFO:app:product_id : 1
INFO:werkzeug:192.168.0.146 - - [01/Aug/2023 14:25:22] "POST /cart HTTP/1.1" 200 -
INFO:app:¿ÂπŸ±∏¥œ ∆‰¿Ã¡ˆ ¡¯¿‘
INFO:app:product_id : 2
INFO:werkzeug:192.168.0.172 - - [01/Aug/2023 14:25:22] "POST /cart HTTP/1.1" 200 -
INFO:app:cart api
INFO:app:¿ÂπŸ±∏¥œ ∆‰¿Ã¡ˆ ¡¯¿‘
INFO:app:product_id : 4
INFO:werkzeug:192.168.0.106 - - [01/Aug/2023 14:25:23] "GET /cart HTTP/1.1" 200 -
INFO:werkzeug:192.168.0.97 - - [01/Aug/2023 14:25:23] "POST /cart HTTP/1.1" 200 -
INFO:app:cart api
INFO:werkzeug:192.168.0.106 - - [01/Aug/2023 14:25:23] "GET /cart HTTP/1.1" 200 -
INFO:app:¿ÂπŸ±∏¥œ ∆‰¿Ã¡ˆ ¡¯¿‘
INFO:app:product_id : 1
INFO:werkzeug:192.168.0.81 - - [01/Aug/2023 14:25:23] "POST /cart HTTP/1.1" 200 -
INFO:app:∞·¡¶ ∆‰¿Ã¡ˆ ¡¯¿‘ ¡ﬂ
ERROR:app:Exception on /kakaopay/1 [GET]
Traceback (most recent call last):
  File "C:\Users\okseok\anaconda3\lib\site-packages\flask\app.py", line 2190, in wsgi_app
    response = self.full_dispatch_request()
  File "C:\Users\okseok\anaconda3\lib\site-packages\flask\app.py", line 1486, in full_dispatch_request
    rv = self.handle_user_exception(e)
  File "C:\Users\okseok\anaconda3\lib\site-packages\flask\app.py", line 1484, in full_dispatch_request
    rv = self.dispatch_request()
  File "C:\Users\okseok\anaconda3\lib\site-packages\flask\app.py", line 1469, in dispatch_request
    return self.ensure_sync(self.view_functions[rule.endpoint])(**view_args)
  File "C:\ITStudy\06_flask\onlineshop\personal_project-main\app\views\control_views.py", line 183, in kakaopay
    return redirect(url_for('cart.html', products=products, form=form))
  File "C:\Users\okseok\anaconda3\lib\site-packages\flask\helpers.py", line 225, in url_for
    return current_app.url_for(
  File "C:\Users\okseok\anaconda3\lib\site-packages\flask\app.py", line 1697, in url_for
    return self.handle_url_build_error(error, endpoint, values)
  File "C:\Users\okseok\anaconda3\lib\site-packages\flask\app.py", line 1686, in url_for
    rv = url_adapter.build(  # type: ignore[union-attr]
  File "C:\Users\okseok\anaconda3\lib\site-packages\werkzeug\routing\map.py", line 950, in build
    raise BuildError(endpoint, values, method, self)
werkzeug.routing.exceptions.BuildError: Could not build url for endpoint 'cart.html' with values ['form', 'products']. Did you mean 'test.hello_html' instead?
INFO:werkzeug:192.168.0.91 - - [01/Aug/2023 14:25:23] "[35m[1mGET /kakaopay/1 HTTP/1.1[0m" 500 -
INFO:app:¿ÂπŸ±∏¥œ ∆‰¿Ã¡ˆ ¡¯¿‘
INFO:app:product_id : 3
INFO:app:¿ÂπŸ±∏¥œ ∆‰¿Ã¡ˆ ¡¯¿‘
INFO:app:product_id : 8
INFO:werkzeug:192.168.0.50 - - [01/Aug/2023 14:25:23] "POST /cart HTTP/1.1" 200 -
INFO:werkzeug:192.168.0.125 - - [01/Aug/2023 14:25:24] "POST /cart HTTP/1.1" 200 -
INFO:app:¿ÂπŸ±∏¥œ ∆‰¿Ã¡ˆ ¡¯¿‘
INFO:app:product_id : 1
INFO:app:¿ÂπŸ±∏¥œ ∆‰¿Ã¡ˆ ¡¯¿‘
INFO:app:product_id : 3
INFO:app:¿ÂπŸ±∏¥œ ∆‰¿Ã¡ˆ ¡¯¿‘
INFO:app:product_id : 4
INFO:werkzeug:192.168.0.50 - - [01/Aug/2023 14:25:24] "POST /cart HTTP/1.1" 200 -
INFO:werkzeug:192.168.0.146 - - [01/Aug/2023 14:25:24] "POST /cart HTTP/1.1" 200 -
INFO:werkzeug:192.168.0.104 - - [01/Aug/2023 14:25:24] "POST /cart HTTP/1.1" 200 -
INFO:app:¿ÂπŸ±∏¥œ ∆‰¿Ã¡ˆ ¡¯¿‘
INFO:app:product_id : 3
INFO:werkzeug:192.168.0.50 - - [01/Aug/2023 14:25:24] "POST /cart HTTP/1.1" 200 -
INFO:app:¿ÂπŸ±∏¥œ ∆‰¿Ã¡ˆ ¡¯¿‘
INFO:app:product_id : 3
INFO:werkzeug:192.168.0.50 - - [01/Aug/2023 14:25:25] "POST /cart HTTP/1.1" 200 -
INFO:app:¿ÂπŸ±∏¥œ ∆‰¿Ã¡ˆ ¡¯¿‘
INFO:app:product_id : 1
INFO:werkzeug:192.168.0.81 - - [01/Aug/2023 14:25:25] "POST /cart HTTP/1.1" 200 -
INFO:app:¿ÂπŸ±∏¥œ ∆‰¿Ã¡ˆ ¡¯¿‘
INFO:app:product_id : 3
INFO:werkzeug:192.168.0.50 - - [01/Aug/2023 14:25:25] "POST /cart HTTP/1.1" 200 -
INFO:app:¿ÂπŸ±∏¥œ ∆‰¿Ã¡ˆ ¡¯¿‘
INFO:app:product_id : 4
INFO:werkzeug:192.168.0.97 - - [01/Aug/2023 14:25:25] "POST /cart HTTP/1.1" 200 -
INFO:app:¿ÂπŸ±∏¥œ ∆‰¿Ã¡ˆ ¡¯¿‘
INFO:app:product_id : 3
INFO:werkzeug:192.168.0.50 - - [01/Aug/2023 14:25:26] "POST /cart HTTP/1.1" 200 -
INFO:app:¿ÂπŸ±∏¥œ ∆‰¿Ã¡ˆ ¡¯¿‘
INFO:app:product_id : 1
INFO:werkzeug:192.168.0.146 - - [01/Aug/2023 14:25:26] "POST /cart HTTP/1.1" 200 -
INFO:app:¿ÂπŸ±∏¥œ ∆‰¿Ã¡ˆ ¡¯¿‘
INFO:app:product_id : 3
INFO:werkzeug:192.168.0.50 - - [01/Aug/2023 14:25:26] "POST /cart HTTP/1.1" 200 -
INFO:app:¿ÂπŸ±∏¥œ ∆‰¿Ã¡ˆ ¡¯¿‘
INFO:app:product_id : 3
INFO:werkzeug:192.168.0.50 - - [01/Aug/2023 14:25:26] "POST /cart HTTP/1.1" 200 -
INFO:app:¿ÂπŸ±∏¥œ ∆‰¿Ã¡ˆ ¡¯¿‘
INFO:app:product_id : 3
INFO:werkzeug:192.168.0.50 - - [01/Aug/2023 14:25:26] "POST /cart HTTP/1.1" 200 -
INFO:app:¿ÂπŸ±∏¥œ ∆‰¿Ã¡ˆ ¡¯¿‘
INFO:app:product_id : 1
INFO:app:¿ÂπŸ±∏¥œ ∆‰¿Ã¡ˆ ¡¯¿‘
INFO:app:product_id : 3
INFO:app:¿ÂπŸ±∏¥œ ∆‰¿Ã¡ˆ ¡¯¿‘
INFO:app:product_id : 3
INFO:werkzeug:192.168.0.146 - - [01/Aug/2023 14:25:26] "POST /cart HTTP/1.1" 200 -
INFO:werkzeug:192.168.0.136 - - [01/Aug/2023 14:25:26] "POST /cart HTTP/1.1" 200 -
INFO:werkzeug:192.168.0.50 - - [01/Aug/2023 14:25:26] "POST /cart HTTP/1.1" 200 -
INFO:app:¿ÂπŸ±∏¥œ ∆‰¿Ã¡ˆ ¡¯¿‘
INFO:app:product_id : 7
INFO:werkzeug:192.168.0.125 - - [01/Aug/2023 14:25:27] "POST /cart HTTP/1.1" 200 -
INFO:app:¿ÂπŸ±∏¥œ ∆‰¿Ã¡ˆ ¡¯¿‘
INFO:app:product_id : 4
INFO:app:¿ÂπŸ±∏¥œ ∆‰¿Ã¡ˆ ¡¯¿‘
INFO:werkzeug:192.168.0.104 - - [01/Aug/2023 14:25:27] "POST /cart HTTP/1.1" 200 -
INFO:app:product_id : 3
INFO:app:¿ÂπŸ±∏¥œ ∆‰¿Ã¡ˆ ¡¯¿‘
INFO:app:product_id : 1
INFO:app:¿ÂπŸ±∏¥œ ∆‰¿Ã¡ˆ ¡¯¿‘
INFO:app:product_id : 1
INFO:werkzeug:192.168.0.172 - - [01/Aug/2023 14:25:27] "POST /cart HTTP/1.1" 200 -
INFO:werkzeug:192.168.0.50 - - [01/Aug/2023 14:25:27] "POST /cart HTTP/1.1" 200 -
INFO:app:¿ÂπŸ±∏¥œ ∆‰¿Ã¡ˆ ¡¯¿‘
INFO:app:product_id : 1
INFO:werkzeug:192.168.0.81 - - [01/Aug/2023 14:25:27] "POST /cart HTTP/1.1" 200 -
INFO:werkzeug:192.168.0.146 - - [01/Aug/2023 14:25:27] "POST /cart HTTP/1.1" 200 -
INFO:app:¿ÂπŸ±∏¥œ ∆‰¿Ã¡ˆ ¡¯¿‘
INFO:app:product_id : 1
INFO:app:¿ÂπŸ±∏¥œ ∆‰¿Ã¡ˆ ¡¯¿‘
INFO:app:product_id : 4
INFO:werkzeug:192.168.0.97 - - [01/Aug/2023 14:25:27] "POST /cart HTTP/1.1" 200 -
INFO:app:¿ÂπŸ±∏¥œ ∆‰¿Ã¡ˆ ¡¯¿‘
INFO:app:product_id : 3
INFO:werkzeug:192.168.0.146 - - [01/Aug/2023 14:25:27] "POST /cart HTTP/1.1" 200 -
INFO:app:cart api
INFO:werkzeug:192.168.0.50 - - [01/Aug/2023 14:25:27] "POST /cart HTTP/1.1" 200 -
INFO:werkzeug:192.168.0.91 - - [01/Aug/2023 14:25:27] "GET /cart HTTP/1.1" 200 -
INFO:app:¿ÂπŸ±∏¥œ ∆‰¿Ã¡ˆ ¡¯¿‘
INFO:app:product_id : 1
INFO:werkzeug:192.168.0.146 - - [01/Aug/2023 14:25:27] "POST /cart HTTP/1.1" 200 -
INFO:app:¿ÂπŸ±∏¥œ ∆‰¿Ã¡ˆ ¡¯¿‘
INFO:app:product_id : 3
INFO:werkzeug:192.168.0.50 - - [01/Aug/2023 14:25:27] "POST /cart HTTP/1.1" 200 -
INFO:app:¿ÂπŸ±∏¥œ ∆‰¿Ã¡ˆ ¡¯¿‘
INFO:app:product_id : 1
INFO:werkzeug:192.168.0.146 - - [01/Aug/2023 14:25:28] "POST /cart HTTP/1.1" 200 -
INFO:app:¿ÂπŸ±∏¥œ ∆‰¿Ã¡ˆ ¡¯¿‘
INFO:app:product_id : 3
INFO:werkzeug:192.168.0.50 - - [01/Aug/2023 14:25:28] "POST /cart HTTP/1.1" 200 -
INFO:app:∞·¡¶ ∆‰¿Ã¡ˆ ¡¯¿‘ ¡ﬂ
ERROR:app:Exception on /kakaopay/1 [GET]
Traceback (most recent call last):
  File "C:\Users\okseok\anaconda3\lib\site-packages\flask\app.py", line 2190, in wsgi_app
    response = self.full_dispatch_request()
  File "C:\Users\okseok\anaconda3\lib\site-packages\flask\app.py", line 1486, in full_dispatch_request
    rv = self.handle_user_exception(e)
  File "C:\Users\okseok\anaconda3\lib\site-packages\flask\app.py", line 1484, in full_dispatch_request
    rv = self.dispatch_request()
  File "C:\Users\okseok\anaconda3\lib\site-packages\flask\app.py", line 1469, in dispatch_request
    return self.ensure_sync(self.view_functions[rule.endpoint])(**view_args)
  File "C:\ITStudy\06_flask\onlineshop\personal_project-main\app\views\control_views.py", line 183, in kakaopay
    return redirect(url_for('cart.html', products=products, form=form))
  File "C:\Users\okseok\anaconda3\lib\site-packages\flask\helpers.py", line 225, in url_for
    return current_app.url_for(
  File "C:\Users\okseok\anaconda3\lib\site-packages\flask\app.py", line 1697, in url_for
    return self.handle_url_build_error(error, endpoint, values)
  File "C:\Users\okseok\anaconda3\lib\site-packages\flask\app.py", line 1686, in url_for
    rv = url_adapter.build(  # type: ignore[union-attr]
  File "C:\Users\okseok\anaconda3\lib\site-packages\werkzeug\routing\map.py", line 950, in build
    raise BuildError(endpoint, values, method, self)
werkzeug.routing.exceptions.BuildError: Could not build url for endpoint 'cart.html' with values ['form', 'products']. Did you mean 'test.hello_html' instead?
INFO:werkzeug:192.168.0.147 - - [01/Aug/2023 14:25:28] "[35m[1mGET /kakaopay/1 HTTP/1.1[0m" 500 -
INFO:app:¿ÂπŸ±∏¥œ ∆‰¿Ã¡ˆ ¡¯¿‘
INFO:app:product_id : 3
INFO:app:cart api
INFO:werkzeug:192.168.0.50 - - [01/Aug/2023 14:25:28] "POST /cart HTTP/1.1" 200 -
INFO:werkzeug:192.168.0.91 - - [01/Aug/2023 14:25:28] "GET /cart HTTP/1.1" 200 -
INFO:app:¿ÂπŸ±∏¥œ ∆‰¿Ã¡ˆ ¡¯¿‘
INFO:app:product_id : 1
INFO:werkzeug:192.168.0.146 - - [01/Aug/2023 14:25:28] "POST /cart HTTP/1.1" 200 -
INFO:app:¿ÂπŸ±∏¥œ ∆‰¿Ã¡ˆ ¡¯¿‘
INFO:app:product_id : 1
INFO:app:cart api
INFO:werkzeug:192.168.0.146 - - [01/Aug/2023 14:25:28] "POST /cart HTTP/1.1" 200 -
INFO:app:¿ÂπŸ±∏¥œ ∆‰¿Ã¡ˆ ¡¯¿‘
INFO:app:product_id : 1
INFO:werkzeug:192.168.0.136 - - [01/Aug/2023 14:25:29] "GET /cart HTTP/1.1" 200 -
INFO:werkzeug:192.168.0.146 - - [01/Aug/2023 14:25:29] "POST /cart HTTP/1.1" 200 -
INFO:app:¿ÂπŸ±∏¥œ ∆‰¿Ã¡ˆ ¡¯¿‘
INFO:app:product_id : 1
INFO:app:¿ÂπŸ±∏¥œ ∆‰¿Ã¡ˆ ¡¯¿‘
INFO:app:product_id : 4
INFO:werkzeug:192.168.0.81 - - [01/Aug/2023 14:25:29] "POST /cart HTTP/1.1" 200 -
INFO:werkzeug:192.168.0.104 - - [01/Aug/2023 14:25:29] "POST /cart HTTP/1.1" 200 -
INFO:app:cart api
INFO:app:cart api
INFO:werkzeug:192.168.0.125 - - [01/Aug/2023 14:25:29] "GET /cart HTTP/1.1" 200 -
INFO:app:¿ÂπŸ±∏¥œ ∆‰¿Ã¡ˆ ¡¯¿‘
INFO:app:product_id : 3
INFO:werkzeug:192.168.0.136 - - [01/Aug/2023 14:25:29] "GET /cart HTTP/1.1" 200 -
INFO:app:¿ÂπŸ±∏¥œ ∆‰¿Ã¡ˆ ¡¯¿‘
INFO:app:product_id : 3
INFO:werkzeug:192.168.0.50 - - [01/Aug/2023 14:25:29] "POST /cart HTTP/1.1" 200 -
INFO:werkzeug:192.168.0.50 - - [01/Aug/2023 14:25:29] "POST /cart HTTP/1.1" 200 -
INFO:app:cart api
INFO:app:¿ÂπŸ±∏¥œ ∆‰¿Ã¡ˆ ¡¯¿‘
INFO:app:product_id : 3
INFO:werkzeug:192.168.0.125 - - [01/Aug/2023 14:25:29] "GET /cart HTTP/1.1" 200 -
INFO:app:¿ÂπŸ±∏¥œ ∆‰¿Ã¡ˆ ¡¯¿‘
INFO:app:product_id : 3
INFO:app:¿ÂπŸ±∏¥œ ∆‰¿Ã¡ˆ ¡¯¿‘
INFO:app:cart api
INFO:app:product_id : 4
INFO:werkzeug:192.168.0.50 - - [01/Aug/2023 14:25:29] "POST /cart HTTP/1.1" 200 -
INFO:werkzeug:192.168.0.91 - - [01/Aug/2023 14:25:29] "GET /cart HTTP/1.1" 200 -
INFO:werkzeug:192.168.0.50 - - [01/Aug/2023 14:25:29] "POST /cart HTTP/1.1" 200 -
INFO:werkzeug:192.168.0.97 - - [01/Aug/2023 14:25:29] "POST /cart HTTP/1.1" 200 -
INFO:app:¿ÂπŸ±∏¥œ ∆‰¿Ã¡ˆ ¡¯¿‘
INFO:app:product_id : 1
INFO:werkzeug:192.168.0.146 - - [01/Aug/2023 14:25:29] "POST /cart HTTP/1.1" 200 -
INFO:app:¿ÂπŸ±∏¥œ ∆‰¿Ã¡ˆ ¡¯¿‘
INFO:app:product_id : 1
INFO:werkzeug:192.168.0.146 - - [01/Aug/2023 14:25:30] "POST /cart HTTP/1.1" 200 -
INFO:app:cart api
INFO:app:∞·¡¶ ∆‰¿Ã¡ˆ ¡¯¿‘ ¡ﬂ
INFO:werkzeug:192.168.0.91 - - [01/Aug/2023 14:25:30] "GET /cart HTTP/1.1" 200 -
ERROR:app:Exception on /kakaopay/1 [GET]
Traceback (most recent call last):
  File "C:\Users\okseok\anaconda3\lib\site-packages\flask\app.py", line 2190, in wsgi_app
    response = self.full_dispatch_request()
  File "C:\Users\okseok\anaconda3\lib\site-packages\flask\app.py", line 1486, in full_dispatch_request
    rv = self.handle_user_exception(e)
  File "C:\Users\okseok\anaconda3\lib\site-packages\flask\app.py", line 1484, in full_dispatch_request
    rv = self.dispatch_request()
  File "C:\Users\okseok\anaconda3\lib\site-packages\flask\app.py", line 1469, in dispatch_request
    return self.ensure_sync(self.view_functions[rule.endpoint])(**view_args)
  File "C:\ITStudy\06_flask\onlineshop\personal_project-main\app\views\control_views.py", line 183, in kakaopay
    return redirect(url_for('cart.html', products=products, form=form))
  File "C:\Users\okseok\anaconda3\lib\site-packages\flask\helpers.py", line 225, in url_for
    return current_app.url_for(
  File "C:\Users\okseok\anaconda3\lib\site-packages\flask\app.py", line 1697, in url_for
    return self.handle_url_build_error(error, endpoint, values)
  File "C:\Users\okseok\anaconda3\lib\site-packages\flask\app.py", line 1686, in url_for
    rv = url_adapter.build(  # type: ignore[union-attr]
  File "C:\Users\okseok\anaconda3\lib\site-packages\werkzeug\routing\map.py", line 950, in build
    raise BuildError(endpoint, values, method, self)
werkzeug.routing.exceptions.BuildError: Could not build url for endpoint 'cart.html' with values ['form', 'products']. Did you mean 'test.hello_html' instead?
INFO:werkzeug:192.168.0.136 - - [01/Aug/2023 14:25:30] "[35m[1mGET /kakaopay/1 HTTP/1.1[0m" 500 -
INFO:app:¿ÂπŸ±∏¥œ ∆‰¿Ã¡ˆ ¡¯¿‘
INFO:app:product_id : 3
INFO:werkzeug:192.168.0.50 - - [01/Aug/2023 14:25:30] "POST /cart HTTP/1.1" 200 -
INFO:app:¿ÂπŸ±∏¥œ ∆‰¿Ã¡ˆ ¡¯¿‘
INFO:app:product_id : 7
INFO:werkzeug:192.168.0.172 - - [01/Aug/2023 14:25:30] "POST /cart HTTP/1.1" 200 -
INFO:app:¿ÂπŸ±∏¥œ ∆‰¿Ã¡ˆ ¡¯¿‘
INFO:app:product_id : 3
INFO:app:cart api
INFO:werkzeug:192.168.0.50 - - [01/Aug/2023 14:25:30] "POST /cart HTTP/1.1" 200 -
INFO:app:¿ÂπŸ±∏¥œ ∆‰¿Ã¡ˆ ¡¯¿‘
INFO:app:product_id : 1
INFO:app:¿ÂπŸ±∏¥œ ∆‰¿Ã¡ˆ ¡¯¿‘
INFO:app:product_id : 1
INFO:werkzeug:192.168.0.91 - - [01/Aug/2023 14:25:30] "GET /cart HTTP/1.1" 200 -
INFO:app:¿ÂπŸ±∏¥œ ∆‰¿Ã¡ˆ ¡¯¿‘
INFO:app:product_id : 1
INFO:werkzeug:192.168.0.110 - - [01/Aug/2023 14:25:30] "GET /about HTTP/1.1" 200 -
INFO:werkzeug:192.168.0.146 - - [01/Aug/2023 14:25:30] "POST /cart HTTP/1.1" 200 -
INFO:werkzeug:192.168.0.146 - - [01/Aug/2023 14:25:30] "POST /cart HTTP/1.1" 200 -
INFO:werkzeug:192.168.0.146 - - [01/Aug/2023 14:25:31] "POST /cart HTTP/1.1" 200 -
INFO:app:¿ÂπŸ±∏¥œ ∆‰¿Ã¡ˆ ¡¯¿‘
INFO:app:product_id : 1
INFO:werkzeug:192.168.0.146 - - [01/Aug/2023 14:25:31] "POST /cart HTTP/1.1" 200 -
INFO:app:cart api
INFO:werkzeug:192.168.0.91 - - [01/Aug/2023 14:25:31] "GET /cart HTTP/1.1" 200 -
INFO:app:¿ÂπŸ±∏¥œ ∆‰¿Ã¡ˆ ¡¯¿‘
INFO:app:product_id : 1
INFO:werkzeug:192.168.0.81 - - [01/Aug/2023 14:25:31] "POST /cart HTTP/1.1" 200 -
INFO:app:cart api
INFO:werkzeug:192.168.0.91 - - [01/Aug/2023 14:25:31] "GET /cart HTTP/1.1" 200 -
INFO:app:¿ÂπŸ±∏¥œ ∆‰¿Ã¡ˆ ¡¯¿‘
INFO:app:product_id : 1
INFO:werkzeug:192.168.0.114 - - [01/Aug/2023 14:25:31] "GET / HTTP/1.1" 200 -
INFO:werkzeug:192.168.0.146 - - [01/Aug/2023 14:25:31] "POST /cart HTTP/1.1" 200 -
INFO:werkzeug:192.168.0.114 - - [01/Aug/2023 14:25:32] "[36mGET /static/css/style.css HTTP/1.1[0m" 304 -
INFO:app:¿ÂπŸ±∏¥œ ∆‰¿Ã¡ˆ ¡¯¿‘
INFO:app:product_id : 4
INFO:werkzeug:192.168.0.97 - - [01/Aug/2023 14:25:32] "POST /cart HTTP/1.1" 200 -
INFO:werkzeug:192.168.0.114 - - [01/Aug/2023 14:25:32] "[33mGET /static/images/abput-img.png HTTP/1.1[0m" 404 -
INFO:app:¿ÂπŸ±∏¥œ ∆‰¿Ã¡ˆ ¡¯¿‘
INFO:app:product_id : 1
INFO:werkzeug:192.168.0.146 - - [01/Aug/2023 14:25:32] "POST /cart HTTP/1.1" 200 -
INFO:werkzeug:192.168.0.114 - - [01/Aug/2023 14:25:32] "[36mGET /static/images/food.jpg HTTP/1.1[0m" 304 -
INFO:werkzeug:192.168.0.114 - - [01/Aug/2023 14:25:32] "[33mGET /script.js HTTP/1.1[0m" 404 -
INFO:app:cart api
INFO:werkzeug:192.168.0.91 - - [01/Aug/2023 14:25:32] "GET /cart HTTP/1.1" 200 -
INFO:app:cart api
INFO:werkzeug:192.168.0.114 - - [01/Aug/2023 14:25:32] "[36mGET /static/images/img-1.png HTTP/1.1[0m" 304 -
INFO:werkzeug:192.168.0.136 - - [01/Aug/2023 14:25:32] "GET /cart HTTP/1.1" 200 -
INFO:werkzeug:192.168.0.114 - - [01/Aug/2023 14:25:32] "[36mGET /static/images/0721.jpg HTTP/1.1[0m" 304 -
INFO:werkzeug:192.168.0.114 - - [01/Aug/2023 14:25:32] "[36mGET /static/images/img-2.png HTTP/1.1[0m" 304 -
INFO:werkzeug:192.168.0.114 - - [01/Aug/2023 14:25:32] "[36mGET /static/images/img-3.png HTTP/1.1[0m" 304 -
INFO:werkzeug:192.168.0.114 - - [01/Aug/2023 14:25:32] "[36mGET /static/images/img-4.png HTTP/1.1[0m" 304 -
INFO:app:cart api
INFO:app:cart api
INFO:app:¿ÂπŸ±∏¥œ ∆‰¿Ã¡ˆ ¡¯¿‘
INFO:app:product_id : 1
INFO:werkzeug:192.168.0.91 - - [01/Aug/2023 14:25:32] "GET /cart HTTP/1.1" 200 -
INFO:werkzeug:192.168.0.136 - - [01/Aug/2023 14:25:33] "GET /cart HTTP/1.1" 200 -
INFO:app:¿ÂπŸ±∏¥œ ∆‰¿Ã¡ˆ ¡¯¿‘
INFO:app:product_id : 1
INFO:app:¿ÂπŸ±∏¥œ ∆‰¿Ã¡ˆ ¡¯¿‘
INFO:app:product_id : 1
INFO:werkzeug:192.168.0.146 - - [01/Aug/2023 14:25:33] "POST /cart HTTP/1.1" 200 -
INFO:werkzeug:192.168.0.146 - - [01/Aug/2023 14:25:33] "POST /cart HTTP/1.1" 200 -
INFO:werkzeug:192.168.0.146 - - [01/Aug/2023 14:25:33] "POST /cart HTTP/1.1" 200 -
INFO:app:¿ÂπŸ±∏¥œ ∆‰¿Ã¡ˆ ¡¯¿‘
INFO:app:product_id : 1
INFO:werkzeug:192.168.0.146 - - [01/Aug/2023 14:25:33] "POST /cart HTTP/1.1" 200 -
INFO:app:cart api
INFO:werkzeug:192.168.0.136 - - [01/Aug/2023 14:25:33] "GET /cart HTTP/1.1" 200 -
INFO:app:cart api
INFO:app:cart api
INFO:werkzeug:192.168.0.136 - - [01/Aug/2023 14:25:33] "GET /cart HTTP/1.1" 200 -
INFO:werkzeug:192.168.0.91 - - [01/Aug/2023 14:25:33] "GET /cart HTTP/1.1" 200 -
INFO:app:cart api
INFO:app:cart api
INFO:werkzeug:192.168.0.172 - - [01/Aug/2023 14:25:33] "GET /cart HTTP/1.1" 200 -
INFO:werkzeug:192.168.0.136 - - [01/Aug/2023 14:25:33] "GET /cart HTTP/1.1" 200 -
INFO:app:cart api
INFO:werkzeug:192.168.0.172 - - [01/Aug/2023 14:25:33] "GET /cart HTTP/1.1" 200 -
INFO:app:cart api
INFO:werkzeug:192.168.0.136 - - [01/Aug/2023 14:25:33] "GET /cart HTTP/1.1" 200 -
INFO:app:cart api
INFO:werkzeug:192.168.0.91 - - [01/Aug/2023 14:25:33] "GET /cart HTTP/1.1" 200 -
INFO:app:¿ÂπŸ±∏¥œ ∆‰¿Ã¡ˆ ¡¯¿‘
INFO:app:product_id : 1
INFO:app:cart api
INFO:werkzeug:192.168.0.146 - - [01/Aug/2023 14:25:34] "POST /cart HTTP/1.1" 200 -
INFO:werkzeug:192.168.0.136 - - [01/Aug/2023 14:25:34] "GET /cart HTTP/1.1" 200 -
INFO:app:cart api
INFO:app:cart api
INFO:werkzeug:192.168.0.136 - - [01/Aug/2023 14:25:34] "GET /cart HTTP/1.1" 200 -
INFO:werkzeug:192.168.0.91 - - [01/Aug/2023 14:25:34] "GET /cart HTTP/1.1" 200 -
INFO:app:¿ÂπŸ±∏¥œ ∆‰¿Ã¡ˆ ¡¯¿‘
INFO:app:product_id : 1
INFO:app:cart api
INFO:werkzeug:192.168.0.146 - - [01/Aug/2023 14:25:34] "POST /cart HTTP/1.1" 200 -
INFO:werkzeug:192.168.0.136 - - [01/Aug/2023 14:25:34] "GET /cart HTTP/1.1" 200 -
INFO:app:cart api
INFO:werkzeug:192.168.0.136 - - [01/Aug/2023 14:25:34] "GET /cart HTTP/1.1" 200 -
INFO:app:cart api
INFO:werkzeug:192.168.0.91 - - [01/Aug/2023 14:25:34] "GET /cart HTTP/1.1" 200 -
INFO:app:cart api
INFO:app:¿ÂπŸ±∏¥œ ∆‰¿Ã¡ˆ ¡¯¿‘
INFO:app:product_id : 1
INFO:werkzeug:192.168.0.136 - - [01/Aug/2023 14:25:34] "GET /cart HTTP/1.1" 200 -
INFO:werkzeug:192.168.0.146 - - [01/Aug/2023 14:25:34] "POST /cart HTTP/1.1" 200 -
INFO:app:cart api
INFO:werkzeug:192.168.0.136 - - [01/Aug/2023 14:25:34] "GET /cart HTTP/1.1" 200 -
INFO:werkzeug:192.168.0.111 - - [01/Aug/2023 14:25:34] "[33mGET /script.js HTTP/1.1[0m" 404 -
INFO:app:cart api
INFO:werkzeug:192.168.0.136 - - [01/Aug/2023 14:25:35] "GET /cart HTTP/1.1" 200 -
INFO:app:¿ÂπŸ±∏¥œ ∆‰¿Ã¡ˆ ¡¯¿‘
INFO:app:product_id : 1
INFO:app:cart api
INFO:werkzeug:192.168.0.146 - - [01/Aug/2023 14:25:35] "POST /cart HTTP/1.1" 200 -
INFO:werkzeug:192.168.0.91 - - [01/Aug/2023 14:25:35] "GET /cart HTTP/1.1" 200 -
INFO:app:¿ÂπŸ±∏¥œ ∆‰¿Ã¡ˆ ¡¯¿‘
INFO:app:product_id : 1
INFO:app:cart api
INFO:werkzeug:192.168.0.136 - - [01/Aug/2023 14:25:35] "GET /cart HTTP/1.1" 200 -
INFO:werkzeug:192.168.0.81 - - [01/Aug/2023 14:25:35] "POST /cart HTTP/1.1" 200 -
INFO:app:cart api
INFO:werkzeug:192.168.0.136 - - [01/Aug/2023 14:25:35] "GET /cart HTTP/1.1" 200 -
INFO:app:¿ÂπŸ±∏¥œ ∆‰¿Ã¡ˆ ¡¯¿‘
INFO:app:product_id : 1
INFO:werkzeug:192.168.0.146 - - [01/Aug/2023 14:25:35] "POST /cart HTTP/1.1" 200 -
INFO:app:cart api
INFO:app:cart api
INFO:werkzeug:192.168.0.136 - - [01/Aug/2023 14:25:35] "GET /cart HTTP/1.1" 200 -
INFO:werkzeug:192.168.0.91 - - [01/Aug/2023 14:25:35] "GET /cart HTTP/1.1" 200 -
INFO:app:cart api
INFO:app:¿ÂπŸ±∏¥œ ∆‰¿Ã¡ˆ ¡¯¿‘
INFO:app:product_id : 1
INFO:werkzeug:192.168.0.136 - - [01/Aug/2023 14:25:35] "GET /cart HTTP/1.1" 200 -
INFO:app:¿ÂπŸ±∏¥œ ∆‰¿Ã¡ˆ ¡¯¿‘
INFO:app:product_id : 4
INFO:werkzeug:192.168.0.97 - - [01/Aug/2023 14:25:35] "POST /cart HTTP/1.1" 200 -
INFO:werkzeug:192.168.0.146 - - [01/Aug/2023 14:25:35] "POST /cart HTTP/1.1" 200 -
INFO:app:∞·¡¶ ∆‰¿Ã¡ˆ ¡¯¿‘ ¡ﬂ
INFO:app:cart api
ERROR:app:Exception on /kakaopay/1 [GET]
Traceback (most recent call last):
  File "C:\Users\okseok\anaconda3\lib\site-packages\flask\app.py", line 2190, in wsgi_app
    response = self.full_dispatch_request()
  File "C:\Users\okseok\anaconda3\lib\site-packages\flask\app.py", line 1486, in full_dispatch_request
    rv = self.handle_user_exception(e)
  File "C:\Users\okseok\anaconda3\lib\site-packages\flask\app.py", line 1484, in full_dispatch_request
    rv = self.dispatch_request()
  File "C:\Users\okseok\anaconda3\lib\site-packages\flask\app.py", line 1469, in dispatch_request
    return self.ensure_sync(self.view_functions[rule.endpoint])(**view_args)
  File "C:\ITStudy\06_flask\onlineshop\personal_project-main\app\views\control_views.py", line 183, in kakaopay
    return redirect(url_for('cart.html', products=products, form=form))
  File "C:\Users\okseok\anaconda3\lib\site-packages\flask\helpers.py", line 225, in url_for
    return current_app.url_for(
  File "C:\Users\okseok\anaconda3\lib\site-packages\flask\app.py", line 1697, in url_for
    return self.handle_url_build_error(error, endpoint, values)
  File "C:\Users\okseok\anaconda3\lib\site-packages\flask\app.py", line 1686, in url_for
    rv = url_adapter.build(  # type: ignore[union-attr]
  File "C:\Users\okseok\anaconda3\lib\site-packages\werkzeug\routing\map.py", line 950, in build
    raise BuildError(endpoint, values, method, self)
werkzeug.routing.exceptions.BuildError: Could not build url for endpoint 'cart.html' with values ['form', 'products']. Did you mean 'test.hello_html' instead?
INFO:werkzeug:192.168.0.172 - - [01/Aug/2023 14:25:36] "[35m[1mGET /kakaopay/1 HTTP/1.1[0m" 500 -
INFO:werkzeug:192.168.0.136 - - [01/Aug/2023 14:25:36] "GET /cart HTTP/1.1" 200 -
INFO:app:cart api
INFO:app:cart api
INFO:werkzeug:192.168.0.91 - - [01/Aug/2023 14:25:36] "GET /cart HTTP/1.1" 200 -
INFO:werkzeug:192.168.0.136 - - [01/Aug/2023 14:25:36] "GET /cart HTTP/1.1" 200 -
INFO:app:¿ÂπŸ±∏¥œ ∆‰¿Ã¡ˆ ¡¯¿‘
INFO:app:product_id : 1
INFO:werkzeug:192.168.0.146 - - [01/Aug/2023 14:25:36] "POST /cart HTTP/1.1" 200 -
INFO:app:cart api
INFO:werkzeug:192.168.0.136 - - [01/Aug/2023 14:25:36] "GET /cart HTTP/1.1" 200 -
INFO:app:cart api
INFO:werkzeug:192.168.0.136 - - [01/Aug/2023 14:25:36] "GET /cart HTTP/1.1" 200 -
INFO:app:¿ÂπŸ±∏¥œ ∆‰¿Ã¡ˆ ¡¯¿‘
INFO:app:product_id : 1
INFO:app:cart api
INFO:werkzeug:192.168.0.146 - - [01/Aug/2023 14:25:36] "POST /cart HTTP/1.1" 200 -
INFO:app:cart api
INFO:app:¿ÂπŸ±∏¥œ ∆‰¿Ã¡ˆ ¡¯¿‘
INFO:werkzeug:192.168.0.91 - - [01/Aug/2023 14:25:36] "GET /cart HTTP/1.1" 200 -
INFO:app:product_id : 1
INFO:werkzeug:192.168.0.136 - - [01/Aug/2023 14:25:36] "GET /cart HTTP/1.1" 200 -
INFO:werkzeug:192.168.0.146 - - [01/Aug/2023 14:25:36] "POST /cart HTTP/1.1" 200 -
INFO:app:cart api
INFO:werkzeug:192.168.0.136 - - [01/Aug/2023 14:25:36] "GET /cart HTTP/1.1" 200 -
INFO:app:¿ÂπŸ±∏¥œ ∆‰¿Ã¡ˆ ¡¯¿‘
INFO:app:product_id : 1
INFO:werkzeug:192.168.0.146 - - [01/Aug/2023 14:25:37] "POST /cart HTTP/1.1" 200 -
INFO:app:cart api
INFO:werkzeug:192.168.0.136 - - [01/Aug/2023 14:25:37] "GET /cart HTTP/1.1" 200 -
INFO:app:¿ÂπŸ±∏¥œ ∆‰¿Ã¡ˆ ¡¯¿‘
INFO:app:product_id : 1
INFO:app:cart api
INFO:app:cart api
INFO:werkzeug:192.168.0.91 - - [01/Aug/2023 14:25:37] "GET /cart HTTP/1.1" 200 -
INFO:app:¿ÂπŸ±∏¥œ ∆‰¿Ã¡ˆ ¡¯¿‘
INFO:app:product_id : 1
INFO:werkzeug:192.168.0.136 - - [01/Aug/2023 14:25:37] "GET /cart HTTP/1.1" 200 -
INFO:werkzeug:192.168.0.146 - - [01/Aug/2023 14:25:37] "POST /cart HTTP/1.1" 200 -
INFO:werkzeug:192.168.0.146 - - [01/Aug/2023 14:25:37] "POST /cart HTTP/1.1" 200 -
INFO:app:¿ÂπŸ±∏¥œ ∆‰¿Ã¡ˆ ¡¯¿‘
INFO:app:product_id : 1
INFO:app:¿ÂπŸ±∏¥œ ∆‰¿Ã¡ˆ ¡¯¿‘
INFO:app:product_id : 1
INFO:app:¿ÂπŸ±∏¥œ ∆‰¿Ã¡ˆ ¡¯¿‘
INFO:app:product_id : 1
INFO:app:¿ÂπŸ±∏¥œ ∆‰¿Ã¡ˆ ¡¯¿‘
INFO:app:product_id : 4
INFO:werkzeug:192.168.0.146 - - [01/Aug/2023 14:25:37] "POST /cart HTTP/1.1" 200 -
INFO:app:¿ÂπŸ±∏¥œ ∆‰¿Ã¡ˆ ¡¯¿‘
INFO:app:product_id : 1
INFO:werkzeug:192.168.0.146 - - [01/Aug/2023 14:25:37] "POST /cart HTTP/1.1" 200 -
INFO:app:cart api
INFO:werkzeug:192.168.0.146 - - [01/Aug/2023 14:25:37] "POST /cart HTTP/1.1" 200 -
INFO:werkzeug:192.168.0.146 - - [01/Aug/2023 14:25:37] "POST /cart HTTP/1.1" 200 -
INFO:werkzeug:192.168.0.97 - - [01/Aug/2023 14:25:37] "POST /cart HTTP/1.1" 200 -
INFO:werkzeug:192.168.0.91 - - [01/Aug/2023 14:25:37] "GET /cart HTTP/1.1" 200 -
INFO:werkzeug:192.168.0.154 - - [01/Aug/2023 14:25:37] "[33mGET /script.js HTTP/1.1[0m" 404 -
INFO:app:¿ÂπŸ±∏¥œ ∆‰¿Ã¡ˆ ¡¯¿‘
INFO:app:product_id : 1
INFO:werkzeug:192.168.0.146 - - [01/Aug/2023 14:25:38] "POST /cart HTTP/1.1" 200 -
INFO:app:¿ÂπŸ±∏¥œ ∆‰¿Ã¡ˆ ¡¯¿‘
INFO:app:product_id : 1
INFO:werkzeug:192.168.0.146 - - [01/Aug/2023 14:25:38] "POST /cart HTTP/1.1" 200 -
INFO:app:cart api
INFO:werkzeug:192.168.0.91 - - [01/Aug/2023 14:25:38] "GET /cart HTTP/1.1" 200 -
INFO:app:¿ÂπŸ±∏¥œ ∆‰¿Ã¡ˆ ¡¯¿‘
INFO:app:product_id : 1
INFO:app:cart api
INFO:werkzeug:192.168.0.81 - - [01/Aug/2023 14:25:38] "POST /cart HTTP/1.1" 200 -
INFO:app:¿ÂπŸ±∏¥œ ∆‰¿Ã¡ˆ ¡¯¿‘
INFO:app:product_id : 1
INFO:werkzeug:192.168.0.138 - - [01/Aug/2023 14:25:38] "GET /cart HTTP/1.1" 200 -
INFO:werkzeug:192.168.0.146 - - [01/Aug/2023 14:25:38] "POST /cart HTTP/1.1" 200 -
INFO:app:¿ÂπŸ±∏¥œ ∆‰¿Ã¡ˆ ¡¯¿‘
INFO:app:product_id : 1
INFO:werkzeug:192.168.0.146 - - [01/Aug/2023 14:25:38] "POST /cart HTTP/1.1" 200 -
INFO:app:cart api
INFO:app:cart api
INFO:werkzeug:192.168.0.111 - - [01/Aug/2023 14:25:38] "GET /cart HTTP/1.1" 200 -
INFO:werkzeug:192.168.0.138 - - [01/Aug/2023 14:25:38] "GET /cart HTTP/1.1" 200 -
INFO:app:cart api
INFO:werkzeug:192.168.0.91 - - [01/Aug/2023 14:25:38] "GET /cart HTTP/1.1" 200 -
INFO:app:¿ÂπŸ±∏¥œ ∆‰¿Ã¡ˆ ¡¯¿‘
INFO:app:product_id : 1
INFO:werkzeug:192.168.0.146 - - [01/Aug/2023 14:25:38] "POST /cart HTTP/1.1" 200 -
INFO:app:cart api
INFO:werkzeug:192.168.0.138 - - [01/Aug/2023 14:25:38] "GET /cart HTTP/1.1" 200 -
INFO:app:¿ÂπŸ±∏¥œ ∆‰¿Ã¡ˆ ¡¯¿‘
INFO:app:product_id : 1
INFO:werkzeug:192.168.0.146 - - [01/Aug/2023 14:25:38] "POST /cart HTTP/1.1" 200 -
INFO:app:cart api
INFO:werkzeug:192.168.0.138 - - [01/Aug/2023 14:25:39] "GET /cart HTTP/1.1" 200 -
INFO:werkzeug:192.168.0.172 - - [01/Aug/2023 14:25:39] "GET /about HTTP/1.1" 200 -
INFO:app:cart api
INFO:werkzeug:192.168.0.111 - - [01/Aug/2023 14:25:39] "GET /cart HTTP/1.1" 200 -
INFO:app:cart api
INFO:app:¿ÂπŸ±∏¥œ ∆‰¿Ã¡ˆ ¡¯¿‘
INFO:app:product_id : 1
INFO:werkzeug:192.168.0.91 - - [01/Aug/2023 14:25:39] "GET /cart HTTP/1.1" 200 -
INFO:werkzeug:192.168.0.146 - - [01/Aug/2023 14:25:39] "POST /cart HTTP/1.1" 200 -
INFO:app:cart api
INFO:app:¿ÂπŸ±∏¥œ ∆‰¿Ã¡ˆ ¡¯¿‘
INFO:app:product_id : 1
INFO:werkzeug:192.168.0.138 - - [01/Aug/2023 14:25:39] "GET /cart HTTP/1.1" 200 -
INFO:app:cart api
INFO:app:¿ÂπŸ±∏¥œ ∆‰¿Ã¡ˆ ¡¯¿‘
INFO:app:product_id : 1
INFO:werkzeug:192.168.0.146 - - [01/Aug/2023 14:25:39] "POST /cart HTTP/1.1" 200 -
INFO:werkzeug:192.168.0.111 - - [01/Aug/2023 14:25:39] "GET /cart HTTP/1.1" 200 -
INFO:werkzeug:192.168.0.146 - - [01/Aug/2023 14:25:39] "POST /cart HTTP/1.1" 200 -
INFO:app:cart api
INFO:werkzeug:192.168.0.138 - - [01/Aug/2023 14:25:39] "GET /cart HTTP/1.1" 200 -
INFO:app:cart api
INFO:app:¿ÂπŸ±∏¥œ ∆‰¿Ã¡ˆ ¡¯¿‘
INFO:app:product_id : 4
INFO:werkzeug:192.168.0.111 - - [01/Aug/2023 14:25:39] "GET /cart HTTP/1.1" 200 -
INFO:werkzeug:192.168.0.97 - - [01/Aug/2023 14:25:39] "POST /cart HTTP/1.1" 200 -
INFO:app:cart api
INFO:app:¿ÂπŸ±∏¥œ ∆‰¿Ã¡ˆ ¡¯¿‘
INFO:app:product_id : 1
INFO:werkzeug:192.168.0.138 - - [01/Aug/2023 14:25:39] "GET /cart HTTP/1.1" 200 -
INFO:werkzeug:192.168.0.146 - - [01/Aug/2023 14:25:40] "POST /cart HTTP/1.1" 200 -
INFO:app:cart api
INFO:app:¿ÂπŸ±∏¥œ ∆‰¿Ã¡ˆ ¡¯¿‘
INFO:app:product_id : 1
INFO:werkzeug:192.168.0.111 - - [01/Aug/2023 14:25:40] "GET /cart HTTP/1.1" 200 -
INFO:werkzeug:192.168.0.146 - - [01/Aug/2023 14:25:40] "POST /cart HTTP/1.1" 200 -
INFO:app:cart api
INFO:app:cart api
INFO:werkzeug:192.168.0.138 - - [01/Aug/2023 14:25:40] "GET /cart HTTP/1.1" 200 -
INFO:werkzeug:192.168.0.91 - - [01/Aug/2023 14:25:40] "GET /cart HTTP/1.1" 200 -
INFO:app:¿ÂπŸ±∏¥œ ∆‰¿Ã¡ˆ ¡¯¿‘
INFO:app:product_id : 1
INFO:app:¿ÂπŸ±∏¥œ ∆‰¿Ã¡ˆ ¡¯¿‘
INFO:app:product_id : 1
INFO:werkzeug:192.168.0.146 - - [01/Aug/2023 14:25:40] "POST /cart HTTP/1.1" 200 -
INFO:app:cart api
INFO:werkzeug:192.168.0.81 - - [01/Aug/2023 14:25:40] "POST /cart HTTP/1.1" 200 -
INFO:app:¿ÂπŸ±∏¥œ ∆‰¿Ã¡ˆ ¡¯¿‘
INFO:app:product_id : 1
INFO:werkzeug:192.168.0.111 - - [01/Aug/2023 14:25:40] "GET /cart HTTP/1.1" 200 -
INFO:app:cart api
INFO:werkzeug:192.168.0.146 - - [01/Aug/2023 14:25:40] "POST /cart HTTP/1.1" 200 -
INFO:app:¿ÂπŸ±∏¥œ ∆‰¿Ã¡ˆ ¡¯¿‘
INFO:app:product_id : 7
INFO:app:cart api
INFO:app:¿ÂπŸ±∏¥œ ∆‰¿Ã¡ˆ ¡¯¿‘
INFO:app:product_id : 1
INFO:werkzeug:192.168.0.91 - - [01/Aug/2023 14:25:40] "GET /cart HTTP/1.1" 200 -
INFO:app:cart api
INFO:werkzeug:192.168.0.154 - - [01/Aug/2023 14:25:40] "POST /cart HTTP/1.1" 200 -
INFO:werkzeug:192.168.0.138 - - [01/Aug/2023 14:25:40] "GET /cart HTTP/1.1" 200 -
INFO:werkzeug:192.168.0.111 - - [01/Aug/2023 14:25:40] "GET /cart HTTP/1.1" 200 -
INFO:app:¿ÂπŸ±∏¥œ ∆‰¿Ã¡ˆ ¡¯¿‘
INFO:werkzeug:192.168.0.146 - - [01/Aug/2023 14:25:40] "POST /cart HTTP/1.1" 200 -
INFO:app:product_id : 1
INFO:app:cart api
INFO:werkzeug:192.168.0.146 - - [01/Aug/2023 14:25:40] "POST /cart HTTP/1.1" 200 -
INFO:werkzeug:192.168.0.91 - - [01/Aug/2023 14:25:40] "GET /cart HTTP/1.1" 200 -
INFO:app:cart api
INFO:app:cart api
INFO:werkzeug:192.168.0.138 - - [01/Aug/2023 14:25:40] "GET /cart HTTP/1.1" 200 -
INFO:werkzeug:192.168.0.111 - - [01/Aug/2023 14:25:40] "GET /cart HTTP/1.1" 200 -
INFO:app:cart api
INFO:app:cart api
INFO:app:cart api
INFO:werkzeug:192.168.0.138 - - [01/Aug/2023 14:25:40] "GET /cart HTTP/1.1" 200 -
INFO:werkzeug:192.168.0.111 - - [01/Aug/2023 14:25:40] "GET /cart HTTP/1.1" 200 -
INFO:werkzeug:192.168.0.91 - - [01/Aug/2023 14:25:41] "GET /cart HTTP/1.1" 200 -
INFO:app:¿ÂπŸ±∏¥œ ∆‰¿Ã¡ˆ ¡¯¿‘
INFO:app:product_id : 1
INFO:app:cart api
INFO:app:cart api
INFO:werkzeug:192.168.0.146 - - [01/Aug/2023 14:25:41] "POST /cart HTTP/1.1" 200 -
INFO:app:cart api
INFO:app:¿ÂπŸ±∏¥œ ∆‰¿Ã¡ˆ ¡¯¿‘
INFO:app:product_id : 1
INFO:werkzeug:192.168.0.91 - - [01/Aug/2023 14:25:41] "GET /cart HTTP/1.1" 200 -
INFO:werkzeug:192.168.0.111 - - [01/Aug/2023 14:25:41] "GET /cart HTTP/1.1" 200 -
INFO:werkzeug:192.168.0.138 - - [01/Aug/2023 14:25:41] "GET /cart HTTP/1.1" 200 -
INFO:werkzeug:192.168.0.146 - - [01/Aug/2023 14:25:41] "POST /cart HTTP/1.1" 200 -
INFO:app:cart api
INFO:app:cart api
INFO:app:cart api
INFO:werkzeug:192.168.0.111 - - [01/Aug/2023 14:25:41] "GET /cart HTTP/1.1" 200 -
INFO:werkzeug:192.168.0.138 - - [01/Aug/2023 14:25:41] "GET /cart HTTP/1.1" 200 -
INFO:werkzeug:192.168.0.91 - - [01/Aug/2023 14:25:41] "GET /cart HTTP/1.1" 200 -
INFO:app:cart api
INFO:werkzeug:192.168.0.111 - - [01/Aug/2023 14:25:41] "GET /cart HTTP/1.1" 200 -
INFO:app:cart api
INFO:app:cart api
INFO:werkzeug:192.168.0.138 - - [01/Aug/2023 14:25:41] "GET /cart HTTP/1.1" 200 -
INFO:app:¿ÂπŸ±∏¥œ ∆‰¿Ã¡ˆ ¡¯¿‘
INFO:app:product_id : 1
INFO:werkzeug:192.168.0.91 - - [01/Aug/2023 14:25:41] "GET /cart HTTP/1.1" 200 -
INFO:app:¿ÂπŸ±∏¥œ ∆‰¿Ã¡ˆ ¡¯¿‘
INFO:app:product_id : 4
INFO:app:cart api
INFO:werkzeug:192.168.0.146 - - [01/Aug/2023 14:25:41] "POST /cart HTTP/1.1" 200 -
INFO:werkzeug:192.168.0.97 - - [01/Aug/2023 14:25:41] "POST /cart HTTP/1.1" 200 -
INFO:werkzeug:192.168.0.111 - - [01/Aug/2023 14:25:41] "GET /cart HTTP/1.1" 200 -
INFO:app:¿ÂπŸ±∏¥œ ∆‰¿Ã¡ˆ ¡¯¿‘
INFO:app:product_id : 1
INFO:app:cart api
INFO:app:cart api
INFO:werkzeug:192.168.0.146 - - [01/Aug/2023 14:25:41] "POST /cart HTTP/1.1" 200 -
INFO:werkzeug:192.168.0.91 - - [01/Aug/2023 14:25:41] "GET /cart HTTP/1.1" 200 -
INFO:werkzeug:192.168.0.138 - - [01/Aug/2023 14:25:41] "GET /cart HTTP/1.1" 200 -
INFO:app:cart api
INFO:werkzeug:192.168.0.111 - - [01/Aug/2023 14:25:42] "GET /cart HTTP/1.1" 200 -
INFO:app:¿ÂπŸ±∏¥œ ∆‰¿Ã¡ˆ ¡¯¿‘
INFO:app:product_id : 1
INFO:app:cart api
INFO:app:cart api
INFO:werkzeug:192.168.0.146 - - [01/Aug/2023 14:25:42] "POST /cart HTTP/1.1" 200 -
INFO:app:¿ÂπŸ±∏¥œ ∆‰¿Ã¡ˆ ¡¯¿‘
INFO:app:cart api
INFO:app:product_id : 1
INFO:werkzeug:192.168.0.138 - - [01/Aug/2023 14:25:42] "GET /cart HTTP/1.1" 200 -
INFO:werkzeug:192.168.0.91 - - [01/Aug/2023 14:25:42] "GET /cart HTTP/1.1" 200 -
INFO:werkzeug:192.168.0.111 - - [01/Aug/2023 14:25:42] "GET /cart HTTP/1.1" 200 -
INFO:werkzeug:192.168.0.146 - - [01/Aug/2023 14:25:42] "POST /cart HTTP/1.1" 200 -
INFO:app:¿ÂπŸ±∏¥œ ∆‰¿Ã¡ˆ ¡¯¿‘
INFO:app:product_id : 1
INFO:app:¿ÂπŸ±∏¥œ ∆‰¿Ã¡ˆ ¡¯¿‘
INFO:app:product_id : 1
INFO:app:cart api
INFO:app:cart api
INFO:werkzeug:192.168.0.81 - - [01/Aug/2023 14:25:42] "POST /cart HTTP/1.1" 200 -
INFO:werkzeug:192.168.0.146 - - [01/Aug/2023 14:25:42] "POST /cart HTTP/1.1" 200 -
INFO:werkzeug:192.168.0.111 - - [01/Aug/2023 14:25:42] "GET /cart HTTP/1.1" 200 -
INFO:werkzeug:192.168.0.91 - - [01/Aug/2023 14:25:42] "GET /cart HTTP/1.1" 200 -
INFO:app:¿ÂπŸ±∏¥œ ∆‰¿Ã¡ˆ ¡¯¿‘
INFO:app:product_id : 1
INFO:werkzeug:192.168.0.146 - - [01/Aug/2023 14:25:42] "POST /cart HTTP/1.1" 200 -
INFO:app:cart api
INFO:werkzeug:192.168.0.133 - - [01/Aug/2023 14:25:42] "GET /cart HTTP/1.1" 200 -
INFO:app:cart api
INFO:werkzeug:192.168.0.111 - - [01/Aug/2023 14:25:42] "GET /cart HTTP/1.1" 200 -
INFO:app:cart api
INFO:werkzeug:192.168.0.91 - - [01/Aug/2023 14:25:42] "GET /cart HTTP/1.1" 200 -
INFO:app:¿ÂπŸ±∏¥œ ∆‰¿Ã¡ˆ ¡¯¿‘
INFO:app:product_id : 1
INFO:app:cart api
INFO:werkzeug:192.168.0.146 - - [01/Aug/2023 14:25:42] "POST /cart HTTP/1.1" 200 -
INFO:app:¿ÂπŸ±∏¥œ ∆‰¿Ã¡ˆ ¡¯¿‘
INFO:app:product_id : 1
INFO:werkzeug:192.168.0.111 - - [01/Aug/2023 14:25:42] "GET /cart HTTP/1.1" 200 -
INFO:app:cart api
INFO:werkzeug:192.168.0.146 - - [01/Aug/2023 14:25:42] "POST /cart HTTP/1.1" 200 -
INFO:werkzeug:192.168.0.91 - - [01/Aug/2023 14:25:42] "GET /cart HTTP/1.1" 200 -
INFO:app:cart api
INFO:werkzeug:192.168.0.111 - - [01/Aug/2023 14:25:43] "GET /cart HTTP/1.1" 200 -
INFO:app:cart api
INFO:app:cart api
INFO:werkzeug:192.168.0.136 - - [01/Aug/2023 14:25:43] "GET /cart HTTP/1.1" 200 -
INFO:werkzeug:192.168.0.133 - - [01/Aug/2023 14:25:43] "GET /cart HTTP/1.1" 200 -
INFO:app:cart api
INFO:app:cart api
INFO:werkzeug:192.168.0.91 - - [01/Aug/2023 14:25:43] "GET /cart HTTP/1.1" 200 -
INFO:app:¿ÂπŸ±∏¥œ ∆‰¿Ã¡ˆ ¡¯¿‘
INFO:app:product_id : 1
INFO:werkzeug:192.168.0.146 - - [01/Aug/2023 14:25:43] "POST /cart HTTP/1.1" 200 -
INFO:werkzeug:192.168.0.111 - - [01/Aug/2023 14:25:43] "GET /cart HTTP/1.1" 200 -
INFO:app:cart api
INFO:app:cart api
INFO:app:¿ÂπŸ±∏¥œ ∆‰¿Ã¡ˆ ¡¯¿‘
INFO:app:product_id : 1
INFO:app:¿ÂπŸ±∏¥œ ∆‰¿Ã¡ˆ ¡¯¿‘
INFO:app:product_id : 4
INFO:app:cart api
INFO:werkzeug:192.168.0.133 - - [01/Aug/2023 14:25:43] "GET /cart HTTP/1.1" 200 -
INFO:werkzeug:192.168.0.146 - - [01/Aug/2023 14:25:43] "POST /cart HTTP/1.1" 200 -
INFO:werkzeug:192.168.0.136 - - [01/Aug/2023 14:25:43] "GET /cart HTTP/1.1" 200 -
INFO:werkzeug:192.168.0.97 - - [01/Aug/2023 14:25:43] "POST /cart HTTP/1.1" 200 -
INFO:app:¿ÂπŸ±∏¥œ ∆‰¿Ã¡ˆ ¡¯¿‘
INFO:app:product_id : 1
INFO:app:cart api
INFO:werkzeug:192.168.0.91 - - [01/Aug/2023 14:25:43] "GET /cart HTTP/1.1" 200 -
INFO:app:¿ÂπŸ±∏¥œ ∆‰¿Ã¡ˆ ¡¯¿‘
INFO:app:product_id : 1
INFO:werkzeug:192.168.0.146 - - [01/Aug/2023 14:25:43] "POST /cart HTTP/1.1" 200 -
INFO:app:¿ÂπŸ±∏¥œ ∆‰¿Ã¡ˆ ¡¯¿‘
INFO:app:product_id : 1
INFO:app:¿ÂπŸ±∏¥œ ∆‰¿Ã¡ˆ ¡¯¿‘
INFO:app:cart api
INFO:app:cart api
INFO:app:product_id : 4
INFO:werkzeug:192.168.0.133 - - [01/Aug/2023 14:25:43] "GET /cart HTTP/1.1" 200 -
INFO:app:cart api
INFO:werkzeug:192.168.0.91 - - [01/Aug/2023 14:25:43] "GET /cart HTTP/1.1" 200 -
INFO:werkzeug:192.168.0.111 - - [01/Aug/2023 14:25:43] "GET /cart HTTP/1.1" 200 -
INFO:werkzeug:192.168.0.146 - - [01/Aug/2023 14:25:43] "POST /cart HTTP/1.1" 200 -
INFO:werkzeug:192.168.0.146 - - [01/Aug/2023 14:25:43] "POST /cart HTTP/1.1" 200 -
INFO:werkzeug:192.168.0.136 - - [01/Aug/2023 14:25:43] "GET /cart HTTP/1.1" 200 -
INFO:app:cart api
INFO:werkzeug:192.168.0.172 - - [01/Aug/2023 14:25:43] "POST /cart HTTP/1.1" 200 -
INFO:app:¿ÂπŸ±∏¥œ ∆‰¿Ã¡ˆ ¡¯¿‘
INFO:app:product_id : 1
INFO:app:cart api
INFO:app:cart api
INFO:werkzeug:192.168.0.111 - - [01/Aug/2023 14:25:43] "GET /cart HTTP/1.1" 200 -
INFO:app:cart api
INFO:werkzeug:192.168.0.146 - - [01/Aug/2023 14:25:43] "POST /cart HTTP/1.1" 200 -
INFO:werkzeug:192.168.0.133 - - [01/Aug/2023 14:25:43] "GET /cart HTTP/1.1" 200 -
INFO:werkzeug:192.168.0.136 - - [01/Aug/2023 14:25:43] "GET /cart HTTP/1.1" 200 -
INFO:werkzeug:192.168.0.91 - - [01/Aug/2023 14:25:44] "GET /cart HTTP/1.1" 200 -
INFO:app:¿ÂπŸ±∏¥œ ∆‰¿Ã¡ˆ ¡¯¿‘
INFO:app:product_id : 1
INFO:app:cart api
INFO:app:cart api
INFO:app:cart api
INFO:werkzeug:192.168.0.111 - - [01/Aug/2023 14:25:44] "GET /cart HTTP/1.1" 200 -
INFO:werkzeug:192.168.0.81 - - [01/Aug/2023 14:25:44] "POST /cart HTTP/1.1" 200 -
INFO:werkzeug:192.168.0.133 - - [01/Aug/2023 14:25:44] "GET /cart HTTP/1.1" 200 -
INFO:app:cart api
INFO:werkzeug:192.168.0.136 - - [01/Aug/2023 14:25:44] "GET /cart HTTP/1.1" 200 -
INFO:werkzeug:192.168.0.91 - - [01/Aug/2023 14:25:44] "GET /cart HTTP/1.1" 200 -
INFO:app:cart api
INFO:app:cart api
INFO:app:cart api
INFO:werkzeug:192.168.0.111 - - [01/Aug/2023 14:25:44] "GET /cart HTTP/1.1" 200 -
INFO:werkzeug:192.168.0.136 - - [01/Aug/2023 14:25:44] "GET /cart HTTP/1.1" 200 -
INFO:app:cart api
INFO:werkzeug:192.168.0.133 - - [01/Aug/2023 14:25:44] "GET /cart HTTP/1.1" 200 -
INFO:app:cart api
INFO:app:¿ÂπŸ±∏¥œ ∆‰¿Ã¡ˆ ¡¯¿‘
INFO:werkzeug:192.168.0.91 - - [01/Aug/2023 14:25:44] "GET /cart HTTP/1.1" 200 -
INFO:app:product_id : 1
INFO:app:¿ÂπŸ±∏¥œ ∆‰¿Ã¡ˆ ¡¯¿‘
INFO:app:product_id : 1
INFO:werkzeug:192.168.0.111 - - [01/Aug/2023 14:25:44] "GET /cart HTTP/1.1" 200 -
INFO:app:¿ÂπŸ±∏¥œ ∆‰¿Ã¡ˆ ¡¯¿‘
INFO:app:product_id : 1
INFO:app:cart api
INFO:app:¿ÂπŸ±∏¥œ ∆‰¿Ã¡ˆ ¡¯¿‘
INFO:werkzeug:192.168.0.146 - - [01/Aug/2023 14:25:44] "POST /cart HTTP/1.1" 200 -
INFO:app:product_id : 1
INFO:app:cart api
INFO:app:cart api
INFO:werkzeug:192.168.0.136 - - [01/Aug/2023 14:25:44] "GET /cart HTTP/1.1" 200 -
INFO:app:cart api
INFO:app:¿ÂπŸ±∏¥œ ∆‰¿Ã¡ˆ ¡¯¿‘
INFO:app:product_id : 1
INFO:app:¿ÂπŸ±∏¥œ ∆‰¿Ã¡ˆ ¡¯¿‘
INFO:app:product_id : 1
INFO:werkzeug:192.168.0.111 - - [01/Aug/2023 14:25:44] "GET /cart HTTP/1.1" 200 -
INFO:werkzeug:192.168.0.133 - - [01/Aug/2023 14:25:44] "GET /cart HTTP/1.1" 200 -
INFO:app:cart api
INFO:werkzeug:192.168.0.91 - - [01/Aug/2023 14:25:44] "GET /cart HTTP/1.1" 200 -
INFO:werkzeug:192.168.0.146 - - [01/Aug/2023 14:25:44] "POST /cart HTTP/1.1" 200 -
INFO:app:cart api
INFO:werkzeug:192.168.0.146 - - [01/Aug/2023 14:25:44] "POST /cart HTTP/1.1" 200 -
INFO:werkzeug:192.168.0.136 - - [01/Aug/2023 14:25:44] "GET /cart HTTP/1.1" 200 -
INFO:werkzeug:192.168.0.146 - - [01/Aug/2023 14:25:44] "POST /cart HTTP/1.1" 200 -
INFO:werkzeug:192.168.0.146 - - [01/Aug/2023 14:25:44] "POST /cart HTTP/1.1" 200 -
INFO:app:cart api
INFO:app:cart api
INFO:werkzeug:192.168.0.111 - - [01/Aug/2023 14:25:45] "GET /cart HTTP/1.1" 200 -
INFO:werkzeug:192.168.0.146 - - [01/Aug/2023 14:25:45] "POST /cart HTTP/1.1" 200 -
INFO:werkzeug:192.168.0.133 - - [01/Aug/2023 14:25:45] "GET /cart HTTP/1.1" 200 -
INFO:app:cart api
INFO:werkzeug:192.168.0.136 - - [01/Aug/2023 14:25:45] "GET /cart HTTP/1.1" 200 -
INFO:app:¿ÂπŸ±∏¥œ ∆‰¿Ã¡ˆ ¡¯¿‘
INFO:app:product_id : 1
INFO:werkzeug:192.168.0.91 - - [01/Aug/2023 14:25:45] "GET /cart HTTP/1.1" 200 -
INFO:app:cart api
INFO:werkzeug:192.168.0.146 - - [01/Aug/2023 14:25:45] "POST /cart HTTP/1.1" 200 -
INFO:app:cart api
INFO:werkzeug:192.168.0.136 - - [01/Aug/2023 14:25:45] "GET /cart HTTP/1.1" 200 -
INFO:werkzeug:192.168.0.133 - - [01/Aug/2023 14:25:45] "GET /cart HTTP/1.1" 200 -
INFO:app:cart api
INFO:app:cart api
INFO:werkzeug:192.168.0.111 - - [01/Aug/2023 14:25:45] "GET /cart HTTP/1.1" 200 -
INFO:werkzeug:192.168.0.91 - - [01/Aug/2023 14:25:45] "GET /cart HTTP/1.1" 200 -
INFO:app:cart api
INFO:app:cart api
INFO:app:cart api
INFO:app:¿ÂπŸ±∏¥œ ∆‰¿Ã¡ˆ ¡¯¿‘
INFO:app:product_id : 3
INFO:werkzeug:192.168.0.136 - - [01/Aug/2023 14:25:45] "GET /cart HTTP/1.1" 200 -
INFO:werkzeug:192.168.0.133 - - [01/Aug/2023 14:25:45] "GET /cart HTTP/1.1" 200 -
INFO:werkzeug:192.168.0.91 - - [01/Aug/2023 14:25:45] "GET /cart HTTP/1.1" 200 -
INFO:app:¿ÂπŸ±∏¥œ ∆‰¿Ã¡ˆ ¡¯¿‘
INFO:app:product_id : 1
INFO:werkzeug:192.168.0.172 - - [01/Aug/2023 14:25:45] "POST /cart HTTP/1.1" 200 -
INFO:app:cart api
INFO:app:cart api
INFO:werkzeug:192.168.0.133 - - [01/Aug/2023 14:25:45] "GET /cart HTTP/1.1" 200 -
INFO:werkzeug:192.168.0.146 - - [01/Aug/2023 14:25:45] "POST /cart HTTP/1.1" 200 -
INFO:werkzeug:192.168.0.136 - - [01/Aug/2023 14:25:45] "GET /cart HTTP/1.1" 200 -
INFO:app:¿ÂπŸ±∏¥œ ∆‰¿Ã¡ˆ ¡¯¿‘
INFO:app:product_id : 1
INFO:app:¿ÂπŸ±∏¥œ ∆‰¿Ã¡ˆ ¡¯¿‘
INFO:app:product_id : 4
INFO:werkzeug:192.168.0.146 - - [01/Aug/2023 14:25:45] "POST /cart HTTP/1.1" 200 -
INFO:app:cart api
INFO:werkzeug:192.168.0.97 - - [01/Aug/2023 14:25:45] "POST /cart HTTP/1.1" 200 -
INFO:werkzeug:192.168.0.91 - - [01/Aug/2023 14:25:45] "GET /cart HTTP/1.1" 200 -
INFO:app:¿ÂπŸ±∏¥œ ∆‰¿Ã¡ˆ ¡¯¿‘
INFO:app:product_id : 1
INFO:app:cart api
INFO:werkzeug:192.168.0.146 - - [01/Aug/2023 14:25:46] "POST /cart HTTP/1.1" 200 -
INFO:werkzeug:192.168.0.111 - - [01/Aug/2023 14:25:46] "GET /cart HTTP/1.1" 200 -
INFO:app:cart api
INFO:app:¿ÂπŸ±∏¥œ ∆‰¿Ã¡ˆ ¡¯¿‘
INFO:app:cart api
INFO:app:product_id : 1
INFO:werkzeug:192.168.0.136 - - [01/Aug/2023 14:25:46] "GET /cart HTTP/1.1" 200 -
INFO:werkzeug:192.168.0.133 - - [01/Aug/2023 14:25:46] "GET /cart HTTP/1.1" 200 -
INFO:werkzeug:192.168.0.146 - - [01/Aug/2023 14:25:46] "POST /cart HTTP/1.1" 200 -
INFO:app:¿ÂπŸ±∏¥œ ∆‰¿Ã¡ˆ ¡¯¿‘
INFO:app:product_id : 1
INFO:werkzeug:192.168.0.81 - - [01/Aug/2023 14:25:46] "POST /cart HTTP/1.1" 200 -
INFO:app:¿ÂπŸ±∏¥œ ∆‰¿Ã¡ˆ ¡¯¿‘
INFO:app:product_id : 1
INFO:werkzeug:192.168.0.146 - - [01/Aug/2023 14:25:46] "POST /cart HTTP/1.1" 200 -
INFO:app:cart api
INFO:app:cart api
INFO:werkzeug:192.168.0.91 - - [01/Aug/2023 14:25:46] "GET /cart HTTP/1.1" 200 -
INFO:app:¿ÂπŸ±∏¥œ ∆‰¿Ã¡ˆ ¡¯¿‘
INFO:app:product_id : 1
INFO:werkzeug:192.168.0.136 - - [01/Aug/2023 14:25:46] "GET /cart HTTP/1.1" 200 -
INFO:app:cart api
INFO:app:¿ÂπŸ±∏¥œ ∆‰¿Ã¡ˆ ¡¯¿‘
INFO:app:product_id : 1
INFO:werkzeug:192.168.0.146 - - [01/Aug/2023 14:25:46] "POST /cart HTTP/1.1" 200 -
INFO:app:cart api
INFO:werkzeug:192.168.0.133 - - [01/Aug/2023 14:25:46] "GET /cart HTTP/1.1" 200 -
INFO:app:cart api
INFO:app:¿ÂπŸ±∏¥œ ∆‰¿Ã¡ˆ ¡¯¿‘
INFO:app:product_id : 1
INFO:app:¿ÂπŸ±∏¥œ ∆‰¿Ã¡ˆ ¡¯¿‘
INFO:app:product_id : 1
INFO:werkzeug:192.168.0.146 - - [01/Aug/2023 14:25:46] "POST /cart HTTP/1.1" 200 -
INFO:app:cart api
INFO:werkzeug:192.168.0.136 - - [01/Aug/2023 14:25:46] "GET /cart HTTP/1.1" 200 -
INFO:app:cart api
INFO:werkzeug:192.168.0.154 - - [01/Aug/2023 14:25:46] "GET /cart HTTP/1.1" 200 -
INFO:app:¿ÂπŸ±∏¥œ ∆‰¿Ã¡ˆ ¡¯¿‘
INFO:app:product_id : 1
INFO:app:¿ÂπŸ±∏¥œ ∆‰¿Ã¡ˆ ¡¯¿‘
INFO:app:product_id : 1
INFO:werkzeug:192.168.0.146 - - [01/Aug/2023 14:25:46] "POST /cart HTTP/1.1" 200 -
INFO:werkzeug:192.168.0.146 - - [01/Aug/2023 14:25:47] "POST /cart HTTP/1.1" 200 -
INFO:werkzeug:192.168.0.91 - - [01/Aug/2023 14:25:47] "GET /cart HTTP/1.1" 200 -
INFO:app:cart api
INFO:werkzeug:192.168.0.133 - - [01/Aug/2023 14:25:47] "GET /cart HTTP/1.1" 200 -
INFO:app:cart api
INFO:app:¿ÂπŸ±∏¥œ ∆‰¿Ã¡ˆ ¡¯¿‘
INFO:werkzeug:192.168.0.146 - - [01/Aug/2023 14:25:47] "POST /cart HTTP/1.1" 200 -
INFO:app:product_id : 2
INFO:werkzeug:192.168.0.146 - - [01/Aug/2023 14:25:47] "POST /cart HTTP/1.1" 200 -
INFO:app:cart api
INFO:werkzeug:192.168.0.154 - - [01/Aug/2023 14:25:47] "GET /cart HTTP/1.1" 200 -
INFO:werkzeug:192.168.0.91 - - [01/Aug/2023 14:25:47] "GET /cart HTTP/1.1" 200 -
INFO:werkzeug:192.168.0.136 - - [01/Aug/2023 14:25:47] "GET /cart HTTP/1.1" 200 -
INFO:werkzeug:192.168.0.172 - - [01/Aug/2023 14:25:47] "POST /cart HTTP/1.1" 200 -
INFO:app:¿ÂπŸ±∏¥œ ∆‰¿Ã¡ˆ ¡¯¿‘
INFO:app:product_id : 2
INFO:werkzeug:192.168.0.172 - - [01/Aug/2023 14:25:47] "POST /cart HTTP/1.1" 200 -
INFO:app:¿ÂπŸ±∏¥œ ∆‰¿Ã¡ˆ ¡¯¿‘
INFO:app:product_id : 4
INFO:werkzeug:192.168.0.97 - - [01/Aug/2023 14:25:47] "POST /cart HTTP/1.1" 200 -
INFO:app:cart api
INFO:werkzeug:192.168.0.91 - - [01/Aug/2023 14:25:47] "GET /cart HTTP/1.1" 200 -
INFO:app:cart api
INFO:werkzeug:192.168.0.136 - - [01/Aug/2023 14:25:47] "GET /cart HTTP/1.1" 200 -
INFO:app:cart api
INFO:werkzeug:192.168.0.133 - - [01/Aug/2023 14:25:47] "GET /cart HTTP/1.1" 200 -
INFO:app:cart api
INFO:werkzeug:192.168.0.91 - - [01/Aug/2023 14:25:47] "GET /cart HTTP/1.1" 200 -
INFO:app:cart api
INFO:app:cart api
INFO:app:cart api
INFO:werkzeug:192.168.0.136 - - [01/Aug/2023 14:25:47] "GET /cart HTTP/1.1" 200 -
INFO:werkzeug:192.168.0.133 - - [01/Aug/2023 14:25:47] "GET /cart HTTP/1.1" 200 -
INFO:werkzeug:192.168.0.111 - - [01/Aug/2023 14:25:47] "GET /cart HTTP/1.1" 200 -
INFO:app:cart api
INFO:werkzeug:192.168.0.91 - - [01/Aug/2023 14:25:47] "GET /cart HTTP/1.1" 200 -
INFO:app:¿ÂπŸ±∏¥œ ∆‰¿Ã¡ˆ ¡¯¿‘
INFO:app:product_id : 1
INFO:app:¿ÂπŸ±∏¥œ ∆‰¿Ã¡ˆ ¡¯¿‘
INFO:app:product_id : 1
INFO:app:cart api
INFO:app:cart api
INFO:app:¿ÂπŸ±∏¥œ ∆‰¿Ã¡ˆ ¡¯¿‘
INFO:app:product_id : 1
INFO:werkzeug:192.168.0.146 - - [01/Aug/2023 14:25:48] "POST /cart HTTP/1.1" 200 -
INFO:app:¿ÂπŸ±∏¥œ ∆‰¿Ã¡ˆ ¡¯¿‘
INFO:app:product_id : 1
INFO:app:cart api
INFO:app:cart api
INFO:app:¿ÂπŸ±∏¥œ ∆‰¿Ã¡ˆ ¡¯¿‘
INFO:app:product_id : 1
INFO:werkzeug:192.168.0.133 - - [01/Aug/2023 14:25:48] "GET /cart HTTP/1.1" 200 -
INFO:app:¿ÂπŸ±∏¥œ ∆‰¿Ã¡ˆ ¡¯¿‘
INFO:werkzeug:192.168.0.136 - - [01/Aug/2023 14:25:48] "GET /cart HTTP/1.1" 200 -
INFO:app:product_id : 1
INFO:app:¿ÂπŸ±∏¥œ ∆‰¿Ã¡ˆ ¡¯¿‘
INFO:app:product_id : 1
INFO:app:cart api
INFO:werkzeug:192.168.0.111 - - [01/Aug/2023 14:25:48] "GET /cart HTTP/1.1" 200 -
INFO:app:cart api
INFO:werkzeug:192.168.0.146 - - [01/Aug/2023 14:25:48] "POST /cart HTTP/1.1" 200 -
INFO:werkzeug:192.168.0.146 - - [01/Aug/2023 14:25:48] "POST /cart HTTP/1.1" 200 -
INFO:app:¿ÂπŸ±∏¥œ ∆‰¿Ã¡ˆ ¡¯¿‘
INFO:werkzeug:192.168.0.91 - - [01/Aug/2023 14:25:48] "GET /cart HTTP/1.1" 200 -
INFO:app:product_id : 1
INFO:werkzeug:192.168.0.146 - - [01/Aug/2023 14:25:48] "POST /cart HTTP/1.1" 200 -
INFO:werkzeug:192.168.0.146 - - [01/Aug/2023 14:25:48] "POST /cart HTTP/1.1" 200 -
INFO:werkzeug:192.168.0.136 - - [01/Aug/2023 14:25:48] "GET /cart HTTP/1.1" 200 -
INFO:app:¿ÂπŸ±∏¥œ ∆‰¿Ã¡ˆ ¡¯¿‘
INFO:app:product_id : 1
INFO:app:¿ÂπŸ±∏¥œ ∆‰¿Ã¡ˆ ¡¯¿‘
INFO:app:product_id : 3
INFO:werkzeug:192.168.0.81 - - [01/Aug/2023 14:25:48] "POST /cart HTTP/1.1" 200 -
INFO:werkzeug:192.168.0.146 - - [01/Aug/2023 14:25:48] "POST /cart HTTP/1.1" 200 -
INFO:werkzeug:192.168.0.133 - - [01/Aug/2023 14:25:48] "GET /cart HTTP/1.1" 200 -
INFO:werkzeug:192.168.0.146 - - [01/Aug/2023 14:25:48] "POST /cart HTTP/1.1" 200 -
INFO:app:cart api
INFO:werkzeug:192.168.0.146 - - [01/Aug/2023 14:25:48] "POST /cart HTTP/1.1" 200 -
INFO:app:¿ÂπŸ±∏¥œ ∆‰¿Ã¡ˆ ¡¯¿‘
INFO:app:product_id : 3
INFO:werkzeug:192.168.0.50 - - [01/Aug/2023 14:25:48] "POST /cart HTTP/1.1" 200 -
INFO:app:cart api
INFO:werkzeug:192.168.0.91 - - [01/Aug/2023 14:25:48] "GET /cart HTTP/1.1" 200 -
INFO:werkzeug:192.168.0.50 - - [01/Aug/2023 14:25:48] "POST /cart HTTP/1.1" 200 -
INFO:werkzeug:192.168.0.136 - - [01/Aug/2023 14:25:48] "GET /cart HTTP/1.1" 200 -
INFO:app:cart api
INFO:app:cart api
INFO:werkzeug:192.168.0.133 - - [01/Aug/2023 14:25:48] "GET /cart HTTP/1.1" 200 -
INFO:werkzeug:192.168.0.111 - - [01/Aug/2023 14:25:48] "GET /cart HTTP/1.1" 200 -
INFO:app:cart api
INFO:werkzeug:192.168.0.136 - - [01/Aug/2023 14:25:48] "GET /cart HTTP/1.1" 200 -
INFO:app:cart api
INFO:werkzeug:192.168.0.91 - - [01/Aug/2023 14:25:48] "GET /cart HTTP/1.1" 200 -
INFO:app:cart api
INFO:werkzeug:192.168.0.133 - - [01/Aug/2023 14:25:48] "GET /cart HTTP/1.1" 200 -
INFO:app:cart api
INFO:werkzeug:192.168.0.136 - - [01/Aug/2023 14:25:48] "GET /cart HTTP/1.1" 200 -
INFO:app:cart api
INFO:app:cart api
INFO:werkzeug:192.168.0.91 - - [01/Aug/2023 14:25:49] "GET /cart HTTP/1.1" 200 -
INFO:app:cart api
INFO:werkzeug:192.168.0.111 - - [01/Aug/2023 14:25:49] "GET /cart HTTP/1.1" 200 -
INFO:app:cart api
INFO:werkzeug:192.168.0.133 - - [01/Aug/2023 14:25:49] "GET /cart HTTP/1.1" 200 -
INFO:app:¿ÂπŸ±∏¥œ ∆‰¿Ã¡ˆ ¡¯¿‘
INFO:werkzeug:192.168.0.69 - - [01/Aug/2023 14:25:49] "GET /about HTTP/1.1" 200 -
INFO:werkzeug:192.168.0.136 - - [01/Aug/2023 14:25:49] "GET /cart HTTP/1.1" 200 -
INFO:app:product_id : 3
INFO:app:cart api
INFO:app:¿ÂπŸ±∏¥œ ∆‰¿Ã¡ˆ ¡¯¿‘
INFO:app:product_id : 4
INFO:app:cart api
INFO:werkzeug:192.168.0.91 - - [01/Aug/2023 14:25:49] "GET /cart HTTP/1.1" 200 -
INFO:app:cart api
INFO:app:¿ÂπŸ±∏¥œ ∆‰¿Ã¡ˆ ¡¯¿‘
INFO:app:product_id : 3
INFO:werkzeug:192.168.0.133 - - [01/Aug/2023 14:25:49] "GET /cart HTTP/1.1" 200 -
INFO:app:cart api
INFO:app:¿ÂπŸ±∏¥œ ∆‰¿Ã¡ˆ ¡¯¿‘
INFO:werkzeug:192.168.0.50 - - [01/Aug/2023 14:25:49] "POST /cart HTTP/1.1" 200 -
INFO:app:product_id : 3
INFO:werkzeug:192.168.0.97 - - [01/Aug/2023 14:25:49] "POST /cart HTTP/1.1" 200 -
INFO:app:cart api
INFO:app:¿ÂπŸ±∏¥œ ∆‰¿Ã¡ˆ ¡¯¿‘
INFO:app:cart api
INFO:app:product_id : 1
INFO:werkzeug:192.168.0.111 - - [01/Aug/2023 14:25:49] "GET /cart HTTP/1.1" 200 -
INFO:app:¿ÂπŸ±∏¥œ ∆‰¿Ã¡ˆ ¡¯¿‘
INFO:app:product_id : 1
INFO:werkzeug:192.168.0.136 - - [01/Aug/2023 14:25:49] "GET /cart HTTP/1.1" 200 -
INFO:app:¿ÂπŸ±∏¥œ ∆‰¿Ã¡ˆ ¡¯¿‘
INFO:app:product_id : 3
INFO:werkzeug:192.168.0.50 - - [01/Aug/2023 14:25:49] "POST /cart HTTP/1.1" 200 -
INFO:app:∑Œ±◊¿Œ ∆‰¿Ã¡ˆ ¡¯¿‘
INFO:werkzeug:192.168.0.146 - - [01/Aug/2023 14:25:49] "POST /cart HTTP/1.1" 200 -
INFO:werkzeug:192.168.0.172 - - [01/Aug/2023 14:25:49] "GET /login HTTP/1.1" 200 -
INFO:werkzeug:192.168.0.133 - - [01/Aug/2023 14:25:49] "GET /cart HTTP/1.1" 200 -
INFO:werkzeug:192.168.0.172 - - [01/Aug/2023 14:25:49] "[36mGET /static/dist/css/bootstrap.min.css HTTP/1.1[0m" 304 -
INFO:werkzeug:192.168.0.91 - - [01/Aug/2023 14:25:49] "GET /cart HTTP/1.1" 200 -
INFO:app:cart api
INFO:werkzeug:192.168.0.50 - - [01/Aug/2023 14:25:49] "POST /cart HTTP/1.1" 200 -
INFO:app:¿ÂπŸ±∏¥œ ∆‰¿Ã¡ˆ ¡¯¿‘
INFO:app:product_id : 1
INFO:app:¿ÂπŸ±∏¥œ ∆‰¿Ã¡ˆ ¡¯¿‘
INFO:app:product_id : 1
INFO:app:cart api
INFO:werkzeug:192.168.0.111 - - [01/Aug/2023 14:25:49] "GET /cart HTTP/1.1" 200 -
INFO:werkzeug:192.168.0.146 - - [01/Aug/2023 14:25:49] "POST /cart HTTP/1.1" 200 -
INFO:werkzeug:192.168.0.172 - - [01/Aug/2023 14:25:49] "[36mGET /static/signin.css HTTP/1.1[0m" 304 -
INFO:app:cart api
INFO:werkzeug:192.168.0.172 - - [01/Aug/2023 14:25:49] "[36mGET /static/images/catlogo_1.png HTTP/1.1[0m" 304 -
INFO:werkzeug:192.168.0.50 - - [01/Aug/2023 14:25:49] "POST /cart HTTP/1.1" 200 -
INFO:werkzeug:192.168.0.136 - - [01/Aug/2023 14:25:49] "GET /cart HTTP/1.1" 200 -
INFO:app:¿ÂπŸ±∏¥œ ∆‰¿Ã¡ˆ ¡¯¿‘
INFO:app:product_id : 1
INFO:werkzeug:192.168.0.146 - - [01/Aug/2023 14:25:49] "POST /cart HTTP/1.1" 200 -
INFO:werkzeug:192.168.0.146 - - [01/Aug/2023 14:25:49] "POST /cart HTTP/1.1" 200 -
INFO:app:cart api
INFO:werkzeug:192.168.0.133 - - [01/Aug/2023 14:25:50] "GET /cart HTTP/1.1" 200 -
INFO:app:cart api
INFO:werkzeug:192.168.0.91 - - [01/Aug/2023 14:25:50] "GET /cart HTTP/1.1" 200 -
INFO:werkzeug:192.168.0.111 - - [01/Aug/2023 14:25:50] "GET /cart HTTP/1.1" 200 -
INFO:werkzeug:192.168.0.146 - - [01/Aug/2023 14:25:50] "POST /cart HTTP/1.1" 200 -
INFO:app:cart api
INFO:app:¿ÂπŸ±∏¥œ ∆‰¿Ã¡ˆ ¡¯¿‘
INFO:app:product_id : 1
INFO:werkzeug:192.168.0.136 - - [01/Aug/2023 14:25:50] "GET /cart HTTP/1.1" 200 -
INFO:werkzeug:192.168.0.146 - - [01/Aug/2023 14:25:50] "POST /cart HTTP/1.1" 200 -
INFO:app:cart api
INFO:app:cart api
INFO:werkzeug:192.168.0.133 - - [01/Aug/2023 14:25:50] "GET /cart HTTP/1.1" 200 -
INFO:app:cart api
INFO:app:cart api
INFO:werkzeug:192.168.0.91 - - [01/Aug/2023 14:25:50] "GET /cart HTTP/1.1" 200 -
INFO:werkzeug:192.168.0.111 - - [01/Aug/2023 14:25:50] "GET /cart HTTP/1.1" 200 -
INFO:app:cart api
INFO:werkzeug:192.168.0.136 - - [01/Aug/2023 14:25:50] "GET /cart HTTP/1.1" 200 -
INFO:werkzeug:192.168.0.133 - - [01/Aug/2023 14:25:50] "GET /cart HTTP/1.1" 200 -
INFO:app:¿ÂπŸ±∏¥œ ∆‰¿Ã¡ˆ ¡¯¿‘
INFO:app:product_id : 1
INFO:app:¿ÂπŸ±∏¥œ ∆‰¿Ã¡ˆ ¡¯¿‘
INFO:app:product_id : 1
INFO:app:¿ÂπŸ±∏¥œ ∆‰¿Ã¡ˆ ¡¯¿‘
INFO:app:product_id : 1
INFO:app:¿ÂπŸ±∏¥œ ∆‰¿Ã¡ˆ ¡¯¿‘
INFO:app:cart api
INFO:app:product_id : 3
INFO:app:cart api
INFO:app:cart api
INFO:app:cart api
INFO:werkzeug:192.168.0.81 - - [01/Aug/2023 14:25:50] "POST /cart HTTP/1.1" 200 -
INFO:app:¿ÂπŸ±∏¥œ ∆‰¿Ã¡ˆ ¡¯¿‘
INFO:app:product_id : 1
INFO:werkzeug:192.168.0.146 - - [01/Aug/2023 14:25:50] "POST /cart HTTP/1.1" 200 -
INFO:werkzeug:192.168.0.91 - - [01/Aug/2023 14:25:50] "GET /cart HTTP/1.1" 200 -
INFO:werkzeug:192.168.0.133 - - [01/Aug/2023 14:25:50] "GET /cart HTTP/1.1" 200 -
INFO:werkzeug:192.168.0.146 - - [01/Aug/2023 14:25:50] "POST /cart HTTP/1.1" 200 -
INFO:werkzeug:192.168.0.111 - - [01/Aug/2023 14:25:50] "GET /cart HTTP/1.1" 200 -
INFO:werkzeug:192.168.0.146 - - [01/Aug/2023 14:25:50] "POST /cart HTTP/1.1" 200 -
INFO:werkzeug:192.168.0.136 - - [01/Aug/2023 14:25:51] "GET /cart HTTP/1.1" 200 -
INFO:werkzeug:192.168.0.50 - - [01/Aug/2023 14:25:51] "POST /cart HTTP/1.1" 200 -
INFO:app:cart api
INFO:app:cart api
INFO:werkzeug:192.168.0.133 - - [01/Aug/2023 14:25:51] "GET /cart HTTP/1.1" 200 -
INFO:app:cart api
INFO:werkzeug:192.168.0.91 - - [01/Aug/2023 14:25:51] "GET /cart HTTP/1.1" 200 -
INFO:werkzeug:192.168.0.111 - - [01/Aug/2023 14:25:51] "GET /cart HTTP/1.1" 200 -
INFO:app:¿ÂπŸ±∏¥œ ∆‰¿Ã¡ˆ ¡¯¿‘
INFO:app:product_id : 1
INFO:werkzeug:192.168.0.146 - - [01/Aug/2023 14:25:51] "POST /cart HTTP/1.1" 200 -
INFO:app:¿ÂπŸ±∏¥œ ∆‰¿Ã¡ˆ ¡¯¿‘
INFO:app:product_id : 3
INFO:app:cart api
INFO:app:cart api
INFO:werkzeug:192.168.0.50 - - [01/Aug/2023 14:25:51] "POST /cart HTTP/1.1" 200 -
INFO:werkzeug:192.168.0.91 - - [01/Aug/2023 14:25:51] "GET /cart HTTP/1.1" 200 -
INFO:app:¿ÂπŸ±∏¥œ ∆‰¿Ã¡ˆ ¡¯¿‘
INFO:app:product_id : 1
INFO:app:¿ÂπŸ±∏¥œ ∆‰¿Ã¡ˆ ¡¯¿‘
INFO:app:product_id : 1
INFO:werkzeug:192.168.0.111 - - [01/Aug/2023 14:25:51] "GET /cart HTTP/1.1" 200 -
INFO:app:¿ÂπŸ±∏¥œ ∆‰¿Ã¡ˆ ¡¯¿‘
INFO:app:product_id : 1
INFO:werkzeug:192.168.0.146 - - [01/Aug/2023 14:25:51] "POST /cart HTTP/1.1" 200 -
INFO:werkzeug:192.168.0.146 - - [01/Aug/2023 14:25:51] "POST /cart HTTP/1.1" 200 -
INFO:werkzeug:192.168.0.146 - - [01/Aug/2023 14:25:51] "POST /cart HTTP/1.1" 200 -
INFO:app:cart api
INFO:werkzeug:192.168.0.91 - - [01/Aug/2023 14:25:51] "GET /cart HTTP/1.1" 200 -
INFO:app:¿ÂπŸ±∏¥œ ∆‰¿Ã¡ˆ ¡¯¿‘
INFO:app:product_id : 3
INFO:app:cart api
INFO:werkzeug:192.168.0.50 - - [01/Aug/2023 14:25:51] "POST /cart HTTP/1.1" 200 -
INFO:werkzeug:192.168.0.111 - - [01/Aug/2023 14:25:51] "GET /cart HTTP/1.1" 200 -
INFO:app:cart api
INFO:werkzeug:192.168.0.91 - - [01/Aug/2023 14:25:51] "GET /cart HTTP/1.1" 200 -
INFO:app:cart api
INFO:app:cart api
INFO:werkzeug:192.168.0.133 - - [01/Aug/2023 14:25:52] "GET /cart HTTP/1.1" 200 -
INFO:werkzeug:192.168.0.111 - - [01/Aug/2023 14:25:52] "GET /cart HTTP/1.1" 200 -
INFO:app:cart api
INFO:werkzeug:192.168.0.138 - - [01/Aug/2023 14:25:52] "GET /cart HTTP/1.1" 200 -
INFO:app:cart api
INFO:werkzeug:192.168.0.91 - - [01/Aug/2023 14:25:52] "GET /cart HTTP/1.1" 200 -
INFO:app:cart api
INFO:werkzeug:192.168.0.133 - - [01/Aug/2023 14:25:52] "GET /cart HTTP/1.1" 200 -
INFO:app:cart api
INFO:app:cart api
INFO:app:cart api
INFO:werkzeug:192.168.0.138 - - [01/Aug/2023 14:25:52] "GET /cart HTTP/1.1" 200 -
INFO:app:¿ÂπŸ±∏¥œ ∆‰¿Ã¡ˆ ¡¯¿‘
INFO:app:product_id : 3
INFO:werkzeug:192.168.0.111 - - [01/Aug/2023 14:25:52] "GET /cart HTTP/1.1" 200 -
INFO:app:¿ÂπŸ±∏¥œ ∆‰¿Ã¡ˆ ¡¯¿‘
INFO:app:product_id : 1
INFO:app:cart api
INFO:app:cart api
INFO:app:¿ÂπŸ±∏¥œ ∆‰¿Ã¡ˆ ¡¯¿‘
INFO:app:¿ÂπŸ±∏¥œ ∆‰¿Ã¡ˆ ¡¯¿‘
INFO:werkzeug:192.168.0.91 - - [01/Aug/2023 14:25:52] "GET /cart HTTP/1.1" 200 -
INFO:app:product_id : 3
INFO:app:product_id : 1
INFO:werkzeug:192.168.0.133 - - [01/Aug/2023 14:25:52] "GET /cart HTTP/1.1" 200 -
INFO:app:cart api
INFO:werkzeug:192.168.0.50 - - [01/Aug/2023 14:25:52] "POST /cart HTTP/1.1" 200 -
INFO:werkzeug:192.168.0.146 - - [01/Aug/2023 14:25:52] "POST /cart HTTP/1.1" 200 -
INFO:werkzeug:192.168.0.138 - - [01/Aug/2023 14:25:52] "GET /cart HTTP/1.1" 200 -
INFO:app:cart api
INFO:werkzeug:192.168.0.50 - - [01/Aug/2023 14:25:52] "POST /cart HTTP/1.1" 200 -
INFO:werkzeug:192.168.0.146 - - [01/Aug/2023 14:25:52] "POST /cart HTTP/1.1" 200 -
INFO:werkzeug:192.168.0.111 - - [01/Aug/2023 14:25:52] "GET /cart HTTP/1.1" 200 -
INFO:app:¿ÂπŸ±∏¥œ ∆‰¿Ã¡ˆ ¡¯¿‘
INFO:app:product_id : 4
INFO:app:cart api
INFO:werkzeug:192.168.0.138 - - [01/Aug/2023 14:25:52] "GET /cart HTTP/1.1" 200 -
INFO:app:cart api
INFO:app:¿ÂπŸ±∏¥œ ∆‰¿Ã¡ˆ ¡¯¿‘
INFO:app:product_id : 1
INFO:app:¿ÂπŸ±∏¥œ ∆‰¿Ã¡ˆ ¡¯¿‘
INFO:app:product_id : 3
INFO:app:¿ÂπŸ±∏¥œ ∆‰¿Ã¡ˆ ¡¯¿‘
INFO:app:product_id : 1
INFO:app:cart api
INFO:werkzeug:192.168.0.133 - - [01/Aug/2023 14:25:52] "GET /cart HTTP/1.1" 200 -
INFO:app:¿ÂπŸ±∏¥œ ∆‰¿Ã¡ˆ ¡¯¿‘
INFO:app:product_id : 1
INFO:app:cart api
INFO:werkzeug:192.168.0.97 - - [01/Aug/2023 14:25:53] "POST /cart HTTP/1.1" 200 -
INFO:app:¿ÂπŸ±∏¥œ ∆‰¿Ã¡ˆ ¡¯¿‘
INFO:app:product_id : 1
INFO:werkzeug:192.168.0.91 - - [01/Aug/2023 14:25:53] "GET /cart HTTP/1.1" 200 -
INFO:werkzeug:192.168.0.81 - - [01/Aug/2023 14:25:53] "POST /cart HTTP/1.1" 200 -
INFO:app:¿ÂπŸ±∏¥œ ∆‰¿Ã¡ˆ ¡¯¿‘
INFO:app:product_id : 3
INFO:app:cart api
INFO:werkzeug:192.168.0.138 - - [01/Aug/2023 14:25:53] "GET /cart HTTP/1.1" 200 -
INFO:werkzeug:192.168.0.111 - - [01/Aug/2023 14:25:53] "GET /cart HTTP/1.1" 200 -
INFO:app:cart api
INFO:app:cart api
INFO:werkzeug:192.168.0.133 - - [01/Aug/2023 14:25:53] "GET /cart HTTP/1.1" 200 -
INFO:werkzeug:192.168.0.146 - - [01/Aug/2023 14:25:53] "POST /cart HTTP/1.1" 200 -
INFO:app:¿ÂπŸ±∏¥œ ∆‰¿Ã¡ˆ ¡¯¿‘
INFO:werkzeug:192.168.0.138 - - [01/Aug/2023 14:25:53] "GET /cart HTTP/1.1" 200 -
INFO:app:product_id : 1
INFO:app:cart api
INFO:werkzeug:192.168.0.91 - - [01/Aug/2023 14:25:53] "GET /cart HTTP/1.1" 200 -
INFO:werkzeug:192.168.0.111 - - [01/Aug/2023 14:25:53] "GET /cart HTTP/1.1" 200 -
INFO:werkzeug:192.168.0.50 - - [01/Aug/2023 14:25:53] "POST /cart HTTP/1.1" 200 -
INFO:werkzeug:192.168.0.146 - - [01/Aug/2023 14:25:53] "POST /cart HTTP/1.1" 200 -
INFO:app:¿ÂπŸ±∏¥œ ∆‰¿Ã¡ˆ ¡¯¿‘
INFO:werkzeug:192.168.0.50 - - [01/Aug/2023 14:25:53] "POST /cart HTTP/1.1" 200 -
INFO:app:product_id : 1
INFO:werkzeug:192.168.0.146 - - [01/Aug/2023 14:25:53] "POST /cart HTTP/1.1" 200 -
INFO:werkzeug:192.168.0.146 - - [01/Aug/2023 14:25:53] "POST /cart HTTP/1.1" 200 -
INFO:werkzeug:192.168.0.146 - - [01/Aug/2023 14:25:53] "POST /cart HTTP/1.1" 200 -
INFO:app:cart api
INFO:app:cart api
INFO:werkzeug:192.168.0.91 - - [01/Aug/2023 14:25:53] "GET /cart HTTP/1.1" 200 -
INFO:werkzeug:192.168.0.111 - - [01/Aug/2023 14:25:53] "GET /cart HTTP/1.1" 200 -
INFO:app:cart api
INFO:werkzeug:192.168.0.91 - - [01/Aug/2023 14:25:53] "GET /cart HTTP/1.1" 200 -
INFO:app:cart api
INFO:werkzeug:192.168.0.111 - - [01/Aug/2023 14:25:53] "GET /cart HTTP/1.1" 200 -
INFO:werkzeug:192.168.0.133 - - [01/Aug/2023 14:25:53] "[33mGET /script.js HTTP/1.1[0m" 404 -
INFO:app:cart api
INFO:werkzeug:192.168.0.91 - - [01/Aug/2023 14:25:54] "GET /cart HTTP/1.1" 200 -
INFO:app:cart api
INFO:app:¿ÂπŸ±∏¥œ ∆‰¿Ã¡ˆ ¡¯¿‘
INFO:app:product_id : 1
INFO:werkzeug:192.168.0.111 - - [01/Aug/2023 14:25:54] "GET /cart HTTP/1.1" 200 -
INFO:werkzeug:192.168.0.146 - - [01/Aug/2023 14:25:54] "POST /cart HTTP/1.1" 200 -
INFO:app:cart api
INFO:werkzeug:192.168.0.91 - - [01/Aug/2023 14:25:54] "GET /cart HTTP/1.1" 200 -
INFO:app:¿ÂπŸ±∏¥œ ∆‰¿Ã¡ˆ ¡¯¿‘
INFO:app:product_id : 1
INFO:werkzeug:192.168.0.81 - - [01/Aug/2023 14:25:54] "POST /cart HTTP/1.1" 200 -
INFO:app:cart api
INFO:werkzeug:192.168.0.111 - - [01/Aug/2023 14:25:54] "GET /cart HTTP/1.1" 200 -
INFO:app:¿ÂπŸ±∏¥œ ∆‰¿Ã¡ˆ ¡¯¿‘
INFO:app:product_id : 1
INFO:app:cart api
INFO:werkzeug:192.168.0.146 - - [01/Aug/2023 14:25:54] "POST /cart HTTP/1.1" 200 -
INFO:app:¿ÂπŸ±∏¥œ ∆‰¿Ã¡ˆ ¡¯¿‘
INFO:app:product_id : 1
INFO:werkzeug:192.168.0.91 - - [01/Aug/2023 14:25:54] "GET /cart HTTP/1.1" 200 -
INFO:werkzeug:192.168.0.146 - - [01/Aug/2023 14:25:54] "POST /cart HTTP/1.1" 200 -
INFO:app:cart api
INFO:werkzeug:192.168.0.111 - - [01/Aug/2023 14:25:54] "GET /cart HTTP/1.1" 200 -
INFO:app:¿ÂπŸ±∏¥œ ∆‰¿Ã¡ˆ ¡¯¿‘
INFO:app:product_id : 3
INFO:app:¿ÂπŸ±∏¥œ ∆‰¿Ã¡ˆ ¡¯¿‘
INFO:app:product_id : 1
INFO:app:cart api
INFO:werkzeug:192.168.0.50 - - [01/Aug/2023 14:25:54] "POST /cart HTTP/1.1" 200 -
INFO:app:cart api
INFO:werkzeug:192.168.0.146 - - [01/Aug/2023 14:25:54] "POST /cart HTTP/1.1" 200 -
INFO:app:¿ÂπŸ±∏¥œ ∆‰¿Ã¡ˆ ¡¯¿‘
INFO:app:product_id : 1
INFO:werkzeug:192.168.0.111 - - [01/Aug/2023 14:25:54] "GET /cart HTTP/1.1" 200 -
INFO:werkzeug:192.168.0.91 - - [01/Aug/2023 14:25:54] "GET /cart HTTP/1.1" 200 -
INFO:werkzeug:192.168.0.146 - - [01/Aug/2023 14:25:54] "POST /cart HTTP/1.1" 200 -
INFO:app:cart api
INFO:app:cart api
INFO:werkzeug:192.168.0.111 - - [01/Aug/2023 14:25:55] "GET /cart HTTP/1.1" 200 -
INFO:werkzeug:192.168.0.91 - - [01/Aug/2023 14:25:55] "GET /cart HTTP/1.1" 200 -
INFO:app:¿ÂπŸ±∏¥œ ∆‰¿Ã¡ˆ ¡¯¿‘
INFO:app:product_id : 1
INFO:werkzeug:192.168.0.146 - - [01/Aug/2023 14:25:55] "POST /cart HTTP/1.1" 200 -
INFO:app:cart api
INFO:app:cart api
INFO:app:¿ÂπŸ±∏¥œ ∆‰¿Ã¡ˆ ¡¯¿‘
INFO:app:product_id : 1
INFO:werkzeug:192.168.0.111 - - [01/Aug/2023 14:25:55] "GET /cart HTTP/1.1" 200 -
INFO:werkzeug:192.168.0.91 - - [01/Aug/2023 14:25:55] "GET /cart HTTP/1.1" 200 -
INFO:werkzeug:192.168.0.146 - - [01/Aug/2023 14:25:55] "POST /cart HTTP/1.1" 200 -
INFO:app:¿ÂπŸ±∏¥œ ∆‰¿Ã¡ˆ ¡¯¿‘
INFO:app:product_id : 1
INFO:werkzeug:192.168.0.146 - - [01/Aug/2023 14:25:55] "POST /cart HTTP/1.1" 200 -
INFO:app:cart api
INFO:werkzeug:192.168.0.111 - - [01/Aug/2023 14:25:55] "GET /cart HTTP/1.1" 200 -
INFO:app:cart api
INFO:werkzeug:192.168.0.91 - - [01/Aug/2023 14:25:55] "GET /cart HTTP/1.1" 200 -
INFO:app:¿ÂπŸ±∏¥œ ∆‰¿Ã¡ˆ ¡¯¿‘
INFO:app:product_id : 1
INFO:werkzeug:192.168.0.146 - - [01/Aug/2023 14:25:55] "POST /cart HTTP/1.1" 200 -
INFO:app:cart api
INFO:werkzeug:192.168.0.111 - - [01/Aug/2023 14:25:55] "GET /cart HTTP/1.1" 200 -
INFO:app:cart api
INFO:app:¿ÂπŸ±∏¥œ ∆‰¿Ã¡ˆ ¡¯¿‘
INFO:app:¿ÂπŸ±∏¥œ ∆‰¿Ã¡ˆ ¡¯¿‘
INFO:app:product_id : 6
INFO:app:product_id : 1
INFO:werkzeug:192.168.0.91 - - [01/Aug/2023 14:25:55] "GET /cart HTTP/1.1" 200 -
INFO:werkzeug:192.168.0.133 - - [01/Aug/2023 14:25:55] "POST /cart HTTP/1.1" 200 -
INFO:app:¿ÂπŸ±∏¥œ ∆‰¿Ã¡ˆ ¡¯¿‘
INFO:app:product_id : 1
INFO:werkzeug:192.168.0.146 - - [01/Aug/2023 14:25:55] "POST /cart HTTP/1.1" 200 -
INFO:app:cart api
INFO:app:¿ÂπŸ±∏¥œ ∆‰¿Ã¡ˆ ¡¯¿‘
INFO:app:product_id : 1
INFO:werkzeug:192.168.0.146 - - [01/Aug/2023 14:25:56] "POST /cart HTTP/1.1" 200 -
INFO:werkzeug:192.168.0.111 - - [01/Aug/2023 14:25:56] "GET /cart HTTP/1.1" 200 -
INFO:app:cart api
INFO:app:¿ÂπŸ±∏¥œ ∆‰¿Ã¡ˆ ¡¯¿‘
INFO:app:product_id : 1
INFO:werkzeug:192.168.0.91 - - [01/Aug/2023 14:25:56] "GET /cart HTTP/1.1" 200 -
INFO:werkzeug:192.168.0.81 - - [01/Aug/2023 14:25:56] "POST /cart HTTP/1.1" 200 -
INFO:app:cart api
INFO:werkzeug:192.168.0.146 - - [01/Aug/2023 14:25:56] "POST /cart HTTP/1.1" 200 -
INFO:werkzeug:192.168.0.111 - - [01/Aug/2023 14:25:56] "GET /cart HTTP/1.1" 200 -
INFO:app:cart api
INFO:app:¿ÂπŸ±∏¥œ ∆‰¿Ã¡ˆ ¡¯¿‘
INFO:app:product_id : 1
INFO:werkzeug:192.168.0.91 - - [01/Aug/2023 14:25:56] "GET /cart HTTP/1.1" 200 -
INFO:app:¿ÂπŸ±∏¥œ ∆‰¿Ã¡ˆ ¡¯¿‘
INFO:app:product_id : 1
INFO:werkzeug:192.168.0.146 - - [01/Aug/2023 14:25:56] "POST /cart HTTP/1.1" 200 -
INFO:app:cart api
INFO:app:¿ÂπŸ±∏¥œ ∆‰¿Ã¡ˆ ¡¯¿‘
INFO:app:product_id : 1
INFO:werkzeug:192.168.0.146 - - [01/Aug/2023 14:25:56] "POST /cart HTTP/1.1" 200 -
INFO:werkzeug:192.168.0.91 - - [01/Aug/2023 14:25:56] "GET /cart HTTP/1.1" 200 -
INFO:werkzeug:192.168.0.146 - - [01/Aug/2023 14:25:56] "POST /cart HTTP/1.1" 200 -
INFO:app:cart api
INFO:app:cart api
INFO:werkzeug:192.168.0.91 - - [01/Aug/2023 14:25:56] "GET /cart HTTP/1.1" 200 -
INFO:werkzeug:192.168.0.111 - - [01/Aug/2023 14:25:56] "GET /cart HTTP/1.1" 200 -
INFO:app:cart api
INFO:werkzeug:192.168.0.91 - - [01/Aug/2023 14:25:57] "GET /cart HTTP/1.1" 200 -
INFO:app:cart api
INFO:app:¿ÂπŸ±∏¥œ ∆‰¿Ã¡ˆ ¡¯¿‘
INFO:werkzeug:192.168.0.111 - - [01/Aug/2023 14:25:57] "GET /cart HTTP/1.1" 200 -
INFO:app:product_id : 1
INFO:app:cart api
INFO:werkzeug:192.168.0.146 - - [01/Aug/2023 14:25:57] "POST /cart HTTP/1.1" 200 -
INFO:werkzeug:192.168.0.91 - - [01/Aug/2023 14:25:57] "GET /cart HTTP/1.1" 200 -
INFO:app:¿ÂπŸ±∏¥œ ∆‰¿Ã¡ˆ ¡¯¿‘
INFO:app:product_id : 1
INFO:werkzeug:192.168.0.146 - - [01/Aug/2023 14:25:57] "POST /cart HTTP/1.1" 200 -
INFO:app:cart api
INFO:app:cart api
INFO:werkzeug:192.168.0.111 - - [01/Aug/2023 14:25:57] "GET /cart HTTP/1.1" 200 -
INFO:werkzeug:192.168.0.91 - - [01/Aug/2023 14:25:57] "GET /cart HTTP/1.1" 200 -
INFO:app:¿ÂπŸ±∏¥œ ∆‰¿Ã¡ˆ ¡¯¿‘
INFO:app:product_id : 1
INFO:app:¿ÂπŸ±∏¥œ ∆‰¿Ã¡ˆ ¡¯¿‘
INFO:app:product_id : 1
INFO:app:cart api
INFO:werkzeug:192.168.0.146 - - [01/Aug/2023 14:25:57] "POST /cart HTTP/1.1" 200 -
INFO:app:¿ÂπŸ±∏¥œ ∆‰¿Ã¡ˆ ¡¯¿‘
INFO:app:product_id : 1
INFO:werkzeug:192.168.0.81 - - [01/Aug/2023 14:25:57] "POST /cart HTTP/1.1" 200 -
INFO:werkzeug:192.168.0.91 - - [01/Aug/2023 14:25:57] "GET /cart HTTP/1.1" 200 -
INFO:werkzeug:192.168.0.146 - - [01/Aug/2023 14:25:57] "POST /cart HTTP/1.1" 200 -
INFO:app:cart api
INFO:werkzeug:192.168.0.91 - - [01/Aug/2023 14:25:57] "GET /cart HTTP/1.1" 200 -
INFO:app:¿ÂπŸ±∏¥œ ∆‰¿Ã¡ˆ ¡¯¿‘
INFO:app:product_id : 1
INFO:app:¿ÂπŸ±∏¥œ ∆‰¿Ã¡ˆ ¡¯¿‘
INFO:app:cart api
INFO:app:product_id : 1
INFO:werkzeug:192.168.0.146 - - [01/Aug/2023 14:25:58] "POST /cart HTTP/1.1" 200 -
INFO:werkzeug:192.168.0.146 - - [01/Aug/2023 14:25:58] "POST /cart HTTP/1.1" 200 -
INFO:werkzeug:192.168.0.91 - - [01/Aug/2023 14:25:58] "GET /cart HTTP/1.1" 200 -
INFO:app:¿ÂπŸ±∏¥œ ∆‰¿Ã¡ˆ ¡¯¿‘
INFO:app:product_id : 1
INFO:werkzeug:192.168.0.146 - - [01/Aug/2023 14:25:58] "POST /cart HTTP/1.1" 200 -
INFO:app:cart api
INFO:werkzeug:192.168.0.91 - - [01/Aug/2023 14:25:58] "GET /cart HTTP/1.1" 200 -
INFO:app:cart api
INFO:app:¿ÂπŸ±∏¥œ ∆‰¿Ã¡ˆ ¡¯¿‘
INFO:app:product_id : 1
INFO:werkzeug:192.168.0.133 - - [01/Aug/2023 14:25:58] "GET /cart HTTP/1.1" 200 -
INFO:app:cart api
INFO:werkzeug:192.168.0.146 - - [01/Aug/2023 14:25:58] "POST /cart HTTP/1.1" 200 -
INFO:werkzeug:192.168.0.91 - - [01/Aug/2023 14:25:58] "GET /cart HTTP/1.1" 200 -
INFO:app:cart api
INFO:werkzeug:192.168.0.133 - - [01/Aug/2023 14:25:58] "GET /cart HTTP/1.1" 200 -
INFO:app:cart api
INFO:werkzeug:192.168.0.91 - - [01/Aug/2023 14:25:58] "GET /cart HTTP/1.1" 200 -
INFO:app:¿ÂπŸ±∏¥œ ∆‰¿Ã¡ˆ ¡¯¿‘
INFO:app:product_id : 1
INFO:app:¿ÂπŸ±∏¥œ ∆‰¿Ã¡ˆ ¡¯¿‘
INFO:app:product_id : 1
INFO:app:¿ÂπŸ±∏¥œ ∆‰¿Ã¡ˆ ¡¯¿‘
INFO:app:product_id : 1
INFO:app:cart api
INFO:werkzeug:192.168.0.146 - - [01/Aug/2023 14:25:59] "POST /cart HTTP/1.1" 200 -
INFO:werkzeug:192.168.0.146 - - [01/Aug/2023 14:25:59] "POST /cart HTTP/1.1" 200 -
INFO:werkzeug:192.168.0.146 - - [01/Aug/2023 14:25:59] "POST /cart HTTP/1.1" 200 -
INFO:werkzeug:192.168.0.91 - - [01/Aug/2023 14:25:59] "GET /cart HTTP/1.1" 200 -
INFO:app:¿ÂπŸ±∏¥œ ∆‰¿Ã¡ˆ ¡¯¿‘
INFO:app:product_id : 1
INFO:werkzeug:192.168.0.146 - - [01/Aug/2023 14:25:59] "POST /cart HTTP/1.1" 200 -
INFO:app:¿ÂπŸ±∏¥œ ∆‰¿Ã¡ˆ ¡¯¿‘
INFO:app:product_id : 1
INFO:app:cart api
INFO:werkzeug:192.168.0.81 - - [01/Aug/2023 14:25:59] "POST /cart HTTP/1.1" 200 -
INFO:werkzeug:192.168.0.91 - - [01/Aug/2023 14:25:59] "GET /cart HTTP/1.1" 200 -
INFO:app:¿ÂπŸ±∏¥œ ∆‰¿Ã¡ˆ ¡¯¿‘
INFO:app:product_id : 1
INFO:werkzeug:192.168.0.146 - - [01/Aug/2023 14:25:59] "POST /cart HTTP/1.1" 200 -
INFO:app:cart api
INFO:werkzeug:192.168.0.91 - - [01/Aug/2023 14:25:59] "GET /cart HTTP/1.1" 200 -
INFO:app:cart api
INFO:app:cart api
INFO:werkzeug:192.168.0.91 - - [01/Aug/2023 14:26:00] "GET /cart HTTP/1.1" 200 -
INFO:werkzeug:192.168.0.133 - - [01/Aug/2023 14:26:00] "GET /cart HTTP/1.1" 200 -
INFO:app:¿ÂπŸ±∏¥œ ∆‰¿Ã¡ˆ ¡¯¿‘
INFO:app:product_id : 1
INFO:werkzeug:192.168.0.146 - - [01/Aug/2023 14:26:00] "POST /cart HTTP/1.1" 200 -
INFO:app:¿ÂπŸ±∏¥œ ∆‰¿Ã¡ˆ ¡¯¿‘
INFO:app:product_id : 1
INFO:werkzeug:192.168.0.146 - - [01/Aug/2023 14:26:00] "POST /cart HTTP/1.1" 200 -
INFO:app:cart api
INFO:werkzeug:192.168.0.91 - - [01/Aug/2023 14:26:00] "GET /cart HTTP/1.1" 200 -
INFO:app:cart api
INFO:app:¿ÂπŸ±∏¥œ ∆‰¿Ã¡ˆ ¡¯¿‘
INFO:app:product_id : 1
INFO:werkzeug:192.168.0.91 - - [01/Aug/2023 14:26:00] "GET /cart HTTP/1.1" 200 -
INFO:werkzeug:192.168.0.146 - - [01/Aug/2023 14:26:00] "POST /cart HTTP/1.1" 200 -
INFO:app:¿ÂπŸ±∏¥œ ∆‰¿Ã¡ˆ ¡¯¿‘
INFO:app:product_id : 1
INFO:werkzeug:192.168.0.146 - - [01/Aug/2023 14:26:00] "POST /cart HTTP/1.1" 200 -
INFO:app:¿ÂπŸ±∏¥œ ∆‰¿Ã¡ˆ ¡¯¿‘
INFO:app:product_id : 1
INFO:app:cart api
INFO:werkzeug:192.168.0.146 - - [01/Aug/2023 14:26:00] "POST /cart HTTP/1.1" 200 -
INFO:werkzeug:192.168.0.91 - - [01/Aug/2023 14:26:00] "GET /cart HTTP/1.1" 200 -
INFO:app:¿ÂπŸ±∏¥œ ∆‰¿Ã¡ˆ ¡¯¿‘
INFO:app:product_id : 1
INFO:werkzeug:192.168.0.81 - - [01/Aug/2023 14:26:00] "POST /cart HTTP/1.1" 200 -
INFO:app:cart api
INFO:werkzeug:192.168.0.91 - - [01/Aug/2023 14:26:01] "GET /cart HTTP/1.1" 200 -
INFO:app:cart api
INFO:app:cart api
INFO:app:∑Œ±◊¿Œ ∆‰¿Ã¡ˆ ¡¯¿‘
INFO:werkzeug:192.168.0.69 - - [01/Aug/2023 14:26:01] "GET /login HTTP/1.1" 200 -
INFO:app:¿ÂπŸ±∏¥œ ∆‰¿Ã¡ˆ ¡¯¿‘
INFO:app:product_id : 1
INFO:werkzeug:192.168.0.69 - - [01/Aug/2023 14:26:01] "[36mGET /static/dist/css/bootstrap.min.css HTTP/1.1[0m" 304 -
INFO:werkzeug:192.168.0.111 - - [01/Aug/2023 14:26:01] "GET /cart HTTP/1.1" 200 -
INFO:werkzeug:192.168.0.91 - - [01/Aug/2023 14:26:01] "GET /cart HTTP/1.1" 200 -
INFO:werkzeug:192.168.0.146 - - [01/Aug/2023 14:26:01] "POST /cart HTTP/1.1" 200 -
INFO:app:cart api
INFO:app:cart api
INFO:werkzeug:192.168.0.69 - - [01/Aug/2023 14:26:01] "[36mGET /static/signin.css HTTP/1.1[0m" 304 -
INFO:werkzeug:192.168.0.69 - - [01/Aug/2023 14:26:01] "[36mGET /static/images/catlogo_1.png HTTP/1.1[0m" 304 -
INFO:werkzeug:192.168.0.133 - - [01/Aug/2023 14:26:01] "GET /cart HTTP/1.1" 200 -
INFO:werkzeug:192.168.0.91 - - [01/Aug/2023 14:26:01] "GET /cart HTTP/1.1" 200 -
INFO:app:¿ÂπŸ±∏¥œ ∆‰¿Ã¡ˆ ¡¯¿‘
INFO:app:product_id : 1
INFO:app:¿ÂπŸ±∏¥œ ∆‰¿Ã¡ˆ ¡¯¿‘
INFO:app:product_id : 1
INFO:werkzeug:192.168.0.146 - - [01/Aug/2023 14:26:01] "POST /cart HTTP/1.1" 200 -
INFO:app:¿ÂπŸ±∏¥œ ∆‰¿Ã¡ˆ ¡¯¿‘
INFO:app:product_id : 1
INFO:app:cart api
INFO:werkzeug:192.168.0.146 - - [01/Aug/2023 14:26:01] "POST /cart HTTP/1.1" 200 -
INFO:app:cart api
INFO:werkzeug:192.168.0.146 - - [01/Aug/2023 14:26:01] "POST /cart HTTP/1.1" 200 -
INFO:werkzeug:192.168.0.111 - - [01/Aug/2023 14:26:01] "GET /cart HTTP/1.1" 200 -
INFO:werkzeug:192.168.0.91 - - [01/Aug/2023 14:26:01] "GET /cart HTTP/1.1" 200 -
INFO:app:¿ÂπŸ±∏¥œ ∆‰¿Ã¡ˆ ¡¯¿‘
INFO:app:product_id : 1
INFO:werkzeug:192.168.0.146 - - [01/Aug/2023 14:26:01] "POST /cart HTTP/1.1" 200 -
INFO:app:cart api
INFO:werkzeug:192.168.0.91 - - [01/Aug/2023 14:26:02] "GET /cart HTTP/1.1" 200 -
INFO:app:cart api
INFO:werkzeug:192.168.0.91 - - [01/Aug/2023 14:26:02] "GET /cart HTTP/1.1" 200 -
INFO:app:¿ÂπŸ±∏¥œ ∆‰¿Ã¡ˆ ¡¯¿‘
INFO:app:product_id : 1
INFO:app:cart api
INFO:werkzeug:192.168.0.146 - - [01/Aug/2023 14:26:02] "POST /cart HTTP/1.1" 200 -
INFO:werkzeug:192.168.0.111 - - [01/Aug/2023 14:26:02] "GET /cart HTTP/1.1" 200 -
INFO:app:cart api
INFO:app:¿ÂπŸ±∏¥œ ∆‰¿Ã¡ˆ ¡¯¿‘
INFO:app:product_id : 1
INFO:werkzeug:192.168.0.91 - - [01/Aug/2023 14:26:02] "GET /cart HTTP/1.1" 200 -
INFO:werkzeug:192.168.0.146 - - [01/Aug/2023 14:26:02] "POST /cart HTTP/1.1" 200 -
INFO:app:¿ÂπŸ±∏¥œ ∆‰¿Ã¡ˆ ¡¯¿‘
INFO:app:product_id : 5
INFO:app:cart api
INFO:app:¿ÂπŸ±∏¥œ ∆‰¿Ã¡ˆ ¡¯¿‘
INFO:app:product_id : 1
INFO:app:¿ÂπŸ±∏¥œ ∆‰¿Ã¡ˆ ¡¯¿‘
INFO:app:product_id : 1
INFO:app:cart api
INFO:werkzeug:192.168.0.91 - - [01/Aug/2023 14:26:03] "GET /cart HTTP/1.1" 200 -
INFO:app:¿ÂπŸ±∏¥œ ∆‰¿Ã¡ˆ ¡¯¿‘
INFO:app:product_id : 1
INFO:werkzeug:192.168.0.50 - - [01/Aug/2023 14:26:03] "POST /cart HTTP/1.1" 200 -
INFO:werkzeug:192.168.0.81 - - [01/Aug/2023 14:26:03] "POST /cart HTTP/1.1" 200 -
INFO:app:¿ÂπŸ±∏¥œ ∆‰¿Ã¡ˆ ¡¯¿‘
INFO:app:product_id : 1
INFO:app:cart api
INFO:werkzeug:192.168.0.125 - - [01/Aug/2023 14:26:03] "GET /cart HTTP/1.1" 200 -
INFO:werkzeug:192.168.0.146 - - [01/Aug/2023 14:26:03] "POST /cart HTTP/1.1" 200 -
INFO:werkzeug:192.168.0.28 - - [01/Aug/2023 14:26:03] "GET /cart HTTP/1.1" 200 -
INFO:app:cart api
INFO:app:¿ÂπŸ±∏¥œ ∆‰¿Ã¡ˆ ¡¯¿‘
INFO:werkzeug:192.168.0.146 - - [01/Aug/2023 14:26:03] "POST /cart HTTP/1.1" 200 -
INFO:app:product_id : 1
INFO:app:¿ÂπŸ±∏¥œ ∆‰¿Ã¡ˆ ¡¯¿‘
INFO:app:product_id : 1
INFO:werkzeug:192.168.0.146 - - [01/Aug/2023 14:26:03] "POST /cart HTTP/1.1" 200 -
INFO:werkzeug:192.168.0.91 - - [01/Aug/2023 14:26:03] "GET /cart HTTP/1.1" 200 -
INFO:werkzeug:192.168.0.146 - - [01/Aug/2023 14:26:03] "POST /cart HTTP/1.1" 200 -
INFO:werkzeug:192.168.0.146 - - [01/Aug/2023 14:26:03] "POST /cart HTTP/1.1" 200 -
INFO:app:cart api
INFO:werkzeug:192.168.0.91 - - [01/Aug/2023 14:26:03] "GET /cart HTTP/1.1" 200 -
INFO:app:cart api
INFO:app:¿ÂπŸ±∏¥œ ∆‰¿Ã¡ˆ ¡¯¿‘
INFO:app:product_id : 1
INFO:werkzeug:192.168.0.91 - - [01/Aug/2023 14:26:03] "GET /cart HTTP/1.1" 200 -
INFO:werkzeug:192.168.0.146 - - [01/Aug/2023 14:26:03] "POST /cart HTTP/1.1" 200 -
INFO:app:¿ÂπŸ±∏¥œ ∆‰¿Ã¡ˆ ¡¯¿‘
INFO:app:product_id : 1
INFO:werkzeug:192.168.0.146 - - [01/Aug/2023 14:26:03] "POST /cart HTTP/1.1" 200 -
INFO:app:cart api
INFO:app:cart api
INFO:werkzeug:192.168.0.47 - - [01/Aug/2023 14:26:03] "GET /cart HTTP/1.1" 200 -
INFO:app:cart api
INFO:werkzeug:192.168.0.111 - - [01/Aug/2023 14:26:04] "GET /cart HTTP/1.1" 200 -
INFO:werkzeug:192.168.0.91 - - [01/Aug/2023 14:26:04] "GET /cart HTTP/1.1" 200 -
INFO:app:cart api
INFO:werkzeug:192.168.0.111 - - [01/Aug/2023 14:26:04] "GET /cart HTTP/1.1" 200 -
INFO:app:cart api
INFO:app:¿ÂπŸ±∏¥œ ∆‰¿Ã¡ˆ ¡¯¿‘
INFO:app:product_id : 1
INFO:werkzeug:192.168.0.91 - - [01/Aug/2023 14:26:04] "GET /cart HTTP/1.1" 200 -
INFO:app:¿ÂπŸ±∏¥œ ∆‰¿Ã¡ˆ ¡¯¿‘
INFO:app:product_id : 1
INFO:werkzeug:192.168.0.146 - - [01/Aug/2023 14:26:04] "POST /cart HTTP/1.1" 200 -
INFO:app:cart api
INFO:werkzeug:192.168.0.146 - - [01/Aug/2023 14:26:04] "POST /cart HTTP/1.1" 200 -
INFO:werkzeug:192.168.0.111 - - [01/Aug/2023 14:26:04] "GET /cart HTTP/1.1" 200 -
INFO:app:cart api
INFO:werkzeug:192.168.0.91 - - [01/Aug/2023 14:26:04] "GET /cart HTTP/1.1" 200 -
INFO:app:¿ÂπŸ±∏¥œ ∆‰¿Ã¡ˆ ¡¯¿‘
INFO:app:product_id : 1
INFO:app:¿ÂπŸ±∏¥œ ∆‰¿Ã¡ˆ ¡¯¿‘
INFO:app:product_id : 1
INFO:app:cart api
INFO:werkzeug:192.168.0.146 - - [01/Aug/2023 14:26:04] "POST /cart HTTP/1.1" 200 -
INFO:werkzeug:192.168.0.81 - - [01/Aug/2023 14:26:04] "POST /cart HTTP/1.1" 200 -
INFO:werkzeug:192.168.0.111 - - [01/Aug/2023 14:26:04] "GET /cart HTTP/1.1" 200 -
INFO:app:cart api
INFO:werkzeug:192.168.0.91 - - [01/Aug/2023 14:26:04] "GET /cart HTTP/1.1" 200 -
INFO:app:¿ÂπŸ±∏¥œ ∆‰¿Ã¡ˆ ¡¯¿‘
INFO:app:product_id : 1
INFO:app:cart api
INFO:app:cart api
INFO:werkzeug:192.168.0.146 - - [01/Aug/2023 14:26:04] "POST /cart HTTP/1.1" 200 -
INFO:werkzeug:192.168.0.111 - - [01/Aug/2023 14:26:04] "GET /cart HTTP/1.1" 200 -
INFO:werkzeug:192.168.0.47 - - [01/Aug/2023 14:26:04] "GET /cart HTTP/1.1" 200 -
INFO:app:cart api
INFO:app:cart api
INFO:werkzeug:192.168.0.91 - - [01/Aug/2023 14:26:04] "GET /cart HTTP/1.1" 200 -
INFO:werkzeug:192.168.0.28 - - [01/Aug/2023 14:26:04] "GET /cart HTTP/1.1" 200 -
INFO:app:cart api
INFO:app:cart api
INFO:werkzeug:192.168.0.111 - - [01/Aug/2023 14:26:05] "GET /cart HTTP/1.1" 200 -
INFO:app:¿ÂπŸ±∏¥œ ∆‰¿Ã¡ˆ ¡¯¿‘
INFO:app:product_id : 1
INFO:werkzeug:192.168.0.69 - - [01/Aug/2023 14:26:05] "GET /cart HTTP/1.1" 200 -
INFO:app:¿ÂπŸ±∏¥œ ∆‰¿Ã¡ˆ ¡¯¿‘
INFO:app:product_id : 1
INFO:app:cart api
INFO:app:cart api
INFO:app:¿ÂπŸ±∏¥œ ∆‰¿Ã¡ˆ ¡¯¿‘
INFO:app:product_id : 1
INFO:werkzeug:192.168.0.146 - - [01/Aug/2023 14:26:05] "POST /cart HTTP/1.1" 200 -
INFO:werkzeug:192.168.0.146 - - [01/Aug/2023 14:26:05] "POST /cart HTTP/1.1" 200 -
INFO:app:cart api
INFO:werkzeug:192.168.0.91 - - [01/Aug/2023 14:26:05] "GET /cart HTTP/1.1" 200 -
INFO:werkzeug:192.168.0.69 - - [01/Aug/2023 14:26:05] "GET /cart HTTP/1.1" 200 -
INFO:app:¿ÂπŸ±∏¥œ ∆‰¿Ã¡ˆ ¡¯¿‘
INFO:app:product_id : 1
INFO:werkzeug:192.168.0.146 - - [01/Aug/2023 14:26:05] "POST /cart HTTP/1.1" 200 -
INFO:app:cart api
INFO:werkzeug:192.168.0.111 - - [01/Aug/2023 14:26:05] "GET /cart HTTP/1.1" 200 -
INFO:werkzeug:192.168.0.146 - - [01/Aug/2023 14:26:05] "POST /cart HTTP/1.1" 200 -
INFO:werkzeug:192.168.0.91 - - [01/Aug/2023 14:26:05] "GET /cart HTTP/1.1" 200 -
INFO:app:cart api
INFO:werkzeug:192.168.0.111 - - [01/Aug/2023 14:26:05] "GET /cart HTTP/1.1" 200 -
INFO:app:cart api
INFO:werkzeug:192.168.0.91 - - [01/Aug/2023 14:26:05] "GET /cart HTTP/1.1" 200 -
INFO:app:cart api
INFO:app:¿ÂπŸ±∏¥œ ∆‰¿Ã¡ˆ ¡¯¿‘
INFO:app:cart api
INFO:app:product_id : 1
INFO:werkzeug:192.168.0.146 - - [01/Aug/2023 14:26:05] "POST /cart HTTP/1.1" 200 -
INFO:app:cart api
INFO:app:cart api
INFO:app:cart api
INFO:werkzeug:192.168.0.111 - - [01/Aug/2023 14:26:06] "GET /cart HTTP/1.1" 200 -
INFO:app:cart api
INFO:werkzeug:192.168.0.91 - - [01/Aug/2023 14:26:06] "GET /cart HTTP/1.1" 200 -
INFO:werkzeug:192.168.0.47 - - [01/Aug/2023 14:26:06] "GET /cart HTTP/1.1" 200 -
INFO:werkzeug:192.168.0.111 - - [01/Aug/2023 14:26:06] "GET /cart HTTP/1.1" 200 -
INFO:werkzeug:192.168.0.28 - - [01/Aug/2023 14:26:06] "GET /cart HTTP/1.1" 200 -
INFO:app:¿ÂπŸ±∏¥œ ∆‰¿Ã¡ˆ ¡¯¿‘
INFO:app:product_id : 1
INFO:werkzeug:192.168.0.136 - - [01/Aug/2023 14:26:06] "GET /cart HTTP/1.1" 200 -
INFO:werkzeug:192.168.0.146 - - [01/Aug/2023 14:26:06] "POST /cart HTTP/1.1" 200 -
INFO:app:¿ÂπŸ±∏¥œ ∆‰¿Ã¡ˆ ¡¯¿‘
INFO:app:product_id : 1
INFO:werkzeug:192.168.0.146 - - [01/Aug/2023 14:26:06] "POST /cart HTTP/1.1" 200 -
INFO:app:cart api
INFO:werkzeug:192.168.0.136 - - [01/Aug/2023 14:26:06] "GET /cart HTTP/1.1" 200 -
INFO:app:cart api
INFO:app:cart api
INFO:werkzeug:192.168.0.111 - - [01/Aug/2023 14:26:07] "GET /cart HTTP/1.1" 200 -
INFO:werkzeug:192.168.0.91 - - [01/Aug/2023 14:26:07] "GET /cart HTTP/1.1" 200 -
INFO:app:¿ÂπŸ±∏¥œ ∆‰¿Ã¡ˆ ¡¯¿‘
INFO:app:product_id : 1
INFO:werkzeug:192.168.0.81 - - [01/Aug/2023 14:26:07] "POST /cart HTTP/1.1" 200 -
INFO:app:¿ÂπŸ±∏¥œ ∆‰¿Ã¡ˆ ¡¯¿‘
INFO:app:product_id : 1
INFO:werkzeug:192.168.0.146 - - [01/Aug/2023 14:26:07] "POST /cart HTTP/1.1" 200 -
INFO:app:cart api
INFO:app:cart api
INFO:werkzeug:192.168.0.28 - - [01/Aug/2023 14:26:07] "GET /cart HTTP/1.1" 200 -
INFO:app:¿ÂπŸ±∏¥œ ∆‰¿Ã¡ˆ ¡¯¿‘
INFO:app:product_id : 1
INFO:werkzeug:192.168.0.146 - - [01/Aug/2023 14:26:07] "POST /cart HTTP/1.1" 200 -
INFO:werkzeug:192.168.0.111 - - [01/Aug/2023 14:26:08] "GET /cart HTTP/1.1" 200 -
INFO:app:¿ÂπŸ±∏¥œ ∆‰¿Ã¡ˆ ¡¯¿‘
INFO:app:product_id : 1
INFO:werkzeug:192.168.0.146 - - [01/Aug/2023 14:26:08] "POST /cart HTTP/1.1" 200 -
INFO:app:¿ÂπŸ±∏¥œ ∆‰¿Ã¡ˆ ¡¯¿‘
INFO:app:product_id : 1
INFO:app:cart api
INFO:werkzeug:192.168.0.146 - - [01/Aug/2023 14:26:08] "POST /cart HTTP/1.1" 200 -
INFO:app:cart api
INFO:app:cart api
INFO:werkzeug:192.168.0.91 - - [01/Aug/2023 14:26:08] "GET /cart HTTP/1.1" 200 -
INFO:app:¿ÂπŸ±∏¥œ ∆‰¿Ã¡ˆ ¡¯¿‘
INFO:app:product_id : 1
INFO:werkzeug:192.168.0.146 - - [01/Aug/2023 14:26:08] "POST /cart HTTP/1.1" 200 -
INFO:werkzeug:192.168.0.111 - - [01/Aug/2023 14:26:08] "GET /cart HTTP/1.1" 200 -
INFO:app:cart api
INFO:werkzeug:192.168.0.47 - - [01/Aug/2023 14:26:08] "GET /cart HTTP/1.1" 200 -
INFO:werkzeug:192.168.0.136 - - [01/Aug/2023 14:26:09] "GET /cart HTTP/1.1" 200 -
INFO:app:cart api
INFO:werkzeug:192.168.0.111 - - [01/Aug/2023 14:26:09] "[33mGET /script.js HTTP/1.1[0m" 404 -
INFO:app:cart api
INFO:app:¿ÂπŸ±∏¥œ ∆‰¿Ã¡ˆ ¡¯¿‘
INFO:app:product_id : 1
INFO:werkzeug:192.168.0.150 - - [01/Aug/2023 14:26:09] "GET /cart HTTP/1.1" 200 -
INFO:werkzeug:192.168.0.136 - - [01/Aug/2023 14:26:09] "GET /cart HTTP/1.1" 200 -
INFO:app:cart api
INFO:werkzeug:192.168.0.146 - - [01/Aug/2023 14:26:09] "POST /cart HTTP/1.1" 200 -
INFO:werkzeug:192.168.0.91 - - [01/Aug/2023 14:26:09] "GET /cart HTTP/1.1" 200 -
INFO:app:¿ÂπŸ±∏¥œ ∆‰¿Ã¡ˆ ¡¯¿‘
INFO:app:product_id : 1
INFO:werkzeug:192.168.0.146 - - [01/Aug/2023 14:26:09] "POST /cart HTTP/1.1" 200 -
INFO:app:cart api
INFO:app:cart api
INFO:werkzeug:192.168.0.136 - - [01/Aug/2023 14:26:09] "GET /cart HTTP/1.1" 200 -
INFO:app:¿ÂπŸ±∏¥œ ∆‰¿Ã¡ˆ ¡¯¿‘
INFO:app:product_id : 1
INFO:app:¿ÂπŸ±∏¥œ ∆‰¿Ã¡ˆ ¡¯¿‘
INFO:app:product_id : 1
INFO:werkzeug:192.168.0.91 - - [01/Aug/2023 14:26:09] "GET /cart HTTP/1.1" 200 -
INFO:werkzeug:192.168.0.146 - - [01/Aug/2023 14:26:09] "POST /cart HTTP/1.1" 200 -
INFO:werkzeug:192.168.0.146 - - [01/Aug/2023 14:26:09] "POST /cart HTTP/1.1" 200 -
INFO:app:¿ÂπŸ±∏¥œ ∆‰¿Ã¡ˆ ¡¯¿‘
INFO:app:product_id : 1
INFO:werkzeug:192.168.0.146 - - [01/Aug/2023 14:26:09] "POST /cart HTTP/1.1" 200 -
INFO:app:cart api
INFO:app:cart api
INFO:app:¿ÂπŸ±∏¥œ ∆‰¿Ã¡ˆ ¡¯¿‘
INFO:app:product_id : 1
INFO:werkzeug:192.168.0.91 - - [01/Aug/2023 14:26:10] "GET /cart HTTP/1.1" 200 -
INFO:werkzeug:192.168.0.150 - - [01/Aug/2023 14:26:10] "GET /cart HTTP/1.1" 200 -
INFO:werkzeug:192.168.0.81 - - [01/Aug/2023 14:26:10] "POST /cart HTTP/1.1" 200 -
INFO:app:¿ÂπŸ±∏¥œ ∆‰¿Ã¡ˆ ¡¯¿‘
INFO:app:product_id : 1
INFO:werkzeug:192.168.0.146 - - [01/Aug/2023 14:26:10] "POST /cart HTTP/1.1" 200 -
INFO:app:¿ÂπŸ±∏¥œ ∆‰¿Ã¡ˆ ¡¯¿‘
INFO:app:product_id : 1
INFO:werkzeug:192.168.0.146 - - [01/Aug/2023 14:26:10] "POST /cart HTTP/1.1" 200 -
INFO:app:¿ÂπŸ±∏¥œ ∆‰¿Ã¡ˆ ¡¯¿‘
INFO:app:product_id : 1
INFO:werkzeug:192.168.0.146 - - [01/Aug/2023 14:26:10] "POST /cart HTTP/1.1" 200 -
INFO:app:cart api
INFO:app:¿ÂπŸ±∏¥œ ∆‰¿Ã¡ˆ ¡¯¿‘
INFO:app:product_id : 1
INFO:app:¿ÂπŸ±∏¥œ ∆‰¿Ã¡ˆ ¡¯¿‘
INFO:app:product_id : 1
INFO:werkzeug:192.168.0.91 - - [01/Aug/2023 14:26:10] "GET /cart HTTP/1.1" 200 -
INFO:app:¿ÂπŸ±∏¥œ ∆‰¿Ã¡ˆ ¡¯¿‘
INFO:app:product_id : 1
INFO:werkzeug:192.168.0.146 - - [01/Aug/2023 14:26:10] "POST /cart HTTP/1.1" 200 -
INFO:werkzeug:192.168.0.146 - - [01/Aug/2023 14:26:10] "POST /cart HTTP/1.1" 200 -
INFO:werkzeug:192.168.0.146 - - [01/Aug/2023 14:26:10] "POST /cart HTTP/1.1" 200 -
INFO:app:¿ÂπŸ±∏¥œ ∆‰¿Ã¡ˆ ¡¯¿‘
INFO:app:product_id : 1
INFO:werkzeug:192.168.0.146 - - [01/Aug/2023 14:26:11] "POST /cart HTTP/1.1" 200 -
INFO:app:¿ÂπŸ±∏¥œ ∆‰¿Ã¡ˆ ¡¯¿‘
INFO:app:product_id : 1
INFO:app:¿ÂπŸ±∏¥œ ∆‰¿Ã¡ˆ ¡¯¿‘
INFO:app:product_id : 1
INFO:werkzeug:192.168.0.146 - - [01/Aug/2023 14:26:11] "POST /cart HTTP/1.1" 200 -
INFO:werkzeug:192.168.0.146 - - [01/Aug/2023 14:26:11] "POST /cart HTTP/1.1" 200 -
INFO:app:¿ÂπŸ±∏¥œ ∆‰¿Ã¡ˆ ¡¯¿‘
INFO:app:product_id : 1
INFO:werkzeug:192.168.0.146 - - [01/Aug/2023 14:26:11] "POST /cart HTTP/1.1" 200 -
INFO:app:¿ÂπŸ±∏¥œ ∆‰¿Ã¡ˆ ¡¯¿‘
INFO:app:product_id : 1
INFO:werkzeug:192.168.0.146 - - [01/Aug/2023 14:26:11] "POST /cart HTTP/1.1" 200 -
INFO:app:cart api
INFO:app:¿ÂπŸ±∏¥œ ∆‰¿Ã¡ˆ ¡¯¿‘
INFO:app:product_id : 1
INFO:werkzeug:192.168.0.146 - - [01/Aug/2023 14:26:11] "POST /cart HTTP/1.1" 200 -
INFO:werkzeug:192.168.0.47 - - [01/Aug/2023 14:26:11] "GET /cart HTTP/1.1" 200 -
INFO:app:¿ÂπŸ±∏¥œ ∆‰¿Ã¡ˆ ¡¯¿‘
INFO:app:product_id : 1
INFO:app:¿ÂπŸ±∏¥œ ∆‰¿Ã¡ˆ ¡¯¿‘
INFO:app:product_id : 1
INFO:app:¿ÂπŸ±∏¥œ ∆‰¿Ã¡ˆ ¡¯¿‘
INFO:app:product_id : 1
INFO:werkzeug:192.168.0.146 - - [01/Aug/2023 14:26:12] "POST /cart HTTP/1.1" 200 -
INFO:app:¿ÂπŸ±∏¥œ ∆‰¿Ã¡ˆ ¡¯¿‘
INFO:app:product_id : 1
INFO:app:¿ÂπŸ±∏¥œ ∆‰¿Ã¡ˆ ¡¯¿‘
INFO:app:product_id : 1
INFO:werkzeug:192.168.0.146 - - [01/Aug/2023 14:26:12] "POST /cart HTTP/1.1" 200 -
INFO:werkzeug:192.168.0.146 - - [01/Aug/2023 14:26:12] "POST /cart HTTP/1.1" 200 -
INFO:werkzeug:192.168.0.146 - - [01/Aug/2023 14:26:12] "POST /cart HTTP/1.1" 200 -
INFO:werkzeug:192.168.0.146 - - [01/Aug/2023 14:26:12] "POST /cart HTTP/1.1" 200 -
INFO:app:¿ÂπŸ±∏¥œ ∆‰¿Ã¡ˆ ¡¯¿‘
INFO:app:product_id : 1
INFO:app:¿ÂπŸ±∏¥œ ∆‰¿Ã¡ˆ ¡¯¿‘
INFO:app:cart api
INFO:app:product_id : 1
INFO:app:¿ÂπŸ±∏¥œ ∆‰¿Ã¡ˆ ¡¯¿‘
INFO:app:product_id : 1
INFO:app:cart api
INFO:werkzeug:192.168.0.146 - - [01/Aug/2023 14:26:12] "POST /cart HTTP/1.1" 200 -
INFO:werkzeug:192.168.0.125 - - [01/Aug/2023 14:26:12] "GET /cart HTTP/1.1" 200 -
INFO:werkzeug:192.168.0.91 - - [01/Aug/2023 14:26:12] "GET /cart HTTP/1.1" 200 -
INFO:werkzeug:192.168.0.146 - - [01/Aug/2023 14:26:12] "POST /cart HTTP/1.1" 200 -
INFO:werkzeug:192.168.0.146 - - [01/Aug/2023 14:26:12] "POST /cart HTTP/1.1" 200 -
INFO:app:¿ÂπŸ±∏¥œ ∆‰¿Ã¡ˆ ¡¯¿‘
INFO:app:product_id : 1
INFO:werkzeug:192.168.0.146 - - [01/Aug/2023 14:26:12] "POST /cart HTTP/1.1" 200 -
INFO:app:¿ÂπŸ±∏¥œ ∆‰¿Ã¡ˆ ¡¯¿‘
INFO:app:product_id : 1
INFO:werkzeug:192.168.0.133 - - [01/Aug/2023 14:26:12] "[33mGET /script.js HTTP/1.1[0m" 404 -
INFO:app:¿ÂπŸ±∏¥œ ∆‰¿Ã¡ˆ ¡¯¿‘
INFO:app:product_id : 1
INFO:werkzeug:192.168.0.81 - - [01/Aug/2023 14:26:12] "POST /cart HTTP/1.1" 200 -
INFO:werkzeug:192.168.0.146 - - [01/Aug/2023 14:26:12] "POST /cart HTTP/1.1" 200 -
INFO:app:cart api
INFO:app:cart api
INFO:werkzeug:192.168.0.91 - - [01/Aug/2023 14:26:13] "GET /cart HTTP/1.1" 200 -
INFO:werkzeug:192.168.0.125 - - [01/Aug/2023 14:26:13] "GET /cart HTTP/1.1" 200 -
INFO:app:cart api
INFO:werkzeug:192.168.0.91 - - [01/Aug/2023 14:26:13] "GET /cart HTTP/1.1" 200 -
INFO:app:¿ÂπŸ±∏¥œ ∆‰¿Ã¡ˆ ¡¯¿‘
INFO:app:product_id : 1
INFO:app:cart api
INFO:werkzeug:192.168.0.146 - - [01/Aug/2023 14:26:13] "POST /cart HTTP/1.1" 200 -
INFO:app:cart api
INFO:werkzeug:192.168.0.125 - - [01/Aug/2023 14:26:13] "GET /cart HTTP/1.1" 200 -
INFO:werkzeug:192.168.0.91 - - [01/Aug/2023 14:26:13] "GET /cart HTTP/1.1" 200 -
INFO:app:¿ÂπŸ±∏¥œ ∆‰¿Ã¡ˆ ¡¯¿‘
INFO:app:product_id : 1
INFO:werkzeug:192.168.0.146 - - [01/Aug/2023 14:26:13] "POST /cart HTTP/1.1" 200 -
INFO:app:cart api
INFO:app:cart api
INFO:werkzeug:192.168.0.91 - - [01/Aug/2023 14:26:13] "GET /cart HTTP/1.1" 200 -
INFO:app:¿ÂπŸ±∏¥œ ∆‰¿Ã¡ˆ ¡¯¿‘
INFO:app:product_id : 1
INFO:werkzeug:192.168.0.125 - - [01/Aug/2023 14:26:13] "GET /cart HTTP/1.1" 200 -
INFO:werkzeug:192.168.0.146 - - [01/Aug/2023 14:26:13] "POST /cart HTTP/1.1" 200 -
INFO:app:cart api
INFO:app:cart api
INFO:werkzeug:192.168.0.91 - - [01/Aug/2023 14:26:14] "GET /cart HTTP/1.1" 200 -
INFO:werkzeug:192.168.0.125 - - [01/Aug/2023 14:26:14] "GET /cart HTTP/1.1" 200 -
INFO:werkzeug:192.168.0.133 - - [01/Aug/2023 14:26:14] "GET / HTTP/1.1" 200 -
INFO:werkzeug:192.168.0.133 - - [01/Aug/2023 14:26:14] "[36mGET /static/css/style.css HTTP/1.1[0m" 304 -
INFO:app:cart api
INFO:app:cart api
INFO:werkzeug:192.168.0.133 - - [01/Aug/2023 14:26:14] "[36mGET /static/images/0721.jpg HTTP/1.1[0m" 304 -
INFO:app:cart api
INFO:werkzeug:192.168.0.133 - - [01/Aug/2023 14:26:14] "[33mGET /script.js HTTP/1.1[0m" 404 -
INFO:werkzeug:192.168.0.91 - - [01/Aug/2023 14:26:14] "GET /cart HTTP/1.1" 200 -
INFO:werkzeug:192.168.0.28 - - [01/Aug/2023 14:26:14] "GET /cart HTTP/1.1" 200 -
INFO:werkzeug:192.168.0.125 - - [01/Aug/2023 14:26:14] "GET /cart HTTP/1.1" 200 -
INFO:werkzeug:192.168.0.133 - - [01/Aug/2023 14:26:14] "[36mGET /static/images/img-1.png HTTP/1.1[0m" 304 -
INFO:werkzeug:192.168.0.133 - - [01/Aug/2023 14:26:14] "[36mGET /static/images/food.jpg HTTP/1.1[0m" 304 -
INFO:werkzeug:192.168.0.133 - - [01/Aug/2023 14:26:14] "[33mGET /static/images/abput-img.png HTTP/1.1[0m" 404 -
INFO:werkzeug:192.168.0.133 - - [01/Aug/2023 14:26:14] "[36mGET /static/images/img-2.png HTTP/1.1[0m" 304 -
INFO:app:cart api
INFO:app:¿ÂπŸ±∏¥œ ∆‰¿Ã¡ˆ ¡¯¿‘
INFO:app:product_id : 1
INFO:werkzeug:192.168.0.91 - - [01/Aug/2023 14:26:15] "GET /cart HTTP/1.1" 200 -
INFO:werkzeug:192.168.0.146 - - [01/Aug/2023 14:26:15] "POST /cart HTTP/1.1" 200 -
INFO:werkzeug:192.168.0.133 - - [01/Aug/2023 14:26:15] "[36mGET /static/images/img-3.png HTTP/1.1[0m" 304 -
INFO:app:cart api
INFO:app:¿ÂπŸ±∏¥œ ∆‰¿Ã¡ˆ ¡¯¿‘
INFO:app:product_id : 1
INFO:werkzeug:192.168.0.125 - - [01/Aug/2023 14:26:15] "GET /cart HTTP/1.1" 200 -
INFO:werkzeug:192.168.0.146 - - [01/Aug/2023 14:26:15] "POST /cart HTTP/1.1" 200 -
INFO:werkzeug:192.168.0.133 - - [01/Aug/2023 14:26:15] "[36mGET /static/images/img-4.png HTTP/1.1[0m" 304 -
INFO:app:¿ÂπŸ±∏¥œ ∆‰¿Ã¡ˆ ¡¯¿‘
INFO:app:product_id : 1
INFO:werkzeug:192.168.0.146 - - [01/Aug/2023 14:26:15] "POST /cart HTTP/1.1" 200 -
INFO:app:¿ÂπŸ±∏¥œ ∆‰¿Ã¡ˆ ¡¯¿‘
INFO:app:product_id : 5
INFO:app:¿ÂπŸ±∏¥œ ∆‰¿Ã¡ˆ ¡¯¿‘
INFO:app:product_id : 1
INFO:app:¿ÂπŸ±∏¥œ ∆‰¿Ã¡ˆ ¡¯¿‘
INFO:app:product_id : 1
INFO:werkzeug:192.168.0.69 - - [01/Aug/2023 14:26:16] "POST /cart HTTP/1.1" 200 -
INFO:werkzeug:192.168.0.146 - - [01/Aug/2023 14:26:16] "POST /cart HTTP/1.1" 200 -
INFO:werkzeug:192.168.0.146 - - [01/Aug/2023 14:26:16] "POST /cart HTTP/1.1" 200 -
INFO:app:¿ÂπŸ±∏¥œ ∆‰¿Ã¡ˆ ¡¯¿‘
INFO:app:product_id : 1
INFO:werkzeug:192.168.0.146 - - [01/Aug/2023 14:26:16] "POST /cart HTTP/1.1" 200 -
INFO:app:cart api
INFO:app:¿ÂπŸ±∏¥œ ∆‰¿Ã¡ˆ ¡¯¿‘
INFO:app:product_id : 1
INFO:app:¿ÂπŸ±∏¥œ ∆‰¿Ã¡ˆ ¡¯¿‘
INFO:app:product_id : 1
INFO:werkzeug:192.168.0.81 - - [01/Aug/2023 14:26:16] "POST /cart HTTP/1.1" 200 -
INFO:werkzeug:192.168.0.91 - - [01/Aug/2023 14:26:16] "GET /cart HTTP/1.1" 200 -
INFO:werkzeug:192.168.0.146 - - [01/Aug/2023 14:26:16] "POST /cart HTTP/1.1" 200 -
INFO:app:cart api
INFO:werkzeug:192.168.0.91 - - [01/Aug/2023 14:26:16] "GET /cart HTTP/1.1" 200 -
INFO:app:¿ÂπŸ±∏¥œ ∆‰¿Ã¡ˆ ¡¯¿‘
INFO:app:product_id : 1
INFO:werkzeug:192.168.0.146 - - [01/Aug/2023 14:26:16] "POST /cart HTTP/1.1" 200 -
INFO:app:¿ÂπŸ±∏¥œ ∆‰¿Ã¡ˆ ¡¯¿‘
INFO:app:product_id : 1
INFO:werkzeug:192.168.0.146 - - [01/Aug/2023 14:26:16] "POST /cart HTTP/1.1" 200 -
INFO:app:¿ÂπŸ±∏¥œ ∆‰¿Ã¡ˆ ¡¯¿‘
INFO:app:product_id : 1
INFO:werkzeug:192.168.0.146 - - [01/Aug/2023 14:26:16] "POST /cart HTTP/1.1" 200 -
INFO:app:¿ÂπŸ±∏¥œ ∆‰¿Ã¡ˆ ¡¯¿‘
INFO:app:product_id : 1
INFO:werkzeug:192.168.0.146 - - [01/Aug/2023 14:26:16] "POST /cart HTTP/1.1" 200 -
INFO:app:¿ÂπŸ±∏¥œ ∆‰¿Ã¡ˆ ¡¯¿‘
INFO:app:product_id : 1
INFO:app:cart api
INFO:werkzeug:192.168.0.146 - - [01/Aug/2023 14:26:17] "POST /cart HTTP/1.1" 200 -
INFO:app:¿ÂπŸ±∏¥œ ∆‰¿Ã¡ˆ ¡¯¿‘
INFO:app:product_id : 1
INFO:werkzeug:192.168.0.146 - - [01/Aug/2023 14:26:17] "POST /cart HTTP/1.1" 200 -
INFO:werkzeug:192.168.0.91 - - [01/Aug/2023 14:26:17] "GET /cart HTTP/1.1" 200 -
INFO:app:¿ÂπŸ±∏¥œ ∆‰¿Ã¡ˆ ¡¯¿‘
INFO:app:product_id : 1
INFO:werkzeug:192.168.0.146 - - [01/Aug/2023 14:26:17] "POST /cart HTTP/1.1" 200 -
INFO:app:cart api
INFO:werkzeug:192.168.0.125 - - [01/Aug/2023 14:26:17] "GET /cart HTTP/1.1" 200 -
INFO:app:cart api
INFO:werkzeug:192.168.0.91 - - [01/Aug/2023 14:26:17] "GET /cart HTTP/1.1" 200 -
INFO:app:cart api
INFO:app:cart api
INFO:werkzeug:192.168.0.91 - - [01/Aug/2023 14:26:18] "GET /cart HTTP/1.1" 200 -
INFO:werkzeug:192.168.0.97 - - [01/Aug/2023 14:26:18] "GET /cart HTTP/1.1" 200 -
INFO:app:¿ÂπŸ±∏¥œ ∆‰¿Ã¡ˆ ¡¯¿‘
INFO:app:product_id : 1
INFO:app:cart api
INFO:werkzeug:192.168.0.81 - - [01/Aug/2023 14:26:18] "POST /cart HTTP/1.1" 200 -
INFO:app:cart api
INFO:werkzeug:192.168.0.91 - - [01/Aug/2023 14:26:18] "GET /cart HTTP/1.1" 200 -
INFO:app:¿ÂπŸ±∏¥œ ∆‰¿Ã¡ˆ ¡¯¿‘
INFO:app:product_id : 5
INFO:werkzeug:192.168.0.97 - - [01/Aug/2023 14:26:18] "GET /cart HTTP/1.1" 200 -
INFO:app:cart api
INFO:werkzeug:192.168.0.50 - - [01/Aug/2023 14:26:18] "POST /cart HTTP/1.1" 200 -
INFO:werkzeug:192.168.0.91 - - [01/Aug/2023 14:26:18] "GET /cart HTTP/1.1" 200 -
INFO:app:cart api
INFO:app:¿ÂπŸ±∏¥œ ∆‰¿Ã¡ˆ ¡¯¿‘
INFO:app:product_id : 5
INFO:werkzeug:192.168.0.91 - - [01/Aug/2023 14:26:18] "GET /cart HTTP/1.1" 200 -
INFO:werkzeug:192.168.0.50 - - [01/Aug/2023 14:26:18] "POST /cart HTTP/1.1" 200 -
INFO:app:¿ÂπŸ±∏¥œ ∆‰¿Ã¡ˆ ¡¯¿‘
INFO:app:product_id : 1
INFO:werkzeug:192.168.0.146 - - [01/Aug/2023 14:26:18] "POST /cart HTTP/1.1" 200 -
INFO:app:cart api
INFO:werkzeug:192.168.0.91 - - [01/Aug/2023 14:26:19] "GET /cart HTTP/1.1" 200 -
INFO:app:¿ÂπŸ±∏¥œ ∆‰¿Ã¡ˆ ¡¯¿‘
INFO:app:product_id : 5
INFO:werkzeug:192.168.0.50 - - [01/Aug/2023 14:26:19] "POST /cart HTTP/1.1" 200 -
INFO:app:∑Œ±◊¿Œ ∆‰¿Ã¡ˆ ¡¯¿‘
ERROR:app:Exception on /login [POST]
Traceback (most recent call last):
  File "C:\Users\okseok\anaconda3\lib\site-packages\flask\app.py", line 2190, in wsgi_app
    response = self.full_dispatch_request()
  File "C:\Users\okseok\anaconda3\lib\site-packages\flask\app.py", line 1486, in full_dispatch_request
    rv = self.handle_user_exception(e)
  File "C:\Users\okseok\anaconda3\lib\site-packages\flask\app.py", line 1484, in full_dispatch_request
    rv = self.dispatch_request()
  File "C:\Users\okseok\anaconda3\lib\site-packages\flask\app.py", line 1469, in dispatch_request
    return self.ensure_sync(self.view_functions[rule.endpoint])(**view_args)
  File "C:\ITStudy\06_flask\onlineshop\personal_project-main\app\views\control_views.py", line 252, in login
    print(session['user_id'])
  File "C:\Users\okseok\anaconda3\lib\site-packages\flask\sessions.py", line 79, in __getitem__
    return super().__getitem__(key)
KeyError: 'user_id'
INFO:werkzeug:192.168.0.172 - - [01/Aug/2023 14:26:19] "[35m[1mPOST /login HTTP/1.1[0m" 500 -
INFO:app:cart api
INFO:werkzeug:192.168.0.81 - - [01/Aug/2023 14:26:24] "GET /cart HTTP/1.1" 200 -
INFO:app:cart api
INFO:werkzeug:192.168.0.81 - - [01/Aug/2023 14:26:24] "GET /cart HTTP/1.1" 200 -
INFO:werkzeug:192.168.0.97 - - [01/Aug/2023 14:26:24] "[33mGET /script.js HTTP/1.1[0m" 404 -
INFO:app:¿ÂπŸ±∏¥œ ∆‰¿Ã¡ˆ ¡¯¿‘
INFO:app:product_id : 4
INFO:werkzeug:192.168.0.47 - - [01/Aug/2023 14:26:25] "POST /cart HTTP/1.1" 200 -
INFO:app:∑Œ±◊¿Œ ∆‰¿Ã¡ˆ ¡¯¿‘
INFO:werkzeug:192.168.0.172 - - [01/Aug/2023 14:26:25] "GET /login HTTP/1.1" 200 -
INFO:werkzeug:192.168.0.172 - - [01/Aug/2023 14:26:25] "[36mGET /static/dist/css/bootstrap.min.css HTTP/1.1[0m" 304 -
INFO:werkzeug:192.168.0.172 - - [01/Aug/2023 14:26:25] "[36mGET /static/signin.css HTTP/1.1[0m" 304 -
INFO:werkzeug:192.168.0.172 - - [01/Aug/2023 14:26:25] "[36mGET /static/images/catlogo_1.png HTTP/1.1[0m" 304 -
INFO:app:¿ÂπŸ±∏¥œ ∆‰¿Ã¡ˆ ¡¯¿‘
INFO:app:product_id : 4
INFO:werkzeug:192.168.0.97 - - [01/Aug/2023 14:26:26] "POST /cart HTTP/1.1" 200 -
INFO:app:¿ÂπŸ±∏¥œ ∆‰¿Ã¡ˆ ¡¯¿‘
INFO:app:product_id : 4
INFO:werkzeug:192.168.0.47 - - [01/Aug/2023 14:26:27] "POST /cart HTTP/1.1" 200 -
INFO:app:¿ÂπŸ±∏¥œ ∆‰¿Ã¡ˆ ¡¯¿‘
INFO:app:product_id : 2
INFO:werkzeug:192.168.0.111 - - [01/Aug/2023 14:26:28] "POST /cart HTTP/1.1" 200 -
INFO:app:¿ÂπŸ±∏¥œ ∆‰¿Ã¡ˆ ¡¯¿‘
INFO:app:product_id : 1
INFO:werkzeug:192.168.0.146 - - [01/Aug/2023 14:26:28] "POST /cart HTTP/1.1" 200 -
INFO:app:cart api
INFO:werkzeug:192.168.0.172 - - [01/Aug/2023 14:26:29] "GET /cart HTTP/1.1" 200 -
INFO:app:cart api
INFO:werkzeug:192.168.0.172 - - [01/Aug/2023 14:26:29] "GET /cart HTTP/1.1" 200 -
INFO:app:¿ÂπŸ±∏¥œ ∆‰¿Ã¡ˆ ¡¯¿‘
INFO:app:product_id : 1
INFO:werkzeug:192.168.0.146 - - [01/Aug/2023 14:26:29] "POST /cart HTTP/1.1" 200 -
INFO:app:¿ÂπŸ±∏¥œ ∆‰¿Ã¡ˆ ¡¯¿‘
INFO:app:product_id : 4
INFO:werkzeug:192.168.0.97 - - [01/Aug/2023 14:26:29] "POST /cart HTTP/1.1" 200 -
INFO:app:¿ÂπŸ±∏¥œ ∆‰¿Ã¡ˆ ¡¯¿‘
INFO:app:product_id : 1
INFO:werkzeug:192.168.0.146 - - [01/Aug/2023 14:26:29] "POST /cart HTTP/1.1" 200 -
INFO:app:¿ÂπŸ±∏¥œ ∆‰¿Ã¡ˆ ¡¯¿‘
INFO:app:product_id : 1
INFO:werkzeug:192.168.0.146 - - [01/Aug/2023 14:26:30] "POST /cart HTTP/1.1" 200 -
INFO:app:¿ÂπŸ±∏¥œ ∆‰¿Ã¡ˆ ¡¯¿‘
INFO:app:product_id : 4
INFO:werkzeug:192.168.0.47 - - [01/Aug/2023 14:26:30] "POST /cart HTTP/1.1" 200 -
INFO:app:¿ÂπŸ±∏¥œ ∆‰¿Ã¡ˆ ¡¯¿‘
INFO:app:product_id : 4
INFO:werkzeug:192.168.0.47 - - [01/Aug/2023 14:26:30] "POST /cart HTTP/1.1" 200 -
INFO:app:¿ÂπŸ±∏¥œ ∆‰¿Ã¡ˆ ¡¯¿‘
INFO:app:product_id : 2
INFO:werkzeug:192.168.0.111 - - [01/Aug/2023 14:26:32] "POST /cart HTTP/1.1" 200 -
INFO:app:¿ÂπŸ±∏¥œ ∆‰¿Ã¡ˆ ¡¯¿‘
INFO:app:product_id : 4
INFO:werkzeug:192.168.0.97 - - [01/Aug/2023 14:26:32] "POST /cart HTTP/1.1" 200 -
INFO:app:¿ÂπŸ±∏¥œ ∆‰¿Ã¡ˆ ¡¯¿‘
INFO:app:product_id : 4
INFO:werkzeug:192.168.0.97 - - [01/Aug/2023 14:26:33] "POST /cart HTTP/1.1" 200 -
INFO:app:¿ÂπŸ±∏¥œ ∆‰¿Ã¡ˆ ¡¯¿‘
INFO:app:product_id : 1
INFO:werkzeug:192.168.0.172 - - [01/Aug/2023 14:26:34] "POST /cart HTTP/1.1" 200 -
INFO:app:cart api
INFO:werkzeug:192.168.0.50 - - [01/Aug/2023 14:26:34] "GET /cart HTTP/1.1" 200 -
INFO:app:cart api
INFO:werkzeug:192.168.0.50 - - [01/Aug/2023 14:26:34] "GET /cart HTTP/1.1" 200 -
INFO:app:¿ÂπŸ±∏¥œ ∆‰¿Ã¡ˆ ¡¯¿‘
INFO:app:product_id : 1
INFO:werkzeug:192.168.0.81 - - [01/Aug/2023 14:26:35] "POST /cart HTTP/1.1" 200 -
INFO:app:cart api
INFO:werkzeug:192.168.0.91 - - [01/Aug/2023 14:26:35] "GET /cart HTTP/1.1" 200 -
INFO:app:¿ÂπŸ±∏¥œ ∆‰¿Ã¡ˆ ¡¯¿‘
INFO:app:product_id : 4
INFO:werkzeug:192.168.0.97 - - [01/Aug/2023 14:26:35] "POST /cart HTTP/1.1" 200 -
INFO:app:cart api
INFO:werkzeug:192.168.0.91 - - [01/Aug/2023 14:26:36] "GET /cart HTTP/1.1" 200 -
INFO:app:¿ÂπŸ±∏¥œ ∆‰¿Ã¡ˆ ¡¯¿‘
INFO:app:product_id : 2
INFO:werkzeug:192.168.0.111 - - [01/Aug/2023 14:26:36] "POST /cart HTTP/1.1" 200 -
INFO:app:cart api
INFO:werkzeug:192.168.0.91 - - [01/Aug/2023 14:26:37] "GET /cart HTTP/1.1" 200 -
INFO:app:¿ÂπŸ±∏¥œ ∆‰¿Ã¡ˆ ¡¯¿‘
INFO:app:product_id : 1
INFO:werkzeug:192.168.0.81 - - [01/Aug/2023 14:26:37] "POST /cart HTTP/1.1" 200 -
INFO:app:¿ÂπŸ±∏¥œ ∆‰¿Ã¡ˆ ¡¯¿‘
INFO:app:product_id : 5
INFO:werkzeug:192.168.0.172 - - [01/Aug/2023 14:26:37] "POST /cart HTTP/1.1" 200 -
INFO:app:¿ÂπŸ±∏¥œ ∆‰¿Ã¡ˆ ¡¯¿‘
INFO:app:product_id : 4
INFO:werkzeug:192.168.0.97 - - [01/Aug/2023 14:26:38] "POST /cart HTTP/1.1" 200 -
INFO:app:¿ÂπŸ±∏¥œ ∆‰¿Ã¡ˆ ¡¯¿‘
INFO:app:product_id : 1
INFO:werkzeug:192.168.0.146 - - [01/Aug/2023 14:26:38] "POST /cart HTTP/1.1" 200 -
INFO:app:¿ÂπŸ±∏¥œ ∆‰¿Ã¡ˆ ¡¯¿‘
INFO:app:product_id : 1
INFO:werkzeug:192.168.0.146 - - [01/Aug/2023 14:26:38] "POST /cart HTTP/1.1" 200 -
INFO:app:¿ÂπŸ±∏¥œ ∆‰¿Ã¡ˆ ¡¯¿‘
INFO:app:product_id : 1
INFO:werkzeug:192.168.0.81 - - [01/Aug/2023 14:26:38] "POST /cart HTTP/1.1" 200 -
INFO:app:¿ÂπŸ±∏¥œ ∆‰¿Ã¡ˆ ¡¯¿‘
INFO:app:product_id : 2
INFO:app:¿ÂπŸ±∏¥œ ∆‰¿Ã¡ˆ ¡¯¿‘
INFO:app:product_id : 1
INFO:werkzeug:192.168.0.146 - - [01/Aug/2023 14:26:39] "POST /cart HTTP/1.1" 200 -
INFO:werkzeug:192.168.0.172 - - [01/Aug/2023 14:26:39] "POST /cart HTTP/1.1" 200 -
INFO:app:¿ÂπŸ±∏¥œ ∆‰¿Ã¡ˆ ¡¯¿‘
INFO:app:product_id : 1
INFO:werkzeug:192.168.0.146 - - [01/Aug/2023 14:26:39] "POST /cart HTTP/1.1" 200 -
INFO:app:cart api
INFO:werkzeug:192.168.0.111 - - [01/Aug/2023 14:26:39] "GET /cart HTTP/1.1" 200 -
INFO:app:cart api
INFO:werkzeug:192.168.0.111 - - [01/Aug/2023 14:26:39] "GET /cart HTTP/1.1" 200 -
INFO:app:¿ÂπŸ±∏¥œ ∆‰¿Ã¡ˆ ¡¯¿‘
INFO:app:product_id : 2
INFO:app:cart api
INFO:werkzeug:192.168.0.91 - - [01/Aug/2023 14:26:39] "GET /cart HTTP/1.1" 200 -
INFO:werkzeug:192.168.0.172 - - [01/Aug/2023 14:26:39] "POST /cart HTTP/1.1" 200 -
INFO:app:¿ÂπŸ±∏¥œ ∆‰¿Ã¡ˆ ¡¯¿‘
INFO:app:product_id : 4
INFO:app:¿ÂπŸ±∏¥œ ∆‰¿Ã¡ˆ ¡¯¿‘
INFO:app:product_id : 1
INFO:werkzeug:192.168.0.97 - - [01/Aug/2023 14:26:39] "POST /cart HTTP/1.1" 200 -
INFO:werkzeug:192.168.0.146 - - [01/Aug/2023 14:26:39] "POST /cart HTTP/1.1" 200 -
INFO:app:¿ÂπŸ±∏¥œ ∆‰¿Ã¡ˆ ¡¯¿‘
INFO:app:product_id : 1
INFO:werkzeug:192.168.0.146 - - [01/Aug/2023 14:26:40] "POST /cart HTTP/1.1" 200 -
INFO:app:¿ÂπŸ±∏¥œ ∆‰¿Ã¡ˆ ¡¯¿‘
INFO:app:product_id : 1
INFO:werkzeug:192.168.0.81 - - [01/Aug/2023 14:26:40] "POST /cart HTTP/1.1" 200 -
INFO:app:¿ÂπŸ±∏¥œ ∆‰¿Ã¡ˆ ¡¯¿‘
INFO:app:product_id : 1
INFO:werkzeug:192.168.0.146 - - [01/Aug/2023 14:26:40] "POST /cart HTTP/1.1" 200 -
INFO:app:cart api
INFO:werkzeug:192.168.0.91 - - [01/Aug/2023 14:26:40] "GET /cart HTTP/1.1" 200 -
INFO:app:¿ÂπŸ±∏¥œ ∆‰¿Ã¡ˆ ¡¯¿‘
INFO:app:product_id : 1
INFO:werkzeug:192.168.0.146 - - [01/Aug/2023 14:26:40] "POST /cart HTTP/1.1" 200 -
INFO:app:¿ÂπŸ±∏¥œ ∆‰¿Ã¡ˆ ¡¯¿‘
INFO:app:product_id : 1
INFO:werkzeug:192.168.0.146 - - [01/Aug/2023 14:26:41] "POST /cart HTTP/1.1" 200 -
INFO:app:cart api
INFO:werkzeug:192.168.0.91 - - [01/Aug/2023 14:26:41] "GET /cart HTTP/1.1" 200 -
INFO:app:¿ÂπŸ±∏¥œ ∆‰¿Ã¡ˆ ¡¯¿‘
INFO:app:product_id : 1
INFO:werkzeug:192.168.0.146 - - [01/Aug/2023 14:26:41] "POST /cart HTTP/1.1" 200 -
INFO:app:¿ÂπŸ±∏¥œ ∆‰¿Ã¡ˆ ¡¯¿‘
INFO:app:product_id : 6
INFO:werkzeug:192.168.0.172 - - [01/Aug/2023 14:26:41] "POST /cart HTTP/1.1" 200 -
INFO:app:cart api
INFO:werkzeug:192.168.0.91 - - [01/Aug/2023 14:26:41] "GET /cart HTTP/1.1" 200 -
INFO:app:¿ÂπŸ±∏¥œ ∆‰¿Ã¡ˆ ¡¯¿‘
INFO:app:product_id : 1
INFO:werkzeug:192.168.0.146 - - [01/Aug/2023 14:26:42] "POST /cart HTTP/1.1" 200 -
INFO:app:cart api
INFO:werkzeug:192.168.0.91 - - [01/Aug/2023 14:26:42] "GET /cart HTTP/1.1" 200 -
INFO:app:¿ÂπŸ±∏¥œ ∆‰¿Ã¡ˆ ¡¯¿‘
INFO:app:product_id : 1
INFO:werkzeug:192.168.0.146 - - [01/Aug/2023 14:26:42] "POST /cart HTTP/1.1" 200 -
INFO:app:¿ÂπŸ±∏¥œ ∆‰¿Ã¡ˆ ¡¯¿‘
INFO:app:product_id : 1
INFO:werkzeug:192.168.0.146 - - [01/Aug/2023 14:26:42] "POST /cart HTTP/1.1" 200 -
INFO:app:¿ÂπŸ±∏¥œ ∆‰¿Ã¡ˆ ¡¯¿‘
INFO:app:product_id : 1
INFO:werkzeug:192.168.0.146 - - [01/Aug/2023 14:26:43] "POST /cart HTTP/1.1" 200 -
INFO:app:¿ÂπŸ±∏¥œ ∆‰¿Ã¡ˆ ¡¯¿‘
INFO:app:product_id : 1
INFO:werkzeug:192.168.0.146 - - [01/Aug/2023 14:26:43] "POST /cart HTTP/1.1" 200 -
INFO:app:¿ÂπŸ±∏¥œ ∆‰¿Ã¡ˆ ¡¯¿‘
INFO:app:product_id : 1
INFO:werkzeug:192.168.0.146 - - [01/Aug/2023 14:26:44] "POST /cart HTTP/1.1" 200 -
INFO:app:¿ÂπŸ±∏¥œ ∆‰¿Ã¡ˆ ¡¯¿‘
INFO:app:product_id : 1
INFO:werkzeug:192.168.0.146 - - [01/Aug/2023 14:26:44] "POST /cart HTTP/1.1" 200 -
INFO:app:¿ÂπŸ±∏¥œ ∆‰¿Ã¡ˆ ¡¯¿‘
INFO:app:product_id : 1
INFO:werkzeug:192.168.0.146 - - [01/Aug/2023 14:26:44] "POST /cart HTTP/1.1" 200 -
INFO:app:¿ÂπŸ±∏¥œ ∆‰¿Ã¡ˆ ¡¯¿‘
INFO:app:product_id : 1
INFO:werkzeug:192.168.0.146 - - [01/Aug/2023 14:26:45] "POST /cart HTTP/1.1" 200 -
INFO:app:¿ÂπŸ±∏¥œ ∆‰¿Ã¡ˆ ¡¯¿‘
INFO:app:product_id : 1
INFO:werkzeug:192.168.0.146 - - [01/Aug/2023 14:26:45] "POST /cart HTTP/1.1" 200 -
INFO:app:¿ÂπŸ±∏¥œ ∆‰¿Ã¡ˆ ¡¯¿‘
INFO:app:product_id : 1
INFO:werkzeug:192.168.0.146 - - [01/Aug/2023 14:26:45] "POST /cart HTTP/1.1" 200 -
INFO:app:¿ÂπŸ±∏¥œ ∆‰¿Ã¡ˆ ¡¯¿‘
INFO:app:product_id : 1
INFO:app:¿ÂπŸ±∏¥œ ∆‰¿Ã¡ˆ ¡¯¿‘
INFO:app:product_id : 1
INFO:werkzeug:192.168.0.81 - - [01/Aug/2023 14:26:45] "POST /cart HTTP/1.1" 200 -
INFO:werkzeug:192.168.0.146 - - [01/Aug/2023 14:26:45] "POST /cart HTTP/1.1" 200 -
INFO:app:¿ÂπŸ±∏¥œ ∆‰¿Ã¡ˆ ¡¯¿‘
INFO:app:product_id : 1
INFO:werkzeug:192.168.0.146 - - [01/Aug/2023 14:26:45] "POST /cart HTTP/1.1" 200 -
INFO:app:¿ÂπŸ±∏¥œ ∆‰¿Ã¡ˆ ¡¯¿‘
INFO:app:product_id : 1
INFO:werkzeug:192.168.0.146 - - [01/Aug/2023 14:26:45] "POST /cart HTTP/1.1" 200 -
INFO:app:¿ÂπŸ±∏¥œ ∆‰¿Ã¡ˆ ¡¯¿‘
INFO:app:product_id : 1
INFO:werkzeug:192.168.0.146 - - [01/Aug/2023 14:26:46] "POST /cart HTTP/1.1" 200 -
INFO:app:¿ÂπŸ±∏¥œ ∆‰¿Ã¡ˆ ¡¯¿‘
INFO:app:product_id : 1
INFO:app:cart api
INFO:werkzeug:192.168.0.146 - - [01/Aug/2023 14:26:46] "POST /cart HTTP/1.1" 200 -
INFO:werkzeug:192.168.0.125 - - [01/Aug/2023 14:26:46] "GET /cart HTTP/1.1" 200 -
INFO:app:¿ÂπŸ±∏¥œ ∆‰¿Ã¡ˆ ¡¯¿‘
INFO:app:product_id : 1
INFO:werkzeug:192.168.0.146 - - [01/Aug/2023 14:26:46] "POST /cart HTTP/1.1" 200 -
INFO:app:cart api
INFO:werkzeug:192.168.0.136 - - [01/Aug/2023 14:26:46] "GET /cart HTTP/1.1" 200 -
INFO:app:¿ÂπŸ±∏¥œ ∆‰¿Ã¡ˆ ¡¯¿‘
INFO:app:product_id : 1
INFO:werkzeug:192.168.0.146 - - [01/Aug/2023 14:26:46] "POST /cart HTTP/1.1" 200 -
INFO:app:¿ÂπŸ±∏¥œ ∆‰¿Ã¡ˆ ¡¯¿‘
INFO:app:product_id : 1
INFO:werkzeug:192.168.0.146 - - [01/Aug/2023 14:26:46] "POST /cart HTTP/1.1" 200 -
INFO:app:cart api
INFO:werkzeug:192.168.0.136 - - [01/Aug/2023 14:26:46] "GET /cart HTTP/1.1" 200 -
INFO:app:¿ÂπŸ±∏¥œ ∆‰¿Ã¡ˆ ¡¯¿‘
INFO:app:product_id : 3
INFO:app:¿ÂπŸ±∏¥œ ∆‰¿Ã¡ˆ ¡¯¿‘
INFO:app:product_id : 1
INFO:app:¿ÂπŸ±∏¥œ ∆‰¿Ã¡ˆ ¡¯¿‘
INFO:app:product_id : 1
INFO:app:cart api
INFO:werkzeug:192.168.0.172 - - [01/Aug/2023 14:26:47] "POST /cart HTTP/1.1" 200 -
INFO:werkzeug:192.168.0.146 - - [01/Aug/2023 14:26:47] "POST /cart HTTP/1.1" 200 -
INFO:app:¿ÂπŸ±∏¥œ ∆‰¿Ã¡ˆ ¡¯¿‘
INFO:app:product_id : 1
INFO:app:cart api
INFO:werkzeug:192.168.0.81 - - [01/Aug/2023 14:26:47] "POST /cart HTTP/1.1" 200 -
INFO:werkzeug:192.168.0.136 - - [01/Aug/2023 14:26:47] "GET /cart HTTP/1.1" 200 -
INFO:app:cart api
INFO:werkzeug:192.168.0.146 - - [01/Aug/2023 14:26:47] "POST /cart HTTP/1.1" 200 -
INFO:werkzeug:192.168.0.136 - - [01/Aug/2023 14:26:47] "GET /cart HTTP/1.1" 200 -
INFO:werkzeug:192.168.0.97 - - [01/Aug/2023 14:26:47] "GET /cart HTTP/1.1" 200 -
INFO:app:¿ÂπŸ±∏¥œ ∆‰¿Ã¡ˆ ¡¯¿‘
INFO:app:product_id : 1
INFO:app:cart api
INFO:app:cart api
INFO:werkzeug:192.168.0.146 - - [01/Aug/2023 14:26:47] "POST /cart HTTP/1.1" 200 -
INFO:werkzeug:192.168.0.136 - - [01/Aug/2023 14:26:47] "GET /cart HTTP/1.1" 200 -
INFO:app:¿ÂπŸ±∏¥œ ∆‰¿Ã¡ˆ ¡¯¿‘
INFO:app:product_id : 1
INFO:werkzeug:192.168.0.97 - - [01/Aug/2023 14:26:47] "GET /cart HTTP/1.1" 200 -
INFO:app:cart api
INFO:werkzeug:192.168.0.146 - - [01/Aug/2023 14:26:47] "POST /cart HTTP/1.1" 200 -
INFO:werkzeug:192.168.0.125 - - [01/Aug/2023 14:26:47] "GET /cart HTTP/1.1" 200 -
INFO:app:cart api
INFO:werkzeug:192.168.0.136 - - [01/Aug/2023 14:26:47] "GET /cart HTTP/1.1" 200 -
INFO:app:¿ÂπŸ±∏¥œ ∆‰¿Ã¡ˆ ¡¯¿‘
INFO:app:product_id : 1
INFO:app:cart api
INFO:werkzeug:192.168.0.146 - - [01/Aug/2023 14:26:47] "POST /cart HTTP/1.1" 200 -
INFO:werkzeug:192.168.0.136 - - [01/Aug/2023 14:26:47] "GET /cart HTTP/1.1" 200 -
INFO:app:¿ÂπŸ±∏¥œ ∆‰¿Ã¡ˆ ¡¯¿‘
INFO:app:product_id : 1
INFO:werkzeug:192.168.0.146 - - [01/Aug/2023 14:26:47] "POST /cart HTTP/1.1" 200 -
INFO:app:cart api
INFO:werkzeug:192.168.0.136 - - [01/Aug/2023 14:26:47] "GET /cart HTTP/1.1" 200 -
INFO:app:¿ÂπŸ±∏¥œ ∆‰¿Ã¡ˆ ¡¯¿‘
INFO:app:product_id : 1
INFO:app:cart api
INFO:app:cart api
INFO:app:cart api
INFO:app:¿ÂπŸ±∏¥œ ∆‰¿Ã¡ˆ ¡¯¿‘
INFO:app:product_id : 1
INFO:werkzeug:192.168.0.146 - - [01/Aug/2023 14:26:48] "POST /cart HTTP/1.1" 200 -
INFO:werkzeug:192.168.0.125 - - [01/Aug/2023 14:26:48] "GET /cart HTTP/1.1" 200 -
INFO:werkzeug:192.168.0.136 - - [01/Aug/2023 14:26:48] "GET /cart HTTP/1.1" 200 -
INFO:werkzeug:192.168.0.146 - - [01/Aug/2023 14:26:48] "POST /cart HTTP/1.1" 200 -
INFO:werkzeug:192.168.0.150 - - [01/Aug/2023 14:26:48] "GET /cart HTTP/1.1" 200 -
INFO:app:cart api
INFO:werkzeug:192.168.0.136 - - [01/Aug/2023 14:26:48] "GET /cart HTTP/1.1" 200 -
INFO:app:¿ÂπŸ±∏¥œ ∆‰¿Ã¡ˆ ¡¯¿‘
INFO:app:product_id : 1
INFO:app:cart api
INFO:werkzeug:192.168.0.146 - - [01/Aug/2023 14:26:48] "POST /cart HTTP/1.1" 200 -
INFO:werkzeug:192.168.0.136 - - [01/Aug/2023 14:26:48] "GET /cart HTTP/1.1" 200 -
INFO:app:¿ÂπŸ±∏¥œ ∆‰¿Ã¡ˆ ¡¯¿‘
INFO:app:product_id : 1
INFO:app:cart api
INFO:werkzeug:192.168.0.146 - - [01/Aug/2023 14:26:48] "POST /cart HTTP/1.1" 200 -
INFO:app:cart api
INFO:werkzeug:192.168.0.125 - - [01/Aug/2023 14:26:48] "GET /cart HTTP/1.1" 200 -
INFO:werkzeug:192.168.0.28 - - [01/Aug/2023 14:26:48] "GET /cart HTTP/1.1" 200 -
INFO:app:cart api
INFO:werkzeug:192.168.0.136 - - [01/Aug/2023 14:26:48] "GET /cart HTTP/1.1" 200 -
INFO:app:cart api
INFO:werkzeug:192.168.0.81 - - [01/Aug/2023 14:26:48] "GET /cart HTTP/1.1" 200 -
INFO:app:cart api
INFO:werkzeug:192.168.0.81 - - [01/Aug/2023 14:26:48] "GET /cart HTTP/1.1" 200 -
INFO:app:cart api
INFO:werkzeug:192.168.0.136 - - [01/Aug/2023 14:26:48] "GET /cart HTTP/1.1" 200 -
INFO:app:¿ÂπŸ±∏¥œ ∆‰¿Ã¡ˆ ¡¯¿‘
INFO:app:product_id : 1
INFO:werkzeug:192.168.0.146 - - [01/Aug/2023 14:26:49] "POST /cart HTTP/1.1" 200 -
INFO:app:¿ÂπŸ±∏¥œ ∆‰¿Ã¡ˆ ¡¯¿‘
INFO:app:product_id : 1
INFO:app:cart api
INFO:app:∞·¡¶ ∆‰¿Ã¡ˆ ¡¯¿‘ ¡ﬂ
INFO:app:cart api
ERROR:app:Exception on /kakaopay/1 [GET]
Traceback (most recent call last):
  File "C:\Users\okseok\anaconda3\lib\site-packages\flask\app.py", line 2190, in wsgi_app
    response = self.full_dispatch_request()
  File "C:\Users\okseok\anaconda3\lib\site-packages\flask\app.py", line 1486, in full_dispatch_request
    rv = self.handle_user_exception(e)
  File "C:\Users\okseok\anaconda3\lib\site-packages\flask\app.py", line 1484, in full_dispatch_request
    rv = self.dispatch_request()
  File "C:\Users\okseok\anaconda3\lib\site-packages\flask\app.py", line 1469, in dispatch_request
    return self.ensure_sync(self.view_functions[rule.endpoint])(**view_args)
  File "C:\ITStudy\06_flask\onlineshop\personal_project-main\app\views\control_views.py", line 183, in kakaopay
    return redirect(url_for('cart.html', products=products, form=form))
  File "C:\Users\okseok\anaconda3\lib\site-packages\flask\helpers.py", line 225, in url_for
    return current_app.url_for(
  File "C:\Users\okseok\anaconda3\lib\site-packages\flask\app.py", line 1697, in url_for
    return self.handle_url_build_error(error, endpoint, values)
  File "C:\Users\okseok\anaconda3\lib\site-packages\flask\app.py", line 1686, in url_for
    rv = url_adapter.build(  # type: ignore[union-attr]
  File "C:\Users\okseok\anaconda3\lib\site-packages\werkzeug\routing\map.py", line 950, in build
    raise BuildError(endpoint, values, method, self)
werkzeug.routing.exceptions.BuildError: Could not build url for endpoint 'cart.html' with values ['form', 'products']. Did you mean 'test.hello_html' instead?
INFO:werkzeug:192.168.0.136 - - [01/Aug/2023 14:26:49] "GET /cart HTTP/1.1" 200 -
INFO:werkzeug:192.168.0.97 - - [01/Aug/2023 14:26:49] "[35m[1mGET /kakaopay/1 HTTP/1.1[0m" 500 -
INFO:werkzeug:192.168.0.146 - - [01/Aug/2023 14:26:49] "POST /cart HTTP/1.1" 200 -
INFO:app:∑Œ±◊¿Œ ∆‰¿Ã¡ˆ ¡¯¿‘
INFO:werkzeug:192.168.0.172 - - [01/Aug/2023 14:26:49] "GET /login HTTP/1.1" 200 -
INFO:werkzeug:192.168.0.125 - - [01/Aug/2023 14:26:49] "GET /cart HTTP/1.1" 200 -
INFO:werkzeug:192.168.0.172 - - [01/Aug/2023 14:26:49] "[36mGET /static/dist/css/bootstrap.min.css HTTP/1.1[0m" 304 -
INFO:app:cart api
INFO:werkzeug:192.168.0.172 - - [01/Aug/2023 14:26:49] "[36mGET /static/images/catlogo_1.png HTTP/1.1[0m" 304 -
INFO:werkzeug:192.168.0.172 - - [01/Aug/2023 14:26:49] "[36mGET /static/signin.css HTTP/1.1[0m" 304 -
INFO:werkzeug:192.168.0.136 - - [01/Aug/2023 14:26:49] "GET /cart HTTP/1.1" 200 -
INFO:app:¿ÂπŸ±∏¥œ ∆‰¿Ã¡ˆ ¡¯¿‘
INFO:app:product_id : 1
INFO:app:cart api
INFO:app:cart api
INFO:werkzeug:192.168.0.146 - - [01/Aug/2023 14:26:49] "POST /cart HTTP/1.1" 200 -
INFO:werkzeug:192.168.0.150 - - [01/Aug/2023 14:26:49] "GET /cart HTTP/1.1" 200 -
INFO:werkzeug:192.168.0.136 - - [01/Aug/2023 14:26:49] "GET /cart HTTP/1.1" 200 -
INFO:app:¿ÂπŸ±∏¥œ ∆‰¿Ã¡ˆ ¡¯¿‘
INFO:app:product_id : 1
INFO:werkzeug:192.168.0.146 - - [01/Aug/2023 14:26:49] "POST /cart HTTP/1.1" 200 -
INFO:app:cart api
INFO:werkzeug:192.168.0.136 - - [01/Aug/2023 14:26:49] "GET /cart HTTP/1.1" 200 -
INFO:app:cart api
INFO:werkzeug:192.168.0.125 - - [01/Aug/2023 14:26:49] "GET /cart HTTP/1.1" 200 -
INFO:app:¿ÂπŸ±∏¥œ ∆‰¿Ã¡ˆ ¡¯¿‘
INFO:app:product_id : 1
INFO:app:cart api
INFO:werkzeug:192.168.0.136 - - [01/Aug/2023 14:26:49] "GET /cart HTTP/1.1" 200 -
INFO:app:¿ÂπŸ±∏¥œ ∆‰¿Ã¡ˆ ¡¯¿‘
INFO:app:product_id : 1
INFO:werkzeug:192.168.0.146 - - [01/Aug/2023 14:26:49] "POST /cart HTTP/1.1" 200 -
INFO:werkzeug:192.168.0.146 - - [01/Aug/2023 14:26:50] "POST /cart HTTP/1.1" 200 -
INFO:app:cart api
INFO:app:cart api
INFO:werkzeug:192.168.0.136 - - [01/Aug/2023 14:26:50] "GET /cart HTTP/1.1" 200 -
INFO:app:¿ÂπŸ±∏¥œ ∆‰¿Ã¡ˆ ¡¯¿‘
INFO:app:product_id : 1
INFO:werkzeug:192.168.0.125 - - [01/Aug/2023 14:26:50] "GET /cart HTTP/1.1" 200 -
INFO:werkzeug:192.168.0.146 - - [01/Aug/2023 14:26:50] "POST /cart HTTP/1.1" 200 -
INFO:app:cart api
INFO:app:cart api
INFO:werkzeug:192.168.0.136 - - [01/Aug/2023 14:26:50] "GET /cart HTTP/1.1" 200 -
INFO:werkzeug:192.168.0.150 - - [01/Aug/2023 14:26:50] "GET /cart HTTP/1.1" 200 -
INFO:app:¿ÂπŸ±∏¥œ ∆‰¿Ã¡ˆ ¡¯¿‘
INFO:app:product_id : 1
INFO:werkzeug:192.168.0.146 - - [01/Aug/2023 14:26:50] "POST /cart HTTP/1.1" 200 -
INFO:app:¿ÂπŸ±∏¥œ ∆‰¿Ã¡ˆ ¡¯¿‘
INFO:app:product_id : 1
INFO:app:cart api
INFO:werkzeug:192.168.0.146 - - [01/Aug/2023 14:26:50] "POST /cart HTTP/1.1" 200 -
INFO:app:cart api
INFO:werkzeug:192.168.0.125 - - [01/Aug/2023 14:26:50] "GET /cart HTTP/1.1" 200 -
INFO:werkzeug:192.168.0.136 - - [01/Aug/2023 14:26:50] "GET /cart HTTP/1.1" 200 -
INFO:app:cart api
INFO:werkzeug:192.168.0.111 - - [01/Aug/2023 14:26:50] "GET /cart HTTP/1.1" 200 -
INFO:app:cart api
INFO:app:¿ÂπŸ±∏¥œ ∆‰¿Ã¡ˆ ¡¯¿‘
INFO:app:product_id : 1
INFO:werkzeug:192.168.0.136 - - [01/Aug/2023 14:26:50] "GET /cart HTTP/1.1" 200 -
INFO:werkzeug:192.168.0.146 - - [01/Aug/2023 14:26:50] "POST /cart HTTP/1.1" 200 -
INFO:app:¿ÂπŸ±∏¥œ ∆‰¿Ã¡ˆ ¡¯¿‘
INFO:app:product_id : 1
INFO:werkzeug:192.168.0.146 - - [01/Aug/2023 14:26:51] "POST /cart HTTP/1.1" 200 -
INFO:app:cart api
INFO:werkzeug:192.168.0.136 - - [01/Aug/2023 14:26:51] "GET /cart HTTP/1.1" 200 -
INFO:app:cart api
INFO:app:cart api
INFO:werkzeug:192.168.0.150 - - [01/Aug/2023 14:26:51] "GET /cart HTTP/1.1" 200 -
INFO:app:cart api
INFO:app:cart api
INFO:werkzeug:192.168.0.125 - - [01/Aug/2023 14:26:51] "GET /cart HTTP/1.1" 200 -
INFO:werkzeug:192.168.0.136 - - [01/Aug/2023 14:26:51] "GET /cart HTTP/1.1" 200 -
INFO:werkzeug:192.168.0.111 - - [01/Aug/2023 14:26:51] "GET /cart HTTP/1.1" 200 -
INFO:app:cart api
INFO:app:¿ÂπŸ±∏¥œ ∆‰¿Ã¡ˆ ¡¯¿‘
INFO:app:product_id : 1
INFO:app:cart api
INFO:app:¿ÂπŸ±∏¥œ ∆‰¿Ã¡ˆ ¡¯¿‘
INFO:app:product_id : 1
INFO:app:¿ÂπŸ±∏¥œ ∆‰¿Ã¡ˆ ¡¯¿‘
INFO:app:product_id : 1
INFO:werkzeug:192.168.0.136 - - [01/Aug/2023 14:26:51] "GET /cart HTTP/1.1" 200 -
INFO:werkzeug:192.168.0.111 - - [01/Aug/2023 14:26:51] "GET /cart HTTP/1.1" 200 -
INFO:app:¿ÂπŸ±∏¥œ ∆‰¿Ã¡ˆ ¡¯¿‘
INFO:app:product_id : 1
INFO:werkzeug:192.168.0.146 - - [01/Aug/2023 14:26:51] "POST /cart HTTP/1.1" 200 -
INFO:app:cart api
INFO:app:¿ÂπŸ±∏¥œ ∆‰¿Ã¡ˆ ¡¯¿‘
INFO:app:product_id : 1
INFO:werkzeug:192.168.0.146 - - [01/Aug/2023 14:26:51] "POST /cart HTTP/1.1" 200 -
INFO:werkzeug:192.168.0.146 - - [01/Aug/2023 14:26:51] "POST /cart HTTP/1.1" 200 -
INFO:app:cart api
INFO:app:cart api
INFO:werkzeug:192.168.0.146 - - [01/Aug/2023 14:26:51] "POST /cart HTTP/1.1" 200 -
INFO:werkzeug:192.168.0.111 - - [01/Aug/2023 14:26:51] "GET /cart HTTP/1.1" 200 -
INFO:werkzeug:192.168.0.136 - - [01/Aug/2023 14:26:51] "GET /cart HTTP/1.1" 200 -
INFO:werkzeug:192.168.0.125 - - [01/Aug/2023 14:26:51] "GET /cart HTTP/1.1" 200 -
INFO:werkzeug:192.168.0.146 - - [01/Aug/2023 14:26:51] "POST /cart HTTP/1.1" 200 -
INFO:app:cart api
INFO:werkzeug:192.168.0.111 - - [01/Aug/2023 14:26:52] "GET /cart HTTP/1.1" 200 -
INFO:app:¿ÂπŸ±∏¥œ ∆‰¿Ã¡ˆ ¡¯¿‘
INFO:app:product_id : 1
INFO:app:¿ÂπŸ±∏¥œ ∆‰¿Ã¡ˆ ¡¯¿‘
INFO:app:product_id : 1
INFO:app:cart api
INFO:werkzeug:192.168.0.146 - - [01/Aug/2023 14:26:52] "POST /cart HTTP/1.1" 200 -
INFO:app:cart api
INFO:werkzeug:192.168.0.81 - - [01/Aug/2023 14:26:52] "POST /cart HTTP/1.1" 200 -
INFO:app:cart api
INFO:werkzeug:192.168.0.136 - - [01/Aug/2023 14:26:52] "GET /cart HTTP/1.1" 200 -
INFO:werkzeug:192.168.0.150 - - [01/Aug/2023 14:26:52] "GET /cart HTTP/1.1" 200 -
INFO:werkzeug:192.168.0.111 - - [01/Aug/2023 14:26:52] "GET /cart HTTP/1.1" 200 -
INFO:app:cart api
INFO:werkzeug:192.168.0.136 - - [01/Aug/2023 14:26:52] "GET /cart HTTP/1.1" 200 -
INFO:app:cart api
INFO:werkzeug:192.168.0.111 - - [01/Aug/2023 14:26:52] "GET /cart HTTP/1.1" 200 -
INFO:app:cart api
INFO:werkzeug:192.168.0.125 - - [01/Aug/2023 14:26:52] "GET /cart HTTP/1.1" 200 -
INFO:app:cart api
INFO:app:¿ÂπŸ±∏¥œ ∆‰¿Ã¡ˆ ¡¯¿‘
INFO:app:product_id : 1
INFO:werkzeug:192.168.0.136 - - [01/Aug/2023 14:26:52] "GET /cart HTTP/1.1" 200 -
INFO:app:cart api
INFO:app:¿ÂπŸ±∏¥œ ∆‰¿Ã¡ˆ ¡¯¿‘
INFO:app:product_id : 1
INFO:werkzeug:192.168.0.146 - - [01/Aug/2023 14:26:52] "POST /cart HTTP/1.1" 200 -
INFO:app:cart api
INFO:werkzeug:192.168.0.47 - - [01/Aug/2023 14:26:52] "GET /cart HTTP/1.1" 200 -
INFO:werkzeug:192.168.0.146 - - [01/Aug/2023 14:26:52] "POST /cart HTTP/1.1" 200 -
INFO:werkzeug:192.168.0.111 - - [01/Aug/2023 14:26:52] "GET /cart HTTP/1.1" 200 -
INFO:app:cart api
INFO:app:cart api
INFO:werkzeug:192.168.0.136 - - [01/Aug/2023 14:26:52] "GET /cart HTTP/1.1" 200 -
INFO:app:cart api
INFO:werkzeug:192.168.0.47 - - [01/Aug/2023 14:26:52] "GET /cart HTTP/1.1" 200 -
INFO:app:cart api
INFO:werkzeug:192.168.0.150 - - [01/Aug/2023 14:26:52] "GET /cart HTTP/1.1" 200 -
INFO:werkzeug:192.168.0.111 - - [01/Aug/2023 14:26:52] "GET /cart HTTP/1.1" 200 -
INFO:app:cart api
INFO:werkzeug:192.168.0.136 - - [01/Aug/2023 14:26:53] "GET /cart HTTP/1.1" 200 -
INFO:app:¿ÂπŸ±∏¥œ ∆‰¿Ã¡ˆ ¡¯¿‘
INFO:app:product_id : 1
INFO:werkzeug:192.168.0.146 - - [01/Aug/2023 14:26:53] "POST /cart HTTP/1.1" 200 -
INFO:app:cart api
INFO:app:cart api
INFO:app:cart api
INFO:werkzeug:192.168.0.91 - - [01/Aug/2023 14:26:53] "GET /cart HTTP/1.1" 200 -
INFO:app:cart api
INFO:werkzeug:192.168.0.111 - - [01/Aug/2023 14:26:53] "GET /cart HTTP/1.1" 200 -
INFO:werkzeug:192.168.0.125 - - [01/Aug/2023 14:26:53] "GET /cart HTTP/1.1" 200 -
INFO:werkzeug:192.168.0.136 - - [01/Aug/2023 14:26:53] "GET /cart HTTP/1.1" 200 -
INFO:app:cart api
INFO:app:¿ÂπŸ±∏¥œ ∆‰¿Ã¡ˆ ¡¯¿‘
INFO:app:product_id : 1
INFO:werkzeug:192.168.0.91 - - [01/Aug/2023 14:26:53] "GET /cart HTTP/1.1" 200 -
INFO:app:cart api
INFO:app:cart api
INFO:app:cart api
INFO:werkzeug:192.168.0.146 - - [01/Aug/2023 14:26:53] "POST /cart HTTP/1.1" 200 -
INFO:werkzeug:192.168.0.136 - - [01/Aug/2023 14:26:53] "GET /cart HTTP/1.1" 200 -
INFO:werkzeug:192.168.0.150 - - [01/Aug/2023 14:26:53] "GET /cart HTTP/1.1" 200 -
INFO:werkzeug:192.168.0.111 - - [01/Aug/2023 14:26:53] "GET /cart HTTP/1.1" 200 -
INFO:app:cart api
INFO:werkzeug:192.168.0.91 - - [01/Aug/2023 14:26:53] "GET /cart HTTP/1.1" 200 -
INFO:app:cart api
INFO:werkzeug:192.168.0.136 - - [01/Aug/2023 14:26:53] "GET /cart HTTP/1.1" 200 -
INFO:app:cart api
INFO:app:¿ÂπŸ±∏¥œ ∆‰¿Ã¡ˆ ¡¯¿‘
INFO:app:product_id : 1
INFO:app:cart api
INFO:werkzeug:192.168.0.111 - - [01/Aug/2023 14:26:53] "GET /cart HTTP/1.1" 200 -
INFO:werkzeug:192.168.0.91 - - [01/Aug/2023 14:26:53] "GET /cart HTTP/1.1" 200 -
INFO:app:cart api
INFO:werkzeug:192.168.0.81 - - [01/Aug/2023 14:26:53] "POST /cart HTTP/1.1" 200 -
INFO:app:cart api
INFO:werkzeug:192.168.0.136 - - [01/Aug/2023 14:26:53] "GET /cart HTTP/1.1" 200 -
INFO:app:cart api
INFO:werkzeug:192.168.0.125 - - [01/Aug/2023 14:26:53] "GET /cart HTTP/1.1" 200 -
INFO:werkzeug:192.168.0.91 - - [01/Aug/2023 14:26:53] "GET /cart HTTP/1.1" 200 -
INFO:app:cart api
INFO:app:¿ÂπŸ±∏¥œ ∆‰¿Ã¡ˆ ¡¯¿‘
INFO:app:product_id : 1
INFO:app:cart api
INFO:werkzeug:192.168.0.111 - - [01/Aug/2023 14:26:53] "GET /cart HTTP/1.1" 200 -
INFO:werkzeug:192.168.0.146 - - [01/Aug/2023 14:26:53] "POST /cart HTTP/1.1" 200 -
INFO:werkzeug:192.168.0.150 - - [01/Aug/2023 14:26:54] "GET /cart HTTP/1.1" 200 -
INFO:app:cart api
INFO:werkzeug:192.168.0.136 - - [01/Aug/2023 14:26:54] "GET /cart HTTP/1.1" 200 -
INFO:app:¿ÂπŸ±∏¥œ ∆‰¿Ã¡ˆ ¡¯¿‘
INFO:app:product_id : 1
INFO:werkzeug:192.168.0.146 - - [01/Aug/2023 14:26:54] "POST /cart HTTP/1.1" 200 -
INFO:app:cart api
INFO:app:cart api
INFO:app:cart api
INFO:app:¿ÂπŸ±∏¥œ ∆‰¿Ã¡ˆ ¡¯¿‘
INFO:app:product_id : 1
INFO:werkzeug:192.168.0.125 - - [01/Aug/2023 14:26:54] "GET /cart HTTP/1.1" 200 -
INFO:werkzeug:192.168.0.50 - - [01/Aug/2023 14:26:54] "GET /cart HTTP/1.1" 200 -
INFO:app:cart api
INFO:app:cart api
INFO:werkzeug:192.168.0.146 - - [01/Aug/2023 14:26:54] "POST /cart HTTP/1.1" 200 -
INFO:app:cart api
INFO:app:¿ÂπŸ±∏¥œ ∆‰¿Ã¡ˆ ¡¯¿‘
INFO:werkzeug:192.168.0.91 - - [01/Aug/2023 14:26:54] "GET /cart HTTP/1.1" 200 -
INFO:app:product_id : 1
INFO:werkzeug:192.168.0.172 - - [01/Aug/2023 14:26:54] "GET /cart HTTP/1.1" 200 -
INFO:app:¿ÂπŸ±∏¥œ ∆‰¿Ã¡ˆ ¡¯¿‘
INFO:werkzeug:192.168.0.136 - - [01/Aug/2023 14:26:54] "GET /cart HTTP/1.1" 200 -
INFO:app:product_id : 1
INFO:app:cart api
INFO:werkzeug:192.168.0.150 - - [01/Aug/2023 14:26:54] "GET /cart HTTP/1.1" 200 -
INFO:app:¿ÂπŸ±∏¥œ ∆‰¿Ã¡ˆ ¡¯¿‘
INFO:app:product_id : 1
INFO:werkzeug:192.168.0.146 - - [01/Aug/2023 14:26:54] "POST /cart HTTP/1.1" 200 -
INFO:app:cart api
INFO:werkzeug:192.168.0.146 - - [01/Aug/2023 14:26:54] "POST /cart HTTP/1.1" 200 -
INFO:werkzeug:192.168.0.146 - - [01/Aug/2023 14:26:54] "POST /cart HTTP/1.1" 200 -
INFO:werkzeug:192.168.0.172 - - [01/Aug/2023 14:26:54] "GET /cart HTTP/1.1" 200 -
INFO:werkzeug:192.168.0.91 - - [01/Aug/2023 14:26:54] "GET /cart HTTP/1.1" 200 -
INFO:app:cart api
INFO:app:cart api
INFO:app:¿ÂπŸ±∏¥œ ∆‰¿Ã¡ˆ ¡¯¿‘
INFO:app:product_id : 1
INFO:app:cart api
INFO:werkzeug:192.168.0.111 - - [01/Aug/2023 14:26:54] "GET /cart HTTP/1.1" 200 -
INFO:werkzeug:192.168.0.136 - - [01/Aug/2023 14:26:54] "GET /cart HTTP/1.1" 200 -
INFO:app:¿ÂπŸ±∏¥œ ∆‰¿Ã¡ˆ ¡¯¿‘
INFO:app:product_id : 3
INFO:app:¿ÂπŸ±∏¥œ ∆‰¿Ã¡ˆ ¡¯¿‘
INFO:app:product_id : 1
INFO:werkzeug:192.168.0.125 - - [01/Aug/2023 14:26:55] "GET /cart HTTP/1.1" 200 -
INFO:app:cart api
INFO:werkzeug:192.168.0.146 - - [01/Aug/2023 14:26:55] "POST /cart HTTP/1.1" 200 -
INFO:werkzeug:192.168.0.106 - - [01/Aug/2023 14:26:55] "POST /cart HTTP/1.1" 200 -
INFO:app:¿ÂπŸ±∏¥œ ∆‰¿Ã¡ˆ ¡¯¿‘
INFO:app:product_id : 1
INFO:werkzeug:192.168.0.146 - - [01/Aug/2023 14:26:55] "POST /cart HTTP/1.1" 200 -
INFO:app:cart api
INFO:werkzeug:192.168.0.91 - - [01/Aug/2023 14:26:55] "GET /cart HTTP/1.1" 200 -
INFO:app:cart api
INFO:werkzeug:192.168.0.146 - - [01/Aug/2023 14:26:55] "POST /cart HTTP/1.1" 200 -
INFO:app:cart api
INFO:app:cart api
INFO:werkzeug:192.168.0.47 - - [01/Aug/2023 14:26:55] "GET /cart HTTP/1.1" 200 -
INFO:werkzeug:192.168.0.50 - - [01/Aug/2023 14:26:55] "GET /cart HTTP/1.1" 200 -
INFO:app:cart api
INFO:werkzeug:192.168.0.136 - - [01/Aug/2023 14:26:55] "GET /cart HTTP/1.1" 200 -
INFO:werkzeug:192.168.0.150 - - [01/Aug/2023 14:26:55] "GET /cart HTTP/1.1" 200 -
INFO:app:cart api
INFO:app:cart api
INFO:werkzeug:192.168.0.91 - - [01/Aug/2023 14:26:55] "GET /cart HTTP/1.1" 200 -
INFO:werkzeug:192.168.0.111 - - [01/Aug/2023 14:26:55] "GET /cart HTTP/1.1" 200 -
INFO:app:cart api
INFO:werkzeug:192.168.0.136 - - [01/Aug/2023 14:26:55] "GET /cart HTTP/1.1" 200 -
INFO:werkzeug:192.168.0.111 - - [01/Aug/2023 14:26:55] "GET /cart HTTP/1.1" 200 -
INFO:app:cart api
INFO:werkzeug:192.168.0.91 - - [01/Aug/2023 14:26:55] "GET /cart HTTP/1.1" 200 -
INFO:app:¿ÂπŸ±∏¥œ ∆‰¿Ã¡ˆ ¡¯¿‘
INFO:app:product_id : 1
INFO:app:cart api
INFO:app:cart api
INFO:werkzeug:192.168.0.146 - - [01/Aug/2023 14:26:55] "POST /cart HTTP/1.1" 200 -
INFO:app:cart api
INFO:app:cart api
INFO:app:cart api
INFO:werkzeug:192.168.0.136 - - [01/Aug/2023 14:26:55] "GET /cart HTTP/1.1" 200 -
INFO:werkzeug:192.168.0.150 - - [01/Aug/2023 14:26:55] "GET /cart HTTP/1.1" 200 -
INFO:app:cart api
INFO:werkzeug:192.168.0.50 - - [01/Aug/2023 14:26:55] "GET /cart HTTP/1.1" 200 -
INFO:werkzeug:192.168.0.125 - - [01/Aug/2023 14:26:55] "GET /cart HTTP/1.1" 200 -
INFO:werkzeug:192.168.0.111 - - [01/Aug/2023 14:26:55] "GET /cart HTTP/1.1" 200 -
INFO:werkzeug:192.168.0.91 - - [01/Aug/2023 14:26:55] "GET /cart HTTP/1.1" 200 -
INFO:app:¿ÂπŸ±∏¥œ ∆‰¿Ã¡ˆ ¡¯¿‘
INFO:app:product_id : 1
INFO:app:¿ÂπŸ±∏¥œ ∆‰¿Ã¡ˆ ¡¯¿‘
INFO:app:product_id : 1
INFO:werkzeug:192.168.0.81 - - [01/Aug/2023 14:26:56] "POST /cart HTTP/1.1" 200 -
INFO:app:cart api
INFO:werkzeug:192.168.0.146 - - [01/Aug/2023 14:26:56] "POST /cart HTTP/1.1" 200 -
INFO:app:¿ÂπŸ±∏¥œ ∆‰¿Ã¡ˆ ¡¯¿‘
INFO:app:product_id : 1
INFO:werkzeug:192.168.0.111 - - [01/Aug/2023 14:26:56] "GET /cart HTTP/1.1" 200 -
INFO:app:cart api
INFO:werkzeug:192.168.0.146 - - [01/Aug/2023 14:26:56] "POST /cart HTTP/1.1" 200 -
INFO:app:cart api
INFO:app:¿ÂπŸ±∏¥œ ∆‰¿Ã¡ˆ ¡¯¿‘
INFO:app:product_id : 1
INFO:werkzeug:192.168.0.136 - - [01/Aug/2023 14:26:56] "GET /cart HTTP/1.1" 200 -
INFO:app:cart api
INFO:werkzeug:192.168.0.50 - - [01/Aug/2023 14:26:56] "GET /cart HTTP/1.1" 200 -
INFO:app:¿ÂπŸ±∏¥œ ∆‰¿Ã¡ˆ ¡¯¿‘
INFO:app:product_id : 1
INFO:werkzeug:192.168.0.146 - - [01/Aug/2023 14:26:56] "POST /cart HTTP/1.1" 200 -
INFO:app:cart api
INFO:app:cart api
INFO:werkzeug:192.168.0.91 - - [01/Aug/2023 14:26:56] "GET /cart HTTP/1.1" 200 -
INFO:app:¿ÂπŸ±∏¥œ ∆‰¿Ã¡ˆ ¡¯¿‘
INFO:app:product_id : 1
INFO:werkzeug:192.168.0.125 - - [01/Aug/2023 14:26:56] "GET /cart HTTP/1.1" 200 -
INFO:werkzeug:192.168.0.136 - - [01/Aug/2023 14:26:56] "GET /cart HTTP/1.1" 200 -
INFO:werkzeug:192.168.0.146 - - [01/Aug/2023 14:26:56] "POST /cart HTTP/1.1" 200 -
INFO:app:¿ÂπŸ±∏¥œ ∆‰¿Ã¡ˆ ¡¯¿‘
INFO:app:product_id : 1
INFO:werkzeug:192.168.0.146 - - [01/Aug/2023 14:26:56] "POST /cart HTTP/1.1" 200 -
INFO:app:cart api
INFO:werkzeug:192.168.0.146 - - [01/Aug/2023 14:26:56] "POST /cart HTTP/1.1" 200 -
INFO:app:cart api
INFO:werkzeug:192.168.0.111 - - [01/Aug/2023 14:26:56] "GET /cart HTTP/1.1" 200 -
INFO:app:cart api
INFO:app:cart api
INFO:app:cart api
INFO:werkzeug:192.168.0.111 - - [01/Aug/2023 14:26:56] "GET /cart HTTP/1.1" 200 -
INFO:app:cart api
INFO:werkzeug:192.168.0.136 - - [01/Aug/2023 14:26:56] "GET /cart HTTP/1.1" 200 -
INFO:app:¿ÂπŸ±∏¥œ ∆‰¿Ã¡ˆ ¡¯¿‘
INFO:app:product_id : 1
INFO:werkzeug:192.168.0.172 - - [01/Aug/2023 14:26:57] "GET /cart HTTP/1.1" 200 -
INFO:werkzeug:192.168.0.91 - - [01/Aug/2023 14:26:57] "GET /cart HTTP/1.1" 200 -
INFO:werkzeug:192.168.0.111 - - [01/Aug/2023 14:26:57] "GET /cart HTTP/1.1" 200 -
INFO:app:cart api
INFO:app:cart api
INFO:werkzeug:192.168.0.146 - - [01/Aug/2023 14:26:57] "POST /cart HTTP/1.1" 200 -
INFO:app:cart api
INFO:werkzeug:192.168.0.111 - - [01/Aug/2023 14:26:57] "GET /cart HTTP/1.1" 200 -
INFO:app:cart api
INFO:werkzeug:192.168.0.136 - - [01/Aug/2023 14:26:57] "GET /cart HTTP/1.1" 200 -
INFO:app:cart api
INFO:werkzeug:192.168.0.91 - - [01/Aug/2023 14:26:57] "GET /cart HTTP/1.1" 200 -
INFO:werkzeug:192.168.0.133 - - [01/Aug/2023 14:26:57] "GET /cart HTTP/1.1" 200 -
INFO:app:cart api
INFO:app:cart api
INFO:werkzeug:192.168.0.111 - - [01/Aug/2023 14:26:57] "GET /cart HTTP/1.1" 200 -
INFO:werkzeug:192.168.0.136 - - [01/Aug/2023 14:26:57] "GET /cart HTTP/1.1" 200 -
INFO:app:¿ÂπŸ±∏¥œ ∆‰¿Ã¡ˆ ¡¯¿‘
INFO:app:product_id : 1
INFO:app:¿ÂπŸ±∏¥œ ∆‰¿Ã¡ˆ ¡¯¿‘
INFO:app:product_id : 1
INFO:werkzeug:192.168.0.111 - - [01/Aug/2023 14:26:57] "GET /cart HTTP/1.1" 200 -
INFO:app:cart api
INFO:app:cart api
INFO:werkzeug:192.168.0.146 - - [01/Aug/2023 14:26:57] "POST /cart HTTP/1.1" 200 -
INFO:app:¿ÂπŸ±∏¥œ ∆‰¿Ã¡ˆ ¡¯¿‘
INFO:app:product_id : 1
INFO:werkzeug:192.168.0.50 - - [01/Aug/2023 14:26:57] "GET /cart HTTP/1.1" 200 -
INFO:werkzeug:192.168.0.172 - - [01/Aug/2023 14:26:57] "GET /cart HTTP/1.1" 200 -
INFO:werkzeug:192.168.0.146 - - [01/Aug/2023 14:26:57] "POST /cart HTTP/1.1" 200 -
INFO:werkzeug:192.168.0.146 - - [01/Aug/2023 14:26:57] "POST /cart HTTP/1.1" 200 -
INFO:app:cart api
INFO:app:cart api
INFO:werkzeug:192.168.0.111 - - [01/Aug/2023 14:26:58] "GET /cart HTTP/1.1" 200 -
INFO:app:¿ÂπŸ±∏¥œ ∆‰¿Ã¡ˆ ¡¯¿‘
INFO:app:cart api
INFO:app:product_id : 1
INFO:werkzeug:192.168.0.133 - - [01/Aug/2023 14:26:58] "GET /cart HTTP/1.1" 200 -
INFO:app:¿ÂπŸ±∏¥œ ∆‰¿Ã¡ˆ ¡¯¿‘
INFO:app:product_id : 1
INFO:werkzeug:192.168.0.50 - - [01/Aug/2023 14:26:58] "GET /cart HTTP/1.1" 200 -
INFO:werkzeug:192.168.0.146 - - [01/Aug/2023 14:26:58] "POST /cart HTTP/1.1" 200 -
INFO:app:cart api
INFO:werkzeug:192.168.0.47 - - [01/Aug/2023 14:26:58] "GET /cart HTTP/1.1" 200 -
INFO:werkzeug:192.168.0.146 - - [01/Aug/2023 14:26:58] "POST /cart HTTP/1.1" 200 -
INFO:werkzeug:192.168.0.97 - - [01/Aug/2023 14:26:58] "[33mGET /script.js HTTP/1.1[0m" 404 -
INFO:app:cart api
INFO:app:cart api
INFO:werkzeug:192.168.0.172 - - [01/Aug/2023 14:26:58] "GET /cart HTTP/1.1" 200 -
INFO:app:cart api
INFO:werkzeug:192.168.0.111 - - [01/Aug/2023 14:26:58] "GET /cart HTTP/1.1" 200 -
INFO:werkzeug:192.168.0.50 - - [01/Aug/2023 14:26:58] "GET /cart HTTP/1.1" 200 -
INFO:app:cart api
INFO:app:cart api
INFO:werkzeug:192.168.0.111 - - [01/Aug/2023 14:26:58] "GET /cart HTTP/1.1" 200 -
INFO:app:cart api
INFO:app:cart api
INFO:app:cart api
INFO:werkzeug:192.168.0.50 - - [01/Aug/2023 14:26:59] "GET /cart HTTP/1.1" 200 -
INFO:app:¿ÂπŸ±∏¥œ ∆‰¿Ã¡ˆ ¡¯¿‘
INFO:app:product_id : 1
INFO:werkzeug:192.168.0.50 - - [01/Aug/2023 14:26:59] "GET /cart HTTP/1.1" 200 -
INFO:werkzeug:192.168.0.111 - - [01/Aug/2023 14:26:59] "GET /cart HTTP/1.1" 200 -
INFO:app:cart api
INFO:werkzeug:192.168.0.47 - - [01/Aug/2023 14:26:59] "GET /cart HTTP/1.1" 200 -
INFO:app:cart api
INFO:werkzeug:192.168.0.146 - - [01/Aug/2023 14:26:59] "POST /cart HTTP/1.1" 200 -
INFO:app:cart api
INFO:app:¿ÂπŸ±∏¥œ ∆‰¿Ã¡ˆ ¡¯¿‘
INFO:werkzeug:192.168.0.50 - - [01/Aug/2023 14:26:59] "GET /cart HTTP/1.1" 200 -
INFO:app:product_id : 1
INFO:werkzeug:192.168.0.111 - - [01/Aug/2023 14:26:59] "GET /cart HTTP/1.1" 200 -
INFO:werkzeug:192.168.0.172 - - [01/Aug/2023 14:26:59] "GET /cart HTTP/1.1" 200 -
INFO:werkzeug:192.168.0.146 - - [01/Aug/2023 14:26:59] "POST /cart HTTP/1.1" 200 -
INFO:app:cart api
INFO:werkzeug:192.168.0.133 - - [01/Aug/2023 14:26:59] "GET /cart HTTP/1.1" 200 -
INFO:app:¿ÂπŸ±∏¥œ ∆‰¿Ã¡ˆ ¡¯¿‘
INFO:app:product_id : 1
INFO:app:¿ÂπŸ±∏¥œ ∆‰¿Ã¡ˆ ¡¯¿‘
INFO:app:product_id : 1
INFO:app:¿ÂπŸ±∏¥œ ∆‰¿Ã¡ˆ ¡¯¿‘
INFO:app:product_id : 1
INFO:app:¿ÂπŸ±∏¥œ ∆‰¿Ã¡ˆ ¡¯¿‘
INFO:app:product_id : 4
INFO:app:¿ÂπŸ±∏¥œ ∆‰¿Ã¡ˆ ¡¯¿‘
INFO:app:product_id : 1
INFO:app:¿ÂπŸ±∏¥œ ∆‰¿Ã¡ˆ ¡¯¿‘
INFO:app:product_id : 1
INFO:werkzeug:192.168.0.81 - - [01/Aug/2023 14:26:59] "POST /cart HTTP/1.1" 200 -
INFO:werkzeug:192.168.0.146 - - [01/Aug/2023 14:26:59] "POST /cart HTTP/1.1" 200 -
INFO:app:¿ÂπŸ±∏¥œ ∆‰¿Ã¡ˆ ¡¯¿‘
INFO:app:product_id : 1
INFO:app:cart api
INFO:werkzeug:192.168.0.97 - - [01/Aug/2023 14:27:00] "POST /cart HTTP/1.1" 200 -
INFO:app:cart api
INFO:werkzeug:192.168.0.146 - - [01/Aug/2023 14:27:00] "POST /cart HTTP/1.1" 200 -
INFO:app:¿ÂπŸ±∏¥œ ∆‰¿Ã¡ˆ ¡¯¿‘
INFO:app:product_id : 1
INFO:werkzeug:192.168.0.47 - - [01/Aug/2023 14:27:00] "GET /cart HTTP/1.1" 200 -
INFO:werkzeug:192.168.0.146 - - [01/Aug/2023 14:27:00] "POST /cart HTTP/1.1" 200 -
INFO:werkzeug:192.168.0.146 - - [01/Aug/2023 14:27:00] "POST /cart HTTP/1.1" 200 -
INFO:app:¿ÂπŸ±∏¥œ ∆‰¿Ã¡ˆ ¡¯¿‘
INFO:app:product_id : 1
INFO:werkzeug:192.168.0.146 - - [01/Aug/2023 14:27:00] "POST /cart HTTP/1.1" 200 -
INFO:werkzeug:192.168.0.133 - - [01/Aug/2023 14:27:00] "GET /cart HTTP/1.1" 200 -
INFO:app:cart api
INFO:werkzeug:192.168.0.146 - - [01/Aug/2023 14:27:00] "POST /cart HTTP/1.1" 200 -
INFO:werkzeug:192.168.0.146 - - [01/Aug/2023 14:27:00] "POST /cart HTTP/1.1" 200 -
INFO:werkzeug:192.168.0.172 - - [01/Aug/2023 14:27:00] "GET /cart HTTP/1.1" 200 -
INFO:app:cart api
INFO:app:cart api
INFO:werkzeug:192.168.0.47 - - [01/Aug/2023 14:27:00] "GET /cart HTTP/1.1" 200 -
INFO:werkzeug:192.168.0.136 - - [01/Aug/2023 14:27:00] "GET /cart HTTP/1.1" 200 -
INFO:app:cart api
INFO:app:¿ÂπŸ±∏¥œ ∆‰¿Ã¡ˆ ¡¯¿‘
INFO:app:product_id : 1
INFO:werkzeug:192.168.0.136 - - [01/Aug/2023 14:27:00] "GET /cart HTTP/1.1" 200 -
INFO:werkzeug:192.168.0.146 - - [01/Aug/2023 14:27:00] "POST /cart HTTP/1.1" 200 -
INFO:app:¿ÂπŸ±∏¥œ ∆‰¿Ã¡ˆ ¡¯¿‘
INFO:app:product_id : 1
INFO:app:cart api
INFO:app:cart api
INFO:werkzeug:192.168.0.146 - - [01/Aug/2023 14:27:00] "POST /cart HTTP/1.1" 200 -
INFO:app:cart api
INFO:werkzeug:192.168.0.172 - - [01/Aug/2023 14:27:01] "GET /cart HTTP/1.1" 200 -
INFO:werkzeug:192.168.0.136 - - [01/Aug/2023 14:27:01] "GET /cart HTTP/1.1" 200 -
INFO:werkzeug:192.168.0.47 - - [01/Aug/2023 14:27:01] "GET /cart HTTP/1.1" 200 -
INFO:app:¿ÂπŸ±∏¥œ ∆‰¿Ã¡ˆ ¡¯¿‘
INFO:app:product_id : 1
INFO:app:¿ÂπŸ±∏¥œ ∆‰¿Ã¡ˆ ¡¯¿‘
INFO:app:product_id : 1
INFO:werkzeug:192.168.0.146 - - [01/Aug/2023 14:27:01] "POST /cart HTTP/1.1" 200 -
INFO:werkzeug:192.168.0.146 - - [01/Aug/2023 14:27:01] "POST /cart HTTP/1.1" 200 -
INFO:app:cart api
INFO:app:¿ÂπŸ±∏¥œ ∆‰¿Ã¡ˆ ¡¯¿‘
INFO:app:product_id : 1
INFO:werkzeug:192.168.0.47 - - [01/Aug/2023 14:27:01] "GET /cart HTTP/1.1" 200 -
INFO:werkzeug:192.168.0.146 - - [01/Aug/2023 14:27:01] "POST /cart HTTP/1.1" 200 -
INFO:app:cart api
INFO:werkzeug:192.168.0.47 - - [01/Aug/2023 14:27:01] "GET /cart HTTP/1.1" 200 -
INFO:app:¿ÂπŸ±∏¥œ ∆‰¿Ã¡ˆ ¡¯¿‘
INFO:app:product_id : 1
INFO:werkzeug:192.168.0.146 - - [01/Aug/2023 14:27:01] "POST /cart HTTP/1.1" 200 -
INFO:app:¿ÂπŸ±∏¥œ ∆‰¿Ã¡ˆ ¡¯¿‘
INFO:app:product_id : 4
INFO:app:¿ÂπŸ±∏¥œ ∆‰¿Ã¡ˆ ¡¯¿‘
INFO:app:product_id : 1
INFO:werkzeug:192.168.0.97 - - [01/Aug/2023 14:27:01] "POST /cart HTTP/1.1" 200 -
INFO:werkzeug:192.168.0.146 - - [01/Aug/2023 14:27:01] "POST /cart HTTP/1.1" 200 -
INFO:app:cart api
INFO:werkzeug:192.168.0.133 - - [01/Aug/2023 14:27:02] "[33mGET /script.js HTTP/1.1[0m" 404 -
INFO:werkzeug:192.168.0.47 - - [01/Aug/2023 14:27:02] "GET /cart HTTP/1.1" 200 -
INFO:app:cart api
INFO:werkzeug:192.168.0.172 - - [01/Aug/2023 14:27:02] "GET /cart HTTP/1.1" 200 -
INFO:app:cart api
INFO:app:¿ÂπŸ±∏¥œ ∆‰¿Ã¡ˆ ¡¯¿‘
INFO:app:product_id : 1
INFO:werkzeug:192.168.0.47 - - [01/Aug/2023 14:27:02] "GET /cart HTTP/1.1" 200 -
INFO:app:¿ÂπŸ±∏¥œ ∆‰¿Ã¡ˆ ¡¯¿‘
INFO:app:product_id : 1
INFO:werkzeug:192.168.0.146 - - [01/Aug/2023 14:27:02] "POST /cart HTTP/1.1" 200 -
INFO:werkzeug:192.168.0.146 - - [01/Aug/2023 14:27:02] "POST /cart HTTP/1.1" 200 -
INFO:app:cart api
INFO:werkzeug:192.168.0.47 - - [01/Aug/2023 14:27:02] "GET /cart HTTP/1.1" 200 -
INFO:app:cart api
INFO:werkzeug:192.168.0.47 - - [01/Aug/2023 14:27:02] "GET /cart HTTP/1.1" 200 -
INFO:app:cart api
INFO:werkzeug:192.168.0.47 - - [01/Aug/2023 14:27:03] "GET /cart HTTP/1.1" 200 -
INFO:app:cart api
INFO:werkzeug:192.168.0.91 - - [01/Aug/2023 14:27:03] "GET /cart HTTP/1.1" 200 -
INFO:app:cart api
INFO:werkzeug:192.168.0.47 - - [01/Aug/2023 14:27:03] "GET /cart HTTP/1.1" 200 -
INFO:app:cart api
INFO:werkzeug:192.168.0.47 - - [01/Aug/2023 14:27:03] "GET /cart HTTP/1.1" 200 -
INFO:app:cart api
INFO:app:¿ÂπŸ±∏¥œ ∆‰¿Ã¡ˆ ¡¯¿‘
INFO:app:product_id : 1
INFO:werkzeug:192.168.0.172 - - [01/Aug/2023 14:27:03] "GET /cart HTTP/1.1" 200 -
INFO:werkzeug:192.168.0.146 - - [01/Aug/2023 14:27:03] "POST /cart HTTP/1.1" 200 -
INFO:app:cart api
INFO:werkzeug:192.168.0.47 - - [01/Aug/2023 14:27:03] "GET /cart HTTP/1.1" 200 -
INFO:app:¿ÂπŸ±∏¥œ ∆‰¿Ã¡ˆ ¡¯¿‘
INFO:app:product_id : 1
INFO:werkzeug:192.168.0.146 - - [01/Aug/2023 14:27:03] "POST /cart HTTP/1.1" 200 -
INFO:app:cart api
INFO:app:cart api
INFO:werkzeug:192.168.0.172 - - [01/Aug/2023 14:27:04] "GET /cart HTTP/1.1" 200 -
INFO:app:¿ÂπŸ±∏¥œ ∆‰¿Ã¡ˆ ¡¯¿‘
INFO:app:product_id : 4
INFO:werkzeug:192.168.0.47 - - [01/Aug/2023 14:27:04] "GET /cart HTTP/1.1" 200 -
INFO:app:cart api
INFO:werkzeug:192.168.0.97 - - [01/Aug/2023 14:27:04] "POST /cart HTTP/1.1" 200 -
INFO:app:cart api
INFO:werkzeug:192.168.0.91 - - [01/Aug/2023 14:27:04] "GET /cart HTTP/1.1" 200 -
INFO:app:¿ÂπŸ±∏¥œ ∆‰¿Ã¡ˆ ¡¯¿‘
INFO:app:product_id : 1
INFO:app:cart api
INFO:werkzeug:192.168.0.146 - - [01/Aug/2023 14:27:04] "POST /cart HTTP/1.1" 200 -
INFO:werkzeug:192.168.0.47 - - [01/Aug/2023 14:27:04] "GET /cart HTTP/1.1" 200 -
INFO:app:cart api
INFO:werkzeug:192.168.0.172 - - [01/Aug/2023 14:27:04] "GET /cart HTTP/1.1" 200 -
INFO:app:cart api
INFO:app:¿ÂπŸ±∏¥œ ∆‰¿Ã¡ˆ ¡¯¿‘
INFO:app:product_id : 1
INFO:werkzeug:192.168.0.172 - - [01/Aug/2023 14:27:04] "GET /cart HTTP/1.1" 200 -
INFO:werkzeug:192.168.0.111 - - [01/Aug/2023 14:27:04] "GET /cart HTTP/1.1" 200 -
INFO:werkzeug:192.168.0.146 - - [01/Aug/2023 14:27:04] "POST /cart HTTP/1.1" 200 -
INFO:app:cart api
INFO:app:¿ÂπŸ±∏¥œ ∆‰¿Ã¡ˆ ¡¯¿‘
INFO:app:¿ÂπŸ±∏¥œ ∆‰¿Ã¡ˆ ¡¯¿‘
INFO:app:product_id : 1
INFO:app:product_id : 1
INFO:werkzeug:192.168.0.146 - - [01/Aug/2023 14:27:05] "POST /cart HTTP/1.1" 200 -
INFO:werkzeug:192.168.0.146 - - [01/Aug/2023 14:27:05] "POST /cart HTTP/1.1" 200 -
INFO:werkzeug:192.168.0.47 - - [01/Aug/2023 14:27:05] "GET /cart HTTP/1.1" 200 -
INFO:app:cart api
INFO:werkzeug:192.168.0.172 - - [01/Aug/2023 14:27:05] "GET /cart HTTP/1.1" 200 -
INFO:app:cart api
INFO:app:¿ÂπŸ±∏¥œ ∆‰¿Ã¡ˆ ¡¯¿‘
INFO:app:product_id : 1
INFO:werkzeug:192.168.0.146 - - [01/Aug/2023 14:27:05] "POST /cart HTTP/1.1" 200 -
INFO:werkzeug:192.168.0.91 - - [01/Aug/2023 14:27:05] "GET /cart HTTP/1.1" 200 -
INFO:app:¿ÂπŸ±∏¥œ ∆‰¿Ã¡ˆ ¡¯¿‘
INFO:app:product_id : 1
INFO:werkzeug:192.168.0.81 - - [01/Aug/2023 14:27:05] "POST /cart HTTP/1.1" 200 -
INFO:app:cart api
INFO:app:cart api
INFO:app:¿ÂπŸ±∏¥œ ∆‰¿Ã¡ˆ ¡¯¿‘
INFO:app:product_id : 1
INFO:werkzeug:192.168.0.111 - - [01/Aug/2023 14:27:05] "GET /cart HTTP/1.1" 200 -
INFO:werkzeug:192.168.0.172 - - [01/Aug/2023 14:27:05] "GET /cart HTTP/1.1" 200 -
INFO:werkzeug:192.168.0.146 - - [01/Aug/2023 14:27:05] "POST /cart HTTP/1.1" 200 -
INFO:app:¿ÂπŸ±∏¥œ ∆‰¿Ã¡ˆ ¡¯¿‘
INFO:app:product_id : 1
INFO:werkzeug:192.168.0.146 - - [01/Aug/2023 14:27:05] "POST /cart HTTP/1.1" 200 -
INFO:app:cart api
INFO:app:cart api
INFO:werkzeug:192.168.0.172 - - [01/Aug/2023 14:27:06] "GET /cart HTTP/1.1" 200 -
INFO:app:¿ÂπŸ±∏¥œ ∆‰¿Ã¡ˆ ¡¯¿‘
INFO:app:product_id : 1
INFO:app:cart api
INFO:werkzeug:192.168.0.111 - - [01/Aug/2023 14:27:06] "GET /cart HTTP/1.1" 200 -
INFO:werkzeug:192.168.0.146 - - [01/Aug/2023 14:27:06] "POST /cart HTTP/1.1" 200 -
INFO:werkzeug:192.168.0.111 - - [01/Aug/2023 14:27:06] "GET /cart HTTP/1.1" 200 -
INFO:app:cart api
INFO:app:cart api
INFO:app:cart api
INFO:werkzeug:192.168.0.111 - - [01/Aug/2023 14:27:06] "GET /cart HTTP/1.1" 200 -
INFO:werkzeug:192.168.0.172 - - [01/Aug/2023 14:27:06] "GET /cart HTTP/1.1" 200 -
INFO:werkzeug:192.168.0.91 - - [01/Aug/2023 14:27:06] "GET /cart HTTP/1.1" 200 -
INFO:app:cart api
INFO:app:cart api
INFO:werkzeug:192.168.0.111 - - [01/Aug/2023 14:27:06] "GET /cart HTTP/1.1" 200 -
INFO:werkzeug:192.168.0.111 - - [01/Aug/2023 14:27:06] "GET /cart HTTP/1.1" 200 -
INFO:app:cart api
INFO:app:¿ÂπŸ±∏¥œ ∆‰¿Ã¡ˆ ¡¯¿‘
INFO:app:product_id : 1
INFO:werkzeug:192.168.0.47 - - [01/Aug/2023 14:27:07] "GET /cart HTTP/1.1" 200 -
INFO:werkzeug:192.168.0.146 - - [01/Aug/2023 14:27:07] "POST /cart HTTP/1.1" 200 -
INFO:app:¿ÂπŸ±∏¥œ ∆‰¿Ã¡ˆ ¡¯¿‘
INFO:app:product_id : 1
INFO:werkzeug:192.168.0.146 - - [01/Aug/2023 14:27:07] "POST /cart HTTP/1.1" 200 -
INFO:app:cart api
INFO:app:cart api
INFO:werkzeug:192.168.0.111 - - [01/Aug/2023 14:27:07] "GET /cart HTTP/1.1" 200 -
INFO:app:¿ÂπŸ±∏¥œ ∆‰¿Ã¡ˆ ¡¯¿‘
INFO:app:product_id : 1
INFO:werkzeug:192.168.0.172 - - [01/Aug/2023 14:27:07] "GET /cart HTTP/1.1" 200 -
INFO:app:cart api
INFO:werkzeug:192.168.0.146 - - [01/Aug/2023 14:27:07] "POST /cart HTTP/1.1" 200 -
INFO:app:cart api
INFO:werkzeug:192.168.0.111 - - [01/Aug/2023 14:27:07] "GET /cart HTTP/1.1" 200 -
INFO:app:cart api
INFO:app:cart api
INFO:app:¿ÂπŸ±∏¥œ ∆‰¿Ã¡ˆ ¡¯¿‘
INFO:app:product_id : 4
INFO:werkzeug:192.168.0.172 - - [01/Aug/2023 14:27:07] "GET /cart HTTP/1.1" 200 -
INFO:app:cart api
INFO:werkzeug:192.168.0.97 - - [01/Aug/2023 14:27:07] "POST /cart HTTP/1.1" 200 -
INFO:app:cart api
INFO:werkzeug:192.168.0.111 - - [01/Aug/2023 14:27:07] "GET /cart HTTP/1.1" 200 -
INFO:werkzeug:192.168.0.91 - - [01/Aug/2023 14:27:07] "GET /cart HTTP/1.1" 200 -
INFO:werkzeug:192.168.0.111 - - [01/Aug/2023 14:27:07] "GET /cart HTTP/1.1" 200 -
INFO:app:¿ÂπŸ±∏¥œ ∆‰¿Ã¡ˆ ¡¯¿‘
INFO:werkzeug:192.168.0.172 - - [01/Aug/2023 14:27:08] "GET /cart HTTP/1.1" 200 -
INFO:app:product_id : 1
INFO:werkzeug:192.168.0.146 - - [01/Aug/2023 14:27:08] "POST /cart HTTP/1.1" 200 -
INFO:app:cart api
INFO:app:cart api
INFO:werkzeug:192.168.0.125 - - [01/Aug/2023 14:27:08] "GET /cart HTTP/1.1" 200 -
INFO:app:¿ÂπŸ±∏¥œ ∆‰¿Ã¡ˆ ¡¯¿‘
INFO:werkzeug:192.168.0.172 - - [01/Aug/2023 14:27:08] "GET /cart HTTP/1.1" 200 -
INFO:app:product_id : 1
INFO:app:¿ÂπŸ±∏¥œ ∆‰¿Ã¡ˆ ¡¯¿‘
INFO:app:product_id : 1
INFO:app:cart api
INFO:werkzeug:192.168.0.146 - - [01/Aug/2023 14:27:08] "POST /cart HTTP/1.1" 200 -
INFO:werkzeug:192.168.0.146 - - [01/Aug/2023 14:27:08] "POST /cart HTTP/1.1" 200 -
INFO:werkzeug:192.168.0.47 - - [01/Aug/2023 14:27:08] "GET /cart HTTP/1.1" 200 -
INFO:app:cart api
INFO:app:¿ÂπŸ±∏¥œ ∆‰¿Ã¡ˆ ¡¯¿‘
INFO:app:product_id : 1
INFO:app:cart api
INFO:app:¿ÂπŸ±∏¥œ ∆‰¿Ã¡ˆ ¡¯¿‘
INFO:app:product_id : 1
INFO:werkzeug:192.168.0.172 - - [01/Aug/2023 14:27:09] "GET /cart HTTP/1.1" 200 -
INFO:werkzeug:192.168.0.146 - - [01/Aug/2023 14:27:09] "POST /cart HTTP/1.1" 200 -
INFO:app:cart api
INFO:werkzeug:192.168.0.81 - - [01/Aug/2023 14:27:09] "POST /cart HTTP/1.1" 200 -
INFO:app:¿ÂπŸ±∏¥œ ∆‰¿Ã¡ˆ ¡¯¿‘
INFO:app:product_id : 1
INFO:werkzeug:192.168.0.47 - - [01/Aug/2023 14:27:09] "GET /cart HTTP/1.1" 200 -
INFO:werkzeug:192.168.0.91 - - [01/Aug/2023 14:27:09] "GET /cart HTTP/1.1" 200 -
INFO:werkzeug:192.168.0.146 - - [01/Aug/2023 14:27:09] "POST /cart HTTP/1.1" 200 -
INFO:app:cart api
INFO:werkzeug:192.168.0.172 - - [01/Aug/2023 14:27:09] "GET /cart HTTP/1.1" 200 -
INFO:app:¿ÂπŸ±∏¥œ ∆‰¿Ã¡ˆ ¡¯¿‘
INFO:app:product_id : 1
INFO:werkzeug:192.168.0.146 - - [01/Aug/2023 14:27:09] "POST /cart HTTP/1.1" 200 -
INFO:app:cart api
INFO:app:cart api
INFO:app:¿ÂπŸ±∏¥œ ∆‰¿Ã¡ˆ ¡¯¿‘
INFO:app:product_id : 1
INFO:app:cart api
INFO:werkzeug:192.168.0.146 - - [01/Aug/2023 14:27:10] "POST /cart HTTP/1.1" 200 -
INFO:werkzeug:192.168.0.172 - - [01/Aug/2023 14:27:10] "GET /cart HTTP/1.1" 200 -
INFO:app:cart api
INFO:werkzeug:192.168.0.172 - - [01/Aug/2023 14:27:10] "GET /cart HTTP/1.1" 200 -
INFO:werkzeug:192.168.0.91 - - [01/Aug/2023 14:27:10] "GET /cart HTTP/1.1" 200 -
INFO:app:¿ÂπŸ±∏¥œ ∆‰¿Ã¡ˆ ¡¯¿‘
INFO:app:product_id : 1
INFO:werkzeug:192.168.0.172 - - [01/Aug/2023 14:27:10] "GET /cart HTTP/1.1" 200 -
INFO:app:cart api
INFO:werkzeug:192.168.0.81 - - [01/Aug/2023 14:27:10] "POST /cart HTTP/1.1" 200 -
INFO:app:cart api
INFO:app:¿ÂπŸ±∏¥œ ∆‰¿Ã¡ˆ ¡¯¿‘
INFO:werkzeug:192.168.0.125 - - [01/Aug/2023 14:27:10] "GET /cart HTTP/1.1" 200 -
INFO:app:product_id : 1
INFO:werkzeug:192.168.0.47 - - [01/Aug/2023 14:27:10] "GET /cart HTTP/1.1" 200 -
INFO:app:¿ÂπŸ±∏¥œ ∆‰¿Ã¡ˆ ¡¯¿‘
INFO:app:product_id : 1
INFO:app:cart api
INFO:werkzeug:192.168.0.146 - - [01/Aug/2023 14:27:10] "POST /cart HTTP/1.1" 200 -
INFO:werkzeug:192.168.0.146 - - [01/Aug/2023 14:27:10] "POST /cart HTTP/1.1" 200 -
INFO:werkzeug:192.168.0.172 - - [01/Aug/2023 14:27:10] "GET /cart HTTP/1.1" 200 -
INFO:app:¿ÂπŸ±∏¥œ ∆‰¿Ã¡ˆ ¡¯¿‘
INFO:app:product_id : 1
INFO:werkzeug:192.168.0.146 - - [01/Aug/2023 14:27:11] "POST /cart HTTP/1.1" 200 -
INFO:app:cart api
INFO:app:cart api
INFO:app:¿ÂπŸ±∏¥œ ∆‰¿Ã¡ˆ ¡¯¿‘
INFO:app:product_id : 1
INFO:werkzeug:192.168.0.91 - - [01/Aug/2023 14:27:11] "GET /cart HTTP/1.1" 200 -
INFO:werkzeug:192.168.0.47 - - [01/Aug/2023 14:27:11] "GET /cart HTTP/1.1" 200 -
INFO:werkzeug:192.168.0.146 - - [01/Aug/2023 14:27:11] "POST /cart HTTP/1.1" 200 -
INFO:app:¿ÂπŸ±∏¥œ ∆‰¿Ã¡ˆ ¡¯¿‘
INFO:app:product_id : 1
INFO:app:cart api
INFO:werkzeug:192.168.0.146 - - [01/Aug/2023 14:27:11] "POST /cart HTTP/1.1" 200 -
INFO:app:cart api
INFO:werkzeug:192.168.0.172 - - [01/Aug/2023 14:27:11] "GET /cart HTTP/1.1" 200 -
INFO:app:¿ÂπŸ±∏¥œ ∆‰¿Ã¡ˆ ¡¯¿‘
INFO:app:product_id : 1
INFO:werkzeug:192.168.0.146 - - [01/Aug/2023 14:27:11] "POST /cart HTTP/1.1" 200 -
INFO:app:cart api
INFO:werkzeug:192.168.0.172 - - [01/Aug/2023 14:27:11] "GET /cart HTTP/1.1" 200 -
INFO:werkzeug:192.168.0.91 - - [01/Aug/2023 14:27:11] "GET /cart HTTP/1.1" 200 -
INFO:app:cart api
INFO:app:cart api
INFO:app:¿ÂπŸ±∏¥œ ∆‰¿Ã¡ˆ ¡¯¿‘
INFO:app:product_id : 1
INFO:app:cart api
INFO:werkzeug:192.168.0.172 - - [01/Aug/2023 14:27:12] "GET /cart HTTP/1.1" 200 -
INFO:werkzeug:192.168.0.172 - - [01/Aug/2023 14:27:12] "GET /cart HTTP/1.1" 200 -
INFO:app:¿ÂπŸ±∏¥œ ∆‰¿Ã¡ˆ ¡¯¿‘
INFO:app:product_id : 1
INFO:werkzeug:192.168.0.146 - - [01/Aug/2023 14:27:12] "POST /cart HTTP/1.1" 200 -
INFO:app:¿ÂπŸ±∏¥œ ∆‰¿Ã¡ˆ ¡¯¿‘
INFO:app:product_id : 1
INFO:werkzeug:192.168.0.172 - - [01/Aug/2023 14:27:12] "GET /cart HTTP/1.1" 200 -
INFO:app:∞·¡¶ ∆‰¿Ã¡ˆ ¡¯¿‘ ¡ﬂ
ERROR:app:Exception on /kakaopay/1 [GET]
Traceback (most recent call last):
  File "C:\Users\okseok\anaconda3\lib\site-packages\flask\app.py", line 2190, in wsgi_app
    response = self.full_dispatch_request()
  File "C:\Users\okseok\anaconda3\lib\site-packages\flask\app.py", line 1486, in full_dispatch_request
    rv = self.handle_user_exception(e)
  File "C:\Users\okseok\anaconda3\lib\site-packages\flask\app.py", line 1484, in full_dispatch_request
    rv = self.dispatch_request()
  File "C:\Users\okseok\anaconda3\lib\site-packages\flask\app.py", line 1469, in dispatch_request
    return self.ensure_sync(self.view_functions[rule.endpoint])(**view_args)
  File "C:\ITStudy\06_flask\onlineshop\personal_project-main\app\views\control_views.py", line 183, in kakaopay
    return redirect(url_for('cart.html', products=products, form=form))
  File "C:\Users\okseok\anaconda3\lib\site-packages\flask\helpers.py", line 225, in url_for
    return current_app.url_for(
  File "C:\Users\okseok\anaconda3\lib\site-packages\flask\app.py", line 1697, in url_for
    return self.handle_url_build_error(error, endpoint, values)
  File "C:\Users\okseok\anaconda3\lib\site-packages\flask\app.py", line 1686, in url_for
    rv = url_adapter.build(  # type: ignore[union-attr]
  File "C:\Users\okseok\anaconda3\lib\site-packages\werkzeug\routing\map.py", line 950, in build
    raise BuildError(endpoint, values, method, self)
werkzeug.routing.exceptions.BuildError: Could not build url for endpoint 'cart.html' with values ['form', 'products']. Did you mean 'test.hello_html' instead?
INFO:werkzeug:192.168.0.146 - - [01/Aug/2023 14:27:12] "POST /cart HTTP/1.1" 200 -
INFO:app:¿ÂπŸ±∏¥œ ∆‰¿Ã¡ˆ ¡¯¿‘
INFO:werkzeug:192.168.0.172 - - [01/Aug/2023 14:27:12] "[35m[1mGET /kakaopay/1 HTTP/1.1[0m" 500 -
INFO:app:product_id : 1
INFO:app:¿ÂπŸ±∏¥œ ∆‰¿Ã¡ˆ ¡¯¿‘
INFO:app:product_id : 1
INFO:werkzeug:192.168.0.146 - - [01/Aug/2023 14:27:12] "POST /cart HTTP/1.1" 200 -
INFO:app:¿ÂπŸ±∏¥œ ∆‰¿Ã¡ˆ ¡¯¿‘
INFO:app:product_id : 1
INFO:werkzeug:192.168.0.146 - - [01/Aug/2023 14:27:12] "POST /cart HTTP/1.1" 200 -
INFO:werkzeug:192.168.0.146 - - [01/Aug/2023 14:27:12] "POST /cart HTTP/1.1" 200 -
INFO:werkzeug:192.168.0.146 - - [01/Aug/2023 14:27:12] "POST /cart HTTP/1.1" 200 -
INFO:app:¿ÂπŸ±∏¥œ ∆‰¿Ã¡ˆ ¡¯¿‘
INFO:app:product_id : 1
INFO:app:¿ÂπŸ±∏¥œ ∆‰¿Ã¡ˆ ¡¯¿‘
INFO:app:product_id : 1
INFO:werkzeug:192.168.0.146 - - [01/Aug/2023 14:27:12] "POST /cart HTTP/1.1" 200 -
INFO:app:¿ÂπŸ±∏¥œ ∆‰¿Ã¡ˆ ¡¯¿‘
INFO:app:product_id : 1
INFO:werkzeug:192.168.0.146 - - [01/Aug/2023 14:27:12] "POST /cart HTTP/1.1" 200 -
INFO:werkzeug:192.168.0.146 - - [01/Aug/2023 14:27:12] "POST /cart HTTP/1.1" 200 -
INFO:app:¿ÂπŸ±∏¥œ ∆‰¿Ã¡ˆ ¡¯¿‘
INFO:app:product_id : 1
INFO:werkzeug:192.168.0.146 - - [01/Aug/2023 14:27:12] "POST /cart HTTP/1.1" 200 -
INFO:app:¿ÂπŸ±∏¥œ ∆‰¿Ã¡ˆ ¡¯¿‘
INFO:app:product_id : 1
INFO:app:¿ÂπŸ±∏¥œ ∆‰¿Ã¡ˆ ¡¯¿‘
INFO:app:product_id : 1
INFO:werkzeug:192.168.0.146 - - [01/Aug/2023 14:27:13] "POST /cart HTTP/1.1" 200 -
INFO:werkzeug:192.168.0.146 - - [01/Aug/2023 14:27:13] "POST /cart HTTP/1.1" 200 -
INFO:app:¿ÂπŸ±∏¥œ ∆‰¿Ã¡ˆ ¡¯¿‘
INFO:app:product_id : 1
INFO:werkzeug:192.168.0.146 - - [01/Aug/2023 14:27:13] "POST /cart HTTP/1.1" 200 -
INFO:app:¿ÂπŸ±∏¥œ ∆‰¿Ã¡ˆ ¡¯¿‘
INFO:app:product_id : 1
INFO:werkzeug:192.168.0.146 - - [01/Aug/2023 14:27:13] "POST /cart HTTP/1.1" 200 -
INFO:app:¿ÂπŸ±∏¥œ ∆‰¿Ã¡ˆ ¡¯¿‘
INFO:app:product_id : 1
INFO:app:cart api
INFO:werkzeug:192.168.0.146 - - [01/Aug/2023 14:27:13] "POST /cart HTTP/1.1" 200 -
INFO:werkzeug:192.168.0.91 - - [01/Aug/2023 14:27:13] "GET /cart HTTP/1.1" 200 -
INFO:app:¿ÂπŸ±∏¥œ ∆‰¿Ã¡ˆ ¡¯¿‘
INFO:app:product_id : 1
INFO:werkzeug:192.168.0.146 - - [01/Aug/2023 14:27:13] "POST /cart HTTP/1.1" 200 -
INFO:app:cart api
INFO:werkzeug:192.168.0.91 - - [01/Aug/2023 14:27:13] "GET /cart HTTP/1.1" 200 -
INFO:app:¿ÂπŸ±∏¥œ ∆‰¿Ã¡ˆ ¡¯¿‘
INFO:app:product_id : 1
INFO:app:cart api
INFO:werkzeug:192.168.0.81 - - [01/Aug/2023 14:27:14] "POST /cart HTTP/1.1" 200 -
INFO:werkzeug:192.168.0.91 - - [01/Aug/2023 14:27:14] "GET /cart HTTP/1.1" 200 -
INFO:app:cart api
INFO:app:cart api
INFO:werkzeug:192.168.0.91 - - [01/Aug/2023 14:27:14] "GET /cart HTTP/1.1" 200 -
INFO:werkzeug:192.168.0.172 - - [01/Aug/2023 14:27:14] "GET /cart HTTP/1.1" 200 -
INFO:app:cart api
INFO:app:cart api
INFO:werkzeug:192.168.0.172 - - [01/Aug/2023 14:27:14] "GET /cart HTTP/1.1" 200 -
INFO:werkzeug:192.168.0.91 - - [01/Aug/2023 14:27:14] "GET /cart HTTP/1.1" 200 -
INFO:app:cart api
INFO:app:cart api
INFO:app:cart api
INFO:werkzeug:192.168.0.172 - - [01/Aug/2023 14:27:15] "GET /cart HTTP/1.1" 200 -
INFO:werkzeug:192.168.0.91 - - [01/Aug/2023 14:27:15] "GET /cart HTTP/1.1" 200 -
INFO:werkzeug:192.168.0.172 - - [01/Aug/2023 14:27:15] "GET /cart HTTP/1.1" 200 -
INFO:app:cart api
INFO:app:cart api
INFO:werkzeug:192.168.0.91 - - [01/Aug/2023 14:27:15] "GET /cart HTTP/1.1" 200 -
INFO:werkzeug:192.168.0.172 - - [01/Aug/2023 14:27:15] "GET /cart HTTP/1.1" 200 -
INFO:app:cart api
INFO:werkzeug:192.168.0.91 - - [01/Aug/2023 14:27:15] "GET /cart HTTP/1.1" 200 -
INFO:app:cart api
INFO:werkzeug:192.168.0.172 - - [01/Aug/2023 14:27:15] "GET /cart HTTP/1.1" 200 -
INFO:app:cart api
INFO:werkzeug:192.168.0.91 - - [01/Aug/2023 14:27:15] "GET /cart HTTP/1.1" 200 -
INFO:app:cart api
INFO:werkzeug:192.168.0.172 - - [01/Aug/2023 14:27:16] "GET /cart HTTP/1.1" 200 -
INFO:app:¿ÂπŸ±∏¥œ ∆‰¿Ã¡ˆ ¡¯¿‘
INFO:app:product_id : 1
INFO:app:cart api
INFO:app:∑Œ±◊¿Œ ∆‰¿Ã¡ˆ ¡¯¿‘
INFO:werkzeug:192.168.0.133 - - [01/Aug/2023 14:27:16] "GET /login HTTP/1.1" 200 -
INFO:werkzeug:192.168.0.91 - - [01/Aug/2023 14:27:16] "GET /cart HTTP/1.1" 200 -
INFO:werkzeug:192.168.0.133 - - [01/Aug/2023 14:27:16] "[36mGET /static/dist/css/bootstrap.min.css HTTP/1.1[0m" 304 -
INFO:werkzeug:192.168.0.81 - - [01/Aug/2023 14:27:16] "POST /cart HTTP/1.1" 200 -
INFO:werkzeug:192.168.0.133 - - [01/Aug/2023 14:27:16] "[36mGET /static/signin.css HTTP/1.1[0m" 304 -
INFO:app:cart api
INFO:app:cart api
INFO:werkzeug:192.168.0.133 - - [01/Aug/2023 14:27:16] "[36mGET /static/images/catlogo_1.png HTTP/1.1[0m" 304 -
INFO:werkzeug:192.168.0.172 - - [01/Aug/2023 14:27:16] "GET /cart HTTP/1.1" 200 -
INFO:werkzeug:192.168.0.91 - - [01/Aug/2023 14:27:16] "GET /cart HTTP/1.1" 200 -
INFO:app:cart api
INFO:app:cart api
INFO:werkzeug:192.168.0.172 - - [01/Aug/2023 14:27:16] "GET /cart HTTP/1.1" 200 -
INFO:werkzeug:192.168.0.91 - - [01/Aug/2023 14:27:16] "GET /cart HTTP/1.1" 200 -
INFO:app:¿ÂπŸ±∏¥œ ∆‰¿Ã¡ˆ ¡¯¿‘
INFO:app:product_id : 1
INFO:app:cart api
INFO:app:cart api
INFO:werkzeug:192.168.0.146 - - [01/Aug/2023 14:27:16] "POST /cart HTTP/1.1" 200 -
INFO:werkzeug:192.168.0.91 - - [01/Aug/2023 14:27:16] "GET /cart HTTP/1.1" 200 -
INFO:werkzeug:192.168.0.172 - - [01/Aug/2023 14:27:16] "GET /cart HTTP/1.1" 200 -
INFO:app:cart api
INFO:app:cart api
INFO:werkzeug:192.168.0.91 - - [01/Aug/2023 14:27:16] "GET /cart HTTP/1.1" 200 -
INFO:werkzeug:192.168.0.172 - - [01/Aug/2023 14:27:16] "GET /cart HTTP/1.1" 200 -
INFO:app:cart api
INFO:app:cart api
INFO:werkzeug:192.168.0.172 - - [01/Aug/2023 14:27:17] "GET /cart HTTP/1.1" 200 -
INFO:app:¿ÂπŸ±∏¥œ ∆‰¿Ã¡ˆ ¡¯¿‘
INFO:app:product_id : 1
INFO:werkzeug:192.168.0.91 - - [01/Aug/2023 14:27:17] "GET /cart HTTP/1.1" 200 -
INFO:werkzeug:192.168.0.146 - - [01/Aug/2023 14:27:17] "POST /cart HTTP/1.1" 200 -
INFO:app:¿ÂπŸ±∏¥œ ∆‰¿Ã¡ˆ ¡¯¿‘
INFO:app:product_id : 1
INFO:app:cart api
INFO:werkzeug:192.168.0.146 - - [01/Aug/2023 14:27:17] "POST /cart HTTP/1.1" 200 -
INFO:werkzeug:192.168.0.91 - - [01/Aug/2023 14:27:17] "GET /cart HTTP/1.1" 200 -
INFO:app:cart api
INFO:app:cart api
INFO:werkzeug:192.168.0.172 - - [01/Aug/2023 14:27:17] "GET /cart HTTP/1.1" 200 -
INFO:app:cart api
INFO:app:¿ÂπŸ±∏¥œ ∆‰¿Ã¡ˆ ¡¯¿‘
INFO:app:product_id : 1
INFO:werkzeug:192.168.0.172 - - [01/Aug/2023 14:27:17] "GET /cart HTTP/1.1" 200 -
INFO:werkzeug:192.168.0.91 - - [01/Aug/2023 14:27:17] "GET /cart HTTP/1.1" 200 -
INFO:werkzeug:192.168.0.146 - - [01/Aug/2023 14:27:17] "POST /cart HTTP/1.1" 200 -
INFO:app:cart api
INFO:werkzeug:192.168.0.91 - - [01/Aug/2023 14:27:18] "GET /cart HTTP/1.1" 200 -
INFO:app:¿ÂπŸ±∏¥œ ∆‰¿Ã¡ˆ ¡¯¿‘
INFO:app:product_id : 1
INFO:werkzeug:192.168.0.81 - - [01/Aug/2023 14:27:18] "POST /cart HTTP/1.1" 200 -
INFO:app:¿ÂπŸ±∏¥œ ∆‰¿Ã¡ˆ ¡¯¿‘
INFO:app:product_id : 1
INFO:werkzeug:192.168.0.146 - - [01/Aug/2023 14:27:18] "POST /cart HTTP/1.1" 200 -
INFO:app:¿ÂπŸ±∏¥œ ∆‰¿Ã¡ˆ ¡¯¿‘
INFO:app:product_id : 1
INFO:werkzeug:192.168.0.146 - - [01/Aug/2023 14:27:18] "POST /cart HTTP/1.1" 200 -
INFO:app:cart api
INFO:werkzeug:192.168.0.133 - - [01/Aug/2023 14:27:18] "[33mGET /script.js HTTP/1.1[0m" 404 -
INFO:werkzeug:192.168.0.91 - - [01/Aug/2023 14:27:18] "GET /cart HTTP/1.1" 200 -
INFO:app:¿ÂπŸ±∏¥œ ∆‰¿Ã¡ˆ ¡¯¿‘
INFO:app:product_id : 1
INFO:werkzeug:192.168.0.146 - - [01/Aug/2023 14:27:18] "POST /cart HTTP/1.1" 200 -
INFO:app:¿ÂπŸ±∏¥œ ∆‰¿Ã¡ˆ ¡¯¿‘
INFO:app:product_id : 1
INFO:werkzeug:192.168.0.146 - - [01/Aug/2023 14:27:19] "POST /cart HTTP/1.1" 200 -
INFO:app:¿ÂπŸ±∏¥œ ∆‰¿Ã¡ˆ ¡¯¿‘
INFO:app:product_id : 1
INFO:werkzeug:192.168.0.81 - - [01/Aug/2023 14:27:19] "POST /cart HTTP/1.1" 200 -
INFO:app:¿ÂπŸ±∏¥œ ∆‰¿Ã¡ˆ ¡¯¿‘
INFO:app:product_id : 1
INFO:werkzeug:192.168.0.146 - - [01/Aug/2023 14:27:20] "POST /cart HTTP/1.1" 200 -
INFO:app:cart api
INFO:werkzeug:192.168.0.91 - - [01/Aug/2023 14:27:20] "GET /cart HTTP/1.1" 200 -
INFO:app:cart api
INFO:werkzeug:192.168.0.91 - - [01/Aug/2023 14:27:20] "GET /cart HTTP/1.1" 200 -
INFO:app:¿ÂπŸ±∏¥œ ∆‰¿Ã¡ˆ ¡¯¿‘
INFO:app:product_id : 1
INFO:werkzeug:192.168.0.146 - - [01/Aug/2023 14:27:20] "POST /cart HTTP/1.1" 200 -
INFO:app:cart api
INFO:werkzeug:192.168.0.91 - - [01/Aug/2023 14:27:20] "GET /cart HTTP/1.1" 200 -
INFO:app:¿ÂπŸ±∏¥œ ∆‰¿Ã¡ˆ ¡¯¿‘
INFO:app:product_id : 5
INFO:werkzeug:192.168.0.172 - - [01/Aug/2023 14:27:21] "POST /cart HTTP/1.1" 200 -
INFO:app:¿ÂπŸ±∏¥œ ∆‰¿Ã¡ˆ ¡¯¿‘
INFO:app:product_id : 1
INFO:werkzeug:192.168.0.146 - - [01/Aug/2023 14:27:21] "POST /cart HTTP/1.1" 200 -
INFO:app:cart api
INFO:werkzeug:192.168.0.91 - - [01/Aug/2023 14:27:21] "GET /cart HTTP/1.1" 200 -
INFO:app:¿ÂπŸ±∏¥œ ∆‰¿Ã¡ˆ ¡¯¿‘
INFO:app:product_id : 1
INFO:app:¿ÂπŸ±∏¥œ ∆‰¿Ã¡ˆ ¡¯¿‘
INFO:app:product_id : 1
INFO:app:cart api
INFO:werkzeug:192.168.0.146 - - [01/Aug/2023 14:27:21] "POST /cart HTTP/1.1" 200 -
INFO:werkzeug:192.168.0.91 - - [01/Aug/2023 14:27:21] "GET /cart HTTP/1.1" 200 -
INFO:werkzeug:192.168.0.146 - - [01/Aug/2023 14:27:21] "POST /cart HTTP/1.1" 200 -
INFO:app:¿ÂπŸ±∏¥œ ∆‰¿Ã¡ˆ ¡¯¿‘
INFO:app:product_id : 1
INFO:werkzeug:192.168.0.146 - - [01/Aug/2023 14:27:21] "POST /cart HTTP/1.1" 200 -
INFO:app:cart api
INFO:werkzeug:192.168.0.91 - - [01/Aug/2023 14:27:21] "GET /cart HTTP/1.1" 200 -
INFO:app:¿ÂπŸ±∏¥œ ∆‰¿Ã¡ˆ ¡¯¿‘
INFO:app:product_id : 1
INFO:app:cart api
INFO:werkzeug:192.168.0.146 - - [01/Aug/2023 14:27:22] "POST /cart HTTP/1.1" 200 -
INFO:werkzeug:192.168.0.91 - - [01/Aug/2023 14:27:22] "GET /cart HTTP/1.1" 200 -
INFO:app:cart api
INFO:werkzeug:192.168.0.91 - - [01/Aug/2023 14:27:22] "GET /cart HTTP/1.1" 200 -
INFO:app:¿ÂπŸ±∏¥œ ∆‰¿Ã¡ˆ ¡¯¿‘
INFO:app:product_id : 1
INFO:werkzeug:192.168.0.146 - - [01/Aug/2023 14:27:22] "POST /cart HTTP/1.1" 200 -
INFO:app:cart api
INFO:werkzeug:192.168.0.91 - - [01/Aug/2023 14:27:22] "GET /cart HTTP/1.1" 200 -
INFO:app:¿ÂπŸ±∏¥œ ∆‰¿Ã¡ˆ ¡¯¿‘
INFO:app:product_id : 1
INFO:werkzeug:192.168.0.146 - - [01/Aug/2023 14:27:22] "POST /cart HTTP/1.1" 200 -
INFO:app:¿ÂπŸ±∏¥œ ∆‰¿Ã¡ˆ ¡¯¿‘
INFO:app:product_id : 1
INFO:werkzeug:192.168.0.146 - - [01/Aug/2023 14:27:22] "POST /cart HTTP/1.1" 200 -
INFO:app:cart api
INFO:werkzeug:192.168.0.91 - - [01/Aug/2023 14:27:22] "GET /cart HTTP/1.1" 200 -
INFO:app:¿ÂπŸ±∏¥œ ∆‰¿Ã¡ˆ ¡¯¿‘
INFO:app:product_id : 1
INFO:app:cart api
INFO:werkzeug:192.168.0.81 - - [01/Aug/2023 14:27:23] "POST /cart HTTP/1.1" 200 -
INFO:werkzeug:192.168.0.91 - - [01/Aug/2023 14:27:23] "GET /cart HTTP/1.1" 200 -
INFO:app:¿ÂπŸ±∏¥œ ∆‰¿Ã¡ˆ ¡¯¿‘
INFO:app:product_id : 1
INFO:werkzeug:192.168.0.146 - - [01/Aug/2023 14:27:23] "POST /cart HTTP/1.1" 200 -
INFO:app:cart api
INFO:app:cart api
INFO:werkzeug:192.168.0.91 - - [01/Aug/2023 14:27:23] "GET /cart HTTP/1.1" 200 -
INFO:werkzeug:192.168.0.114 - - [01/Aug/2023 14:27:23] "GET /cart HTTP/1.1" 200 -
INFO:app:cart api
INFO:app:¿ÂπŸ±∏¥œ ∆‰¿Ã¡ˆ ¡¯¿‘
INFO:app:product_id : 1
INFO:werkzeug:192.168.0.114 - - [01/Aug/2023 14:27:23] "GET /cart HTTP/1.1" 200 -
INFO:app:¿ÂπŸ±∏¥œ ∆‰¿Ã¡ˆ ¡¯¿‘
INFO:app:product_id : 1
INFO:app:cart api
INFO:werkzeug:192.168.0.146 - - [01/Aug/2023 14:27:23] "POST /cart HTTP/1.1" 200 -
INFO:werkzeug:192.168.0.91 - - [01/Aug/2023 14:27:23] "GET /cart HTTP/1.1" 200 -
INFO:werkzeug:192.168.0.146 - - [01/Aug/2023 14:27:23] "POST /cart HTTP/1.1" 200 -
INFO:app:cart api
INFO:werkzeug:192.168.0.91 - - [01/Aug/2023 14:27:23] "GET /cart HTTP/1.1" 200 -
INFO:app:cart api
INFO:werkzeug:192.168.0.91 - - [01/Aug/2023 14:27:24] "GET /cart HTTP/1.1" 200 -
INFO:app:¿ÂπŸ±∏¥œ ∆‰¿Ã¡ˆ ¡¯¿‘
INFO:app:product_id : 1
INFO:app:¿ÂπŸ±∏¥œ ∆‰¿Ã¡ˆ ¡¯¿‘
INFO:app:product_id : 1
INFO:werkzeug:192.168.0.146 - - [01/Aug/2023 14:27:24] "POST /cart HTTP/1.1" 200 -
INFO:werkzeug:192.168.0.146 - - [01/Aug/2023 14:27:24] "POST /cart HTTP/1.1" 200 -
INFO:app:¿ÂπŸ±∏¥œ ∆‰¿Ã¡ˆ ¡¯¿‘
INFO:app:product_id : 1
INFO:app:¿ÂπŸ±∏¥œ ∆‰¿Ã¡ˆ ¡¯¿‘
INFO:app:product_id : 2
INFO:werkzeug:192.168.0.146 - - [01/Aug/2023 14:27:24] "POST /cart HTTP/1.1" 200 -
INFO:werkzeug:192.168.0.172 - - [01/Aug/2023 14:27:24] "POST /cart HTTP/1.1" 200 -
INFO:app:cart api
INFO:werkzeug:192.168.0.91 - - [01/Aug/2023 14:27:24] "GET /cart HTTP/1.1" 200 -
INFO:app:¿ÂπŸ±∏¥œ ∆‰¿Ã¡ˆ ¡¯¿‘
INFO:app:cart api
INFO:app:product_id : 1
INFO:app:∑Œ±◊¿Œ ∆‰¿Ã¡ˆ ¡¯¿‘
INFO:werkzeug:192.168.0.133 - - [01/Aug/2023 14:27:24] "GET /login HTTP/1.1" 200 -
INFO:werkzeug:192.168.0.91 - - [01/Aug/2023 14:27:24] "GET /cart HTTP/1.1" 200 -
INFO:werkzeug:192.168.0.133 - - [01/Aug/2023 14:27:24] "[36mGET /static/dist/css/bootstrap.min.css HTTP/1.1[0m" 304 -
INFO:werkzeug:192.168.0.81 - - [01/Aug/2023 14:27:24] "POST /cart HTTP/1.1" 200 -
INFO:werkzeug:192.168.0.133 - - [01/Aug/2023 14:27:24] "[36mGET /static/signin.css HTTP/1.1[0m" 304 -
INFO:app:¿ÂπŸ±∏¥œ ∆‰¿Ã¡ˆ ¡¯¿‘
INFO:werkzeug:192.168.0.133 - - [01/Aug/2023 14:27:24] "[36mGET /static/images/catlogo_1.png HTTP/1.1[0m" 304 -
INFO:app:product_id : 1
INFO:werkzeug:192.168.0.146 - - [01/Aug/2023 14:27:25] "POST /cart HTTP/1.1" 200 -
INFO:app:¿ÂπŸ±∏¥œ ∆‰¿Ã¡ˆ ¡¯¿‘
INFO:app:product_id : 1
INFO:app:cart api
INFO:werkzeug:192.168.0.146 - - [01/Aug/2023 14:27:25] "POST /cart HTTP/1.1" 200 -
INFO:werkzeug:192.168.0.91 - - [01/Aug/2023 14:27:25] "GET /cart HTTP/1.1" 200 -
INFO:app:¿ÂπŸ±∏¥œ ∆‰¿Ã¡ˆ ¡¯¿‘
INFO:app:product_id : 1
INFO:app:cart api
INFO:werkzeug:192.168.0.91 - - [01/Aug/2023 14:27:25] "GET /cart HTTP/1.1" 200 -
INFO:werkzeug:192.168.0.146 - - [01/Aug/2023 14:27:25] "POST /cart HTTP/1.1" 200 -
INFO:app:¿ÂπŸ±∏¥œ ∆‰¿Ã¡ˆ ¡¯¿‘
INFO:app:product_id : 1
INFO:werkzeug:192.168.0.146 - - [01/Aug/2023 14:27:25] "POST /cart HTTP/1.1" 200 -
INFO:app:cart api
INFO:werkzeug:192.168.0.91 - - [01/Aug/2023 14:27:25] "GET /cart HTTP/1.1" 200 -
INFO:app:¿ÂπŸ±∏¥œ ∆‰¿Ã¡ˆ ¡¯¿‘
INFO:app:product_id : 1
INFO:werkzeug:192.168.0.146 - - [01/Aug/2023 14:27:25] "POST /cart HTTP/1.1" 200 -
INFO:app:¿ÂπŸ±∏¥œ ∆‰¿Ã¡ˆ ¡¯¿‘
INFO:app:product_id : 1
INFO:app:cart api
INFO:werkzeug:192.168.0.146 - - [01/Aug/2023 14:27:25] "POST /cart HTTP/1.1" 200 -
INFO:werkzeug:192.168.0.91 - - [01/Aug/2023 14:27:25] "GET /cart HTTP/1.1" 200 -
INFO:app:cart api
INFO:werkzeug:192.168.0.91 - - [01/Aug/2023 14:27:26] "GET /cart HTTP/1.1" 200 -
INFO:app:¿ÂπŸ±∏¥œ ∆‰¿Ã¡ˆ ¡¯¿‘
INFO:app:product_id : 1
INFO:app:¿ÂπŸ±∏¥œ ∆‰¿Ã¡ˆ ¡¯¿‘
INFO:app:product_id : 1
INFO:werkzeug:192.168.0.81 - - [01/Aug/2023 14:27:26] "POST /cart HTTP/1.1" 200 -
INFO:app:cart api
INFO:werkzeug:192.168.0.91 - - [01/Aug/2023 14:27:26] "GET /cart HTTP/1.1" 200 -
INFO:werkzeug:192.168.0.146 - - [01/Aug/2023 14:27:26] "POST /cart HTTP/1.1" 200 -
INFO:app:cart api
INFO:werkzeug:192.168.0.91 - - [01/Aug/2023 14:27:26] "GET /cart HTTP/1.1" 200 -
INFO:app:¿ÂπŸ±∏¥œ ∆‰¿Ã¡ˆ ¡¯¿‘
INFO:app:product_id : 1
INFO:werkzeug:192.168.0.146 - - [01/Aug/2023 14:27:27] "POST /cart HTTP/1.1" 200 -
INFO:app:cart api
INFO:werkzeug:192.168.0.91 - - [01/Aug/2023 14:27:27] "GET /cart HTTP/1.1" 200 -
INFO:app:¿ÂπŸ±∏¥œ ∆‰¿Ã¡ˆ ¡¯¿‘
INFO:app:product_id : 1
INFO:werkzeug:192.168.0.146 - - [01/Aug/2023 14:27:27] "POST /cart HTTP/1.1" 200 -
INFO:app:cart api
INFO:app:¿ÂπŸ±∏¥œ ∆‰¿Ã¡ˆ ¡¯¿‘
INFO:app:cart api
INFO:app:product_id : 6
INFO:werkzeug:192.168.0.91 - - [01/Aug/2023 14:27:27] "GET /cart HTTP/1.1" 200 -
INFO:app:¿ÂπŸ±∏¥œ ∆‰¿Ã¡ˆ ¡¯¿‘
INFO:app:product_id : 1
INFO:werkzeug:192.168.0.125 - - [01/Aug/2023 14:27:27] "GET /cart HTTP/1.1" 200 -
INFO:werkzeug:192.168.0.172 - - [01/Aug/2023 14:27:27] "POST /cart HTTP/1.1" 200 -
INFO:werkzeug:192.168.0.146 - - [01/Aug/2023 14:27:27] "POST /cart HTTP/1.1" 200 -
INFO:app:¿ÂπŸ±∏¥œ ∆‰¿Ã¡ˆ ¡¯¿‘
INFO:app:product_id : 1
INFO:werkzeug:192.168.0.146 - - [01/Aug/2023 14:27:27] "POST /cart HTTP/1.1" 200 -
INFO:app:cart api
INFO:werkzeug:192.168.0.91 - - [01/Aug/2023 14:27:27] "GET /cart HTTP/1.1" 200 -
INFO:app:¿ÂπŸ±∏¥œ ∆‰¿Ã¡ˆ ¡¯¿‘
INFO:app:product_id : 1
INFO:app:cart api
INFO:app:cart api
INFO:werkzeug:192.168.0.81 - - [01/Aug/2023 14:27:28] "POST /cart HTTP/1.1" 200 -
INFO:werkzeug:192.168.0.91 - - [01/Aug/2023 14:27:28] "GET /cart HTTP/1.1" 200 -
INFO:werkzeug:192.168.0.125 - - [01/Aug/2023 14:27:28] "GET /cart HTTP/1.1" 200 -
INFO:app:¿ÂπŸ±∏¥œ ∆‰¿Ã¡ˆ ¡¯¿‘
INFO:app:product_id : 1
INFO:app:cart api
INFO:werkzeug:192.168.0.146 - - [01/Aug/2023 14:27:28] "POST /cart HTTP/1.1" 200 -
INFO:werkzeug:192.168.0.91 - - [01/Aug/2023 14:27:28] "GET /cart HTTP/1.1" 200 -
INFO:app:¿ÂπŸ±∏¥œ ∆‰¿Ã¡ˆ ¡¯¿‘
INFO:app:product_id : 1
INFO:app:cart api
INFO:werkzeug:192.168.0.146 - - [01/Aug/2023 14:27:28] "POST /cart HTTP/1.1" 200 -
INFO:werkzeug:192.168.0.125 - - [01/Aug/2023 14:27:28] "GET /cart HTTP/1.1" 200 -
INFO:app:cart api
INFO:werkzeug:192.168.0.91 - - [01/Aug/2023 14:27:28] "GET /cart HTTP/1.1" 200 -
INFO:app:cart api
INFO:werkzeug:192.168.0.91 - - [01/Aug/2023 14:27:29] "GET /cart HTTP/1.1" 200 -
INFO:werkzeug:192.168.0.133 - - [01/Aug/2023 14:27:29] "[33mGET /script.js HTTP/1.1[0m" 404 -
INFO:app:cart api
INFO:werkzeug:192.168.0.91 - - [01/Aug/2023 14:27:29] "GET /cart HTTP/1.1" 200 -
INFO:app:cart api
INFO:werkzeug:192.168.0.91 - - [01/Aug/2023 14:27:29] "GET /cart HTTP/1.1" 200 -
INFO:werkzeug:192.168.0.111 - - [01/Aug/2023 14:27:29] "[33mGET /script.js HTTP/1.1[0m" 404 -
INFO:app:¿ÂπŸ±∏¥œ ∆‰¿Ã¡ˆ ¡¯¿‘
INFO:app:product_id : 1
INFO:app:¿ÂπŸ±∏¥œ ∆‰¿Ã¡ˆ ¡¯¿‘
INFO:app:product_id : 1
INFO:werkzeug:192.168.0.146 - - [01/Aug/2023 14:27:29] "POST /cart HTTP/1.1" 200 -
INFO:werkzeug:192.168.0.81 - - [01/Aug/2023 14:27:29] "POST /cart HTTP/1.1" 200 -
INFO:app:¿ÂπŸ±∏¥œ ∆‰¿Ã¡ˆ ¡¯¿‘
INFO:app:product_id : 1
INFO:werkzeug:192.168.0.146 - - [01/Aug/2023 14:27:29] "POST /cart HTTP/1.1" 200 -
INFO:app:cart api
INFO:werkzeug:192.168.0.91 - - [01/Aug/2023 14:27:29] "GET /cart HTTP/1.1" 200 -
INFO:app:¿ÂπŸ±∏¥œ ∆‰¿Ã¡ˆ ¡¯¿‘
INFO:app:product_id : 1
INFO:app:cart api
INFO:werkzeug:192.168.0.146 - - [01/Aug/2023 14:27:30] "POST /cart HTTP/1.1" 200 -
INFO:werkzeug:192.168.0.91 - - [01/Aug/2023 14:27:30] "GET /cart HTTP/1.1" 200 -
INFO:app:cart api
INFO:werkzeug:192.168.0.136 - - [01/Aug/2023 14:27:30] "GET /cart HTTP/1.1" 200 -
INFO:app:¿ÂπŸ±∏¥œ ∆‰¿Ã¡ˆ ¡¯¿‘
INFO:app:product_id : 1
INFO:app:cart api
INFO:werkzeug:192.168.0.146 - - [01/Aug/2023 14:27:30] "POST /cart HTTP/1.1" 200 -
INFO:app:cart api
INFO:werkzeug:192.168.0.91 - - [01/Aug/2023 14:27:30] "GET /cart HTTP/1.1" 200 -
INFO:werkzeug:192.168.0.136 - - [01/Aug/2023 14:27:30] "GET /cart HTTP/1.1" 200 -
INFO:app:cart api
INFO:werkzeug:192.168.0.136 - - [01/Aug/2023 14:27:30] "GET /cart HTTP/1.1" 200 -
INFO:app:cart api
INFO:app:¿ÂπŸ±∏¥œ ∆‰¿Ã¡ˆ ¡¯¿‘
INFO:app:product_id : 1
INFO:app:∑Œ±◊¿Œ ∆‰¿Ã¡ˆ ¡¯¿‘
INFO:werkzeug:192.168.0.111 - - [01/Aug/2023 14:27:30] "GET /login HTTP/1.1" 200 -
INFO:werkzeug:192.168.0.91 - - [01/Aug/2023 14:27:30] "GET /cart HTTP/1.1" 200 -
INFO:app:cart api
INFO:werkzeug:192.168.0.111 - - [01/Aug/2023 14:27:30] "[36mGET /static/dist/css/bootstrap.min.css HTTP/1.1[0m" 304 -
INFO:werkzeug:192.168.0.146 - - [01/Aug/2023 14:27:30] "POST /cart HTTP/1.1" 200 -
INFO:werkzeug:192.168.0.111 - - [01/Aug/2023 14:27:30] "[36mGET /static/images/catlogo_1.png HTTP/1.1[0m" 304 -
INFO:app:¿ÂπŸ±∏¥œ ∆‰¿Ã¡ˆ ¡¯¿‘
INFO:werkzeug:192.168.0.111 - - [01/Aug/2023 14:27:30] "[36mGET /static/signin.css HTTP/1.1[0m" 304 -
INFO:app:product_id : 1
INFO:werkzeug:192.168.0.136 - - [01/Aug/2023 14:27:30] "GET /cart HTTP/1.1" 200 -
INFO:app:cart api
INFO:werkzeug:192.168.0.146 - - [01/Aug/2023 14:27:31] "POST /cart HTTP/1.1" 200 -
INFO:werkzeug:192.168.0.91 - - [01/Aug/2023 14:27:31] "GET /cart HTTP/1.1" 200 -
INFO:app:cart api
INFO:app:¿ÂπŸ±∏¥œ ∆‰¿Ã¡ˆ ¡¯¿‘
INFO:app:product_id : 1
INFO:werkzeug:192.168.0.136 - - [01/Aug/2023 14:27:31] "GET /cart HTTP/1.1" 200 -
INFO:werkzeug:192.168.0.81 - - [01/Aug/2023 14:27:31] "POST /cart HTTP/1.1" 200 -
INFO:app:cart api
INFO:app:cart api
INFO:werkzeug:192.168.0.136 - - [01/Aug/2023 14:27:31] "GET /cart HTTP/1.1" 200 -
INFO:werkzeug:192.168.0.91 - - [01/Aug/2023 14:27:31] "GET /cart HTTP/1.1" 200 -
INFO:app:¿ÂπŸ±∏¥œ ∆‰¿Ã¡ˆ ¡¯¿‘
INFO:app:product_id : 1
INFO:app:∑Œ±◊¿Œ ∆‰¿Ã¡ˆ ¡¯¿‘
INFO:werkzeug:192.168.0.172 - - [01/Aug/2023 14:27:31] "GET /login HTTP/1.1" 200 -
INFO:app:cart api
INFO:werkzeug:192.168.0.172 - - [01/Aug/2023 14:27:31] "[36mGET /static/dist/css/bootstrap.min.css HTTP/1.1[0m" 304 -
INFO:werkzeug:192.168.0.146 - - [01/Aug/2023 14:27:31] "POST /cart HTTP/1.1" 200 -
INFO:werkzeug:192.168.0.136 - - [01/Aug/2023 14:27:31] "GET /cart HTTP/1.1" 200 -
INFO:app:¿ÂπŸ±∏¥œ ∆‰¿Ã¡ˆ ¡¯¿‘
INFO:app:cart api
INFO:app:product_id : 1
INFO:app:cart api
INFO:werkzeug:192.168.0.172 - - [01/Aug/2023 14:27:31] "[36mGET /static/images/catlogo_1.png HTTP/1.1[0m" 304 -
INFO:werkzeug:192.168.0.91 - - [01/Aug/2023 14:27:31] "GET /cart HTTP/1.1" 200 -
INFO:werkzeug:192.168.0.136 - - [01/Aug/2023 14:27:31] "GET /cart HTTP/1.1" 200 -
INFO:werkzeug:192.168.0.172 - - [01/Aug/2023 14:27:31] "[36mGET /static/signin.css HTTP/1.1[0m" 304 -
INFO:werkzeug:192.168.0.146 - - [01/Aug/2023 14:27:31] "POST /cart HTTP/1.1" 200 -
INFO:app:cart api
INFO:app:cart api
INFO:app:¿ÂπŸ±∏¥œ ∆‰¿Ã¡ˆ ¡¯¿‘
INFO:app:product_id : 1
INFO:werkzeug:192.168.0.91 - - [01/Aug/2023 14:27:32] "GET /cart HTTP/1.1" 200 -
INFO:werkzeug:192.168.0.136 - - [01/Aug/2023 14:27:32] "GET /cart HTTP/1.1" 200 -
INFO:werkzeug:192.168.0.146 - - [01/Aug/2023 14:27:32] "POST /cart HTTP/1.1" 200 -
INFO:app:cart api
INFO:app:cart api
INFO:werkzeug:192.168.0.91 - - [01/Aug/2023 14:27:32] "GET /cart HTTP/1.1" 200 -
INFO:werkzeug:192.168.0.136 - - [01/Aug/2023 14:27:32] "GET /cart HTTP/1.1" 200 -
INFO:app:¿ÂπŸ±∏¥œ ∆‰¿Ã¡ˆ ¡¯¿‘
INFO:app:product_id : 1
INFO:app:cart api
INFO:werkzeug:192.168.0.146 - - [01/Aug/2023 14:27:32] "POST /cart HTTP/1.1" 200 -
INFO:werkzeug:192.168.0.136 - - [01/Aug/2023 14:27:32] "GET /cart HTTP/1.1" 200 -
INFO:app:¿ÂπŸ±∏¥œ ∆‰¿Ã¡ˆ ¡¯¿‘
INFO:app:product_id : 1
INFO:app:cart api
INFO:werkzeug:192.168.0.146 - - [01/Aug/2023 14:27:32] "POST /cart HTTP/1.1" 200 -
INFO:werkzeug:192.168.0.91 - - [01/Aug/2023 14:27:32] "GET /cart HTTP/1.1" 200 -
INFO:app:cart api
INFO:werkzeug:192.168.0.136 - - [01/Aug/2023 14:27:32] "GET /cart HTTP/1.1" 200 -
INFO:app:cart api
INFO:app:cart api
INFO:werkzeug:192.168.0.111 - - [01/Aug/2023 14:27:32] "[33mGET /register HTTP/1.1[0m" 404 -
INFO:werkzeug:192.168.0.91 - - [01/Aug/2023 14:27:32] "GET /cart HTTP/1.1" 200 -
INFO:werkzeug:192.168.0.136 - - [01/Aug/2023 14:27:32] "GET /cart HTTP/1.1" 200 -
INFO:app:cart api
INFO:app:cart api
INFO:werkzeug:192.168.0.136 - - [01/Aug/2023 14:27:33] "GET /cart HTTP/1.1" 200 -
INFO:werkzeug:192.168.0.91 - - [01/Aug/2023 14:27:33] "GET /cart HTTP/1.1" 200 -
INFO:app:cart api
INFO:app:cart api
INFO:app:cart api
INFO:werkzeug:192.168.0.136 - - [01/Aug/2023 14:27:33] "GET /cart HTTP/1.1" 200 -
INFO:werkzeug:192.168.0.81 - - [01/Aug/2023 14:27:33] "GET /cart HTTP/1.1" 200 -
INFO:app:cart api
INFO:werkzeug:192.168.0.91 - - [01/Aug/2023 14:27:33] "GET /cart HTTP/1.1" 200 -
INFO:werkzeug:192.168.0.160 - - [01/Aug/2023 14:27:33] "GET / HTTP/1.1" 200 -
INFO:werkzeug:192.168.0.136 - - [01/Aug/2023 14:27:33] "GET /cart HTTP/1.1" 200 -
INFO:app:cart api
INFO:werkzeug:192.168.0.160 - - [01/Aug/2023 14:27:33] "GET /static/css/style.css HTTP/1.1" 200 -
INFO:werkzeug:192.168.0.81 - - [01/Aug/2023 14:27:33] "GET /cart HTTP/1.1" 200 -
INFO:app:cart api
INFO:werkzeug:192.168.0.160 - - [01/Aug/2023 14:27:33] "[33mGET /script.js HTTP/1.1[0m" 404 -
INFO:app:cart api
INFO:werkzeug:192.168.0.160 - - [01/Aug/2023 14:27:33] "GET /static/images/0721.jpg HTTP/1.1" 200 -
INFO:werkzeug:192.168.0.160 - - [01/Aug/2023 14:27:33] "[33mGET /static/images/abput-img.png HTTP/1.1[0m" 404 -
INFO:werkzeug:192.168.0.91 - - [01/Aug/2023 14:27:33] "GET /cart HTTP/1.1" 200 -
INFO:werkzeug:192.168.0.160 - - [01/Aug/2023 14:27:33] "GET /static/images/img-1.png HTTP/1.1" 200 -
INFO:werkzeug:192.168.0.160 - - [01/Aug/2023 14:27:33] "GET /static/images/food.jpg HTTP/1.1" 200 -
INFO:werkzeug:192.168.0.172 - - [01/Aug/2023 14:27:33] "[33mGET /register HTTP/1.1[0m" 404 -
INFO:werkzeug:192.168.0.136 - - [01/Aug/2023 14:27:33] "GET /cart HTTP/1.1" 200 -
INFO:werkzeug:192.168.0.160 - - [01/Aug/2023 14:27:33] "GET /static/images/img-2.png HTTP/1.1" 200 -
INFO:app:cart api
INFO:werkzeug:192.168.0.160 - - [01/Aug/2023 14:27:33] "GET /static/images/img-4.png HTTP/1.1" 200 -
INFO:app:cart api
INFO:werkzeug:192.168.0.136 - - [01/Aug/2023 14:27:33] "GET /cart HTTP/1.1" 200 -
INFO:werkzeug:192.168.0.160 - - [01/Aug/2023 14:27:34] "GET /static/images/img-3.png HTTP/1.1" 200 -
INFO:werkzeug:192.168.0.91 - - [01/Aug/2023 14:27:34] "GET /cart HTTP/1.1" 200 -
INFO:app:cart api
INFO:werkzeug:192.168.0.160 - - [01/Aug/2023 14:27:34] "[33mGET /favicon.ico HTTP/1.1[0m" 404 -
INFO:werkzeug:192.168.0.136 - - [01/Aug/2023 14:27:34] "GET /cart HTTP/1.1" 200 -
INFO:app:cart api
INFO:app:cart api
INFO:werkzeug:192.168.0.136 - - [01/Aug/2023 14:27:34] "GET /cart HTTP/1.1" 200 -
INFO:werkzeug:192.168.0.91 - - [01/Aug/2023 14:27:34] "GET /cart HTTP/1.1" 200 -
INFO:app:cart api
INFO:werkzeug:192.168.0.136 - - [01/Aug/2023 14:27:34] "GET /cart HTTP/1.1" 200 -
INFO:app:¿ÂπŸ±∏¥œ ∆‰¿Ã¡ˆ ¡¯¿‘
INFO:app:product_id : 1
INFO:app:cart api
INFO:werkzeug:192.168.0.146 - - [01/Aug/2023 14:27:34] "POST /cart HTTP/1.1" 200 -
INFO:app:cart api
INFO:werkzeug:192.168.0.136 - - [01/Aug/2023 14:27:34] "GET /cart HTTP/1.1" 200 -
INFO:werkzeug:192.168.0.91 - - [01/Aug/2023 14:27:34] "GET /cart HTTP/1.1" 200 -
INFO:app:cart api
INFO:werkzeug:192.168.0.136 - - [01/Aug/2023 14:27:34] "GET /cart HTTP/1.1" 200 -
INFO:app:∞·¡¶ ∆‰¿Ã¡ˆ ¡¯¿‘ ¡ﬂ
ERROR:app:Exception on /kakaopay/1 [GET]
Traceback (most recent call last):
  File "C:\Users\okseok\anaconda3\lib\site-packages\flask\app.py", line 2190, in wsgi_app
    response = self.full_dispatch_request()
  File "C:\Users\okseok\anaconda3\lib\site-packages\flask\app.py", line 1486, in full_dispatch_request
    rv = self.handle_user_exception(e)
  File "C:\Users\okseok\anaconda3\lib\site-packages\flask\app.py", line 1484, in full_dispatch_request
    rv = self.dispatch_request()
  File "C:\Users\okseok\anaconda3\lib\site-packages\flask\app.py", line 1469, in dispatch_request
    return self.ensure_sync(self.view_functions[rule.endpoint])(**view_args)
  File "C:\ITStudy\06_flask\onlineshop\personal_project-main\app\views\control_views.py", line 183, in kakaopay
    return redirect(url_for('cart.html', products=products, form=form))
  File "C:\Users\okseok\anaconda3\lib\site-packages\flask\helpers.py", line 225, in url_for
    return current_app.url_for(
  File "C:\Users\okseok\anaconda3\lib\site-packages\flask\app.py", line 1697, in url_for
    return self.handle_url_build_error(error, endpoint, values)
  File "C:\Users\okseok\anaconda3\lib\site-packages\flask\app.py", line 1686, in url_for
    rv = url_adapter.build(  # type: ignore[union-attr]
  File "C:\Users\okseok\anaconda3\lib\site-packages\werkzeug\routing\map.py", line 950, in build
    raise BuildError(endpoint, values, method, self)
werkzeug.routing.exceptions.BuildError: Could not build url for endpoint 'cart.html' with values ['form', 'products']. Did you mean 'test.hello_html' instead?
INFO:app:cart api
INFO:app:cart api
INFO:werkzeug:192.168.0.114 - - [01/Aug/2023 14:27:34] "[35m[1mGET /kakaopay/1 HTTP/1.1[0m" 500 -
INFO:werkzeug:192.168.0.91 - - [01/Aug/2023 14:27:34] "GET /cart HTTP/1.1" 200 -
INFO:werkzeug:192.168.0.136 - - [01/Aug/2023 14:27:34] "GET /cart HTTP/1.1" 200 -
INFO:app:cart api
INFO:app:¿ÂπŸ±∏¥œ ∆‰¿Ã¡ˆ ¡¯¿‘
INFO:app:product_id : 1
INFO:werkzeug:192.168.0.136 - - [01/Aug/2023 14:27:35] "GET /cart HTTP/1.1" 200 -
INFO:werkzeug:192.168.0.146 - - [01/Aug/2023 14:27:35] "POST /cart HTTP/1.1" 200 -
INFO:app:cart api
INFO:werkzeug:192.168.0.91 - - [01/Aug/2023 14:27:35] "GET /cart HTTP/1.1" 200 -
INFO:app:cart api
INFO:werkzeug:192.168.0.136 - - [01/Aug/2023 14:27:35] "GET /cart HTTP/1.1" 200 -
INFO:app:cart api
INFO:werkzeug:192.168.0.136 - - [01/Aug/2023 14:27:35] "GET /cart HTTP/1.1" 200 -
INFO:app:cart api
INFO:werkzeug:192.168.0.91 - - [01/Aug/2023 14:27:35] "GET /cart HTTP/1.1" 200 -
INFO:app:cart api
INFO:werkzeug:192.168.0.91 - - [01/Aug/2023 14:27:35] "GET /cart HTTP/1.1" 200 -
INFO:app:cart api
INFO:werkzeug:192.168.0.91 - - [01/Aug/2023 14:27:36] "GET /cart HTTP/1.1" 200 -
INFO:app:cart api
INFO:werkzeug:192.168.0.91 - - [01/Aug/2023 14:27:36] "GET /cart HTTP/1.1" 200 -
INFO:app:cart api
INFO:werkzeug:192.168.0.91 - - [01/Aug/2023 14:27:37] "GET /cart HTTP/1.1" 200 -
INFO:app:¿ÂπŸ±∏¥œ ∆‰¿Ã¡ˆ ¡¯¿‘
INFO:app:product_id : 1
INFO:werkzeug:192.168.0.146 - - [01/Aug/2023 14:27:37] "POST /cart HTTP/1.1" 200 -
INFO:app:cart api
INFO:werkzeug:192.168.0.91 - - [01/Aug/2023 14:27:37] "GET /cart HTTP/1.1" 200 -
INFO:app:cart api
INFO:werkzeug:192.168.0.91 - - [01/Aug/2023 14:27:37] "GET /cart HTTP/1.1" 200 -
INFO:app:cart api
INFO:werkzeug:192.168.0.91 - - [01/Aug/2023 14:27:37] "GET /cart HTTP/1.1" 200 -
INFO:app:¿ÂπŸ±∏¥œ ∆‰¿Ã¡ˆ ¡¯¿‘
INFO:app:product_id : 1
INFO:werkzeug:192.168.0.146 - - [01/Aug/2023 14:27:38] "POST /cart HTTP/1.1" 200 -
INFO:app:cart api
INFO:werkzeug:192.168.0.91 - - [01/Aug/2023 14:27:38] "GET /cart HTTP/1.1" 200 -
INFO:app:¿ÂπŸ±∏¥œ ∆‰¿Ã¡ˆ ¡¯¿‘
INFO:app:product_id : 1
INFO:werkzeug:192.168.0.146 - - [01/Aug/2023 14:27:38] "POST /cart HTTP/1.1" 200 -
INFO:app:¿ÂπŸ±∏¥œ ∆‰¿Ã¡ˆ ¡¯¿‘
INFO:app:product_id : 1
INFO:werkzeug:192.168.0.146 - - [01/Aug/2023 14:27:38] "POST /cart HTTP/1.1" 200 -
INFO:app:cart api
INFO:app:¿ÂπŸ±∏¥œ ∆‰¿Ã¡ˆ ¡¯¿‘
INFO:app:product_id : 1
INFO:werkzeug:192.168.0.91 - - [01/Aug/2023 14:27:38] "GET /cart HTTP/1.1" 200 -
INFO:werkzeug:192.168.0.146 - - [01/Aug/2023 14:27:38] "POST /cart HTTP/1.1" 200 -
INFO:app:¿ÂπŸ±∏¥œ ∆‰¿Ã¡ˆ ¡¯¿‘
INFO:app:product_id : 1
INFO:werkzeug:192.168.0.146 - - [01/Aug/2023 14:27:38] "POST /cart HTTP/1.1" 200 -
INFO:app:cart api
INFO:werkzeug:192.168.0.91 - - [01/Aug/2023 14:27:38] "GET /cart HTTP/1.1" 200 -
INFO:app:¿ÂπŸ±∏¥œ ∆‰¿Ã¡ˆ ¡¯¿‘
INFO:app:product_id : 1
INFO:werkzeug:192.168.0.146 - - [01/Aug/2023 14:27:38] "POST /cart HTTP/1.1" 200 -
INFO:app:cart api
INFO:werkzeug:192.168.0.91 - - [01/Aug/2023 14:27:39] "GET /cart HTTP/1.1" 200 -
INFO:app:¿ÂπŸ±∏¥œ ∆‰¿Ã¡ˆ ¡¯¿‘
INFO:app:product_id : 1
INFO:werkzeug:192.168.0.146 - - [01/Aug/2023 14:27:39] "POST /cart HTTP/1.1" 200 -
INFO:app:cart api
INFO:werkzeug:192.168.0.91 - - [01/Aug/2023 14:27:39] "GET /cart HTTP/1.1" 200 -
INFO:app:¿ÂπŸ±∏¥œ ∆‰¿Ã¡ˆ ¡¯¿‘
INFO:app:product_id : 1
INFO:app:cart api
INFO:werkzeug:192.168.0.91 - - [01/Aug/2023 14:27:39] "GET /cart HTTP/1.1" 200 -
INFO:werkzeug:192.168.0.146 - - [01/Aug/2023 14:27:39] "POST /cart HTTP/1.1" 200 -
INFO:app:cart api
INFO:app:¿ÂπŸ±∏¥œ ∆‰¿Ã¡ˆ ¡¯¿‘
INFO:app:product_id : 1
INFO:werkzeug:192.168.0.91 - - [01/Aug/2023 14:27:39] "GET /cart HTTP/1.1" 200 -
INFO:werkzeug:192.168.0.146 - - [01/Aug/2023 14:27:39] "POST /cart HTTP/1.1" 200 -
INFO:app:¿ÂπŸ±∏¥œ ∆‰¿Ã¡ˆ ¡¯¿‘
INFO:app:product_id : 1
INFO:werkzeug:192.168.0.146 - - [01/Aug/2023 14:27:40] "POST /cart HTTP/1.1" 200 -
INFO:app:cart api
INFO:werkzeug:192.168.0.91 - - [01/Aug/2023 14:27:40] "GET /cart HTTP/1.1" 200 -
INFO:app:cart api
INFO:app:¿ÂπŸ±∏¥œ ∆‰¿Ã¡ˆ ¡¯¿‘
INFO:app:product_id : 1
INFO:werkzeug:192.168.0.146 - - [01/Aug/2023 14:27:40] "POST /cart HTTP/1.1" 200 -
INFO:werkzeug:192.168.0.91 - - [01/Aug/2023 14:27:40] "GET /cart HTTP/1.1" 200 -
INFO:app:¿ÂπŸ±∏¥œ ∆‰¿Ã¡ˆ ¡¯¿‘
INFO:app:product_id : 1
INFO:werkzeug:192.168.0.146 - - [01/Aug/2023 14:27:40] "POST /cart HTTP/1.1" 200 -
INFO:app:cart api
INFO:app:¿ÂπŸ±∏¥œ ∆‰¿Ã¡ˆ ¡¯¿‘
INFO:app:product_id : 2
INFO:werkzeug:192.168.0.91 - - [01/Aug/2023 14:27:40] "GET /cart HTTP/1.1" 200 -
INFO:werkzeug:192.168.0.81 - - [01/Aug/2023 14:27:40] "POST /cart HTTP/1.1" 200 -
INFO:app:cart api
INFO:app:¿ÂπŸ±∏¥œ ∆‰¿Ã¡ˆ ¡¯¿‘
INFO:app:product_id : 1
INFO:werkzeug:192.168.0.91 - - [01/Aug/2023 14:27:41] "GET /cart HTTP/1.1" 200 -
INFO:werkzeug:192.168.0.146 - - [01/Aug/2023 14:27:41] "POST /cart HTTP/1.1" 200 -
INFO:app:¿ÂπŸ±∏¥œ ∆‰¿Ã¡ˆ ¡¯¿‘
INFO:app:product_id : 1
INFO:app:cart api
INFO:werkzeug:192.168.0.146 - - [01/Aug/2023 14:27:41] "POST /cart HTTP/1.1" 200 -
INFO:app:¿ÂπŸ±∏¥œ ∆‰¿Ã¡ˆ ¡¯¿‘
INFO:app:product_id : 1
INFO:werkzeug:192.168.0.91 - - [01/Aug/2023 14:27:41] "GET /cart HTTP/1.1" 200 -
INFO:werkzeug:192.168.0.146 - - [01/Aug/2023 14:27:41] "POST /cart HTTP/1.1" 200 -
INFO:app:cart api
INFO:werkzeug:192.168.0.91 - - [01/Aug/2023 14:27:41] "GET /cart HTTP/1.1" 200 -
INFO:app:¿ÂπŸ±∏¥œ ∆‰¿Ã¡ˆ ¡¯¿‘
INFO:app:product_id : 1
INFO:werkzeug:192.168.0.146 - - [01/Aug/2023 14:27:41] "POST /cart HTTP/1.1" 200 -
INFO:app:¿ÂπŸ±∏¥œ ∆‰¿Ã¡ˆ ¡¯¿‘
INFO:app:product_id : 1
INFO:app:cart api
INFO:werkzeug:192.168.0.146 - - [01/Aug/2023 14:27:41] "POST /cart HTTP/1.1" 200 -
INFO:werkzeug:192.168.0.91 - - [01/Aug/2023 14:27:41] "GET /cart HTTP/1.1" 200 -
INFO:app:cart api
INFO:werkzeug:192.168.0.91 - - [01/Aug/2023 14:27:42] "GET /cart HTTP/1.1" 200 -
INFO:app:¿ÂπŸ±∏¥œ ∆‰¿Ã¡ˆ ¡¯¿‘
INFO:app:product_id : 1
INFO:app:¿ÂπŸ±∏¥œ ∆‰¿Ã¡ˆ ¡¯¿‘
INFO:app:product_id : 1
INFO:werkzeug:192.168.0.146 - - [01/Aug/2023 14:27:42] "POST /cart HTTP/1.1" 200 -
INFO:app:¿ÂπŸ±∏¥œ ∆‰¿Ã¡ˆ ¡¯¿‘
INFO:app:product_id : 1
INFO:werkzeug:192.168.0.146 - - [01/Aug/2023 14:27:42] "POST /cart HTTP/1.1" 200 -
INFO:werkzeug:192.168.0.146 - - [01/Aug/2023 14:27:42] "POST /cart HTTP/1.1" 200 -
INFO:app:cart api
INFO:werkzeug:192.168.0.97 - - [01/Aug/2023 14:27:42] "GET /cart HTTP/1.1" 200 -
INFO:app:¿ÂπŸ±∏¥œ ∆‰¿Ã¡ˆ ¡¯¿‘
INFO:app:cart api
INFO:app:product_id : 2
INFO:app:cart api
INFO:werkzeug:192.168.0.91 - - [01/Aug/2023 14:27:42] "GET /cart HTTP/1.1" 200 -
INFO:werkzeug:192.168.0.81 - - [01/Aug/2023 14:27:42] "POST /cart HTTP/1.1" 200 -
INFO:werkzeug:192.168.0.97 - - [01/Aug/2023 14:27:42] "GET /cart HTTP/1.1" 200 -
INFO:app:cart api
INFO:werkzeug:192.168.0.91 - - [01/Aug/2023 14:27:42] "GET /cart HTTP/1.1" 200 -
INFO:app:¿ÂπŸ±∏¥œ ∆‰¿Ã¡ˆ ¡¯¿‘
INFO:app:product_id : 1
INFO:werkzeug:192.168.0.146 - - [01/Aug/2023 14:27:42] "POST /cart HTTP/1.1" 200 -
INFO:app:¿ÂπŸ±∏¥œ ∆‰¿Ã¡ˆ ¡¯¿‘
INFO:app:product_id : 1
INFO:werkzeug:192.168.0.146 - - [01/Aug/2023 14:27:43] "POST /cart HTTP/1.1" 200 -
INFO:app:cart api
INFO:werkzeug:192.168.0.91 - - [01/Aug/2023 14:27:43] "GET /cart HTTP/1.1" 200 -
INFO:app:∑Œ±◊¿Œ ∆‰¿Ã¡ˆ ¡¯¿‘
INFO:werkzeug:192.168.0.133 - - [01/Aug/2023 14:27:43] "GET /login HTTP/1.1" 200 -
INFO:werkzeug:192.168.0.133 - - [01/Aug/2023 14:27:43] "[36mGET /static/dist/css/bootstrap.min.css HTTP/1.1[0m" 304 -
INFO:werkzeug:192.168.0.133 - - [01/Aug/2023 14:27:43] "[36mGET /static/signin.css HTTP/1.1[0m" 304 -
INFO:werkzeug:192.168.0.133 - - [01/Aug/2023 14:27:43] "[36mGET /static/images/catlogo_1.png HTTP/1.1[0m" 304 -
INFO:app:cart api
INFO:werkzeug:192.168.0.91 - - [01/Aug/2023 14:27:43] "GET /cart HTTP/1.1" 200 -
INFO:app:¿ÂπŸ±∏¥œ ∆‰¿Ã¡ˆ ¡¯¿‘
INFO:app:product_id : 1
INFO:app:cart api
INFO:werkzeug:192.168.0.146 - - [01/Aug/2023 14:27:43] "POST /cart HTTP/1.1" 200 -
INFO:werkzeug:192.168.0.91 - - [01/Aug/2023 14:27:43] "GET /cart HTTP/1.1" 200 -
INFO:app:¿ÂπŸ±∏¥œ ∆‰¿Ã¡ˆ ¡¯¿‘
INFO:app:product_id : 1
INFO:app:¿ÂπŸ±∏¥œ ∆‰¿Ã¡ˆ ¡¯¿‘
INFO:app:cart api
INFO:app:product_id : 1
INFO:werkzeug:192.168.0.146 - - [01/Aug/2023 14:27:43] "POST /cart HTTP/1.1" 200 -
INFO:werkzeug:192.168.0.91 - - [01/Aug/2023 14:27:43] "GET /cart HTTP/1.1" 200 -
INFO:app:¿ÂπŸ±∏¥œ ∆‰¿Ã¡ˆ ¡¯¿‘
INFO:app:product_id : 1
INFO:werkzeug:192.168.0.146 - - [01/Aug/2023 14:27:43] "POST /cart HTTP/1.1" 200 -
INFO:werkzeug:192.168.0.146 - - [01/Aug/2023 14:27:43] "POST /cart HTTP/1.1" 200 -
INFO:app:cart api
INFO:werkzeug:192.168.0.91 - - [01/Aug/2023 14:27:44] "GET /cart HTTP/1.1" 200 -
INFO:app:¿ÂπŸ±∏¥œ ∆‰¿Ã¡ˆ ¡¯¿‘
INFO:app:product_id : 2
INFO:werkzeug:192.168.0.81 - - [01/Aug/2023 14:27:44] "POST /cart HTTP/1.1" 200 -
INFO:app:cart api
INFO:werkzeug:192.168.0.91 - - [01/Aug/2023 14:27:44] "GET /cart HTTP/1.1" 200 -
INFO:app:¿ÂπŸ±∏¥œ ∆‰¿Ã¡ˆ ¡¯¿‘
INFO:app:product_id : 1
INFO:werkzeug:192.168.0.146 - - [01/Aug/2023 14:27:44] "POST /cart HTTP/1.1" 200 -
INFO:app:cart api
INFO:werkzeug:192.168.0.91 - - [01/Aug/2023 14:27:44] "GET /cart HTTP/1.1" 200 -
INFO:app:¿ÂπŸ±∏¥œ ∆‰¿Ã¡ˆ ¡¯¿‘
INFO:app:product_id : 1
INFO:app:cart api
INFO:werkzeug:192.168.0.146 - - [01/Aug/2023 14:27:44] "POST /cart HTTP/1.1" 200 -
INFO:werkzeug:192.168.0.91 - - [01/Aug/2023 14:27:44] "GET /cart HTTP/1.1" 200 -
INFO:app:cart api
INFO:app:¿ÂπŸ±∏¥œ ∆‰¿Ã¡ˆ ¡¯¿‘
INFO:app:product_id : 1
INFO:werkzeug:192.168.0.91 - - [01/Aug/2023 14:27:45] "GET /cart HTTP/1.1" 200 -
INFO:werkzeug:192.168.0.111 - - [01/Aug/2023 14:27:45] "[33mGET /script.js HTTP/1.1[0m" 404 -
INFO:werkzeug:192.168.0.146 - - [01/Aug/2023 14:27:45] "POST /cart HTTP/1.1" 200 -
INFO:app:¿ÂπŸ±∏¥œ ∆‰¿Ã¡ˆ ¡¯¿‘
INFO:app:product_id : 1
INFO:app:cart api
INFO:app:¿ÂπŸ±∏¥œ ∆‰¿Ã¡ˆ ¡¯¿‘
INFO:app:product_id : 1
INFO:werkzeug:192.168.0.146 - - [01/Aug/2023 14:27:45] "POST /cart HTTP/1.1" 200 -
INFO:werkzeug:192.168.0.91 - - [01/Aug/2023 14:27:45] "GET /cart HTTP/1.1" 200 -
INFO:werkzeug:192.168.0.146 - - [01/Aug/2023 14:27:45] "POST /cart HTTP/1.1" 200 -
INFO:app:¿ÂπŸ±∏¥œ ∆‰¿Ã¡ˆ ¡¯¿‘
INFO:app:product_id : 1
INFO:werkzeug:192.168.0.146 - - [01/Aug/2023 14:27:45] "POST /cart HTTP/1.1" 200 -
INFO:werkzeug:192.168.0.97 - - [01/Aug/2023 14:27:45] "[33mGET /script.js HTTP/1.1[0m" 404 -
INFO:app:cart api
INFO:werkzeug:192.168.0.91 - - [01/Aug/2023 14:27:45] "GET /cart HTTP/1.1" 200 -
INFO:app:¿ÂπŸ±∏¥œ ∆‰¿Ã¡ˆ ¡¯¿‘
INFO:app:product_id : 1
INFO:werkzeug:192.168.0.146 - - [01/Aug/2023 14:27:45] "POST /cart HTTP/1.1" 200 -
INFO:app:cart api
INFO:werkzeug:192.168.0.91 - - [01/Aug/2023 14:27:46] "GET /cart HTTP/1.1" 200 -
INFO:app:¿ÂπŸ±∏¥œ ∆‰¿Ã¡ˆ ¡¯¿‘
INFO:app:product_id : 1
INFO:werkzeug:192.168.0.146 - - [01/Aug/2023 14:27:46] "POST /cart HTTP/1.1" 200 -
INFO:app:cart api
INFO:app:¿ÂπŸ±∏¥œ ∆‰¿Ã¡ˆ ¡¯¿‘
INFO:app:product_id : 1
INFO:werkzeug:192.168.0.146 - - [01/Aug/2023 14:27:46] "POST /cart HTTP/1.1" 200 -
INFO:werkzeug:192.168.0.91 - - [01/Aug/2023 14:27:46] "GET /cart HTTP/1.1" 200 -
INFO:app:cart api
INFO:werkzeug:192.168.0.91 - - [01/Aug/2023 14:27:46] "GET /cart HTTP/1.1" 200 -
INFO:app:¿ÂπŸ±∏¥œ ∆‰¿Ã¡ˆ ¡¯¿‘
INFO:app:product_id : 1
INFO:werkzeug:192.168.0.146 - - [01/Aug/2023 14:27:47] "POST /cart HTTP/1.1" 200 -
INFO:app:¿ÂπŸ±∏¥œ ∆‰¿Ã¡ˆ ¡¯¿‘
INFO:app:product_id : 1
INFO:werkzeug:192.168.0.146 - - [01/Aug/2023 14:27:47] "POST /cart HTTP/1.1" 200 -
INFO:app:cart api
INFO:werkzeug:192.168.0.91 - - [01/Aug/2023 14:27:47] "GET /cart HTTP/1.1" 200 -
INFO:app:¿ÂπŸ±∏¥œ ∆‰¿Ã¡ˆ ¡¯¿‘
INFO:app:product_id : 1
INFO:werkzeug:192.168.0.146 - - [01/Aug/2023 14:27:47] "POST /cart HTTP/1.1" 200 -
INFO:app:cart api
INFO:werkzeug:192.168.0.91 - - [01/Aug/2023 14:27:47] "GET /cart HTTP/1.1" 200 -
INFO:app:¿ÂπŸ±∏¥œ ∆‰¿Ã¡ˆ ¡¯¿‘
INFO:app:product_id : 1
INFO:werkzeug:192.168.0.146 - - [01/Aug/2023 14:27:47] "POST /cart HTTP/1.1" 200 -
INFO:app:cart api
INFO:app:¿ÂπŸ±∏¥œ ∆‰¿Ã¡ˆ ¡¯¿‘
INFO:app:product_id : 1
INFO:werkzeug:192.168.0.91 - - [01/Aug/2023 14:27:48] "GET /cart HTTP/1.1" 200 -
INFO:werkzeug:192.168.0.146 - - [01/Aug/2023 14:27:48] "POST /cart HTTP/1.1" 200 -
INFO:app:¿ÂπŸ±∏¥œ ∆‰¿Ã¡ˆ ¡¯¿‘
INFO:app:product_id : 1
INFO:werkzeug:192.168.0.146 - - [01/Aug/2023 14:27:48] "POST /cart HTTP/1.1" 200 -
INFO:app:cart api
INFO:werkzeug:192.168.0.91 - - [01/Aug/2023 14:27:48] "GET /cart HTTP/1.1" 200 -
INFO:app:¿ÂπŸ±∏¥œ ∆‰¿Ã¡ˆ ¡¯¿‘
INFO:app:product_id : 1
INFO:werkzeug:192.168.0.146 - - [01/Aug/2023 14:27:48] "POST /cart HTTP/1.1" 200 -
INFO:werkzeug:192.168.0.133 - - [01/Aug/2023 14:27:48] "[33mGET /script.js HTTP/1.1[0m" 404 -
INFO:app:¿ÂπŸ±∏¥œ ∆‰¿Ã¡ˆ ¡¯¿‘
INFO:app:cart api
INFO:app:product_id : 1
INFO:werkzeug:192.168.0.146 - - [01/Aug/2023 14:27:48] "POST /cart HTTP/1.1" 200 -
INFO:app:¿ÂπŸ±∏¥œ ∆‰¿Ã¡ˆ ¡¯¿‘
INFO:app:product_id : 1
INFO:werkzeug:192.168.0.91 - - [01/Aug/2023 14:27:49] "GET /cart HTTP/1.1" 200 -
INFO:werkzeug:192.168.0.146 - - [01/Aug/2023 14:27:49] "POST /cart HTTP/1.1" 200 -
INFO:app:¿ÂπŸ±∏¥œ ∆‰¿Ã¡ˆ ¡¯¿‘
INFO:app:cart api
INFO:app:product_id : 1
INFO:werkzeug:192.168.0.146 - - [01/Aug/2023 14:27:49] "POST /cart HTTP/1.1" 200 -
INFO:werkzeug:192.168.0.91 - - [01/Aug/2023 14:27:49] "GET /cart HTTP/1.1" 200 -
INFO:app:¿ÂπŸ±∏¥œ ∆‰¿Ã¡ˆ ¡¯¿‘
INFO:app:product_id : 1
INFO:app:cart api
INFO:werkzeug:192.168.0.146 - - [01/Aug/2023 14:27:49] "POST /cart HTTP/1.1" 200 -
INFO:werkzeug:192.168.0.91 - - [01/Aug/2023 14:27:49] "GET /cart HTTP/1.1" 200 -
INFO:app:¿ÂπŸ±∏¥œ ∆‰¿Ã¡ˆ ¡¯¿‘
INFO:app:product_id : 1
INFO:werkzeug:192.168.0.97 - - [01/Aug/2023 14:27:49] "POST /cart HTTP/1.1" 200 -
INFO:app:cart api
INFO:werkzeug:192.168.0.91 - - [01/Aug/2023 14:27:49] "GET /cart HTTP/1.1" 200 -
INFO:app:¿ÂπŸ±∏¥œ ∆‰¿Ã¡ˆ ¡¯¿‘
INFO:app:product_id : 1
INFO:werkzeug:192.168.0.146 - - [01/Aug/2023 14:27:50] "POST /cart HTTP/1.1" 200 -
INFO:app:cart api
INFO:werkzeug:192.168.0.91 - - [01/Aug/2023 14:27:50] "GET /cart HTTP/1.1" 200 -
INFO:app:¿ÂπŸ±∏¥œ ∆‰¿Ã¡ˆ ¡¯¿‘
INFO:app:product_id : 1
INFO:werkzeug:192.168.0.146 - - [01/Aug/2023 14:27:50] "POST /cart HTTP/1.1" 200 -
INFO:app:cart api
INFO:werkzeug:192.168.0.91 - - [01/Aug/2023 14:27:50] "GET /cart HTTP/1.1" 200 -
INFO:app:¿ÂπŸ±∏¥œ ∆‰¿Ã¡ˆ ¡¯¿‘
INFO:app:product_id : 1
INFO:werkzeug:192.168.0.146 - - [01/Aug/2023 14:27:50] "POST /cart HTTP/1.1" 200 -
INFO:app:cart api
INFO:werkzeug:192.168.0.91 - - [01/Aug/2023 14:27:51] "GET /cart HTTP/1.1" 200 -
INFO:app:cart api
INFO:app:¿ÂπŸ±∏¥œ ∆‰¿Ã¡ˆ ¡¯¿‘
INFO:app:product_id : 1
INFO:werkzeug:192.168.0.146 - - [01/Aug/2023 14:27:51] "POST /cart HTTP/1.1" 200 -
INFO:werkzeug:192.168.0.91 - - [01/Aug/2023 14:27:51] "GET /cart HTTP/1.1" 200 -
INFO:app:¿ÂπŸ±∏¥œ ∆‰¿Ã¡ˆ ¡¯¿‘
INFO:app:product_id : 1
INFO:werkzeug:192.168.0.146 - - [01/Aug/2023 14:27:51] "POST /cart HTTP/1.1" 200 -
INFO:app:¿ÂπŸ±∏¥œ ∆‰¿Ã¡ˆ ¡¯¿‘
INFO:app:product_id : 1
INFO:app:cart api
INFO:werkzeug:192.168.0.146 - - [01/Aug/2023 14:27:51] "POST /cart HTTP/1.1" 200 -
INFO:werkzeug:192.168.0.91 - - [01/Aug/2023 14:27:51] "GET /cart HTTP/1.1" 200 -
INFO:app:cart api
INFO:werkzeug:192.168.0.91 - - [01/Aug/2023 14:27:51] "GET /cart HTTP/1.1" 200 -
INFO:app:¿ÂπŸ±∏¥œ ∆‰¿Ã¡ˆ ¡¯¿‘
INFO:app:product_id : 1
INFO:werkzeug:192.168.0.146 - - [01/Aug/2023 14:27:51] "POST /cart HTTP/1.1" 200 -
INFO:app:cart api
INFO:werkzeug:192.168.0.91 - - [01/Aug/2023 14:27:52] "GET /cart HTTP/1.1" 200 -
INFO:app:¿ÂπŸ±∏¥œ ∆‰¿Ã¡ˆ ¡¯¿‘
INFO:app:product_id : 1
INFO:werkzeug:192.168.0.146 - - [01/Aug/2023 14:27:52] "POST /cart HTTP/1.1" 200 -
INFO:app:cart api
INFO:werkzeug:192.168.0.91 - - [01/Aug/2023 14:27:52] "GET /cart HTTP/1.1" 200 -
INFO:app:¿ÂπŸ±∏¥œ ∆‰¿Ã¡ˆ ¡¯¿‘
INFO:app:product_id : 1
INFO:werkzeug:192.168.0.146 - - [01/Aug/2023 14:27:52] "POST /cart HTTP/1.1" 200 -
INFO:app:cart api
INFO:werkzeug:192.168.0.91 - - [01/Aug/2023 14:27:52] "GET /cart HTTP/1.1" 200 -
INFO:app:¿ÂπŸ±∏¥œ ∆‰¿Ã¡ˆ ¡¯¿‘
INFO:app:product_id : 1
INFO:werkzeug:192.168.0.146 - - [01/Aug/2023 14:27:52] "POST /cart HTTP/1.1" 200 -
INFO:app:¿ÂπŸ±∏¥œ ∆‰¿Ã¡ˆ ¡¯¿‘
INFO:app:product_id : 4
INFO:werkzeug:192.168.0.97 - - [01/Aug/2023 14:27:53] "POST /cart HTTP/1.1" 200 -
INFO:app:cart api
INFO:app:¿ÂπŸ±∏¥œ ∆‰¿Ã¡ˆ ¡¯¿‘
INFO:app:product_id : 5
INFO:werkzeug:192.168.0.160 - - [01/Aug/2023 14:27:53] "POST /cart HTTP/1.1" 200 -
INFO:werkzeug:192.168.0.91 - - [01/Aug/2023 14:27:53] "GET /cart HTTP/1.1" 200 -
INFO:app:¿ÂπŸ±∏¥œ ∆‰¿Ã¡ˆ ¡¯¿‘
INFO:app:product_id : 1
INFO:werkzeug:192.168.0.146 - - [01/Aug/2023 14:27:53] "POST /cart HTTP/1.1" 200 -
INFO:app:cart api
INFO:werkzeug:192.168.0.91 - - [01/Aug/2023 14:27:53] "GET /cart HTTP/1.1" 200 -
INFO:app:¿ÂπŸ±∏¥œ ∆‰¿Ã¡ˆ ¡¯¿‘
INFO:app:product_id : 1
INFO:werkzeug:192.168.0.146 - - [01/Aug/2023 14:27:53] "POST /cart HTTP/1.1" 200 -
INFO:werkzeug:192.168.0.172 - - [01/Aug/2023 14:27:53] "[33mGET /register HTTP/1.1[0m" 404 -
INFO:app:cart api
INFO:app:¿ÂπŸ±∏¥œ ∆‰¿Ã¡ˆ ¡¯¿‘
INFO:app:product_id : 1
INFO:werkzeug:192.168.0.91 - - [01/Aug/2023 14:27:53] "GET /cart HTTP/1.1" 200 -
INFO:werkzeug:192.168.0.146 - - [01/Aug/2023 14:27:53] "POST /cart HTTP/1.1" 200 -
INFO:app:¿ÂπŸ±∏¥œ ∆‰¿Ã¡ˆ ¡¯¿‘
INFO:app:product_id : 1
INFO:werkzeug:192.168.0.146 - - [01/Aug/2023 14:27:53] "POST /cart HTTP/1.1" 200 -
INFO:app:¿ÂπŸ±∏¥œ ∆‰¿Ã¡ˆ ¡¯¿‘
INFO:app:product_id : 1
INFO:werkzeug:192.168.0.146 - - [01/Aug/2023 14:27:54] "POST /cart HTTP/1.1" 200 -
INFO:app:cart api
INFO:werkzeug:192.168.0.91 - - [01/Aug/2023 14:27:54] "GET /cart HTTP/1.1" 200 -
INFO:app:¿ÂπŸ±∏¥œ ∆‰¿Ã¡ˆ ¡¯¿‘
INFO:app:product_id : 1
INFO:werkzeug:192.168.0.146 - - [01/Aug/2023 14:27:54] "POST /cart HTTP/1.1" 200 -
INFO:app:¿ÂπŸ±∏¥œ ∆‰¿Ã¡ˆ ¡¯¿‘
INFO:app:product_id : 1
INFO:app:cart api
INFO:werkzeug:192.168.0.146 - - [01/Aug/2023 14:27:54] "POST /cart HTTP/1.1" 200 -
INFO:werkzeug:192.168.0.91 - - [01/Aug/2023 14:27:54] "GET /cart HTTP/1.1" 200 -
INFO:app:cart api
INFO:werkzeug:192.168.0.91 - - [01/Aug/2023 14:27:54] "GET /cart HTTP/1.1" 200 -
INFO:app:¿ÂπŸ±∏¥œ ∆‰¿Ã¡ˆ ¡¯¿‘
INFO:app:product_id : 1
INFO:werkzeug:192.168.0.146 - - [01/Aug/2023 14:27:55] "POST /cart HTTP/1.1" 200 -
INFO:app:¿ÂπŸ±∏¥œ ∆‰¿Ã¡ˆ ¡¯¿‘
INFO:app:product_id : 4
INFO:werkzeug:192.168.0.97 - - [01/Aug/2023 14:27:55] "POST /cart HTTP/1.1" 200 -
INFO:app:cart api
INFO:werkzeug:192.168.0.91 - - [01/Aug/2023 14:27:55] "GET /cart HTTP/1.1" 200 -
INFO:app:¿ÂπŸ±∏¥œ ∆‰¿Ã¡ˆ ¡¯¿‘
INFO:app:product_id : 1
INFO:werkzeug:192.168.0.146 - - [01/Aug/2023 14:27:55] "POST /cart HTTP/1.1" 200 -
INFO:app:¿ÂπŸ±∏¥œ ∆‰¿Ã¡ˆ ¡¯¿‘
INFO:app:product_id : 1
INFO:werkzeug:192.168.0.146 - - [01/Aug/2023 14:27:55] "POST /cart HTTP/1.1" 200 -
INFO:app:cart api
INFO:werkzeug:192.168.0.91 - - [01/Aug/2023 14:27:55] "GET /cart HTTP/1.1" 200 -
INFO:app:¿ÂπŸ±∏¥œ ∆‰¿Ã¡ˆ ¡¯¿‘
INFO:app:product_id : 1
INFO:werkzeug:192.168.0.146 - - [01/Aug/2023 14:27:55] "POST /cart HTTP/1.1" 200 -
INFO:app:¿ÂπŸ±∏¥œ ∆‰¿Ã¡ˆ ¡¯¿‘
INFO:app:product_id : 1
INFO:werkzeug:192.168.0.146 - - [01/Aug/2023 14:27:55] "POST /cart HTTP/1.1" 200 -
INFO:app:cart api
INFO:werkzeug:192.168.0.91 - - [01/Aug/2023 14:27:56] "GET /cart HTTP/1.1" 200 -
INFO:app:cart api
INFO:werkzeug:192.168.0.91 - - [01/Aug/2023 14:27:56] "GET /cart HTTP/1.1" 200 -
INFO:app:¿ÂπŸ±∏¥œ ∆‰¿Ã¡ˆ ¡¯¿‘
INFO:app:product_id : 1
INFO:werkzeug:192.168.0.146 - - [01/Aug/2023 14:27:56] "POST /cart HTTP/1.1" 200 -
INFO:app:¿ÂπŸ±∏¥œ ∆‰¿Ã¡ˆ ¡¯¿‘
INFO:app:product_id : 1
INFO:werkzeug:192.168.0.146 - - [01/Aug/2023 14:27:56] "POST /cart HTTP/1.1" 200 -
INFO:app:cart api
INFO:werkzeug:192.168.0.91 - - [01/Aug/2023 14:27:56] "GET /cart HTTP/1.1" 200 -
INFO:app:cart api
INFO:werkzeug:192.168.0.91 - - [01/Aug/2023 14:27:57] "GET /cart HTTP/1.1" 200 -
INFO:app:¿ÂπŸ±∏¥œ ∆‰¿Ã¡ˆ ¡¯¿‘
INFO:app:product_id : 3
INFO:app:cart api
INFO:werkzeug:192.168.0.111 - - [01/Aug/2023 14:27:57] "POST /cart HTTP/1.1" 200 -
INFO:werkzeug:192.168.0.91 - - [01/Aug/2023 14:27:57] "GET /cart HTTP/1.1" 200 -
INFO:app:¿ÂπŸ±∏¥œ ∆‰¿Ã¡ˆ ¡¯¿‘
INFO:app:product_id : 6
INFO:werkzeug:192.168.0.172 - - [01/Aug/2023 14:27:58] "POST /cart HTTP/1.1" 200 -
INFO:app:cart api
INFO:werkzeug:192.168.0.91 - - [01/Aug/2023 14:27:58] "GET /cart HTTP/1.1" 200 -
INFO:app:cart api
INFO:werkzeug:192.168.0.91 - - [01/Aug/2023 14:27:59] "GET /cart HTTP/1.1" 200 -
INFO:app:cart api
INFO:werkzeug:192.168.0.160 - - [01/Aug/2023 14:27:59] "GET /cart HTTP/1.1" 200 -
INFO:app:cart api
INFO:werkzeug:192.168.0.160 - - [01/Aug/2023 14:27:59] "GET /cart HTTP/1.1" 200 -
INFO:app:¿ÂπŸ±∏¥œ ∆‰¿Ã¡ˆ ¡¯¿‘
INFO:app:product_id : 4
INFO:werkzeug:192.168.0.97 - - [01/Aug/2023 14:27:59] "POST /cart HTTP/1.1" 200 -
INFO:app:cart api
INFO:werkzeug:192.168.0.91 - - [01/Aug/2023 14:28:00] "GET /cart HTTP/1.1" 200 -
INFO:app:¿ÂπŸ±∏¥œ ∆‰¿Ã¡ˆ ¡¯¿‘
INFO:app:product_id : 3
INFO:werkzeug:192.168.0.172 - - [01/Aug/2023 14:28:00] "POST /cart HTTP/1.1" 200 -
INFO:app:¿ÂπŸ±∏¥œ ∆‰¿Ã¡ˆ ¡¯¿‘
INFO:app:product_id : 2
INFO:werkzeug:192.168.0.111 - - [01/Aug/2023 14:28:00] "POST /cart HTTP/1.1" 200 -
INFO:app:cart api
INFO:werkzeug:192.168.0.91 - - [01/Aug/2023 14:28:00] "GET /cart HTTP/1.1" 200 -
INFO:app:cart api
INFO:werkzeug:192.168.0.91 - - [01/Aug/2023 14:28:01] "GET /cart HTTP/1.1" 200 -
INFO:app:cart api
INFO:werkzeug:192.168.0.150 - - [01/Aug/2023 14:28:01] "GET /cart HTTP/1.1" 200 -
INFO:app:cart api
INFO:werkzeug:192.168.0.47 - - [01/Aug/2023 14:28:02] "GET /cart HTTP/1.1" 200 -
INFO:app:cart api
INFO:werkzeug:192.168.0.97 - - [01/Aug/2023 14:28:02] "GET /cart HTTP/1.1" 200 -
INFO:app:cart api
INFO:werkzeug:192.168.0.97 - - [01/Aug/2023 14:28:02] "GET /cart HTTP/1.1" 200 -
INFO:app:¿ÂπŸ±∏¥œ ∆‰¿Ã¡ˆ ¡¯¿‘
INFO:app:product_id : 1
INFO:werkzeug:192.168.0.172 - - [01/Aug/2023 14:28:02] "POST /cart HTTP/1.1" 200 -
INFO:app:cart api
INFO:werkzeug:192.168.0.111 - - [01/Aug/2023 14:28:02] "GET /cart HTTP/1.1" 200 -
INFO:app:cart api
INFO:werkzeug:192.168.0.111 - - [01/Aug/2023 14:28:02] "GET /cart HTTP/1.1" 200 -
INFO:app:cart api
INFO:app:cart api
INFO:werkzeug:192.168.0.150 - - [01/Aug/2023 14:28:03] "GET /cart HTTP/1.1" 200 -
INFO:werkzeug:192.168.0.47 - - [01/Aug/2023 14:28:03] "GET /cart HTTP/1.1" 200 -
INFO:app:cart api
INFO:werkzeug:192.168.0.91 - - [01/Aug/2023 14:28:03] "GET /cart HTTP/1.1" 200 -
INFO:app:cart api
INFO:werkzeug:192.168.0.47 - - [01/Aug/2023 14:28:03] "GET /cart HTTP/1.1" 200 -
INFO:app:cart api
INFO:werkzeug:192.168.0.91 - - [01/Aug/2023 14:28:04] "GET /cart HTTP/1.1" 200 -
INFO:app:cart api
INFO:werkzeug:192.168.0.150 - - [01/Aug/2023 14:28:04] "GET /cart HTTP/1.1" 200 -
INFO:app:cart api
INFO:app:cart api
INFO:werkzeug:192.168.0.47 - - [01/Aug/2023 14:28:04] "GET /cart HTTP/1.1" 200 -
INFO:werkzeug:192.168.0.111 - - [01/Aug/2023 14:28:04] "GET /cart HTTP/1.1" 200 -
INFO:app:cart api
INFO:werkzeug:192.168.0.91 - - [01/Aug/2023 14:28:04] "GET /cart HTTP/1.1" 200 -
INFO:app:cart api
INFO:werkzeug:192.168.0.111 - - [01/Aug/2023 14:28:04] "GET /cart HTTP/1.1" 200 -
INFO:app:cart api
INFO:app:cart api
INFO:werkzeug:192.168.0.172 - - [01/Aug/2023 14:28:05] "GET /cart HTTP/1.1" 200 -
INFO:werkzeug:192.168.0.111 - - [01/Aug/2023 14:28:05] "GET /cart HTTP/1.1" 200 -
INFO:app:cart api
INFO:werkzeug:192.168.0.172 - - [01/Aug/2023 14:28:05] "GET /cart HTTP/1.1" 200 -
INFO:app:cart api
INFO:werkzeug:192.168.0.111 - - [01/Aug/2023 14:28:05] "GET /cart HTTP/1.1" 200 -
INFO:app:cart api
INFO:app:cart api
INFO:werkzeug:192.168.0.91 - - [01/Aug/2023 14:28:05] "GET /cart HTTP/1.1" 200 -
INFO:werkzeug:192.168.0.111 - - [01/Aug/2023 14:28:05] "GET /cart HTTP/1.1" 200 -
INFO:app:cart api
INFO:werkzeug:192.168.0.111 - - [01/Aug/2023 14:28:05] "GET /cart HTTP/1.1" 200 -
INFO:app:cart api
INFO:werkzeug:192.168.0.111 - - [01/Aug/2023 14:28:06] "GET /cart HTTP/1.1" 200 -
INFO:app:cart api
INFO:werkzeug:192.168.0.91 - - [01/Aug/2023 14:28:06] "GET /cart HTTP/1.1" 200 -
INFO:app:cart api
INFO:werkzeug:192.168.0.172 - - [01/Aug/2023 14:28:07] "GET /cart HTTP/1.1" 200 -
INFO:app:cart api
INFO:werkzeug:192.168.0.91 - - [01/Aug/2023 14:28:07] "GET /cart HTTP/1.1" 200 -
INFO:app:cart api
INFO:werkzeug:192.168.0.91 - - [01/Aug/2023 14:28:07] "GET /cart HTTP/1.1" 200 -
INFO:app:¿ÂπŸ±∏¥œ ∆‰¿Ã¡ˆ ¡¯¿‘
INFO:app:product_id : 1
INFO:werkzeug:192.168.0.146 - - [01/Aug/2023 14:28:07] "POST /cart HTTP/1.1" 200 -
INFO:app:cart api
INFO:app:cart api
INFO:werkzeug:192.168.0.172 - - [01/Aug/2023 14:28:07] "GET /cart HTTP/1.1" 200 -
INFO:werkzeug:192.168.0.91 - - [01/Aug/2023 14:28:07] "GET /cart HTTP/1.1" 200 -
INFO:app:cart api
INFO:werkzeug:192.168.0.100 - - [01/Aug/2023 14:28:07] "GET /cart HTTP/1.1" 200 -
INFO:app:cart api
INFO:app:cart api
INFO:app:cart api
INFO:werkzeug:192.168.0.100 - - [01/Aug/2023 14:28:08] "GET /cart HTTP/1.1" 200 -
INFO:werkzeug:192.168.0.91 - - [01/Aug/2023 14:28:08] "GET /cart HTTP/1.1" 200 -
INFO:werkzeug:192.168.0.172 - - [01/Aug/2023 14:28:08] "GET /cart HTTP/1.1" 200 -
INFO:app:cart api
INFO:app:cart api
INFO:werkzeug:192.168.0.172 - - [01/Aug/2023 14:28:08] "GET /cart HTTP/1.1" 200 -
INFO:werkzeug:192.168.0.91 - - [01/Aug/2023 14:28:08] "GET /cart HTTP/1.1" 200 -
INFO:app:cart api
INFO:app:cart api
INFO:werkzeug:192.168.0.172 - - [01/Aug/2023 14:28:08] "GET /cart HTTP/1.1" 200 -
INFO:werkzeug:192.168.0.91 - - [01/Aug/2023 14:28:08] "GET /cart HTTP/1.1" 200 -
INFO:app:¿ÂπŸ±∏¥œ ∆‰¿Ã¡ˆ ¡¯¿‘
INFO:app:product_id : 1
INFO:app:cart api
INFO:werkzeug:192.168.0.146 - - [01/Aug/2023 14:28:08] "POST /cart HTTP/1.1" 200 -
INFO:werkzeug:192.168.0.172 - - [01/Aug/2023 14:28:08] "GET /cart HTTP/1.1" 200 -
INFO:app:cart api
INFO:app:cart api
INFO:werkzeug:192.168.0.172 - - [01/Aug/2023 14:28:09] "GET /cart HTTP/1.1" 200 -
INFO:werkzeug:192.168.0.91 - - [01/Aug/2023 14:28:09] "GET /cart HTTP/1.1" 200 -
INFO:werkzeug:192.168.0.111 - - [01/Aug/2023 14:28:09] "[33mGET /script.js HTTP/1.1[0m" 404 -
INFO:app:cart api
INFO:app:cart api
INFO:werkzeug:192.168.0.172 - - [01/Aug/2023 14:28:09] "GET /cart HTTP/1.1" 200 -
INFO:werkzeug:192.168.0.91 - - [01/Aug/2023 14:28:09] "GET /cart HTTP/1.1" 200 -
INFO:app:¿ÂπŸ±∏¥œ ∆‰¿Ã¡ˆ ¡¯¿‘
INFO:app:product_id : 1
INFO:werkzeug:192.168.0.146 - - [01/Aug/2023 14:28:09] "POST /cart HTTP/1.1" 200 -
INFO:app:cart api
INFO:werkzeug:192.168.0.91 - - [01/Aug/2023 14:28:10] "GET /cart HTTP/1.1" 200 -
INFO:app:¿ÂπŸ±∏¥œ ∆‰¿Ã¡ˆ ¡¯¿‘
INFO:app:product_id : 1
INFO:werkzeug:192.168.0.146 - - [01/Aug/2023 14:28:10] "POST /cart HTTP/1.1" 200 -
INFO:app:cart api
INFO:werkzeug:192.168.0.91 - - [01/Aug/2023 14:28:10] "GET /cart HTTP/1.1" 200 -
INFO:app:¿ÂπŸ±∏¥œ ∆‰¿Ã¡ˆ ¡¯¿‘
INFO:app:product_id : 1
INFO:werkzeug:192.168.0.146 - - [01/Aug/2023 14:28:11] "POST /cart HTTP/1.1" 200 -
INFO:app:cart api
INFO:werkzeug:192.168.0.91 - - [01/Aug/2023 14:28:11] "GET /cart HTTP/1.1" 200 -
INFO:app:¿ÂπŸ±∏¥œ ∆‰¿Ã¡ˆ ¡¯¿‘
INFO:app:product_id : 1
INFO:werkzeug:192.168.0.146 - - [01/Aug/2023 14:28:11] "POST /cart HTTP/1.1" 200 -
INFO:app:¿ÂπŸ±∏¥œ ∆‰¿Ã¡ˆ ¡¯¿‘
INFO:app:product_id : 1
INFO:werkzeug:192.168.0.146 - - [01/Aug/2023 14:28:11] "POST /cart HTTP/1.1" 200 -
INFO:app:cart api
INFO:werkzeug:192.168.0.91 - - [01/Aug/2023 14:28:12] "GET /cart HTTP/1.1" 200 -
INFO:app:¿ÂπŸ±∏¥œ ∆‰¿Ã¡ˆ ¡¯¿‘
INFO:app:product_id : 1
INFO:werkzeug:192.168.0.146 - - [01/Aug/2023 14:28:12] "POST /cart HTTP/1.1" 200 -
INFO:app:¿ÂπŸ±∏¥œ ∆‰¿Ã¡ˆ ¡¯¿‘
INFO:app:product_id : 2
INFO:app:cart api
INFO:werkzeug:192.168.0.81 - - [01/Aug/2023 14:28:12] "POST /cart HTTP/1.1" 200 -
INFO:app:¿ÂπŸ±∏¥œ ∆‰¿Ã¡ˆ ¡¯¿‘
INFO:app:product_id : 1
INFO:werkzeug:192.168.0.91 - - [01/Aug/2023 14:28:12] "GET /cart HTTP/1.1" 200 -
INFO:werkzeug:192.168.0.146 - - [01/Aug/2023 14:28:13] "POST /cart HTTP/1.1" 200 -
INFO:app:¿ÂπŸ±∏¥œ ∆‰¿Ã¡ˆ ¡¯¿‘
INFO:app:product_id : 1
INFO:werkzeug:192.168.0.146 - - [01/Aug/2023 14:28:13] "POST /cart HTTP/1.1" 200 -
INFO:app:cart api
INFO:werkzeug:192.168.0.91 - - [01/Aug/2023 14:28:13] "GET /cart HTTP/1.1" 200 -
INFO:app:¿ÂπŸ±∏¥œ ∆‰¿Ã¡ˆ ¡¯¿‘
INFO:app:product_id : 1
INFO:werkzeug:192.168.0.146 - - [01/Aug/2023 14:28:13] "POST /cart HTTP/1.1" 200 -
INFO:app:¿ÂπŸ±∏¥œ ∆‰¿Ã¡ˆ ¡¯¿‘
INFO:app:product_id : 1
INFO:app:¿ÂπŸ±∏¥œ ∆‰¿Ã¡ˆ ¡¯¿‘
INFO:app:product_id : 1
INFO:werkzeug:192.168.0.146 - - [01/Aug/2023 14:28:14] "POST /cart HTTP/1.1" 200 -
INFO:werkzeug:192.168.0.146 - - [01/Aug/2023 14:28:14] "POST /cart HTTP/1.1" 200 -
INFO:app:¿ÂπŸ±∏¥œ ∆‰¿Ã¡ˆ ¡¯¿‘
INFO:app:product_id : 1
INFO:werkzeug:192.168.0.146 - - [01/Aug/2023 14:28:14] "POST /cart HTTP/1.1" 200 -
INFO:app:¿ÂπŸ±∏¥œ ∆‰¿Ã¡ˆ ¡¯¿‘
INFO:app:product_id : 1
INFO:app:¿ÂπŸ±∏¥œ ∆‰¿Ã¡ˆ ¡¯¿‘
INFO:app:product_id : 4
INFO:werkzeug:192.168.0.146 - - [01/Aug/2023 14:28:15] "POST /cart HTTP/1.1" 200 -
INFO:werkzeug:192.168.0.172 - - [01/Aug/2023 14:28:15] "POST /cart HTTP/1.1" 200 -
INFO:app:¿ÂπŸ±∏¥œ ∆‰¿Ã¡ˆ ¡¯¿‘
INFO:app:product_id : 2
INFO:werkzeug:192.168.0.81 - - [01/Aug/2023 14:28:15] "POST /cart HTTP/1.1" 200 -
INFO:app:cart api
INFO:werkzeug:192.168.0.91 - - [01/Aug/2023 14:28:16] "GET /cart HTTP/1.1" 200 -
INFO:app:¿ÂπŸ±∏¥œ ∆‰¿Ã¡ˆ ¡¯¿‘
INFO:app:product_id : 2
INFO:werkzeug:192.168.0.146 - - [01/Aug/2023 14:28:16] "POST /cart HTTP/1.1" 200 -
INFO:app:¿ÂπŸ±∏¥œ ∆‰¿Ã¡ˆ ¡¯¿‘
INFO:app:product_id : 2
INFO:werkzeug:192.168.0.81 - - [01/Aug/2023 14:28:16] "POST /cart HTTP/1.1" 200 -
INFO:app:cart api
INFO:werkzeug:192.168.0.91 - - [01/Aug/2023 14:28:17] "GET /cart HTTP/1.1" 200 -
INFO:app:¿ÂπŸ±∏¥œ ∆‰¿Ã¡ˆ ¡¯¿‘
INFO:app:product_id : 2
INFO:werkzeug:192.168.0.146 - - [01/Aug/2023 14:28:17] "POST /cart HTTP/1.1" 200 -
INFO:app:¿ÂπŸ±∏¥œ ∆‰¿Ã¡ˆ ¡¯¿‘
INFO:app:product_id : 4
INFO:werkzeug:192.168.0.172 - - [01/Aug/2023 14:28:17] "POST /cart HTTP/1.1" 200 -
INFO:app:cart api
INFO:app:¿ÂπŸ±∏¥œ ∆‰¿Ã¡ˆ ¡¯¿‘
INFO:app:product_id : 2
INFO:app:¿ÂπŸ±∏¥œ ∆‰¿Ã¡ˆ ¡¯¿‘
INFO:app:product_id : 2
INFO:werkzeug:192.168.0.91 - - [01/Aug/2023 14:28:18] "GET /cart HTTP/1.1" 200 -
INFO:werkzeug:192.168.0.146 - - [01/Aug/2023 14:28:18] "POST /cart HTTP/1.1" 200 -
INFO:werkzeug:192.168.0.146 - - [01/Aug/2023 14:28:18] "POST /cart HTTP/1.1" 200 -
INFO:app:¿ÂπŸ±∏¥œ ∆‰¿Ã¡ˆ ¡¯¿‘
INFO:app:product_id : 2
INFO:werkzeug:192.168.0.81 - - [01/Aug/2023 14:28:18] "POST /cart HTTP/1.1" 200 -
INFO:werkzeug:192.168.0.111 - - [01/Aug/2023 14:28:18] "GET /about HTTP/1.1" 200 -
INFO:app:¿ÂπŸ±∏¥œ ∆‰¿Ã¡ˆ ¡¯¿‘
INFO:app:product_id : 2
INFO:app:¿ÂπŸ±∏¥œ ∆‰¿Ã¡ˆ ¡¯¿‘
INFO:app:product_id : 2
INFO:werkzeug:192.168.0.146 - - [01/Aug/2023 14:28:18] "POST /cart HTTP/1.1" 200 -
INFO:werkzeug:192.168.0.146 - - [01/Aug/2023 14:28:18] "POST /cart HTTP/1.1" 200 -
INFO:app:¿ÂπŸ±∏¥œ ∆‰¿Ã¡ˆ ¡¯¿‘
INFO:app:product_id : 2
INFO:werkzeug:192.168.0.81 - - [01/Aug/2023 14:28:18] "POST /cart HTTP/1.1" 200 -
INFO:app:cart api
INFO:app:¿ÂπŸ±∏¥œ ∆‰¿Ã¡ˆ ¡¯¿‘
INFO:app:product_id : 2
INFO:werkzeug:192.168.0.91 - - [01/Aug/2023 14:28:19] "GET /cart HTTP/1.1" 200 -
INFO:werkzeug:192.168.0.146 - - [01/Aug/2023 14:28:19] "POST /cart HTTP/1.1" 200 -
INFO:app:¿ÂπŸ±∏¥œ ∆‰¿Ã¡ˆ ¡¯¿‘
INFO:app:product_id : 2
INFO:werkzeug:192.168.0.146 - - [01/Aug/2023 14:28:19] "POST /cart HTTP/1.1" 200 -
INFO:app:¿ÂπŸ±∏¥œ ∆‰¿Ã¡ˆ ¡¯¿‘
INFO:app:product_id : 4
INFO:werkzeug:192.168.0.47 - - [01/Aug/2023 14:28:19] "POST /cart HTTP/1.1" 200 -
INFO:app:¿ÂπŸ±∏¥œ ∆‰¿Ã¡ˆ ¡¯¿‘
INFO:app:product_id : 2
INFO:werkzeug:192.168.0.146 - - [01/Aug/2023 14:28:20] "POST /cart HTTP/1.1" 200 -
INFO:app:¿ÂπŸ±∏¥œ ∆‰¿Ã¡ˆ ¡¯¿‘
INFO:app:product_id : 2
INFO:werkzeug:192.168.0.81 - - [01/Aug/2023 14:28:20] "POST /cart HTTP/1.1" 200 -
INFO:app:¿ÂπŸ±∏¥œ ∆‰¿Ã¡ˆ ¡¯¿‘
INFO:app:product_id : 2
INFO:werkzeug:192.168.0.146 - - [01/Aug/2023 14:28:20] "POST /cart HTTP/1.1" 200 -
INFO:app:¿ÂπŸ±∏¥œ ∆‰¿Ã¡ˆ ¡¯¿‘
INFO:app:product_id : 4
INFO:werkzeug:192.168.0.172 - - [01/Aug/2023 14:28:20] "POST /cart HTTP/1.1" 200 -
INFO:app:¿ÂπŸ±∏¥œ ∆‰¿Ã¡ˆ ¡¯¿‘
INFO:app:product_id : 2
INFO:werkzeug:192.168.0.146 - - [01/Aug/2023 14:28:20] "POST /cart HTTP/1.1" 200 -
INFO:app:¿ÂπŸ±∏¥œ ∆‰¿Ã¡ˆ ¡¯¿‘
INFO:app:product_id : 2
INFO:werkzeug:192.168.0.81 - - [01/Aug/2023 14:28:20] "POST /cart HTTP/1.1" 200 -
INFO:app:¿ÂπŸ±∏¥œ ∆‰¿Ã¡ˆ ¡¯¿‘
INFO:app:product_id : 2
INFO:werkzeug:192.168.0.146 - - [01/Aug/2023 14:28:21] "POST /cart HTTP/1.1" 200 -
INFO:app:¿ÂπŸ±∏¥œ ∆‰¿Ã¡ˆ ¡¯¿‘
INFO:app:product_id : 2
INFO:werkzeug:192.168.0.146 - - [01/Aug/2023 14:28:21] "POST /cart HTTP/1.1" 200 -
INFO:app:cart api
INFO:app:¿ÂπŸ±∏¥œ ∆‰¿Ã¡ˆ ¡¯¿‘
INFO:app:product_id : 2
INFO:werkzeug:192.168.0.91 - - [01/Aug/2023 14:28:21] "GET /cart HTTP/1.1" 200 -
INFO:werkzeug:192.168.0.146 - - [01/Aug/2023 14:28:21] "POST /cart HTTP/1.1" 200 -
INFO:app:¿ÂπŸ±∏¥œ ∆‰¿Ã¡ˆ ¡¯¿‘
INFO:werkzeug:192.168.0.111 - - [01/Aug/2023 14:28:22] "[33mGET /script.js HTTP/1.1[0m" 404 -
INFO:app:product_id : 2
INFO:werkzeug:192.168.0.146 - - [01/Aug/2023 14:28:22] "POST /cart HTTP/1.1" 200 -
INFO:app:cart api
INFO:app:¿ÂπŸ±∏¥œ ∆‰¿Ã¡ˆ ¡¯¿‘
INFO:app:product_id : 4
INFO:werkzeug:192.168.0.47 - - [01/Aug/2023 14:28:22] "POST /cart HTTP/1.1" 200 -
INFO:werkzeug:192.168.0.91 - - [01/Aug/2023 14:28:22] "GET /cart HTTP/1.1" 200 -
INFO:app:¿ÂπŸ±∏¥œ ∆‰¿Ã¡ˆ ¡¯¿‘
INFO:app:product_id : 2
INFO:werkzeug:192.168.0.81 - - [01/Aug/2023 14:28:22] "POST /cart HTTP/1.1" 200 -
INFO:app:¿ÂπŸ±∏¥œ ∆‰¿Ã¡ˆ ¡¯¿‘
INFO:app:product_id : 2
INFO:werkzeug:192.168.0.81 - - [01/Aug/2023 14:28:22] "POST /cart HTTP/1.1" 200 -
INFO:app:cart api
INFO:werkzeug:192.168.0.91 - - [01/Aug/2023 14:28:23] "GET /cart HTTP/1.1" 200 -
INFO:app:∑Œ±◊¿Œ ∆‰¿Ã¡ˆ ¡¯¿‘
INFO:werkzeug:192.168.0.172 - - [01/Aug/2023 14:28:23] "GET /login HTTP/1.1" 200 -
INFO:werkzeug:192.168.0.172 - - [01/Aug/2023 14:28:23] "[36mGET /static/dist/css/bootstrap.min.css HTTP/1.1[0m" 304 -
INFO:app:¿ÂπŸ±∏¥œ ∆‰¿Ã¡ˆ ¡¯¿‘
INFO:app:product_id : 2
INFO:werkzeug:192.168.0.81 - - [01/Aug/2023 14:28:23] "POST /cart HTTP/1.1" 200 -
INFO:werkzeug:192.168.0.172 - - [01/Aug/2023 14:28:23] "[36mGET /static/signin.css HTTP/1.1[0m" 304 -
INFO:app:cart api
INFO:werkzeug:192.168.0.172 - - [01/Aug/2023 14:28:23] "[36mGET /static/images/catlogo_1.png HTTP/1.1[0m" 304 -
INFO:werkzeug:192.168.0.91 - - [01/Aug/2023 14:28:23] "GET /cart HTTP/1.1" 200 -
INFO:app:¿ÂπŸ±∏¥œ ∆‰¿Ã¡ˆ ¡¯¿‘
INFO:app:product_id : 2
INFO:werkzeug:192.168.0.81 - - [01/Aug/2023 14:28:24] "POST /cart HTTP/1.1" 200 -
INFO:app:¿ÂπŸ±∏¥œ ∆‰¿Ã¡ˆ ¡¯¿‘
INFO:app:product_id : 2
INFO:werkzeug:192.168.0.81 - - [01/Aug/2023 14:28:24] "POST /cart HTTP/1.1" 200 -
INFO:app:cart api
INFO:werkzeug:192.168.0.91 - - [01/Aug/2023 14:28:24] "GET /cart HTTP/1.1" 200 -
INFO:app:¿ÂπŸ±∏¥œ ∆‰¿Ã¡ˆ ¡¯¿‘
INFO:app:product_id : 2
INFO:werkzeug:192.168.0.81 - - [01/Aug/2023 14:28:24] "POST /cart HTTP/1.1" 200 -
INFO:app:¿ÂπŸ±∏¥œ ∆‰¿Ã¡ˆ ¡¯¿‘
INFO:app:product_id : 4
INFO:werkzeug:192.168.0.47 - - [01/Aug/2023 14:28:24] "POST /cart HTTP/1.1" 200 -
INFO:app:cart api
INFO:werkzeug:192.168.0.91 - - [01/Aug/2023 14:28:25] "GET /cart HTTP/1.1" 200 -
INFO:app:¿ÂπŸ±∏¥œ ∆‰¿Ã¡ˆ ¡¯¿‘
INFO:app:product_id : 2
INFO:werkzeug:192.168.0.81 - - [01/Aug/2023 14:28:25] "POST /cart HTTP/1.1" 200 -
INFO:app:cart api
INFO:app:¿ÂπŸ±∏¥œ ∆‰¿Ã¡ˆ ¡¯¿‘
INFO:app:product_id : 2
INFO:werkzeug:192.168.0.91 - - [01/Aug/2023 14:28:25] "GET /cart HTTP/1.1" 200 -
INFO:werkzeug:192.168.0.81 - - [01/Aug/2023 14:28:25] "POST /cart HTTP/1.1" 200 -
INFO:app:cart api
INFO:werkzeug:192.168.0.172 - - [01/Aug/2023 14:28:26] "GET /about HTTP/1.1" 200 -
INFO:app:¿ÂπŸ±∏¥œ ∆‰¿Ã¡ˆ ¡¯¿‘
INFO:app:product_id : 2
INFO:werkzeug:192.168.0.91 - - [01/Aug/2023 14:28:26] "GET /cart HTTP/1.1" 200 -
INFO:werkzeug:192.168.0.81 - - [01/Aug/2023 14:28:26] "POST /cart HTTP/1.1" 200 -
INFO:app:cart api
INFO:app:¿ÂπŸ±∏¥œ ∆‰¿Ã¡ˆ ¡¯¿‘
INFO:app:product_id : 4
INFO:app:¿ÂπŸ±∏¥œ ∆‰¿Ã¡ˆ ¡¯¿‘
INFO:app:product_id : 2
INFO:werkzeug:192.168.0.91 - - [01/Aug/2023 14:28:26] "GET /cart HTTP/1.1" 200 -
INFO:werkzeug:192.168.0.47 - - [01/Aug/2023 14:28:26] "POST /cart HTTP/1.1" 200 -
INFO:werkzeug:192.168.0.81 - - [01/Aug/2023 14:28:26] "POST /cart HTTP/1.1" 200 -
INFO:app:¿ÂπŸ±∏¥œ ∆‰¿Ã¡ˆ ¡¯¿‘
INFO:app:product_id : 2
INFO:werkzeug:192.168.0.81 - - [01/Aug/2023 14:28:27] "POST /cart HTTP/1.1" 200 -
INFO:app:cart api
INFO:werkzeug:192.168.0.91 - - [01/Aug/2023 14:28:27] "GET /cart HTTP/1.1" 200 -
INFO:app:¿ÂπŸ±∏¥œ ∆‰¿Ã¡ˆ ¡¯¿‘
INFO:app:product_id : 2
INFO:werkzeug:192.168.0.81 - - [01/Aug/2023 14:28:27] "POST /cart HTTP/1.1" 200 -
INFO:app:¿ÂπŸ±∏¥œ ∆‰¿Ã¡ˆ ¡¯¿‘
INFO:app:product_id : 2
INFO:werkzeug:192.168.0.81 - - [01/Aug/2023 14:28:28] "POST /cart HTTP/1.1" 200 -
INFO:app:cart api
INFO:werkzeug:192.168.0.91 - - [01/Aug/2023 14:28:28] "GET /cart HTTP/1.1" 200 -
INFO:app:¿ÂπŸ±∏¥œ ∆‰¿Ã¡ˆ ¡¯¿‘
INFO:app:product_id : 2
INFO:werkzeug:192.168.0.81 - - [01/Aug/2023 14:28:28] "POST /cart HTTP/1.1" 200 -
INFO:app:¿ÂπŸ±∏¥œ ∆‰¿Ã¡ˆ ¡¯¿‘
INFO:app:product_id : 2
INFO:werkzeug:192.168.0.81 - - [01/Aug/2023 14:28:28] "POST /cart HTTP/1.1" 200 -
INFO:app:cart api
INFO:werkzeug:192.168.0.172 - - [01/Aug/2023 14:28:29] "GET /cart HTTP/1.1" 200 -
INFO:app:cart api
INFO:app:¿ÂπŸ±∏¥œ ∆‰¿Ã¡ˆ ¡¯¿‘
INFO:werkzeug:192.168.0.172 - - [01/Aug/2023 14:28:29] "GET /cart HTTP/1.1" 200 -
INFO:app:product_id : 2
INFO:werkzeug:192.168.0.81 - - [01/Aug/2023 14:28:29] "POST /cart HTTP/1.1" 200 -
INFO:app:¿ÂπŸ±∏¥œ ∆‰¿Ã¡ˆ ¡¯¿‘
INFO:app:product_id : 2
INFO:werkzeug:192.168.0.81 - - [01/Aug/2023 14:28:29] "POST /cart HTTP/1.1" 200 -
INFO:app:¿ÂπŸ±∏¥œ ∆‰¿Ã¡ˆ ¡¯¿‘
INFO:app:product_id : 4
INFO:werkzeug:192.168.0.47 - - [01/Aug/2023 14:28:29] "POST /cart HTTP/1.1" 200 -
INFO:app:¿ÂπŸ±∏¥œ ∆‰¿Ã¡ˆ ¡¯¿‘
INFO:app:product_id : 2
INFO:werkzeug:192.168.0.81 - - [01/Aug/2023 14:28:30] "POST /cart HTTP/1.1" 200 -
INFO:app:¿ÂπŸ±∏¥œ ∆‰¿Ã¡ˆ ¡¯¿‘
INFO:app:product_id : 4
INFO:werkzeug:192.168.0.47 - - [01/Aug/2023 14:28:30] "POST /cart HTTP/1.1" 200 -
INFO:app:¿ÂπŸ±∏¥œ ∆‰¿Ã¡ˆ ¡¯¿‘
INFO:app:product_id : 2
INFO:werkzeug:192.168.0.81 - - [01/Aug/2023 14:28:30] "POST /cart HTTP/1.1" 200 -
INFO:app:cart api
INFO:werkzeug:192.168.0.172 - - [01/Aug/2023 14:28:30] "GET /cart HTTP/1.1" 200 -
INFO:app:¿ÂπŸ±∏¥œ ∆‰¿Ã¡ˆ ¡¯¿‘
INFO:app:product_id : 4
INFO:werkzeug:192.168.0.47 - - [01/Aug/2023 14:28:30] "POST /cart HTTP/1.1" 200 -
INFO:app:¿ÂπŸ±∏¥œ ∆‰¿Ã¡ˆ ¡¯¿‘
INFO:app:product_id : 2
INFO:werkzeug:192.168.0.81 - - [01/Aug/2023 14:28:30] "POST /cart HTTP/1.1" 200 -
INFO:app:cart api
INFO:werkzeug:192.168.0.172 - - [01/Aug/2023 14:28:31] "GET /cart HTTP/1.1" 200 -
INFO:app:¿ÂπŸ±∏¥œ ∆‰¿Ã¡ˆ ¡¯¿‘
INFO:app:product_id : 2
INFO:app:cart api
INFO:werkzeug:192.168.0.81 - - [01/Aug/2023 14:28:31] "POST /cart HTTP/1.1" 200 -
INFO:app:¿ÂπŸ±∏¥œ ∆‰¿Ã¡ˆ ¡¯¿‘
INFO:app:product_id : 1
INFO:werkzeug:192.168.0.172 - - [01/Aug/2023 14:28:31] "GET /cart HTTP/1.1" 200 -
INFO:werkzeug:192.168.0.91 - - [01/Aug/2023 14:28:31] "POST /cart HTTP/1.1" 200 -
INFO:app:cart api
INFO:app:¿ÂπŸ±∏¥œ ∆‰¿Ã¡ˆ ¡¯¿‘
INFO:app:product_id : 4
INFO:werkzeug:192.168.0.172 - - [01/Aug/2023 14:28:31] "GET /cart HTTP/1.1" 200 -
INFO:werkzeug:192.168.0.47 - - [01/Aug/2023 14:28:31] "POST /cart HTTP/1.1" 200 -
INFO:app:¿ÂπŸ±∏¥œ ∆‰¿Ã¡ˆ ¡¯¿‘
INFO:app:product_id : 2
INFO:werkzeug:192.168.0.81 - - [01/Aug/2023 14:28:31] "POST /cart HTTP/1.1" 200 -
INFO:app:cart api
INFO:werkzeug:192.168.0.172 - - [01/Aug/2023 14:28:31] "GET /cart HTTP/1.1" 200 -
INFO:app:cart api
INFO:werkzeug:192.168.0.172 - - [01/Aug/2023 14:28:32] "GET /cart HTTP/1.1" 200 -
INFO:app:¿ÂπŸ±∏¥œ ∆‰¿Ã¡ˆ ¡¯¿‘
INFO:app:product_id : 2
INFO:app:cart api
INFO:werkzeug:192.168.0.81 - - [01/Aug/2023 14:28:32] "POST /cart HTTP/1.1" 200 -
INFO:werkzeug:192.168.0.172 - - [01/Aug/2023 14:28:32] "GET /cart HTTP/1.1" 200 -
INFO:app:cart api
INFO:app:¿ÂπŸ±∏¥œ ∆‰¿Ã¡ˆ ¡¯¿‘
INFO:app:product_id : 4
INFO:werkzeug:192.168.0.172 - - [01/Aug/2023 14:28:32] "GET /cart HTTP/1.1" 200 -
INFO:werkzeug:192.168.0.47 - - [01/Aug/2023 14:28:32] "POST /cart HTTP/1.1" 200 -
INFO:app:¿ÂπŸ±∏¥œ ∆‰¿Ã¡ˆ ¡¯¿‘
INFO:app:product_id : 2
INFO:werkzeug:192.168.0.81 - - [01/Aug/2023 14:28:32] "POST /cart HTTP/1.1" 200 -
INFO:app:cart api
INFO:werkzeug:192.168.0.172 - - [01/Aug/2023 14:28:32] "GET /cart HTTP/1.1" 200 -
INFO:app:¿ÂπŸ±∏¥œ ∆‰¿Ã¡ˆ ¡¯¿‘
INFO:app:product_id : 4
INFO:werkzeug:192.168.0.47 - - [01/Aug/2023 14:28:32] "POST /cart HTTP/1.1" 200 -
INFO:app:cart api
INFO:werkzeug:192.168.0.172 - - [01/Aug/2023 14:28:32] "GET /cart HTTP/1.1" 200 -
INFO:app:¿ÂπŸ±∏¥œ ∆‰¿Ã¡ˆ ¡¯¿‘
INFO:app:product_id : 2
INFO:werkzeug:192.168.0.81 - - [01/Aug/2023 14:28:33] "POST /cart HTTP/1.1" 200 -
INFO:app:cart api
INFO:werkzeug:192.168.0.172 - - [01/Aug/2023 14:28:33] "GET /cart HTTP/1.1" 200 -
INFO:app:cart api
INFO:werkzeug:192.168.0.172 - - [01/Aug/2023 14:28:33] "GET /cart HTTP/1.1" 200 -
INFO:app:¿ÂπŸ±∏¥œ ∆‰¿Ã¡ˆ ¡¯¿‘
INFO:app:product_id : 2
INFO:werkzeug:192.168.0.81 - - [01/Aug/2023 14:28:33] "POST /cart HTTP/1.1" 200 -
INFO:app:cart api
INFO:app:¿ÂπŸ±∏¥œ ∆‰¿Ã¡ˆ ¡¯¿‘
INFO:app:product_id : 4
INFO:werkzeug:192.168.0.172 - - [01/Aug/2023 14:28:33] "GET /cart HTTP/1.1" 200 -
INFO:werkzeug:192.168.0.47 - - [01/Aug/2023 14:28:33] "POST /cart HTTP/1.1" 200 -
INFO:app:¿ÂπŸ±∏¥œ ∆‰¿Ã¡ˆ ¡¯¿‘
INFO:app:product_id : 2
INFO:werkzeug:192.168.0.81 - - [01/Aug/2023 14:28:33] "POST /cart HTTP/1.1" 200 -
INFO:app:¿ÂπŸ±∏¥œ ∆‰¿Ã¡ˆ ¡¯¿‘
INFO:app:product_id : 4
INFO:werkzeug:192.168.0.47 - - [01/Aug/2023 14:28:34] "POST /cart HTTP/1.1" 200 -
INFO:app:¿ÂπŸ±∏¥œ ∆‰¿Ã¡ˆ ¡¯¿‘
INFO:app:product_id : 2
INFO:werkzeug:192.168.0.81 - - [01/Aug/2023 14:28:34] "POST /cart HTTP/1.1" 200 -
INFO:app:¿ÂπŸ±∏¥œ ∆‰¿Ã¡ˆ ¡¯¿‘
INFO:app:product_id : 4
INFO:werkzeug:192.168.0.47 - - [01/Aug/2023 14:28:34] "POST /cart HTTP/1.1" 200 -
INFO:app:¿ÂπŸ±∏¥œ ∆‰¿Ã¡ˆ ¡¯¿‘
INFO:app:product_id : 2
INFO:werkzeug:192.168.0.81 - - [01/Aug/2023 14:28:34] "POST /cart HTTP/1.1" 200 -
INFO:app:cart api
INFO:werkzeug:192.168.0.91 - - [01/Aug/2023 14:28:34] "GET /cart HTTP/1.1" 200 -
INFO:app:cart api
INFO:werkzeug:192.168.0.91 - - [01/Aug/2023 14:28:34] "GET /cart HTTP/1.1" 200 -
INFO:app:¿ÂπŸ±∏¥œ ∆‰¿Ã¡ˆ ¡¯¿‘
INFO:app:product_id : 2
INFO:app:¿ÂπŸ±∏¥œ ∆‰¿Ã¡ˆ ¡¯¿‘
INFO:app:product_id : 4
INFO:werkzeug:192.168.0.81 - - [01/Aug/2023 14:28:35] "POST /cart HTTP/1.1" 200 -
INFO:werkzeug:192.168.0.47 - - [01/Aug/2023 14:28:35] "POST /cart HTTP/1.1" 200 -
INFO:app:¿ÂπŸ±∏¥œ ∆‰¿Ã¡ˆ ¡¯¿‘
INFO:app:product_id : 4
INFO:werkzeug:192.168.0.47 - - [01/Aug/2023 14:28:35] "POST /cart HTTP/1.1" 200 -
INFO:app:¿ÂπŸ±∏¥œ ∆‰¿Ã¡ˆ ¡¯¿‘
INFO:app:product_id : 2
INFO:werkzeug:192.168.0.81 - - [01/Aug/2023 14:28:35] "POST /cart HTTP/1.1" 200 -
INFO:app:¿ÂπŸ±∏¥œ ∆‰¿Ã¡ˆ ¡¯¿‘
INFO:app:product_id : 4
INFO:werkzeug:192.168.0.47 - - [01/Aug/2023 14:28:35] "POST /cart HTTP/1.1" 200 -
INFO:app:¿ÂπŸ±∏¥œ ∆‰¿Ã¡ˆ ¡¯¿‘
INFO:app:product_id : 4
INFO:werkzeug:192.168.0.47 - - [01/Aug/2023 14:28:35] "POST /cart HTTP/1.1" 200 -
INFO:app:¿ÂπŸ±∏¥œ ∆‰¿Ã¡ˆ ¡¯¿‘
INFO:app:product_id : 2
INFO:werkzeug:192.168.0.81 - - [01/Aug/2023 14:28:36] "POST /cart HTTP/1.1" 200 -
INFO:app:¿ÂπŸ±∏¥œ ∆‰¿Ã¡ˆ ¡¯¿‘
INFO:app:product_id : 2
INFO:werkzeug:192.168.0.81 - - [01/Aug/2023 14:28:36] "POST /cart HTTP/1.1" 200 -
INFO:app:¿ÂπŸ±∏¥œ ∆‰¿Ã¡ˆ ¡¯¿‘
INFO:app:product_id : 4
INFO:werkzeug:192.168.0.47 - - [01/Aug/2023 14:28:36] "POST /cart HTTP/1.1" 200 -
INFO:app:¿ÂπŸ±∏¥œ ∆‰¿Ã¡ˆ ¡¯¿‘
INFO:app:product_id : 2
INFO:werkzeug:192.168.0.81 - - [01/Aug/2023 14:28:36] "POST /cart HTTP/1.1" 200 -
INFO:app:¿ÂπŸ±∏¥œ ∆‰¿Ã¡ˆ ¡¯¿‘
INFO:app:product_id : 4
INFO:werkzeug:192.168.0.47 - - [01/Aug/2023 14:28:36] "POST /cart HTTP/1.1" 200 -
INFO:app:¿ÂπŸ±∏¥œ ∆‰¿Ã¡ˆ ¡¯¿‘
INFO:app:product_id : 2
INFO:werkzeug:192.168.0.81 - - [01/Aug/2023 14:28:37] "POST /cart HTTP/1.1" 200 -
INFO:app:¿ÂπŸ±∏¥œ ∆‰¿Ã¡ˆ ¡¯¿‘
INFO:app:product_id : 4
INFO:werkzeug:192.168.0.47 - - [01/Aug/2023 14:28:37] "POST /cart HTTP/1.1" 200 -
INFO:app:¿ÂπŸ±∏¥œ ∆‰¿Ã¡ˆ ¡¯¿‘
INFO:app:product_id : 2
INFO:werkzeug:192.168.0.81 - - [01/Aug/2023 14:28:37] "POST /cart HTTP/1.1" 200 -
INFO:app:¿ÂπŸ±∏¥œ ∆‰¿Ã¡ˆ ¡¯¿‘
INFO:app:product_id : 4
INFO:werkzeug:192.168.0.47 - - [01/Aug/2023 14:28:37] "POST /cart HTTP/1.1" 200 -
INFO:app:¿ÂπŸ±∏¥œ ∆‰¿Ã¡ˆ ¡¯¿‘
INFO:app:product_id : 4
INFO:werkzeug:192.168.0.47 - - [01/Aug/2023 14:28:38] "POST /cart HTTP/1.1" 200 -
INFO:app:¿ÂπŸ±∏¥œ ∆‰¿Ã¡ˆ ¡¯¿‘
INFO:app:product_id : 2
INFO:app:¿ÂπŸ±∏¥œ ∆‰¿Ã¡ˆ ¡¯¿‘
INFO:app:product_id : 2
INFO:werkzeug:192.168.0.81 - - [01/Aug/2023 14:28:38] "POST /cart HTTP/1.1" 200 -
INFO:app:¿ÂπŸ±∏¥œ ∆‰¿Ã¡ˆ ¡¯¿‘
INFO:app:cart api
INFO:app:product_id : 4
INFO:werkzeug:192.168.0.91 - - [01/Aug/2023 14:28:38] "GET /cart HTTP/1.1" 200 -
INFO:werkzeug:192.168.0.81 - - [01/Aug/2023 14:28:38] "POST /cart HTTP/1.1" 200 -
INFO:werkzeug:192.168.0.47 - - [01/Aug/2023 14:28:38] "POST /cart HTTP/1.1" 200 -
INFO:app:¿ÂπŸ±∏¥œ ∆‰¿Ã¡ˆ ¡¯¿‘
INFO:app:product_id : 5
INFO:werkzeug:192.168.0.172 - - [01/Aug/2023 14:28:38] "POST /cart HTTP/1.1" 200 -
INFO:app:¿ÂπŸ±∏¥œ ∆‰¿Ã¡ˆ ¡¯¿‘
INFO:app:product_id : 4
INFO:werkzeug:192.168.0.47 - - [01/Aug/2023 14:28:38] "POST /cart HTTP/1.1" 200 -
INFO:app:¿ÂπŸ±∏¥œ ∆‰¿Ã¡ˆ ¡¯¿‘
INFO:app:product_id : 2
INFO:werkzeug:192.168.0.81 - - [01/Aug/2023 14:28:38] "POST /cart HTTP/1.1" 200 -
INFO:app:¿ÂπŸ±∏¥œ ∆‰¿Ã¡ˆ ¡¯¿‘
INFO:app:product_id : 4
INFO:werkzeug:192.168.0.47 - - [01/Aug/2023 14:28:39] "POST /cart HTTP/1.1" 200 -
INFO:app:¿ÂπŸ±∏¥œ ∆‰¿Ã¡ˆ ¡¯¿‘
INFO:app:product_id : 2
INFO:werkzeug:192.168.0.81 - - [01/Aug/2023 14:28:39] "POST /cart HTTP/1.1" 200 -
INFO:app:cart api
INFO:werkzeug:192.168.0.91 - - [01/Aug/2023 14:28:39] "GET /cart HTTP/1.1" 200 -
INFO:app:¿ÂπŸ±∏¥œ ∆‰¿Ã¡ˆ ¡¯¿‘
INFO:app:product_id : 4
INFO:werkzeug:192.168.0.47 - - [01/Aug/2023 14:28:39] "POST /cart HTTP/1.1" 200 -
INFO:app:¿ÂπŸ±∏¥œ ∆‰¿Ã¡ˆ ¡¯¿‘
INFO:app:product_id : 2
INFO:werkzeug:192.168.0.81 - - [01/Aug/2023 14:28:39] "POST /cart HTTP/1.1" 200 -
INFO:app:¿ÂπŸ±∏¥œ ∆‰¿Ã¡ˆ ¡¯¿‘
INFO:app:product_id : 4
INFO:werkzeug:192.168.0.47 - - [01/Aug/2023 14:28:39] "POST /cart HTTP/1.1" 200 -
INFO:app:cart api
INFO:app:¿ÂπŸ±∏¥œ ∆‰¿Ã¡ˆ ¡¯¿‘
INFO:app:product_id : 2
INFO:werkzeug:192.168.0.91 - - [01/Aug/2023 14:28:40] "GET /cart HTTP/1.1" 200 -
INFO:werkzeug:192.168.0.81 - - [01/Aug/2023 14:28:40] "POST /cart HTTP/1.1" 200 -
INFO:app:¿ÂπŸ±∏¥œ ∆‰¿Ã¡ˆ ¡¯¿‘
INFO:app:product_id : 4
INFO:werkzeug:192.168.0.47 - - [01/Aug/2023 14:28:40] "POST /cart HTTP/1.1" 200 -
INFO:app:¿ÂπŸ±∏¥œ ∆‰¿Ã¡ˆ ¡¯¿‘
INFO:app:product_id : 2
INFO:werkzeug:192.168.0.81 - - [01/Aug/2023 14:28:40] "POST /cart HTTP/1.1" 200 -
INFO:app:cart api
INFO:app:¿ÂπŸ±∏¥œ ∆‰¿Ã¡ˆ ¡¯¿‘
INFO:app:product_id : 4
INFO:werkzeug:192.168.0.91 - - [01/Aug/2023 14:28:40] "GET /cart HTTP/1.1" 200 -
INFO:werkzeug:192.168.0.47 - - [01/Aug/2023 14:28:40] "POST /cart HTTP/1.1" 200 -
INFO:app:¿ÂπŸ±∏¥œ ∆‰¿Ã¡ˆ ¡¯¿‘
INFO:app:product_id : 2
INFO:werkzeug:192.168.0.81 - - [01/Aug/2023 14:28:40] "POST /cart HTTP/1.1" 200 -
INFO:app:¿ÂπŸ±∏¥œ ∆‰¿Ã¡ˆ ¡¯¿‘
INFO:app:product_id : 4
INFO:werkzeug:192.168.0.47 - - [01/Aug/2023 14:28:41] "POST /cart HTTP/1.1" 200 -
INFO:app:¿ÂπŸ±∏¥œ ∆‰¿Ã¡ˆ ¡¯¿‘
INFO:app:product_id : 5
INFO:app:¿ÂπŸ±∏¥œ ∆‰¿Ã¡ˆ ¡¯¿‘
INFO:app:product_id : 2
INFO:werkzeug:192.168.0.172 - - [01/Aug/2023 14:28:41] "POST /cart HTTP/1.1" 200 -
INFO:werkzeug:192.168.0.81 - - [01/Aug/2023 14:28:41] "POST /cart HTTP/1.1" 200 -
INFO:app:¿ÂπŸ±∏¥œ ∆‰¿Ã¡ˆ ¡¯¿‘
INFO:app:product_id : 2
INFO:app:¿ÂπŸ±∏¥œ ∆‰¿Ã¡ˆ ¡¯¿‘
INFO:app:product_id : 4
INFO:app:cart api
INFO:werkzeug:192.168.0.81 - - [01/Aug/2023 14:28:41] "POST /cart HTTP/1.1" 200 -
INFO:werkzeug:192.168.0.47 - - [01/Aug/2023 14:28:41] "POST /cart HTTP/1.1" 200 -
INFO:werkzeug:192.168.0.91 - - [01/Aug/2023 14:28:41] "GET /cart HTTP/1.1" 200 -
INFO:app:¿ÂπŸ±∏¥œ ∆‰¿Ã¡ˆ ¡¯¿‘
INFO:app:product_id : 4
INFO:werkzeug:192.168.0.47 - - [01/Aug/2023 14:28:41] "POST /cart HTTP/1.1" 200 -
INFO:app:¿ÂπŸ±∏¥œ ∆‰¿Ã¡ˆ ¡¯¿‘
INFO:app:product_id : 2
INFO:werkzeug:192.168.0.81 - - [01/Aug/2023 14:28:42] "POST /cart HTTP/1.1" 200 -
INFO:app:¿ÂπŸ±∏¥œ ∆‰¿Ã¡ˆ ¡¯¿‘
INFO:app:product_id : 4
INFO:werkzeug:192.168.0.47 - - [01/Aug/2023 14:28:42] "POST /cart HTTP/1.1" 200 -
INFO:app:¿ÂπŸ±∏¥œ ∆‰¿Ã¡ˆ ¡¯¿‘
INFO:app:product_id : 4
INFO:werkzeug:192.168.0.47 - - [01/Aug/2023 14:28:42] "POST /cart HTTP/1.1" 200 -
INFO:app:¿ÂπŸ±∏¥œ ∆‰¿Ã¡ˆ ¡¯¿‘
INFO:app:product_id : 2
INFO:werkzeug:192.168.0.81 - - [01/Aug/2023 14:28:42] "POST /cart HTTP/1.1" 200 -
INFO:app:¿ÂπŸ±∏¥œ ∆‰¿Ã¡ˆ ¡¯¿‘
INFO:app:product_id : 4
INFO:werkzeug:192.168.0.47 - - [01/Aug/2023 14:28:42] "POST /cart HTTP/1.1" 200 -
INFO:app:cart api
INFO:werkzeug:192.168.0.91 - - [01/Aug/2023 14:28:43] "GET /cart HTTP/1.1" 200 -
INFO:app:¿ÂπŸ±∏¥œ ∆‰¿Ã¡ˆ ¡¯¿‘
INFO:app:product_id : 2
INFO:werkzeug:192.168.0.81 - - [01/Aug/2023 14:28:43] "POST /cart HTTP/1.1" 200 -
INFO:app:¿ÂπŸ±∏¥œ ∆‰¿Ã¡ˆ ¡¯¿‘
INFO:app:product_id : 4
INFO:app:¿ÂπŸ±∏¥œ ∆‰¿Ã¡ˆ ¡¯¿‘
INFO:app:product_id : 5
INFO:werkzeug:192.168.0.47 - - [01/Aug/2023 14:28:43] "POST /cart HTTP/1.1" 200 -
INFO:werkzeug:192.168.0.172 - - [01/Aug/2023 14:28:43] "POST /cart HTTP/1.1" 200 -
INFO:app:¿ÂπŸ±∏¥œ ∆‰¿Ã¡ˆ ¡¯¿‘
INFO:app:product_id : 2
INFO:werkzeug:192.168.0.81 - - [01/Aug/2023 14:28:43] "POST /cart HTTP/1.1" 200 -
INFO:app:¿ÂπŸ±∏¥œ ∆‰¿Ã¡ˆ ¡¯¿‘
INFO:app:product_id : 4
INFO:werkzeug:192.168.0.47 - - [01/Aug/2023 14:28:43] "POST /cart HTTP/1.1" 200 -
INFO:app:¿ÂπŸ±∏¥œ ∆‰¿Ã¡ˆ ¡¯¿‘
INFO:app:product_id : 2
INFO:werkzeug:192.168.0.81 - - [01/Aug/2023 14:28:43] "POST /cart HTTP/1.1" 200 -
INFO:app:cart api
INFO:werkzeug:192.168.0.138 - - [01/Aug/2023 14:28:44] "GET /cart HTTP/1.1" 200 -
INFO:app:cart api
INFO:app:cart api
INFO:app:¿ÂπŸ±∏¥œ ∆‰¿Ã¡ˆ ¡¯¿‘
INFO:werkzeug:192.168.0.138 - - [01/Aug/2023 14:28:44] "GET /cart HTTP/1.1" 200 -
INFO:app:product_id : 2
INFO:werkzeug:192.168.0.91 - - [01/Aug/2023 14:28:44] "GET /cart HTTP/1.1" 200 -
INFO:werkzeug:192.168.0.81 - - [01/Aug/2023 14:28:44] "POST /cart HTTP/1.1" 200 -
INFO:app:¿ÂπŸ±∏¥œ ∆‰¿Ã¡ˆ ¡¯¿‘
INFO:app:product_id : 2
INFO:werkzeug:192.168.0.81 - - [01/Aug/2023 14:28:44] "POST /cart HTTP/1.1" 200 -
INFO:app:¿ÂπŸ±∏¥œ ∆‰¿Ã¡ˆ ¡¯¿‘
INFO:app:product_id : 2
INFO:werkzeug:192.168.0.81 - - [01/Aug/2023 14:28:44] "POST /cart HTTP/1.1" 200 -
INFO:app:¿ÂπŸ±∏¥œ ∆‰¿Ã¡ˆ ¡¯¿‘
INFO:app:product_id : 4
INFO:werkzeug:192.168.0.47 - - [01/Aug/2023 14:28:44] "POST /cart HTTP/1.1" 200 -
INFO:app:¿ÂπŸ±∏¥œ ∆‰¿Ã¡ˆ ¡¯¿‘
INFO:app:product_id : 2
INFO:werkzeug:192.168.0.81 - - [01/Aug/2023 14:28:45] "POST /cart HTTP/1.1" 200 -
INFO:app:¿ÂπŸ±∏¥œ ∆‰¿Ã¡ˆ ¡¯¿‘
INFO:app:product_id : 2
INFO:werkzeug:192.168.0.81 - - [01/Aug/2023 14:28:45] "POST /cart HTTP/1.1" 200 -
INFO:app:¿ÂπŸ±∏¥œ ∆‰¿Ã¡ˆ ¡¯¿‘
INFO:app:product_id : 5
INFO:werkzeug:192.168.0.172 - - [01/Aug/2023 14:28:45] "POST /cart HTTP/1.1" 200 -
INFO:app:¿ÂπŸ±∏¥œ ∆‰¿Ã¡ˆ ¡¯¿‘
INFO:app:product_id : 4
INFO:werkzeug:192.168.0.47 - - [01/Aug/2023 14:28:45] "POST /cart HTTP/1.1" 200 -
INFO:app:¿ÂπŸ±∏¥œ ∆‰¿Ã¡ˆ ¡¯¿‘
INFO:app:product_id : 2
INFO:app:¿ÂπŸ±∏¥œ ∆‰¿Ã¡ˆ ¡¯¿‘
INFO:app:product_id : 4
INFO:werkzeug:192.168.0.81 - - [01/Aug/2023 14:28:46] "POST /cart HTTP/1.1" 200 -
INFO:app:¿ÂπŸ±∏¥œ ∆‰¿Ã¡ˆ ¡¯¿‘
INFO:app:product_id : 2
INFO:werkzeug:192.168.0.47 - - [01/Aug/2023 14:28:46] "POST /cart HTTP/1.1" 200 -
INFO:werkzeug:192.168.0.81 - - [01/Aug/2023 14:28:46] "POST /cart HTTP/1.1" 200 -
INFO:app:cart api
INFO:werkzeug:192.168.0.136 - - [01/Aug/2023 14:28:46] "GET /cart HTTP/1.1" 200 -
INFO:app:¿ÂπŸ±∏¥œ ∆‰¿Ã¡ˆ ¡¯¿‘
INFO:app:cart api
INFO:app:product_id : 4
INFO:app:¿ÂπŸ±∏¥œ ∆‰¿Ã¡ˆ ¡¯¿‘
INFO:app:product_id : 2
INFO:werkzeug:192.168.0.47 - - [01/Aug/2023 14:28:46] "POST /cart HTTP/1.1" 200 -
INFO:werkzeug:192.168.0.136 - - [01/Aug/2023 14:28:46] "GET /cart HTTP/1.1" 200 -
INFO:app:¿ÂπŸ±∏¥œ ∆‰¿Ã¡ˆ ¡¯¿‘
INFO:app:product_id : 4
INFO:werkzeug:192.168.0.81 - - [01/Aug/2023 14:28:46] "POST /cart HTTP/1.1" 200 -
INFO:app:¿ÂπŸ±∏¥œ ∆‰¿Ã¡ˆ ¡¯¿‘
INFO:app:product_id : 2
INFO:app:cart api
INFO:werkzeug:192.168.0.47 - - [01/Aug/2023 14:28:46] "POST /cart HTTP/1.1" 200 -
INFO:werkzeug:192.168.0.81 - - [01/Aug/2023 14:28:46] "POST /cart HTTP/1.1" 200 -
INFO:werkzeug:192.168.0.136 - - [01/Aug/2023 14:28:46] "GET /cart HTTP/1.1" 200 -
INFO:app:cart api
INFO:werkzeug:192.168.0.136 - - [01/Aug/2023 14:28:46] "GET /cart HTTP/1.1" 200 -
INFO:app:cart api
INFO:werkzeug:192.168.0.136 - - [01/Aug/2023 14:28:47] "GET /cart HTTP/1.1" 200 -
INFO:app:cart api
INFO:werkzeug:192.168.0.136 - - [01/Aug/2023 14:28:47] "GET /cart HTTP/1.1" 200 -
INFO:app:¿ÂπŸ±∏¥œ ∆‰¿Ã¡ˆ ¡¯¿‘
INFO:app:product_id : 4
INFO:werkzeug:192.168.0.47 - - [01/Aug/2023 14:28:47] "POST /cart HTTP/1.1" 200 -
INFO:app:cart api
INFO:werkzeug:192.168.0.136 - - [01/Aug/2023 14:28:47] "GET /cart HTTP/1.1" 200 -
INFO:app:cart api
INFO:app:cart api
INFO:app:¿ÂπŸ±∏¥œ ∆‰¿Ã¡ˆ ¡¯¿‘
INFO:app:product_id : 5
INFO:werkzeug:192.168.0.91 - - [01/Aug/2023 14:28:47] "GET /cart HTTP/1.1" 200 -
INFO:werkzeug:192.168.0.136 - - [01/Aug/2023 14:28:47] "GET /cart HTTP/1.1" 200 -
INFO:werkzeug:192.168.0.172 - - [01/Aug/2023 14:28:47] "POST /cart HTTP/1.1" 200 -
INFO:app:cart api
INFO:werkzeug:192.168.0.136 - - [01/Aug/2023 14:28:47] "GET /cart HTTP/1.1" 200 -
INFO:app:¿ÂπŸ±∏¥œ ∆‰¿Ã¡ˆ ¡¯¿‘
INFO:app:product_id : 4
INFO:werkzeug:192.168.0.47 - - [01/Aug/2023 14:28:47] "POST /cart HTTP/1.1" 200 -
INFO:app:cart api
INFO:werkzeug:192.168.0.136 - - [01/Aug/2023 14:28:47] "GET /cart HTTP/1.1" 200 -
INFO:app:cart api
INFO:werkzeug:192.168.0.136 - - [01/Aug/2023 14:28:48] "GET /cart HTTP/1.1" 200 -
INFO:app:¿ÂπŸ±∏¥œ ∆‰¿Ã¡ˆ ¡¯¿‘
INFO:app:product_id : 4
INFO:app:cart api
INFO:werkzeug:192.168.0.47 - - [01/Aug/2023 14:28:48] "POST /cart HTTP/1.1" 200 -
INFO:werkzeug:192.168.0.136 - - [01/Aug/2023 14:28:48] "GET /cart HTTP/1.1" 200 -
INFO:app:cart api
INFO:werkzeug:192.168.0.136 - - [01/Aug/2023 14:28:48] "GET /cart HTTP/1.1" 200 -
INFO:app:¿ÂπŸ±∏¥œ ∆‰¿Ã¡ˆ ¡¯¿‘
INFO:app:product_id : 4
INFO:werkzeug:192.168.0.47 - - [01/Aug/2023 14:28:48] "POST /cart HTTP/1.1" 200 -
INFO:app:cart api
INFO:werkzeug:192.168.0.91 - - [01/Aug/2023 14:28:48] "GET /cart HTTP/1.1" 200 -
INFO:app:¿ÂπŸ±∏¥œ ∆‰¿Ã¡ˆ ¡¯¿‘
INFO:app:product_id : 4
INFO:werkzeug:192.168.0.47 - - [01/Aug/2023 14:28:49] "POST /cart HTTP/1.1" 200 -
INFO:app:¿ÂπŸ±∏¥œ ∆‰¿Ã¡ˆ ¡¯¿‘
INFO:app:product_id : 4
INFO:werkzeug:192.168.0.47 - - [01/Aug/2023 14:28:49] "POST /cart HTTP/1.1" 200 -
INFO:app:¿ÂπŸ±∏¥œ ∆‰¿Ã¡ˆ ¡¯¿‘
INFO:app:product_id : 4
INFO:werkzeug:192.168.0.47 - - [01/Aug/2023 14:28:49] "POST /cart HTTP/1.1" 200 -
INFO:werkzeug:192.168.0.97 - - [01/Aug/2023 14:28:49] "[33mGET /script.js HTTP/1.1[0m" 404 -
INFO:app:¿ÂπŸ±∏¥œ ∆‰¿Ã¡ˆ ¡¯¿‘
INFO:app:product_id : 7
INFO:werkzeug:192.168.0.133 - - [01/Aug/2023 14:28:50] "POST /cart HTTP/1.1" 200 -
INFO:app:¿ÂπŸ±∏¥œ ∆‰¿Ã¡ˆ ¡¯¿‘
INFO:app:product_id : 4
INFO:werkzeug:192.168.0.47 - - [01/Aug/2023 14:28:50] "POST /cart HTTP/1.1" 200 -
INFO:app:¿ÂπŸ±∏¥œ ∆‰¿Ã¡ˆ ¡¯¿‘
INFO:app:product_id : 4
INFO:werkzeug:192.168.0.47 - - [01/Aug/2023 14:28:50] "POST /cart HTTP/1.1" 200 -
INFO:app:cart api
INFO:werkzeug:192.168.0.81 - - [01/Aug/2023 14:28:50] "GET /cart HTTP/1.1" 200 -
INFO:app:cart api
INFO:werkzeug:192.168.0.81 - - [01/Aug/2023 14:28:50] "GET /cart HTTP/1.1" 200 -
INFO:app:¿ÂπŸ±∏¥œ ∆‰¿Ã¡ˆ ¡¯¿‘
INFO:app:product_id : 4
INFO:werkzeug:192.168.0.47 - - [01/Aug/2023 14:28:50] "POST /cart HTTP/1.1" 200 -
INFO:app:¿ÂπŸ±∏¥œ ∆‰¿Ã¡ˆ ¡¯¿‘
INFO:app:product_id : 4
INFO:werkzeug:192.168.0.47 - - [01/Aug/2023 14:28:51] "POST /cart HTTP/1.1" 200 -
INFO:app:¿ÂπŸ±∏¥œ ∆‰¿Ã¡ˆ ¡¯¿‘
INFO:app:product_id : 4
INFO:werkzeug:192.168.0.47 - - [01/Aug/2023 14:28:51] "POST /cart HTTP/1.1" 200 -
INFO:app:¿ÂπŸ±∏¥œ ∆‰¿Ã¡ˆ ¡¯¿‘
INFO:app:product_id : 4
INFO:werkzeug:192.168.0.47 - - [01/Aug/2023 14:28:51] "POST /cart HTTP/1.1" 200 -
INFO:app:¿ÂπŸ±∏¥œ ∆‰¿Ã¡ˆ ¡¯¿‘
INFO:app:product_id : 4
INFO:werkzeug:192.168.0.47 - - [01/Aug/2023 14:28:52] "POST /cart HTTP/1.1" 200 -
INFO:app:¿ÂπŸ±∏¥œ ∆‰¿Ã¡ˆ ¡¯¿‘
INFO:app:product_id : 6
INFO:werkzeug:192.168.0.133 - - [01/Aug/2023 14:28:53] "POST /cart HTTP/1.1" 200 -
INFO:app:cart api
INFO:werkzeug:192.168.0.80 - - [01/Aug/2023 14:28:53] "GET /cart HTTP/1.1" 200 -
INFO:app:cart api
INFO:werkzeug:192.168.0.81 - - [01/Aug/2023 14:28:54] "GET /cart HTTP/1.1" 200 -
INFO:app:cart api
INFO:werkzeug:192.168.0.81 - - [01/Aug/2023 14:28:54] "GET /cart HTTP/1.1" 200 -
INFO:app:cart api
INFO:werkzeug:192.168.0.81 - - [01/Aug/2023 14:28:55] "GET /cart HTTP/1.1" 200 -
INFO:app:cart api
INFO:werkzeug:192.168.0.81 - - [01/Aug/2023 14:28:55] "GET /cart HTTP/1.1" 200 -
INFO:app:cart api
INFO:werkzeug:192.168.0.133 - - [01/Aug/2023 14:28:55] "GET /cart HTTP/1.1" 200 -
INFO:app:cart api
INFO:werkzeug:192.168.0.133 - - [01/Aug/2023 14:28:55] "GET /cart HTTP/1.1" 200 -
INFO:app:cart api
INFO:werkzeug:192.168.0.47 - - [01/Aug/2023 14:28:55] "GET /cart HTTP/1.1" 200 -
INFO:app:cart api
INFO:app:cart api
INFO:werkzeug:192.168.0.47 - - [01/Aug/2023 14:28:56] "GET /cart HTTP/1.1" 200 -
INFO:werkzeug:192.168.0.80 - - [01/Aug/2023 14:28:56] "GET /cart HTTP/1.1" 200 -
INFO:app:cart api
INFO:werkzeug:192.168.0.80 - - [01/Aug/2023 14:28:57] "GET /cart HTTP/1.1" 200 -
INFO:app:¿ÂπŸ±∏¥œ ∆‰¿Ã¡ˆ ¡¯¿‘
INFO:app:product_id : 2
INFO:werkzeug:192.168.0.81 - - [01/Aug/2023 14:28:57] "POST /cart HTTP/1.1" 200 -
INFO:app:cart api
INFO:werkzeug:192.168.0.133 - - [01/Aug/2023 14:28:57] "GET /cart HTTP/1.1" 200 -
INFO:app:cart api
INFO:werkzeug:192.168.0.133 - - [01/Aug/2023 14:28:57] "GET /cart HTTP/1.1" 200 -
INFO:app:cart api
INFO:app:cart api
INFO:werkzeug:192.168.0.133 - - [01/Aug/2023 14:28:57] "GET /cart HTTP/1.1" 200 -
INFO:werkzeug:192.168.0.47 - - [01/Aug/2023 14:28:57] "GET /cart HTTP/1.1" 200 -
INFO:app:¿ÂπŸ±∏¥œ ∆‰¿Ã¡ˆ ¡¯¿‘
INFO:app:product_id : 2
INFO:app:cart api
INFO:werkzeug:192.168.0.133 - - [01/Aug/2023 14:28:58] "GET /cart HTTP/1.1" 200 -
INFO:werkzeug:192.168.0.81 - - [01/Aug/2023 14:28:58] "POST /cart HTTP/1.1" 200 -
INFO:app:cart api
INFO:werkzeug:192.168.0.133 - - [01/Aug/2023 14:28:58] "GET /cart HTTP/1.1" 200 -
INFO:app:cart api
INFO:app:¿ÂπŸ±∏¥œ ∆‰¿Ã¡ˆ ¡¯¿‘
INFO:app:product_id : 2
INFO:app:cart api
INFO:werkzeug:192.168.0.47 - - [01/Aug/2023 14:28:58] "GET /cart HTTP/1.1" 200 -
INFO:werkzeug:192.168.0.81 - - [01/Aug/2023 14:28:58] "POST /cart HTTP/1.1" 200 -
INFO:werkzeug:192.168.0.133 - - [01/Aug/2023 14:28:58] "GET /cart HTTP/1.1" 200 -
INFO:app:cart api
INFO:werkzeug:192.168.0.133 - - [01/Aug/2023 14:28:58] "GET /cart HTTP/1.1" 200 -
INFO:app:cart api
INFO:werkzeug:192.168.0.133 - - [01/Aug/2023 14:28:59] "GET /cart HTTP/1.1" 200 -
INFO:app:¿ÂπŸ±∏¥œ ∆‰¿Ã¡ˆ ¡¯¿‘
INFO:app:product_id : 2
INFO:werkzeug:192.168.0.81 - - [01/Aug/2023 14:28:59] "POST /cart HTTP/1.1" 200 -
INFO:app:cart api
INFO:app:cart api
INFO:werkzeug:192.168.0.133 - - [01/Aug/2023 14:28:59] "GET /cart HTTP/1.1" 200 -
INFO:werkzeug:192.168.0.47 - - [01/Aug/2023 14:28:59] "GET /cart HTTP/1.1" 200 -
INFO:app:¿ÂπŸ±∏¥œ ∆‰¿Ã¡ˆ ¡¯¿‘
INFO:app:product_id : 2
INFO:werkzeug:192.168.0.81 - - [01/Aug/2023 14:28:59] "POST /cart HTTP/1.1" 200 -
INFO:app:cart api
INFO:werkzeug:192.168.0.133 - - [01/Aug/2023 14:28:59] "GET /cart HTTP/1.1" 200 -
INFO:app:¿ÂπŸ±∏¥œ ∆‰¿Ã¡ˆ ¡¯¿‘
INFO:app:product_id : 2
INFO:werkzeug:192.168.0.81 - - [01/Aug/2023 14:28:59] "POST /cart HTTP/1.1" 200 -
INFO:app:cart api
INFO:werkzeug:192.168.0.133 - - [01/Aug/2023 14:29:00] "GET /cart HTTP/1.1" 200 -
INFO:app:¿ÂπŸ±∏¥œ ∆‰¿Ã¡ˆ ¡¯¿‘
INFO:app:product_id : 2
INFO:werkzeug:192.168.0.81 - - [01/Aug/2023 14:29:00] "POST /cart HTTP/1.1" 200 -
INFO:app:cart api
INFO:werkzeug:192.168.0.133 - - [01/Aug/2023 14:29:00] "GET /cart HTTP/1.1" 200 -
INFO:app:cart api
INFO:werkzeug:192.168.0.133 - - [01/Aug/2023 14:29:00] "GET /cart HTTP/1.1" 200 -
INFO:app:¿ÂπŸ±∏¥œ ∆‰¿Ã¡ˆ ¡¯¿‘
INFO:app:product_id : 2
INFO:app:cart api
INFO:werkzeug:192.168.0.81 - - [01/Aug/2023 14:29:00] "POST /cart HTTP/1.1" 200 -
INFO:werkzeug:192.168.0.133 - - [01/Aug/2023 14:29:00] "GET /cart HTTP/1.1" 200 -
INFO:app:cart api
INFO:app:¿ÂπŸ±∏¥œ ∆‰¿Ã¡ˆ ¡¯¿‘
INFO:app:product_id : 2
INFO:werkzeug:192.168.0.133 - - [01/Aug/2023 14:29:01] "GET /cart HTTP/1.1" 200 -
INFO:werkzeug:192.168.0.81 - - [01/Aug/2023 14:29:01] "POST /cart HTTP/1.1" 200 -
INFO:app:cart api
INFO:werkzeug:192.168.0.133 - - [01/Aug/2023 14:29:01] "GET /cart HTTP/1.1" 200 -
INFO:app:cart api
INFO:werkzeug:192.168.0.133 - - [01/Aug/2023 14:29:01] "GET /cart HTTP/1.1" 200 -
INFO:app:¿ÂπŸ±∏¥œ ∆‰¿Ã¡ˆ ¡¯¿‘
INFO:app:product_id : 2
INFO:werkzeug:192.168.0.81 - - [01/Aug/2023 14:29:01] "POST /cart HTTP/1.1" 200 -
INFO:app:¿ÂπŸ±∏¥œ ∆‰¿Ã¡ˆ ¡¯¿‘
INFO:app:product_id : 2
INFO:werkzeug:192.168.0.81 - - [01/Aug/2023 14:29:02] "POST /cart HTTP/1.1" 200 -
INFO:app:cart api
INFO:werkzeug:192.168.0.133 - - [01/Aug/2023 14:29:02] "GET /cart HTTP/1.1" 200 -
INFO:app:cart api
INFO:werkzeug:192.168.0.133 - - [01/Aug/2023 14:29:03] "GET /cart HTTP/1.1" 200 -
INFO:app:cart api
INFO:werkzeug:192.168.0.133 - - [01/Aug/2023 14:29:03] "GET /cart HTTP/1.1" 200 -
INFO:app:cart api
INFO:werkzeug:192.168.0.81 - - [01/Aug/2023 14:29:03] "GET /cart HTTP/1.1" 200 -
INFO:app:cart api
INFO:werkzeug:192.168.0.81 - - [01/Aug/2023 14:29:04] "GET /cart HTTP/1.1" 200 -
INFO:werkzeug:192.168.0.172 - - [01/Aug/2023 14:29:05] "GET / HTTP/1.1" 200 -
INFO:werkzeug:192.168.0.172 - - [01/Aug/2023 14:29:05] "[33mGET /script.js HTTP/1.1[0m" 404 -
INFO:werkzeug:192.168.0.172 - - [01/Aug/2023 14:29:05] "[36mGET /static/css/style.css HTTP/1.1[0m" 304 -
INFO:werkzeug:192.168.0.172 - - [01/Aug/2023 14:29:05] "[36mGET /static/images/0721.jpg HTTP/1.1[0m" 304 -
INFO:werkzeug:192.168.0.172 - - [01/Aug/2023 14:29:05] "[33mGET /static/images/abput-img.png HTTP/1.1[0m" 404 -
INFO:werkzeug:192.168.0.172 - - [01/Aug/2023 14:29:05] "[36mGET /static/images/food.jpg HTTP/1.1[0m" 304 -
INFO:werkzeug:192.168.0.172 - - [01/Aug/2023 14:29:05] "[36mGET /static/images/img-1.png HTTP/1.1[0m" 304 -
INFO:werkzeug:192.168.0.172 - - [01/Aug/2023 14:29:05] "[36mGET /static/images/img-2.png HTTP/1.1[0m" 304 -
INFO:werkzeug:192.168.0.172 - - [01/Aug/2023 14:29:05] "[36mGET /static/images/img-3.png HTTP/1.1[0m" 304 -
INFO:werkzeug:192.168.0.172 - - [01/Aug/2023 14:29:05] "[36mGET /static/images/img-4.png HTTP/1.1[0m" 304 -
INFO:app:cart api
INFO:werkzeug:192.168.0.133 - - [01/Aug/2023 14:29:05] "GET /cart HTTP/1.1" 200 -
INFO:app:¿ÂπŸ±∏¥œ ∆‰¿Ã¡ˆ ¡¯¿‘
INFO:app:product_id : 4
INFO:werkzeug:192.168.0.47 - - [01/Aug/2023 14:29:05] "POST /cart HTTP/1.1" 200 -
INFO:app:cart api
INFO:werkzeug:192.168.0.133 - - [01/Aug/2023 14:29:06] "GET /cart HTTP/1.1" 200 -
INFO:app:cart api
INFO:werkzeug:192.168.0.28 - - [01/Aug/2023 14:29:06] "GET /cart HTTP/1.1" 200 -
INFO:app:¿ÂπŸ±∏¥œ ∆‰¿Ã¡ˆ ¡¯¿‘
INFO:app:product_id : 4
INFO:werkzeug:192.168.0.47 - - [01/Aug/2023 14:29:07] "POST /cart HTTP/1.1" 200 -
INFO:app:cart api
INFO:werkzeug:192.168.0.125 - - [01/Aug/2023 14:29:07] "GET /cart HTTP/1.1" 200 -
INFO:app:¿ÂπŸ±∏¥œ ∆‰¿Ã¡ˆ ¡¯¿‘
INFO:app:product_id : 4
INFO:werkzeug:192.168.0.47 - - [01/Aug/2023 14:29:08] "POST /cart HTTP/1.1" 200 -
INFO:app:¿ÂπŸ±∏¥œ ∆‰¿Ã¡ˆ ¡¯¿‘
INFO:app:product_id : 4
INFO:werkzeug:192.168.0.47 - - [01/Aug/2023 14:29:08] "POST /cart HTTP/1.1" 200 -
INFO:app:¿ÂπŸ±∏¥œ ∆‰¿Ã¡ˆ ¡¯¿‘
INFO:app:product_id : 4
INFO:werkzeug:192.168.0.47 - - [01/Aug/2023 14:29:09] "POST /cart HTTP/1.1" 200 -
INFO:app:cart api
INFO:werkzeug:192.168.0.133 - - [01/Aug/2023 14:29:09] "GET /cart HTTP/1.1" 200 -
INFO:app:cart api
INFO:werkzeug:192.168.0.125 - - [01/Aug/2023 14:29:09] "GET /cart HTTP/1.1" 200 -
INFO:app:¿ÂπŸ±∏¥œ ∆‰¿Ã¡ˆ ¡¯¿‘
INFO:app:product_id : 4
INFO:werkzeug:192.168.0.47 - - [01/Aug/2023 14:29:09] "POST /cart HTTP/1.1" 200 -
INFO:app:cart api
INFO:werkzeug:192.168.0.133 - - [01/Aug/2023 14:29:09] "GET /cart HTTP/1.1" 200 -
INFO:app:cart api
INFO:werkzeug:192.168.0.172 - - [01/Aug/2023 14:29:10] "GET /cart HTTP/1.1" 200 -
INFO:app:¿ÂπŸ±∏¥œ ∆‰¿Ã¡ˆ ¡¯¿‘
INFO:app:product_id : 4
INFO:werkzeug:192.168.0.47 - - [01/Aug/2023 14:29:10] "POST /cart HTTP/1.1" 200 -
INFO:app:cart api
INFO:app:cart api
INFO:app:cart api
INFO:werkzeug:192.168.0.125 - - [01/Aug/2023 14:29:10] "GET /cart HTTP/1.1" 200 -
INFO:werkzeug:192.168.0.133 - - [01/Aug/2023 14:29:10] "GET /cart HTTP/1.1" 200 -
INFO:app:¿ÂπŸ±∏¥œ ∆‰¿Ã¡ˆ ¡¯¿‘
INFO:app:product_id : 4
INFO:werkzeug:192.168.0.47 - - [01/Aug/2023 14:29:10] "POST /cart HTTP/1.1" 200 -
INFO:werkzeug:192.168.0.172 - - [01/Aug/2023 14:29:10] "GET /cart HTTP/1.1" 200 -
INFO:app:cart api
INFO:app:¿ÂπŸ±∏¥œ ∆‰¿Ã¡ˆ ¡¯¿‘
INFO:app:product_id : 4
INFO:werkzeug:192.168.0.133 - - [01/Aug/2023 14:29:11] "GET /cart HTTP/1.1" 200 -
INFO:werkzeug:192.168.0.47 - - [01/Aug/2023 14:29:11] "POST /cart HTTP/1.1" 200 -
INFO:app:¿ÂπŸ±∏¥œ ∆‰¿Ã¡ˆ ¡¯¿‘
INFO:app:product_id : 4
INFO:werkzeug:192.168.0.47 - - [01/Aug/2023 14:29:11] "POST /cart HTTP/1.1" 200 -
INFO:app:cart api
INFO:werkzeug:192.168.0.133 - - [01/Aug/2023 14:29:11] "GET /cart HTTP/1.1" 200 -
INFO:app:¿ÂπŸ±∏¥œ ∆‰¿Ã¡ˆ ¡¯¿‘
INFO:app:product_id : 4
INFO:werkzeug:192.168.0.47 - - [01/Aug/2023 14:29:12] "POST /cart HTTP/1.1" 200 -
INFO:app:¿ÂπŸ±∏¥œ ∆‰¿Ã¡ˆ ¡¯¿‘
INFO:app:product_id : 4
INFO:werkzeug:192.168.0.47 - - [01/Aug/2023 14:29:12] "POST /cart HTTP/1.1" 200 -
INFO:app:cart api
INFO:app:¿ÂπŸ±∏¥œ ∆‰¿Ã¡ˆ ¡¯¿‘
INFO:app:product_id : 2
INFO:werkzeug:192.168.0.133 - - [01/Aug/2023 14:29:12] "GET /cart HTTP/1.1" 200 -
INFO:werkzeug:192.168.0.81 - - [01/Aug/2023 14:29:12] "POST /cart HTTP/1.1" 200 -
INFO:app:¿ÂπŸ±∏¥œ ∆‰¿Ã¡ˆ ¡¯¿‘
INFO:app:product_id : 4
INFO:werkzeug:192.168.0.47 - - [01/Aug/2023 14:29:12] "POST /cart HTTP/1.1" 200 -
INFO:app:¿ÂπŸ±∏¥œ ∆‰¿Ã¡ˆ ¡¯¿‘
INFO:app:product_id : 4
INFO:werkzeug:192.168.0.47 - - [01/Aug/2023 14:29:13] "POST /cart HTTP/1.1" 200 -
INFO:app:cart api
INFO:werkzeug:192.168.0.133 - - [01/Aug/2023 14:29:13] "GET /cart HTTP/1.1" 200 -
INFO:app:¿ÂπŸ±∏¥œ ∆‰¿Ã¡ˆ ¡¯¿‘
INFO:app:product_id : 2
INFO:werkzeug:192.168.0.81 - - [01/Aug/2023 14:29:13] "POST /cart HTTP/1.1" 200 -
INFO:app:¿ÂπŸ±∏¥œ ∆‰¿Ã¡ˆ ¡¯¿‘
INFO:app:product_id : 4
INFO:werkzeug:192.168.0.47 - - [01/Aug/2023 14:29:13] "POST /cart HTTP/1.1" 200 -
INFO:app:¿ÂπŸ±∏¥œ ∆‰¿Ã¡ˆ ¡¯¿‘
INFO:app:product_id : 2
INFO:werkzeug:192.168.0.81 - - [01/Aug/2023 14:29:14] "POST /cart HTTP/1.1" 200 -
INFO:app:¿ÂπŸ±∏¥œ ∆‰¿Ã¡ˆ ¡¯¿‘
INFO:app:product_id : 4
INFO:werkzeug:192.168.0.47 - - [01/Aug/2023 14:29:14] "POST /cart HTTP/1.1" 200 -
INFO:app:¿ÂπŸ±∏¥œ ∆‰¿Ã¡ˆ ¡¯¿‘
INFO:app:product_id : 2
INFO:werkzeug:192.168.0.81 - - [01/Aug/2023 14:29:14] "POST /cart HTTP/1.1" 200 -
INFO:app:cart api
INFO:werkzeug:192.168.0.133 - - [01/Aug/2023 14:29:14] "GET /cart HTTP/1.1" 200 -
INFO:app:¿ÂπŸ±∏¥œ ∆‰¿Ã¡ˆ ¡¯¿‘
INFO:app:product_id : 2
INFO:app:¿ÂπŸ±∏¥œ ∆‰¿Ã¡ˆ ¡¯¿‘
INFO:app:product_id : 4
INFO:werkzeug:192.168.0.81 - - [01/Aug/2023 14:29:14] "POST /cart HTTP/1.1" 200 -
INFO:werkzeug:192.168.0.47 - - [01/Aug/2023 14:29:14] "POST /cart HTTP/1.1" 200 -
INFO:app:¿ÂπŸ±∏¥œ ∆‰¿Ã¡ˆ ¡¯¿‘
INFO:app:product_id : 4
INFO:werkzeug:192.168.0.47 - - [01/Aug/2023 14:29:14] "POST /cart HTTP/1.1" 200 -
INFO:app:¿ÂπŸ±∏¥œ ∆‰¿Ã¡ˆ ¡¯¿‘
INFO:app:cart api
INFO:app:product_id : 2
INFO:werkzeug:192.168.0.81 - - [01/Aug/2023 14:29:15] "POST /cart HTTP/1.1" 200 -
INFO:app:¿ÂπŸ±∏¥œ ∆‰¿Ã¡ˆ ¡¯¿‘
INFO:app:product_id : 2
INFO:werkzeug:192.168.0.81 - - [01/Aug/2023 14:29:15] "POST /cart HTTP/1.1" 200 -
INFO:werkzeug:192.168.0.133 - - [01/Aug/2023 14:29:15] "GET /cart HTTP/1.1" 200 -
INFO:app:∞·¡¶ ∆‰¿Ã¡ˆ ¡¯¿‘ ¡ﬂ
ERROR:app:Exception on /kakaopay/1 [GET]
Traceback (most recent call last):
  File "C:\Users\okseok\anaconda3\lib\site-packages\flask\app.py", line 2190, in wsgi_app
    response = self.full_dispatch_request()
  File "C:\Users\okseok\anaconda3\lib\site-packages\flask\app.py", line 1486, in full_dispatch_request
    rv = self.handle_user_exception(e)
  File "C:\Users\okseok\anaconda3\lib\site-packages\flask\app.py", line 1484, in full_dispatch_request
    rv = self.dispatch_request()
  File "C:\Users\okseok\anaconda3\lib\site-packages\flask\app.py", line 1469, in dispatch_request
    return self.ensure_sync(self.view_functions[rule.endpoint])(**view_args)
  File "C:\ITStudy\06_flask\onlineshop\personal_project-main\app\views\control_views.py", line 183, in kakaopay
    return redirect(url_for('cart.html', products=products, form=form))
  File "C:\Users\okseok\anaconda3\lib\site-packages\flask\helpers.py", line 225, in url_for
    return current_app.url_for(
  File "C:\Users\okseok\anaconda3\lib\site-packages\flask\app.py", line 1697, in url_for
    return self.handle_url_build_error(error, endpoint, values)
  File "C:\Users\okseok\anaconda3\lib\site-packages\flask\app.py", line 1686, in url_for
    rv = url_adapter.build(  # type: ignore[union-attr]
  File "C:\Users\okseok\anaconda3\lib\site-packages\werkzeug\routing\map.py", line 950, in build
    raise BuildError(endpoint, values, method, self)
werkzeug.routing.exceptions.BuildError: Could not build url for endpoint 'cart.html' with values ['form', 'products']. Did you mean 'test.hello_html' instead?
INFO:app:¿ÂπŸ±∏¥œ ∆‰¿Ã¡ˆ ¡¯¿‘
INFO:werkzeug:192.168.0.172 - - [01/Aug/2023 14:29:15] "[35m[1mGET /kakaopay/1 HTTP/1.1[0m" 500 -
INFO:app:product_id : 4
INFO:werkzeug:192.168.0.47 - - [01/Aug/2023 14:29:15] "POST /cart HTTP/1.1" 200 -
INFO:app:¿ÂπŸ±∏¥œ ∆‰¿Ã¡ˆ ¡¯¿‘
INFO:app:product_id : 4
INFO:werkzeug:192.168.0.47 - - [01/Aug/2023 14:29:15] "POST /cart HTTP/1.1" 200 -
INFO:app:¿ÂπŸ±∏¥œ ∆‰¿Ã¡ˆ ¡¯¿‘
INFO:app:product_id : 4
INFO:werkzeug:192.168.0.47 - - [01/Aug/2023 14:29:15] "POST /cart HTTP/1.1" 200 -
INFO:app:¿ÂπŸ±∏¥œ ∆‰¿Ã¡ˆ ¡¯¿‘
INFO:app:product_id : 2
INFO:app:¿ÂπŸ±∏¥œ ∆‰¿Ã¡ˆ ¡¯¿‘
INFO:app:product_id : 2
INFO:app:¿ÂπŸ±∏¥œ ∆‰¿Ã¡ˆ ¡¯¿‘
INFO:app:product_id : 2
INFO:werkzeug:192.168.0.81 - - [01/Aug/2023 14:29:16] "POST /cart HTTP/1.1" 200 -
INFO:werkzeug:192.168.0.81 - - [01/Aug/2023 14:29:16] "POST /cart HTTP/1.1" 200 -
INFO:werkzeug:192.168.0.81 - - [01/Aug/2023 14:29:16] "POST /cart HTTP/1.1" 200 -
INFO:app:¿ÂπŸ±∏¥œ ∆‰¿Ã¡ˆ ¡¯¿‘
INFO:app:product_id : 4
INFO:werkzeug:192.168.0.47 - - [01/Aug/2023 14:29:16] "POST /cart HTTP/1.1" 200 -
INFO:app:¿ÂπŸ±∏¥œ ∆‰¿Ã¡ˆ ¡¯¿‘
INFO:app:product_id : 4
INFO:werkzeug:192.168.0.47 - - [01/Aug/2023 14:29:17] "POST /cart HTTP/1.1" 200 -
INFO:app:¿ÂπŸ±∏¥œ ∆‰¿Ã¡ˆ ¡¯¿‘
INFO:app:product_id : 2
INFO:werkzeug:192.168.0.81 - - [01/Aug/2023 14:29:17] "POST /cart HTTP/1.1" 200 -
INFO:app:¿ÂπŸ±∏¥œ ∆‰¿Ã¡ˆ ¡¯¿‘
INFO:app:product_id : 4
INFO:werkzeug:192.168.0.47 - - [01/Aug/2023 14:29:17] "POST /cart HTTP/1.1" 200 -
INFO:app:¿ÂπŸ±∏¥œ ∆‰¿Ã¡ˆ ¡¯¿‘
INFO:app:product_id : 2
INFO:werkzeug:192.168.0.81 - - [01/Aug/2023 14:29:17] "POST /cart HTTP/1.1" 200 -
INFO:app:¿ÂπŸ±∏¥œ ∆‰¿Ã¡ˆ ¡¯¿‘
INFO:app:product_id : 4
INFO:werkzeug:192.168.0.47 - - [01/Aug/2023 14:29:17] "POST /cart HTTP/1.1" 200 -
INFO:app:cart api
INFO:werkzeug:192.168.0.133 - - [01/Aug/2023 14:29:18] "GET /cart HTTP/1.1" 200 -
INFO:app:¿ÂπŸ±∏¥œ ∆‰¿Ã¡ˆ ¡¯¿‘
INFO:app:product_id : 2
INFO:werkzeug:192.168.0.81 - - [01/Aug/2023 14:29:18] "POST /cart HTTP/1.1" 200 -
INFO:app:¿ÂπŸ±∏¥œ ∆‰¿Ã¡ˆ ¡¯¿‘
INFO:app:product_id : 4
INFO:werkzeug:192.168.0.47 - - [01/Aug/2023 14:29:18] "POST /cart HTTP/1.1" 200 -
INFO:app:cart api
INFO:werkzeug:192.168.0.133 - - [01/Aug/2023 14:29:18] "GET /cart HTTP/1.1" 200 -
INFO:app:¿ÂπŸ±∏¥œ ∆‰¿Ã¡ˆ ¡¯¿‘
INFO:app:product_id : 2
INFO:app:¿ÂπŸ±∏¥œ ∆‰¿Ã¡ˆ ¡¯¿‘
INFO:app:product_id : 4
INFO:werkzeug:192.168.0.81 - - [01/Aug/2023 14:29:18] "POST /cart HTTP/1.1" 200 -
INFO:werkzeug:192.168.0.47 - - [01/Aug/2023 14:29:18] "POST /cart HTTP/1.1" 200 -
INFO:app:cart api
INFO:werkzeug:192.168.0.172 - - [01/Aug/2023 14:29:18] "GET /cart HTTP/1.1" 200 -
INFO:app:¿ÂπŸ±∏¥œ ∆‰¿Ã¡ˆ ¡¯¿‘
INFO:app:product_id : 2
INFO:werkzeug:192.168.0.81 - - [01/Aug/2023 14:29:18] "POST /cart HTTP/1.1" 200 -
INFO:app:¿ÂπŸ±∏¥œ ∆‰¿Ã¡ˆ ¡¯¿‘
INFO:app:product_id : 4
INFO:app:cart api
INFO:werkzeug:192.168.0.47 - - [01/Aug/2023 14:29:19] "POST /cart HTTP/1.1" 200 -
INFO:werkzeug:192.168.0.172 - - [01/Aug/2023 14:29:19] "GET /cart HTTP/1.1" 200 -
INFO:app:cart api
INFO:app:¿ÂπŸ±∏¥œ ∆‰¿Ã¡ˆ ¡¯¿‘
INFO:app:product_id : 2
INFO:werkzeug:192.168.0.172 - - [01/Aug/2023 14:29:19] "GET /cart HTTP/1.1" 200 -
INFO:werkzeug:192.168.0.81 - - [01/Aug/2023 14:29:19] "POST /cart HTTP/1.1" 200 -
INFO:app:cart api
INFO:werkzeug:192.168.0.172 - - [01/Aug/2023 14:29:19] "GET /cart HTTP/1.1" 200 -
INFO:app:¿ÂπŸ±∏¥œ ∆‰¿Ã¡ˆ ¡¯¿‘
INFO:app:product_id : 4
INFO:werkzeug:192.168.0.47 - - [01/Aug/2023 14:29:19] "POST /cart HTTP/1.1" 200 -
INFO:app:¿ÂπŸ±∏¥œ ∆‰¿Ã¡ˆ ¡¯¿‘
INFO:app:product_id : 4
INFO:werkzeug:192.168.0.47 - - [01/Aug/2023 14:29:19] "POST /cart HTTP/1.1" 200 -
INFO:app:cart api
INFO:app:¿ÂπŸ±∏¥œ ∆‰¿Ã¡ˆ ¡¯¿‘
INFO:app:product_id : 4
INFO:werkzeug:192.168.0.172 - - [01/Aug/2023 14:29:20] "GET /cart HTTP/1.1" 200 -
INFO:werkzeug:192.168.0.47 - - [01/Aug/2023 14:29:20] "POST /cart HTTP/1.1" 200 -
INFO:app:¿ÂπŸ±∏¥œ ∆‰¿Ã¡ˆ ¡¯¿‘
INFO:app:product_id : 2
INFO:werkzeug:192.168.0.81 - - [01/Aug/2023 14:29:20] "POST /cart HTTP/1.1" 200 -
INFO:app:cart api
INFO:app:¿ÂπŸ±∏¥œ ∆‰¿Ã¡ˆ ¡¯¿‘
INFO:app:product_id : 2
INFO:werkzeug:192.168.0.81 - - [01/Aug/2023 14:29:20] "POST /cart HTTP/1.1" 200 -
INFO:app:cart api
INFO:werkzeug:192.168.0.172 - - [01/Aug/2023 14:29:20] "GET /cart HTTP/1.1" 200 -
INFO:app:¿ÂπŸ±∏¥œ ∆‰¿Ã¡ˆ ¡¯¿‘
INFO:app:product_id : 2
INFO:app:cart api
INFO:werkzeug:192.168.0.172 - - [01/Aug/2023 14:29:20] "GET /cart HTTP/1.1" 200 -
INFO:app:¿ÂπŸ±∏¥œ ∆‰¿Ã¡ˆ ¡¯¿‘
INFO:werkzeug:192.168.0.81 - - [01/Aug/2023 14:29:20] "POST /cart HTTP/1.1" 200 -
INFO:app:product_id : 4
INFO:werkzeug:192.168.0.172 - - [01/Aug/2023 14:29:20] "GET /cart HTTP/1.1" 200 -
INFO:werkzeug:192.168.0.47 - - [01/Aug/2023 14:29:20] "POST /cart HTTP/1.1" 200 -
INFO:app:cart api
INFO:app:cart api
INFO:werkzeug:192.168.0.133 - - [01/Aug/2023 14:29:20] "GET /cart HTTP/1.1" 200 -
INFO:app:¿ÂπŸ±∏¥œ ∆‰¿Ã¡ˆ ¡¯¿‘
INFO:app:product_id : 4
INFO:app:¿ÂπŸ±∏¥œ ∆‰¿Ã¡ˆ ¡¯¿‘
INFO:app:product_id : 2
INFO:werkzeug:192.168.0.172 - - [01/Aug/2023 14:29:21] "GET /cart HTTP/1.1" 200 -
INFO:app:cart api
INFO:werkzeug:192.168.0.47 - - [01/Aug/2023 14:29:21] "POST /cart HTTP/1.1" 200 -
INFO:werkzeug:192.168.0.81 - - [01/Aug/2023 14:29:21] "POST /cart HTTP/1.1" 200 -
INFO:app:¿ÂπŸ±∏¥œ ∆‰¿Ã¡ˆ ¡¯¿‘
INFO:app:product_id : 4
INFO:app:cart api
INFO:werkzeug:192.168.0.47 - - [01/Aug/2023 14:29:21] "POST /cart HTTP/1.1" 200 -
INFO:werkzeug:192.168.0.172 - - [01/Aug/2023 14:29:21] "GET /cart HTTP/1.1" 200 -
INFO:app:cart api
INFO:werkzeug:192.168.0.133 - - [01/Aug/2023 14:29:21] "GET /cart HTTP/1.1" 200 -
INFO:werkzeug:192.168.0.136 - - [01/Aug/2023 14:29:21] "GET /cart HTTP/1.1" 200 -
INFO:app:cart api
INFO:app:cart api
INFO:werkzeug:192.168.0.172 - - [01/Aug/2023 14:29:21] "GET /cart HTTP/1.1" 200 -
INFO:werkzeug:192.168.0.133 - - [01/Aug/2023 14:29:21] "GET /cart HTTP/1.1" 200 -
INFO:app:¿ÂπŸ±∏¥œ ∆‰¿Ã¡ˆ ¡¯¿‘
INFO:app:product_id : 2
INFO:werkzeug:192.168.0.81 - - [01/Aug/2023 14:29:21] "POST /cart HTTP/1.1" 200 -
INFO:app:¿ÂπŸ±∏¥œ ∆‰¿Ã¡ˆ ¡¯¿‘
INFO:app:product_id : 4
INFO:app:cart api
INFO:app:cart api
INFO:werkzeug:192.168.0.47 - - [01/Aug/2023 14:29:21] "POST /cart HTTP/1.1" 200 -
INFO:werkzeug:192.168.0.136 - - [01/Aug/2023 14:29:21] "GET /cart HTTP/1.1" 200 -
INFO:werkzeug:192.168.0.172 - - [01/Aug/2023 14:29:21] "GET /cart HTTP/1.1" 200 -
INFO:werkzeug:192.168.0.133 - - [01/Aug/2023 14:29:22] "[33mGET /script.js HTTP/1.1[0m" 404 -
INFO:app:¿ÂπŸ±∏¥œ ∆‰¿Ã¡ˆ ¡¯¿‘
INFO:app:product_id : 4
INFO:werkzeug:192.168.0.47 - - [01/Aug/2023 14:29:22] "POST /cart HTTP/1.1" 200 -
INFO:app:cart api
INFO:werkzeug:192.168.0.136 - - [01/Aug/2023 14:29:22] "GET /cart HTTP/1.1" 200 -
INFO:app:¿ÂπŸ±∏¥œ ∆‰¿Ã¡ˆ ¡¯¿‘
INFO:app:product_id : 2
INFO:app:cart api
INFO:werkzeug:192.168.0.81 - - [01/Aug/2023 14:29:22] "POST /cart HTTP/1.1" 200 -
INFO:werkzeug:192.168.0.136 - - [01/Aug/2023 14:29:22] "GET /cart HTTP/1.1" 200 -
INFO:app:¿ÂπŸ±∏¥œ ∆‰¿Ã¡ˆ ¡¯¿‘
INFO:app:product_id : 4
INFO:app:cart api
INFO:werkzeug:192.168.0.47 - - [01/Aug/2023 14:29:22] "POST /cart HTTP/1.1" 200 -
INFO:werkzeug:192.168.0.136 - - [01/Aug/2023 14:29:22] "GET /cart HTTP/1.1" 200 -
INFO:app:cart api
INFO:werkzeug:192.168.0.136 - - [01/Aug/2023 14:29:22] "GET /cart HTTP/1.1" 200 -
INFO:app:¿ÂπŸ±∏¥œ ∆‰¿Ã¡ˆ ¡¯¿‘
INFO:app:product_id : 2
INFO:app:cart api
INFO:werkzeug:192.168.0.81 - - [01/Aug/2023 14:29:22] "POST /cart HTTP/1.1" 200 -
INFO:werkzeug:192.168.0.136 - - [01/Aug/2023 14:29:22] "GET /cart HTTP/1.1" 200 -
INFO:app:¿ÂπŸ±∏¥œ ∆‰¿Ã¡ˆ ¡¯¿‘
INFO:app:product_id : 4
INFO:app:cart api
INFO:werkzeug:192.168.0.47 - - [01/Aug/2023 14:29:23] "POST /cart HTTP/1.1" 200 -
INFO:werkzeug:192.168.0.136 - - [01/Aug/2023 14:29:23] "GET /cart HTTP/1.1" 200 -
INFO:app:¿ÂπŸ±∏¥œ ∆‰¿Ã¡ˆ ¡¯¿‘
INFO:app:product_id : 2
INFO:app:cart api
INFO:werkzeug:192.168.0.81 - - [01/Aug/2023 14:29:23] "POST /cart HTTP/1.1" 200 -
INFO:werkzeug:192.168.0.136 - - [01/Aug/2023 14:29:23] "GET /cart HTTP/1.1" 200 -
INFO:app:¿ÂπŸ±∏¥œ ∆‰¿Ã¡ˆ ¡¯¿‘
INFO:app:product_id : 4
INFO:app:cart api
INFO:app:cart api
INFO:werkzeug:192.168.0.47 - - [01/Aug/2023 14:29:23] "POST /cart HTTP/1.1" 200 -
INFO:werkzeug:192.168.0.172 - - [01/Aug/2023 14:29:23] "GET /cart HTTP/1.1" 200 -
INFO:werkzeug:192.168.0.136 - - [01/Aug/2023 14:29:23] "GET /cart HTTP/1.1" 200 -
INFO:app:cart api
INFO:werkzeug:192.168.0.172 - - [01/Aug/2023 14:29:23] "GET /cart HTTP/1.1" 200 -
INFO:app:¿ÂπŸ±∏¥œ ∆‰¿Ã¡ˆ ¡¯¿‘
INFO:app:product_id : 2
INFO:werkzeug:192.168.0.81 - - [01/Aug/2023 14:29:23] "POST /cart HTTP/1.1" 200 -
INFO:app:¿ÂπŸ±∏¥œ ∆‰¿Ã¡ˆ ¡¯¿‘
INFO:app:product_id : 4
INFO:app:cart api
INFO:werkzeug:192.168.0.47 - - [01/Aug/2023 14:29:23] "POST /cart HTTP/1.1" 200 -
INFO:werkzeug:192.168.0.172 - - [01/Aug/2023 14:29:23] "GET /cart HTTP/1.1" 200 -
INFO:app:¿ÂπŸ±∏¥œ ∆‰¿Ã¡ˆ ¡¯¿‘
INFO:app:product_id : 2
INFO:werkzeug:192.168.0.81 - - [01/Aug/2023 14:29:24] "POST /cart HTTP/1.1" 200 -
INFO:app:¿ÂπŸ±∏¥œ ∆‰¿Ã¡ˆ ¡¯¿‘
INFO:app:product_id : 4
INFO:app:cart api
INFO:werkzeug:192.168.0.47 - - [01/Aug/2023 14:29:24] "POST /cart HTTP/1.1" 200 -
INFO:werkzeug:192.168.0.172 - - [01/Aug/2023 14:29:24] "GET /cart HTTP/1.1" 200 -
INFO:app:¿ÂπŸ±∏¥œ ∆‰¿Ã¡ˆ ¡¯¿‘
INFO:app:product_id : 2
INFO:werkzeug:192.168.0.81 - - [01/Aug/2023 14:29:24] "POST /cart HTTP/1.1" 200 -
INFO:app:¿ÂπŸ±∏¥œ ∆‰¿Ã¡ˆ ¡¯¿‘
INFO:app:product_id : 4
INFO:werkzeug:192.168.0.47 - - [01/Aug/2023 14:29:24] "POST /cart HTTP/1.1" 200 -
INFO:app:¿ÂπŸ±∏¥œ ∆‰¿Ã¡ˆ ¡¯¿‘
INFO:app:product_id : 2
INFO:werkzeug:192.168.0.81 - - [01/Aug/2023 14:29:24] "POST /cart HTTP/1.1" 200 -
INFO:app:¿ÂπŸ±∏¥œ ∆‰¿Ã¡ˆ ¡¯¿‘
INFO:app:product_id : 4
INFO:werkzeug:192.168.0.47 - - [01/Aug/2023 14:29:24] "POST /cart HTTP/1.1" 200 -
INFO:app:¿ÂπŸ±∏¥œ ∆‰¿Ã¡ˆ ¡¯¿‘
INFO:app:product_id : 2
INFO:werkzeug:192.168.0.81 - - [01/Aug/2023 14:29:25] "POST /cart HTTP/1.1" 200 -
INFO:app:¿ÂπŸ±∏¥œ ∆‰¿Ã¡ˆ ¡¯¿‘
INFO:app:product_id : 4
INFO:werkzeug:192.168.0.47 - - [01/Aug/2023 14:29:25] "POST /cart HTTP/1.1" 200 -
INFO:app:¿ÂπŸ±∏¥œ ∆‰¿Ã¡ˆ ¡¯¿‘
INFO:app:product_id : 2
INFO:werkzeug:192.168.0.81 - - [01/Aug/2023 14:29:25] "POST /cart HTTP/1.1" 200 -
INFO:app:¿ÂπŸ±∏¥œ ∆‰¿Ã¡ˆ ¡¯¿‘
INFO:app:product_id : 4
INFO:werkzeug:192.168.0.47 - - [01/Aug/2023 14:29:25] "POST /cart HTTP/1.1" 200 -
INFO:app:¿ÂπŸ±∏¥œ ∆‰¿Ã¡ˆ ¡¯¿‘
INFO:app:product_id : 2
INFO:app:¿ÂπŸ±∏¥œ ∆‰¿Ã¡ˆ ¡¯¿‘
INFO:app:product_id : 4
INFO:werkzeug:192.168.0.81 - - [01/Aug/2023 14:29:26] "POST /cart HTTP/1.1" 200 -
INFO:werkzeug:192.168.0.47 - - [01/Aug/2023 14:29:26] "POST /cart HTTP/1.1" 200 -
INFO:app:¿ÂπŸ±∏¥œ ∆‰¿Ã¡ˆ ¡¯¿‘
INFO:app:product_id : 4
INFO:werkzeug:192.168.0.47 - - [01/Aug/2023 14:29:26] "POST /cart HTTP/1.1" 200 -
INFO:app:¿ÂπŸ±∏¥œ ∆‰¿Ã¡ˆ ¡¯¿‘
INFO:app:product_id : 2
INFO:werkzeug:192.168.0.81 - - [01/Aug/2023 14:29:26] "POST /cart HTTP/1.1" 200 -
INFO:app:¿ÂπŸ±∏¥œ ∆‰¿Ã¡ˆ ¡¯¿‘
INFO:app:product_id : 2
INFO:app:¿ÂπŸ±∏¥œ ∆‰¿Ã¡ˆ ¡¯¿‘
INFO:app:product_id : 4
INFO:werkzeug:192.168.0.81 - - [01/Aug/2023 14:29:26] "POST /cart HTTP/1.1" 200 -
INFO:werkzeug:192.168.0.47 - - [01/Aug/2023 14:29:26] "POST /cart HTTP/1.1" 200 -
INFO:app:¿ÂπŸ±∏¥œ ∆‰¿Ã¡ˆ ¡¯¿‘
INFO:app:product_id : 4
INFO:werkzeug:192.168.0.47 - - [01/Aug/2023 14:29:27] "POST /cart HTTP/1.1" 200 -
INFO:app:¿ÂπŸ±∏¥œ ∆‰¿Ã¡ˆ ¡¯¿‘
INFO:app:product_id : 2
INFO:werkzeug:192.168.0.81 - - [01/Aug/2023 14:29:27] "POST /cart HTTP/1.1" 200 -
INFO:app:¿ÂπŸ±∏¥œ ∆‰¿Ã¡ˆ ¡¯¿‘
INFO:app:product_id : 4
INFO:app:¿ÂπŸ±∏¥œ ∆‰¿Ã¡ˆ ¡¯¿‘
INFO:app:product_id : 2
INFO:werkzeug:192.168.0.47 - - [01/Aug/2023 14:29:27] "POST /cart HTTP/1.1" 200 -
INFO:werkzeug:192.168.0.81 - - [01/Aug/2023 14:29:27] "POST /cart HTTP/1.1" 200 -
INFO:app:¿ÂπŸ±∏¥œ ∆‰¿Ã¡ˆ ¡¯¿‘
INFO:app:product_id : 4
INFO:werkzeug:192.168.0.47 - - [01/Aug/2023 14:29:28] "POST /cart HTTP/1.1" 200 -
INFO:app:¿ÂπŸ±∏¥œ ∆‰¿Ã¡ˆ ¡¯¿‘
INFO:app:product_id : 2
INFO:app:¿ÂπŸ±∏¥œ ∆‰¿Ã¡ˆ ¡¯¿‘
INFO:app:product_id : 8
INFO:werkzeug:192.168.0.172 - - [01/Aug/2023 14:29:28] "POST /cart HTTP/1.1" 200 -
INFO:werkzeug:192.168.0.81 - - [01/Aug/2023 14:29:28] "POST /cart HTTP/1.1" 200 -
INFO:app:¿ÂπŸ±∏¥œ ∆‰¿Ã¡ˆ ¡¯¿‘
INFO:app:product_id : 4
INFO:app:¿ÂπŸ±∏¥œ ∆‰¿Ã¡ˆ ¡¯¿‘
INFO:app:product_id : 2
INFO:werkzeug:192.168.0.47 - - [01/Aug/2023 14:29:28] "POST /cart HTTP/1.1" 200 -
INFO:werkzeug:192.168.0.81 - - [01/Aug/2023 14:29:28] "POST /cart HTTP/1.1" 200 -
INFO:app:¿ÂπŸ±∏¥œ ∆‰¿Ã¡ˆ ¡¯¿‘
INFO:app:product_id : 4
INFO:werkzeug:192.168.0.47 - - [01/Aug/2023 14:29:28] "POST /cart HTTP/1.1" 200 -
INFO:app:¿ÂπŸ±∏¥œ ∆‰¿Ã¡ˆ ¡¯¿‘
INFO:app:product_id : 2
INFO:werkzeug:192.168.0.81 - - [01/Aug/2023 14:29:29] "POST /cart HTTP/1.1" 200 -
INFO:app:¿ÂπŸ±∏¥œ ∆‰¿Ã¡ˆ ¡¯¿‘
INFO:app:product_id : 4
INFO:werkzeug:192.168.0.47 - - [01/Aug/2023 14:29:29] "POST /cart HTTP/1.1" 200 -
INFO:app:¿ÂπŸ±∏¥œ ∆‰¿Ã¡ˆ ¡¯¿‘
INFO:app:product_id : 2
INFO:werkzeug:192.168.0.81 - - [01/Aug/2023 14:29:29] "POST /cart HTTP/1.1" 200 -
INFO:app:¿ÂπŸ±∏¥œ ∆‰¿Ã¡ˆ ¡¯¿‘
INFO:app:product_id : 4
INFO:werkzeug:192.168.0.47 - - [01/Aug/2023 14:29:29] "POST /cart HTTP/1.1" 200 -
INFO:app:¿ÂπŸ±∏¥œ ∆‰¿Ã¡ˆ ¡¯¿‘
INFO:app:product_id : 2
INFO:werkzeug:192.168.0.81 - - [01/Aug/2023 14:29:30] "POST /cart HTTP/1.1" 200 -
INFO:app:¿ÂπŸ±∏¥œ ∆‰¿Ã¡ˆ ¡¯¿‘
INFO:app:product_id : 4
INFO:werkzeug:192.168.0.47 - - [01/Aug/2023 14:29:30] "POST /cart HTTP/1.1" 200 -
INFO:app:¿ÂπŸ±∏¥œ ∆‰¿Ã¡ˆ ¡¯¿‘
INFO:app:product_id : 2
INFO:werkzeug:192.168.0.81 - - [01/Aug/2023 14:29:30] "POST /cart HTTP/1.1" 200 -
INFO:app:¿ÂπŸ±∏¥œ ∆‰¿Ã¡ˆ ¡¯¿‘
INFO:app:product_id : 4
INFO:werkzeug:192.168.0.47 - - [01/Aug/2023 14:29:30] "POST /cart HTTP/1.1" 200 -
INFO:app:¿ÂπŸ±∏¥œ ∆‰¿Ã¡ˆ ¡¯¿‘
INFO:app:product_id : 2
INFO:werkzeug:192.168.0.81 - - [01/Aug/2023 14:29:30] "POST /cart HTTP/1.1" 200 -
INFO:app:¿ÂπŸ±∏¥œ ∆‰¿Ã¡ˆ ¡¯¿‘
INFO:app:product_id : 8
INFO:werkzeug:192.168.0.172 - - [01/Aug/2023 14:29:31] "POST /cart HTTP/1.1" 200 -
INFO:app:¿ÂπŸ±∏¥œ ∆‰¿Ã¡ˆ ¡¯¿‘
INFO:app:product_id : 2
INFO:werkzeug:192.168.0.81 - - [01/Aug/2023 14:29:31] "POST /cart HTTP/1.1" 200 -
INFO:app:¿ÂπŸ±∏¥œ ∆‰¿Ã¡ˆ ¡¯¿‘
INFO:app:product_id : 4
INFO:werkzeug:192.168.0.47 - - [01/Aug/2023 14:29:31] "POST /cart HTTP/1.1" 200 -
INFO:app:¿ÂπŸ±∏¥œ ∆‰¿Ã¡ˆ ¡¯¿‘
INFO:app:product_id : 4
INFO:werkzeug:192.168.0.47 - - [01/Aug/2023 14:29:31] "POST /cart HTTP/1.1" 200 -
INFO:app:¿ÂπŸ±∏¥œ ∆‰¿Ã¡ˆ ¡¯¿‘
INFO:app:product_id : 2
INFO:werkzeug:192.168.0.81 - - [01/Aug/2023 14:29:32] "POST /cart HTTP/1.1" 200 -
INFO:app:¿ÂπŸ±∏¥œ ∆‰¿Ã¡ˆ ¡¯¿‘
INFO:app:product_id : 4
INFO:werkzeug:192.168.0.47 - - [01/Aug/2023 14:29:32] "POST /cart HTTP/1.1" 200 -
INFO:app:¿ÂπŸ±∏¥œ ∆‰¿Ã¡ˆ ¡¯¿‘
INFO:app:product_id : 2
INFO:werkzeug:192.168.0.81 - - [01/Aug/2023 14:29:32] "POST /cart HTTP/1.1" 200 -
INFO:app:¿ÂπŸ±∏¥œ ∆‰¿Ã¡ˆ ¡¯¿‘
INFO:app:product_id : 4
INFO:werkzeug:192.168.0.47 - - [01/Aug/2023 14:29:32] "POST /cart HTTP/1.1" 200 -
INFO:app:¿ÂπŸ±∏¥œ ∆‰¿Ã¡ˆ ¡¯¿‘
INFO:app:product_id : 2
INFO:werkzeug:192.168.0.81 - - [01/Aug/2023 14:29:32] "POST /cart HTTP/1.1" 200 -
INFO:app:¿ÂπŸ±∏¥œ ∆‰¿Ã¡ˆ ¡¯¿‘
INFO:app:product_id : 8
INFO:werkzeug:192.168.0.172 - - [01/Aug/2023 14:29:33] "POST /cart HTTP/1.1" 200 -
INFO:app:¿ÂπŸ±∏¥œ ∆‰¿Ã¡ˆ ¡¯¿‘
INFO:app:product_id : 4
INFO:werkzeug:192.168.0.47 - - [01/Aug/2023 14:29:33] "POST /cart HTTP/1.1" 200 -
INFO:app:¿ÂπŸ±∏¥œ ∆‰¿Ã¡ˆ ¡¯¿‘
INFO:app:product_id : 2
INFO:werkzeug:192.168.0.81 - - [01/Aug/2023 14:29:33] "POST /cart HTTP/1.1" 200 -
INFO:app:¿ÂπŸ±∏¥œ ∆‰¿Ã¡ˆ ¡¯¿‘
INFO:app:product_id : 4
INFO:werkzeug:192.168.0.47 - - [01/Aug/2023 14:29:33] "POST /cart HTTP/1.1" 200 -
INFO:app:¿ÂπŸ±∏¥œ ∆‰¿Ã¡ˆ ¡¯¿‘
INFO:app:product_id : 2
INFO:werkzeug:192.168.0.81 - - [01/Aug/2023 14:29:33] "POST /cart HTTP/1.1" 200 -
INFO:app:¿ÂπŸ±∏¥œ ∆‰¿Ã¡ˆ ¡¯¿‘
INFO:app:product_id : 4
INFO:werkzeug:192.168.0.47 - - [01/Aug/2023 14:29:34] "POST /cart HTTP/1.1" 200 -
INFO:app:¿ÂπŸ±∏¥œ ∆‰¿Ã¡ˆ ¡¯¿‘
INFO:app:product_id : 4
INFO:app:¿ÂπŸ±∏¥œ ∆‰¿Ã¡ˆ ¡¯¿‘
INFO:app:product_id : 2
INFO:werkzeug:192.168.0.47 - - [01/Aug/2023 14:29:34] "POST /cart HTTP/1.1" 200 -
INFO:werkzeug:192.168.0.81 - - [01/Aug/2023 14:29:34] "POST /cart HTTP/1.1" 200 -
INFO:app:¿ÂπŸ±∏¥œ ∆‰¿Ã¡ˆ ¡¯¿‘
INFO:app:product_id : 2
INFO:werkzeug:192.168.0.81 - - [01/Aug/2023 14:29:34] "POST /cart HTTP/1.1" 200 -
INFO:app:¿ÂπŸ±∏¥œ ∆‰¿Ã¡ˆ ¡¯¿‘
INFO:app:product_id : 4
INFO:werkzeug:192.168.0.47 - - [01/Aug/2023 14:29:34] "POST /cart HTTP/1.1" 200 -
INFO:app:¿ÂπŸ±∏¥œ ∆‰¿Ã¡ˆ ¡¯¿‘
INFO:app:product_id : 8
INFO:werkzeug:192.168.0.172 - - [01/Aug/2023 14:29:34] "POST /cart HTTP/1.1" 200 -
INFO:app:¿ÂπŸ±∏¥œ ∆‰¿Ã¡ˆ ¡¯¿‘
INFO:app:product_id : 2
INFO:werkzeug:192.168.0.81 - - [01/Aug/2023 14:29:35] "POST /cart HTTP/1.1" 200 -
INFO:app:¿ÂπŸ±∏¥œ ∆‰¿Ã¡ˆ ¡¯¿‘
INFO:app:product_id : 4
INFO:werkzeug:192.168.0.47 - - [01/Aug/2023 14:29:35] "POST /cart HTTP/1.1" 200 -
INFO:app:¿ÂπŸ±∏¥œ ∆‰¿Ã¡ˆ ¡¯¿‘
INFO:app:product_id : 2
INFO:werkzeug:192.168.0.81 - - [01/Aug/2023 14:29:35] "POST /cart HTTP/1.1" 200 -
INFO:app:¿ÂπŸ±∏¥œ ∆‰¿Ã¡ˆ ¡¯¿‘
INFO:app:product_id : 4
INFO:werkzeug:192.168.0.47 - - [01/Aug/2023 14:29:35] "POST /cart HTTP/1.1" 200 -
INFO:app:¿ÂπŸ±∏¥œ ∆‰¿Ã¡ˆ ¡¯¿‘
INFO:app:product_id : 2
INFO:werkzeug:192.168.0.81 - - [01/Aug/2023 14:29:35] "POST /cart HTTP/1.1" 200 -
INFO:app:¿ÂπŸ±∏¥œ ∆‰¿Ã¡ˆ ¡¯¿‘
INFO:app:product_id : 4
INFO:werkzeug:192.168.0.47 - - [01/Aug/2023 14:29:36] "POST /cart HTTP/1.1" 200 -
INFO:app:¿ÂπŸ±∏¥œ ∆‰¿Ã¡ˆ ¡¯¿‘
INFO:app:product_id : 2
INFO:werkzeug:192.168.0.81 - - [01/Aug/2023 14:29:36] "POST /cart HTTP/1.1" 200 -
INFO:app:¿ÂπŸ±∏¥œ ∆‰¿Ã¡ˆ ¡¯¿‘
INFO:app:product_id : 4
INFO:werkzeug:192.168.0.47 - - [01/Aug/2023 14:29:36] "POST /cart HTTP/1.1" 200 -
INFO:app:¿ÂπŸ±∏¥œ ∆‰¿Ã¡ˆ ¡¯¿‘
INFO:app:product_id : 2
INFO:app:¿ÂπŸ±∏¥œ ∆‰¿Ã¡ˆ ¡¯¿‘
INFO:app:product_id : 8
INFO:werkzeug:192.168.0.81 - - [01/Aug/2023 14:29:36] "POST /cart HTTP/1.1" 200 -
INFO:app:¿ÂπŸ±∏¥œ ∆‰¿Ã¡ˆ ¡¯¿‘
INFO:app:product_id : 4
INFO:werkzeug:192.168.0.172 - - [01/Aug/2023 14:29:36] "POST /cart HTTP/1.1" 200 -
INFO:werkzeug:192.168.0.47 - - [01/Aug/2023 14:29:37] "POST /cart HTTP/1.1" 200 -
INFO:app:¿ÂπŸ±∏¥œ ∆‰¿Ã¡ˆ ¡¯¿‘
INFO:app:product_id : 4
INFO:werkzeug:192.168.0.47 - - [01/Aug/2023 14:29:37] "POST /cart HTTP/1.1" 200 -
INFO:app:¿ÂπŸ±∏¥œ ∆‰¿Ã¡ˆ ¡¯¿‘
INFO:app:product_id : 2
INFO:werkzeug:192.168.0.81 - - [01/Aug/2023 14:29:37] "POST /cart HTTP/1.1" 200 -
INFO:app:¿ÂπŸ±∏¥œ ∆‰¿Ã¡ˆ ¡¯¿‘
INFO:app:product_id : 4
INFO:werkzeug:192.168.0.47 - - [01/Aug/2023 14:29:37] "POST /cart HTTP/1.1" 200 -
INFO:app:¿ÂπŸ±∏¥œ ∆‰¿Ã¡ˆ ¡¯¿‘
INFO:app:product_id : 2
INFO:werkzeug:192.168.0.81 - - [01/Aug/2023 14:29:37] "POST /cart HTTP/1.1" 200 -
INFO:app:¿ÂπŸ±∏¥œ ∆‰¿Ã¡ˆ ¡¯¿‘
INFO:app:product_id : 4
INFO:werkzeug:192.168.0.47 - - [01/Aug/2023 14:29:38] "POST /cart HTTP/1.1" 200 -
INFO:app:¿ÂπŸ±∏¥œ ∆‰¿Ã¡ˆ ¡¯¿‘
INFO:app:product_id : 2
INFO:werkzeug:192.168.0.81 - - [01/Aug/2023 14:29:38] "POST /cart HTTP/1.1" 200 -
INFO:app:¿ÂπŸ±∏¥œ ∆‰¿Ã¡ˆ ¡¯¿‘
INFO:app:product_id : 2
INFO:werkzeug:192.168.0.81 - - [01/Aug/2023 14:29:38] "POST /cart HTTP/1.1" 200 -
INFO:app:¿ÂπŸ±∏¥œ ∆‰¿Ã¡ˆ ¡¯¿‘
INFO:app:product_id : 8
INFO:werkzeug:192.168.0.172 - - [01/Aug/2023 14:29:38] "POST /cart HTTP/1.1" 200 -
INFO:app:¿ÂπŸ±∏¥œ ∆‰¿Ã¡ˆ ¡¯¿‘
INFO:app:product_id : 2
INFO:werkzeug:192.168.0.81 - - [01/Aug/2023 14:29:39] "POST /cart HTTP/1.1" 200 -
INFO:app:¿ÂπŸ±∏¥œ ∆‰¿Ã¡ˆ ¡¯¿‘
INFO:app:product_id : 2
INFO:werkzeug:192.168.0.81 - - [01/Aug/2023 14:29:39] "POST /cart HTTP/1.1" 200 -
INFO:app:¿ÂπŸ±∏¥œ ∆‰¿Ã¡ˆ ¡¯¿‘
INFO:app:product_id : 2
INFO:werkzeug:192.168.0.81 - - [01/Aug/2023 14:29:40] "POST /cart HTTP/1.1" 200 -
INFO:app:¿ÂπŸ±∏¥œ ∆‰¿Ã¡ˆ ¡¯¿‘
INFO:app:product_id : 2
INFO:werkzeug:192.168.0.81 - - [01/Aug/2023 14:29:40] "POST /cart HTTP/1.1" 200 -
INFO:app:¿ÂπŸ±∏¥œ ∆‰¿Ã¡ˆ ¡¯¿‘
INFO:app:product_id : 8
INFO:werkzeug:192.168.0.172 - - [01/Aug/2023 14:29:40] "POST /cart HTTP/1.1" 200 -
INFO:app:¿ÂπŸ±∏¥œ ∆‰¿Ã¡ˆ ¡¯¿‘
INFO:app:product_id : 2
INFO:werkzeug:192.168.0.81 - - [01/Aug/2023 14:29:40] "POST /cart HTTP/1.1" 200 -
INFO:app:¿ÂπŸ±∏¥œ ∆‰¿Ã¡ˆ ¡¯¿‘
INFO:app:product_id : 2
INFO:werkzeug:192.168.0.81 - - [01/Aug/2023 14:29:41] "POST /cart HTTP/1.1" 200 -
INFO:app:¿ÂπŸ±∏¥œ ∆‰¿Ã¡ˆ ¡¯¿‘
INFO:app:product_id : 2
INFO:werkzeug:192.168.0.81 - - [01/Aug/2023 14:29:41] "POST /cart HTTP/1.1" 200 -
INFO:app:¿ÂπŸ±∏¥œ ∆‰¿Ã¡ˆ ¡¯¿‘
INFO:app:product_id : 2
INFO:werkzeug:192.168.0.81 - - [01/Aug/2023 14:29:42] "POST /cart HTTP/1.1" 200 -
INFO:app:¿ÂπŸ±∏¥œ ∆‰¿Ã¡ˆ ¡¯¿‘
INFO:app:product_id : 2
INFO:werkzeug:192.168.0.81 - - [01/Aug/2023 14:29:42] "POST /cart HTTP/1.1" 200 -
INFO:app:cart api
INFO:werkzeug:192.168.0.47 - - [01/Aug/2023 14:29:42] "GET /cart HTTP/1.1" 200 -
INFO:app:cart api
INFO:werkzeug:192.168.0.47 - - [01/Aug/2023 14:29:42] "GET /cart HTTP/1.1" 200 -
INFO:app:¿ÂπŸ±∏¥œ ∆‰¿Ã¡ˆ ¡¯¿‘
INFO:app:product_id : 2
INFO:werkzeug:192.168.0.81 - - [01/Aug/2023 14:29:42] "POST /cart HTTP/1.1" 200 -
INFO:app:¿ÂπŸ±∏¥œ ∆‰¿Ã¡ˆ ¡¯¿‘
INFO:app:product_id : 7
INFO:werkzeug:192.168.0.172 - - [01/Aug/2023 14:29:43] "POST /cart HTTP/1.1" 200 -
INFO:app:¿ÂπŸ±∏¥œ ∆‰¿Ã¡ˆ ¡¯¿‘
INFO:app:product_id : 2
INFO:werkzeug:192.168.0.81 - - [01/Aug/2023 14:29:43] "POST /cart HTTP/1.1" 200 -
INFO:app:cart api
INFO:werkzeug:192.168.0.150 - - [01/Aug/2023 14:29:43] "GET /cart HTTP/1.1" 200 -
INFO:app:¿ÂπŸ±∏¥œ ∆‰¿Ã¡ˆ ¡¯¿‘
INFO:app:product_id : 2
INFO:werkzeug:192.168.0.81 - - [01/Aug/2023 14:29:43] "POST /cart HTTP/1.1" 200 -
INFO:app:¿ÂπŸ±∏¥œ ∆‰¿Ã¡ˆ ¡¯¿‘
INFO:app:product_id : 2
INFO:werkzeug:192.168.0.81 - - [01/Aug/2023 14:29:44] "POST /cart HTTP/1.1" 200 -
INFO:app:¿ÂπŸ±∏¥œ ∆‰¿Ã¡ˆ ¡¯¿‘
INFO:app:product_id : 2
INFO:werkzeug:192.168.0.81 - - [01/Aug/2023 14:29:44] "POST /cart HTTP/1.1" 200 -
INFO:app:¿ÂπŸ±∏¥œ ∆‰¿Ã¡ˆ ¡¯¿‘
INFO:app:product_id : 2
INFO:app:cart api
INFO:werkzeug:192.168.0.81 - - [01/Aug/2023 14:29:45] "POST /cart HTTP/1.1" 200 -
INFO:werkzeug:192.168.0.47 - - [01/Aug/2023 14:29:45] "GET /cart HTTP/1.1" 200 -
INFO:app:¿ÂπŸ±∏¥œ ∆‰¿Ã¡ˆ ¡¯¿‘
INFO:app:product_id : 2
INFO:werkzeug:192.168.0.81 - - [01/Aug/2023 14:29:45] "POST /cart HTTP/1.1" 200 -
INFO:app:cart api
INFO:werkzeug:192.168.0.47 - - [01/Aug/2023 14:29:45] "GET /cart HTTP/1.1" 200 -
INFO:app:¿ÂπŸ±∏¥œ ∆‰¿Ã¡ˆ ¡¯¿‘
INFO:app:product_id : 2
INFO:werkzeug:192.168.0.81 - - [01/Aug/2023 14:29:45] "POST /cart HTTP/1.1" 200 -
INFO:app:¿ÂπŸ±∏¥œ ∆‰¿Ã¡ˆ ¡¯¿‘
INFO:app:product_id : 2
INFO:werkzeug:192.168.0.81 - - [01/Aug/2023 14:29:46] "POST /cart HTTP/1.1" 200 -
INFO:app:cart api
INFO:werkzeug:192.168.0.172 - - [01/Aug/2023 14:29:46] "GET /cart HTTP/1.1" 200 -
INFO:app:cart api
INFO:werkzeug:192.168.0.172 - - [01/Aug/2023 14:29:46] "GET /cart HTTP/1.1" 200 -
INFO:app:cart api
INFO:werkzeug:192.168.0.47 - - [01/Aug/2023 14:29:46] "GET /cart HTTP/1.1" 200 -
INFO:app:¿ÂπŸ±∏¥œ ∆‰¿Ã¡ˆ ¡¯¿‘
INFO:app:product_id : 2
INFO:app:¿ÂπŸ±∏¥œ ∆‰¿Ã¡ˆ ¡¯¿‘
INFO:app:product_id : 2
INFO:werkzeug:192.168.0.81 - - [01/Aug/2023 14:29:46] "POST /cart HTTP/1.1" 200 -
INFO:werkzeug:192.168.0.81 - - [01/Aug/2023 14:29:46] "POST /cart HTTP/1.1" 200 -
INFO:app:¿ÂπŸ±∏¥œ ∆‰¿Ã¡ˆ ¡¯¿‘
INFO:app:product_id : 2
INFO:werkzeug:192.168.0.81 - - [01/Aug/2023 14:29:47] "POST /cart HTTP/1.1" 200 -
INFO:app:¿ÂπŸ±∏¥œ ∆‰¿Ã¡ˆ ¡¯¿‘
INFO:app:product_id : 2
INFO:werkzeug:192.168.0.81 - - [01/Aug/2023 14:29:47] "POST /cart HTTP/1.1" 200 -
INFO:app:cart api
INFO:werkzeug:192.168.0.47 - - [01/Aug/2023 14:29:47] "GET /cart HTTP/1.1" 200 -
INFO:app:¿ÂπŸ±∏¥œ ∆‰¿Ã¡ˆ ¡¯¿‘
INFO:app:product_id : 2
INFO:app:cart api
INFO:werkzeug:192.168.0.81 - - [01/Aug/2023 14:29:48] "POST /cart HTTP/1.1" 200 -
INFO:werkzeug:192.168.0.172 - - [01/Aug/2023 14:29:48] "GET /cart HTTP/1.1" 200 -
INFO:app:¿ÂπŸ±∏¥œ ∆‰¿Ã¡ˆ ¡¯¿‘
INFO:app:product_id : 2
INFO:werkzeug:192.168.0.81 - - [01/Aug/2023 14:29:48] "POST /cart HTTP/1.1" 200 -
INFO:app:cart api
INFO:app:cart api
INFO:werkzeug:192.168.0.172 - - [01/Aug/2023 14:29:48] "GET /cart HTTP/1.1" 200 -
INFO:werkzeug:192.168.0.47 - - [01/Aug/2023 14:29:48] "GET /cart HTTP/1.1" 200 -
INFO:app:¿ÂπŸ±∏¥œ ∆‰¿Ã¡ˆ ¡¯¿‘
INFO:app:product_id : 2
INFO:werkzeug:192.168.0.81 - - [01/Aug/2023 14:29:48] "POST /cart HTTP/1.1" 200 -
INFO:app:cart api
INFO:werkzeug:192.168.0.172 - - [01/Aug/2023 14:29:49] "GET /cart HTTP/1.1" 200 -
INFO:app:¿ÂπŸ±∏¥œ ∆‰¿Ã¡ˆ ¡¯¿‘
INFO:app:product_id : 2
INFO:werkzeug:192.168.0.81 - - [01/Aug/2023 14:29:49] "POST /cart HTTP/1.1" 200 -
INFO:app:cart api
INFO:werkzeug:192.168.0.172 - - [01/Aug/2023 14:29:49] "GET /cart HTTP/1.1" 200 -
INFO:app:¿ÂπŸ±∏¥œ ∆‰¿Ã¡ˆ ¡¯¿‘
INFO:app:product_id : 2
INFO:werkzeug:192.168.0.81 - - [01/Aug/2023 14:29:49] "POST /cart HTTP/1.1" 200 -
INFO:app:¿ÂπŸ±∏¥œ ∆‰¿Ã¡ˆ ¡¯¿‘
INFO:app:product_id : 2
INFO:werkzeug:192.168.0.81 - - [01/Aug/2023 14:29:50] "POST /cart HTTP/1.1" 200 -
INFO:app:¿ÂπŸ±∏¥œ ∆‰¿Ã¡ˆ ¡¯¿‘
INFO:app:product_id : 2
INFO:app:cart api
INFO:werkzeug:192.168.0.81 - - [01/Aug/2023 14:29:50] "POST /cart HTTP/1.1" 200 -
INFO:werkzeug:192.168.0.172 - - [01/Aug/2023 14:29:50] "GET /cart HTTP/1.1" 200 -
INFO:app:¿ÂπŸ±∏¥œ ∆‰¿Ã¡ˆ ¡¯¿‘
INFO:app:product_id : 2
INFO:app:cart api
INFO:werkzeug:192.168.0.81 - - [01/Aug/2023 14:29:51] "POST /cart HTTP/1.1" 200 -
INFO:werkzeug:192.168.0.172 - - [01/Aug/2023 14:29:51] "GET /cart HTTP/1.1" 200 -
INFO:app:¿ÂπŸ±∏¥œ ∆‰¿Ã¡ˆ ¡¯¿‘
INFO:app:product_id : 2
INFO:werkzeug:192.168.0.81 - - [01/Aug/2023 14:29:51] "POST /cart HTTP/1.1" 200 -
INFO:app:¿ÂπŸ±∏¥œ ∆‰¿Ã¡ˆ ¡¯¿‘
INFO:app:cart api
INFO:app:product_id : 2
INFO:werkzeug:192.168.0.47 - - [01/Aug/2023 14:29:52] "GET /cart HTTP/1.1" 200 -
INFO:werkzeug:192.168.0.81 - - [01/Aug/2023 14:29:52] "POST /cart HTTP/1.1" 200 -
INFO:app:¿ÂπŸ±∏¥œ ∆‰¿Ã¡ˆ ¡¯¿‘
INFO:app:product_id : 2
INFO:werkzeug:192.168.0.81 - - [01/Aug/2023 14:29:52] "POST /cart HTTP/1.1" 200 -
INFO:app:cart api
INFO:werkzeug:192.168.0.172 - - [01/Aug/2023 14:29:52] "GET /cart HTTP/1.1" 200 -
INFO:app:cart api
INFO:app:cart api
INFO:werkzeug:192.168.0.47 - - [01/Aug/2023 14:29:52] "GET /cart HTTP/1.1" 200 -
INFO:werkzeug:192.168.0.172 - - [01/Aug/2023 14:29:52] "GET /cart HTTP/1.1" 200 -
INFO:app:¿ÂπŸ±∏¥œ ∆‰¿Ã¡ˆ ¡¯¿‘
INFO:app:product_id : 2
INFO:werkzeug:192.168.0.81 - - [01/Aug/2023 14:29:52] "POST /cart HTTP/1.1" 200 -
INFO:app:cart api
INFO:werkzeug:192.168.0.172 - - [01/Aug/2023 14:29:53] "GET /cart HTTP/1.1" 200 -
INFO:app:cart api
INFO:app:¿ÂπŸ±∏¥œ ∆‰¿Ã¡ˆ ¡¯¿‘
INFO:app:product_id : 2
INFO:werkzeug:192.168.0.172 - - [01/Aug/2023 14:29:53] "GET /cart HTTP/1.1" 200 -
INFO:werkzeug:192.168.0.81 - - [01/Aug/2023 14:29:53] "POST /cart HTTP/1.1" 200 -
INFO:app:¿ÂπŸ±∏¥œ ∆‰¿Ã¡ˆ ¡¯¿‘
INFO:app:product_id : 2
INFO:app:cart api
INFO:werkzeug:192.168.0.81 - - [01/Aug/2023 14:29:53] "POST /cart HTTP/1.1" 200 -
INFO:werkzeug:192.168.0.172 - - [01/Aug/2023 14:29:53] "GET /cart HTTP/1.1" 200 -
INFO:app:cart api
INFO:werkzeug:192.168.0.172 - - [01/Aug/2023 14:29:53] "GET /cart HTTP/1.1" 200 -
INFO:app:cart api
INFO:werkzeug:192.168.0.172 - - [01/Aug/2023 14:29:53] "GET /cart HTTP/1.1" 200 -
INFO:app:¿ÂπŸ±∏¥œ ∆‰¿Ã¡ˆ ¡¯¿‘
INFO:app:product_id : 2
INFO:werkzeug:192.168.0.81 - - [01/Aug/2023 14:29:54] "POST /cart HTTP/1.1" 200 -
INFO:app:cart api
INFO:werkzeug:192.168.0.172 - - [01/Aug/2023 14:29:54] "GET /cart HTTP/1.1" 200 -
INFO:app:cart api
INFO:werkzeug:192.168.0.172 - - [01/Aug/2023 14:29:54] "GET /cart HTTP/1.1" 200 -
INFO:app:¿ÂπŸ±∏¥œ ∆‰¿Ã¡ˆ ¡¯¿‘
INFO:app:product_id : 2
INFO:werkzeug:192.168.0.81 - - [01/Aug/2023 14:29:54] "POST /cart HTTP/1.1" 200 -
INFO:app:cart api
INFO:werkzeug:192.168.0.172 - - [01/Aug/2023 14:29:54] "GET /cart HTTP/1.1" 200 -
INFO:app:cart api
INFO:werkzeug:192.168.0.172 - - [01/Aug/2023 14:29:54] "GET /cart HTTP/1.1" 200 -
INFO:app:cart api
INFO:app:¿ÂπŸ±∏¥œ ∆‰¿Ã¡ˆ ¡¯¿‘
INFO:app:product_id : 2
INFO:werkzeug:192.168.0.136 - - [01/Aug/2023 14:29:55] "GET /cart HTTP/1.1" 200 -
INFO:werkzeug:192.168.0.81 - - [01/Aug/2023 14:29:55] "POST /cart HTTP/1.1" 200 -
INFO:app:cart api
INFO:app:¿ÂπŸ±∏¥œ ∆‰¿Ã¡ˆ ¡¯¿‘
INFO:app:product_id : 2
INFO:werkzeug:192.168.0.172 - - [01/Aug/2023 14:29:55] "GET /cart HTTP/1.1" 200 -
INFO:werkzeug:192.168.0.81 - - [01/Aug/2023 14:29:55] "POST /cart HTTP/1.1" 200 -
INFO:app:cart api
INFO:werkzeug:192.168.0.172 - - [01/Aug/2023 14:29:55] "GET /cart HTTP/1.1" 200 -
INFO:app:cart api
INFO:werkzeug:192.168.0.136 - - [01/Aug/2023 14:29:55] "GET /cart HTTP/1.1" 200 -
INFO:app:cart api
INFO:werkzeug:192.168.0.172 - - [01/Aug/2023 14:29:55] "GET /cart HTTP/1.1" 200 -
INFO:app:¿ÂπŸ±∏¥œ ∆‰¿Ã¡ˆ ¡¯¿‘
INFO:app:product_id : 2
INFO:app:cart api
INFO:werkzeug:192.168.0.81 - - [01/Aug/2023 14:29:55] "POST /cart HTTP/1.1" 200 -
INFO:werkzeug:192.168.0.172 - - [01/Aug/2023 14:29:55] "GET /cart HTTP/1.1" 200 -
INFO:app:cart api
INFO:werkzeug:192.168.0.136 - - [01/Aug/2023 14:29:55] "GET /cart HTTP/1.1" 200 -
INFO:app:cart api
INFO:werkzeug:192.168.0.172 - - [01/Aug/2023 14:29:56] "GET /cart HTTP/1.1" 200 -
INFO:app:¿ÂπŸ±∏¥œ ∆‰¿Ã¡ˆ ¡¯¿‘
INFO:app:product_id : 2
INFO:app:∑Œ±◊¿Œ ∆‰¿Ã¡ˆ ¡¯¿‘
INFO:werkzeug:192.168.0.97 - - [01/Aug/2023 14:29:56] "GET /login HTTP/1.1" 200 -
INFO:werkzeug:192.168.0.97 - - [01/Aug/2023 14:29:56] "[36mGET /static/dist/css/bootstrap.min.css HTTP/1.1[0m" 304 -
INFO:werkzeug:192.168.0.81 - - [01/Aug/2023 14:29:56] "POST /cart HTTP/1.1" 200 -
INFO:werkzeug:192.168.0.97 - - [01/Aug/2023 14:29:56] "[36mGET /static/signin.css HTTP/1.1[0m" 304 -
INFO:app:cart api
INFO:werkzeug:192.168.0.97 - - [01/Aug/2023 14:29:56] "[36mGET /static/images/catlogo_1.png HTTP/1.1[0m" 304 -
INFO:app:cart api
INFO:werkzeug:192.168.0.136 - - [01/Aug/2023 14:29:56] "GET /cart HTTP/1.1" 200 -
INFO:werkzeug:192.168.0.172 - - [01/Aug/2023 14:29:56] "GET /cart HTTP/1.1" 200 -
INFO:app:cart api
INFO:werkzeug:192.168.0.172 - - [01/Aug/2023 14:29:56] "GET /cart HTTP/1.1" 200 -
INFO:app:¿ÂπŸ±∏¥œ ∆‰¿Ã¡ˆ ¡¯¿‘
INFO:app:product_id : 2
INFO:werkzeug:192.168.0.81 - - [01/Aug/2023 14:29:56] "POST /cart HTTP/1.1" 200 -
INFO:app:cart api
INFO:app:cart api
INFO:werkzeug:192.168.0.172 - - [01/Aug/2023 14:29:56] "GET /cart HTTP/1.1" 200 -
INFO:werkzeug:192.168.0.136 - - [01/Aug/2023 14:29:56] "GET /cart HTTP/1.1" 200 -
INFO:app:cart api
INFO:werkzeug:192.168.0.172 - - [01/Aug/2023 14:29:57] "GET /cart HTTP/1.1" 200 -
INFO:app:¿ÂπŸ±∏¥œ ∆‰¿Ã¡ˆ ¡¯¿‘
INFO:app:product_id : 2
INFO:werkzeug:192.168.0.81 - - [01/Aug/2023 14:29:57] "POST /cart HTTP/1.1" 200 -
INFO:app:cart api
INFO:app:cart api
INFO:werkzeug:192.168.0.136 - - [01/Aug/2023 14:29:57] "GET /cart HTTP/1.1" 200 -
INFO:werkzeug:192.168.0.172 - - [01/Aug/2023 14:29:57] "GET /cart HTTP/1.1" 200 -
INFO:app:¿ÂπŸ±∏¥œ ∆‰¿Ã¡ˆ ¡¯¿‘
INFO:app:product_id : 2
INFO:app:cart api
INFO:werkzeug:192.168.0.81 - - [01/Aug/2023 14:29:57] "POST /cart HTTP/1.1" 200 -
INFO:werkzeug:192.168.0.172 - - [01/Aug/2023 14:29:57] "GET /cart HTTP/1.1" 200 -
INFO:app:cart api
INFO:werkzeug:192.168.0.136 - - [01/Aug/2023 14:29:57] "GET /cart HTTP/1.1" 200 -
INFO:app:cart api
INFO:werkzeug:192.168.0.172 - - [01/Aug/2023 14:29:57] "GET /cart HTTP/1.1" 200 -
INFO:werkzeug:192.168.0.97 - - [01/Aug/2023 14:29:57] "[33mGET /script.js HTTP/1.1[0m" 404 -
INFO:app:¿ÂπŸ±∏¥œ ∆‰¿Ã¡ˆ ¡¯¿‘
INFO:app:product_id : 2
INFO:werkzeug:192.168.0.81 - - [01/Aug/2023 14:29:57] "POST /cart HTTP/1.1" 200 -
INFO:app:cart api
INFO:app:cart api
INFO:werkzeug:192.168.0.172 - - [01/Aug/2023 14:29:57] "GET /cart HTTP/1.1" 200 -
INFO:app:cart api
INFO:werkzeug:192.168.0.136 - - [01/Aug/2023 14:29:58] "GET /cart HTTP/1.1" 200 -
INFO:werkzeug:192.168.0.172 - - [01/Aug/2023 14:29:58] "GET /cart HTTP/1.1" 200 -
INFO:app:¿ÂπŸ±∏¥œ ∆‰¿Ã¡ˆ ¡¯¿‘
INFO:app:product_id : 2
INFO:app:cart api
INFO:app:¿ÂπŸ±∏¥œ ∆‰¿Ã¡ˆ ¡¯¿‘
INFO:app:product_id : 2
INFO:app:cart api
INFO:werkzeug:192.168.0.81 - - [01/Aug/2023 14:29:58] "POST /cart HTTP/1.1" 200 -
INFO:werkzeug:192.168.0.81 - - [01/Aug/2023 14:29:58] "POST /cart HTTP/1.1" 200 -
INFO:app:¿ÂπŸ±∏¥œ ∆‰¿Ã¡ˆ ¡¯¿‘
INFO:app:product_id : 2
INFO:werkzeug:192.168.0.172 - - [01/Aug/2023 14:29:58] "GET /cart HTTP/1.1" 200 -
INFO:app:cart api
INFO:werkzeug:192.168.0.172 - - [01/Aug/2023 14:29:58] "GET /cart HTTP/1.1" 200 -
INFO:app:∞·¡¶ ∆‰¿Ã¡ˆ ¡¯¿‘ ¡ﬂ
INFO:app:cart api
ERROR:app:Exception on /kakaopay/1 [GET]
Traceback (most recent call last):
  File "C:\Users\okseok\anaconda3\lib\site-packages\flask\app.py", line 2190, in wsgi_app
    response = self.full_dispatch_request()
  File "C:\Users\okseok\anaconda3\lib\site-packages\flask\app.py", line 1486, in full_dispatch_request
    rv = self.handle_user_exception(e)
  File "C:\Users\okseok\anaconda3\lib\site-packages\flask\app.py", line 1484, in full_dispatch_request
    rv = self.dispatch_request()
  File "C:\Users\okseok\anaconda3\lib\site-packages\flask\app.py", line 1469, in dispatch_request
    return self.ensure_sync(self.view_functions[rule.endpoint])(**view_args)
  File "C:\ITStudy\06_flask\onlineshop\personal_project-main\app\views\control_views.py", line 183, in kakaopay
    return redirect(url_for('cart.html', products=products, form=form))
  File "C:\Users\okseok\anaconda3\lib\site-packages\flask\helpers.py", line 225, in url_for
    return current_app.url_for(
  File "C:\Users\okseok\anaconda3\lib\site-packages\flask\app.py", line 1697, in url_for
    return self.handle_url_build_error(error, endpoint, values)
  File "C:\Users\okseok\anaconda3\lib\site-packages\flask\app.py", line 1686, in url_for
    rv = url_adapter.build(  # type: ignore[union-attr]
  File "C:\Users\okseok\anaconda3\lib\site-packages\werkzeug\routing\map.py", line 950, in build
    raise BuildError(endpoint, values, method, self)
werkzeug.routing.exceptions.BuildError: Could not build url for endpoint 'cart.html' with values ['form', 'products']. Did you mean 'test.hello_html' instead?
INFO:werkzeug:192.168.0.81 - - [01/Aug/2023 14:29:58] "POST /cart HTTP/1.1" 200 -
INFO:werkzeug:192.168.0.160 - - [01/Aug/2023 14:29:58] "[35m[1mGET /kakaopay/1 HTTP/1.1[0m" 500 -
INFO:werkzeug:192.168.0.97 - - [01/Aug/2023 14:29:58] "GET /cart HTTP/1.1" 200 -
INFO:werkzeug:192.168.0.172 - - [01/Aug/2023 14:29:58] "GET /cart HTTP/1.1" 200 -
INFO:app:cart api
INFO:app:cart api
INFO:werkzeug:192.168.0.172 - - [01/Aug/2023 14:29:59] "GET /cart HTTP/1.1" 200 -
INFO:app:cart api
INFO:werkzeug:192.168.0.97 - - [01/Aug/2023 14:29:59] "GET /cart HTTP/1.1" 200 -
INFO:werkzeug:192.168.0.172 - - [01/Aug/2023 14:29:59] "GET /cart HTTP/1.1" 200 -
INFO:app:¿ÂπŸ±∏¥œ ∆‰¿Ã¡ˆ ¡¯¿‘
INFO:app:product_id : 2
INFO:werkzeug:192.168.0.81 - - [01/Aug/2023 14:29:59] "POST /cart HTTP/1.1" 200 -
INFO:app:cart api
INFO:werkzeug:192.168.0.172 - - [01/Aug/2023 14:29:59] "GET /cart HTTP/1.1" 200 -
INFO:app:cart api
INFO:app:¿ÂπŸ±∏¥œ ∆‰¿Ã¡ˆ ¡¯¿‘
INFO:app:product_id : 2
INFO:werkzeug:192.168.0.172 - - [01/Aug/2023 14:29:59] "GET /cart HTTP/1.1" 200 -
INFO:werkzeug:192.168.0.81 - - [01/Aug/2023 14:29:59] "POST /cart HTTP/1.1" 200 -
INFO:app:cart api
INFO:werkzeug:192.168.0.172 - - [01/Aug/2023 14:30:00] "GET /cart HTTP/1.1" 200 -
INFO:app:¿ÂπŸ±∏¥œ ∆‰¿Ã¡ˆ ¡¯¿‘
INFO:app:product_id : 2
INFO:app:cart api
INFO:werkzeug:192.168.0.81 - - [01/Aug/2023 14:30:00] "POST /cart HTTP/1.1" 200 -
INFO:werkzeug:192.168.0.172 - - [01/Aug/2023 14:30:00] "GET /cart HTTP/1.1" 200 -
INFO:app:cart api
INFO:werkzeug:192.168.0.172 - - [01/Aug/2023 14:30:00] "GET /cart HTTP/1.1" 200 -
INFO:app:¿ÂπŸ±∏¥œ ∆‰¿Ã¡ˆ ¡¯¿‘
INFO:app:product_id : 2
INFO:werkzeug:192.168.0.81 - - [01/Aug/2023 14:30:00] "POST /cart HTTP/1.1" 200 -
INFO:app:cart api
INFO:werkzeug:192.168.0.172 - - [01/Aug/2023 14:30:00] "GET /cart HTTP/1.1" 200 -
INFO:app:cart api
INFO:werkzeug:192.168.0.172 - - [01/Aug/2023 14:30:01] "GET /cart HTTP/1.1" 200 -
INFO:app:¿ÂπŸ±∏¥œ ∆‰¿Ã¡ˆ ¡¯¿‘
INFO:app:product_id : 2
INFO:werkzeug:192.168.0.81 - - [01/Aug/2023 14:30:01] "POST /cart HTTP/1.1" 200 -
INFO:app:¿ÂπŸ±∏¥œ ∆‰¿Ã¡ˆ ¡¯¿‘
INFO:app:product_id : 2
INFO:werkzeug:192.168.0.136 - - [01/Aug/2023 14:30:01] "POST /cart HTTP/1.1" 200 -
INFO:app:¿ÂπŸ±∏¥œ ∆‰¿Ã¡ˆ ¡¯¿‘
INFO:app:product_id : 2
INFO:app:cart api
INFO:werkzeug:192.168.0.136 - - [01/Aug/2023 14:30:01] "POST /cart HTTP/1.1" 200 -
INFO:werkzeug:192.168.0.172 - - [01/Aug/2023 14:30:01] "GET /cart HTTP/1.1" 200 -
INFO:werkzeug:192.168.0.28 - - [01/Aug/2023 14:30:01] "GET / HTTP/1.1" 200 -
INFO:app:cart api
INFO:werkzeug:192.168.0.28 - - [01/Aug/2023 14:30:01] "[36mGET /static/css/style.css HTTP/1.1[0m" 304 -
INFO:werkzeug:192.168.0.28 - - [01/Aug/2023 14:30:01] "[36mGET /static/images/food.jpg HTTP/1.1[0m" 304 -
INFO:werkzeug:192.168.0.28 - - [01/Aug/2023 14:30:01] "[33mGET /script.js HTTP/1.1[0m" 404 -
INFO:werkzeug:192.168.0.28 - - [01/Aug/2023 14:30:01] "[36mGET /static/images/img-1.png HTTP/1.1[0m" 304 -
INFO:app:¿ÂπŸ±∏¥œ ∆‰¿Ã¡ˆ ¡¯¿‘
INFO:app:product_id : 2
INFO:werkzeug:192.168.0.28 - - [01/Aug/2023 14:30:01] "[36mGET /static/images/0721.jpg HTTP/1.1[0m" 304 -
INFO:werkzeug:192.168.0.172 - - [01/Aug/2023 14:30:01] "GET /cart HTTP/1.1" 200 -
INFO:werkzeug:192.168.0.28 - - [01/Aug/2023 14:30:01] "[33mGET /static/images/abput-img.png HTTP/1.1[0m" 404 -
INFO:werkzeug:192.168.0.28 - - [01/Aug/2023 14:30:01] "[36mGET /static/images/img-2.png HTTP/1.1[0m" 304 -
INFO:app:cart api
INFO:werkzeug:192.168.0.28 - - [01/Aug/2023 14:30:01] "[36mGET /static/images/img-3.png HTTP/1.1[0m" 304 -
INFO:werkzeug:192.168.0.81 - - [01/Aug/2023 14:30:01] "POST /cart HTTP/1.1" 200 -
INFO:werkzeug:192.168.0.28 - - [01/Aug/2023 14:30:01] "[36mGET /static/images/img-4.png HTTP/1.1[0m" 304 -
INFO:app:¿ÂπŸ±∏¥œ ∆‰¿Ã¡ˆ ¡¯¿‘
INFO:app:product_id : 2
INFO:werkzeug:192.168.0.172 - - [01/Aug/2023 14:30:01] "GET /cart HTTP/1.1" 200 -
INFO:werkzeug:192.168.0.81 - - [01/Aug/2023 14:30:01] "POST /cart HTTP/1.1" 200 -
INFO:app:cart api
INFO:werkzeug:192.168.0.172 - - [01/Aug/2023 14:30:01] "GET /cart HTTP/1.1" 200 -
INFO:app:cart api
INFO:werkzeug:192.168.0.172 - - [01/Aug/2023 14:30:02] "GET /cart HTTP/1.1" 200 -
INFO:app:¿ÂπŸ±∏¥œ ∆‰¿Ã¡ˆ ¡¯¿‘
INFO:app:product_id : 2
INFO:app:cart api
INFO:werkzeug:192.168.0.81 - - [01/Aug/2023 14:30:02] "POST /cart HTTP/1.1" 200 -
INFO:werkzeug:192.168.0.172 - - [01/Aug/2023 14:30:02] "GET /cart HTTP/1.1" 200 -
INFO:app:¿ÂπŸ±∏¥œ ∆‰¿Ã¡ˆ ¡¯¿‘
INFO:app:product_id : 2
INFO:werkzeug:192.168.0.81 - - [01/Aug/2023 14:30:02] "POST /cart HTTP/1.1" 200 -
INFO:app:cart api
INFO:werkzeug:192.168.0.172 - - [01/Aug/2023 14:30:02] "GET /cart HTTP/1.1" 200 -
INFO:app:cart api
INFO:werkzeug:192.168.0.172 - - [01/Aug/2023 14:30:02] "GET /cart HTTP/1.1" 200 -
INFO:app:¿ÂπŸ±∏¥œ ∆‰¿Ã¡ˆ ¡¯¿‘
INFO:app:product_id : 2
INFO:werkzeug:192.168.0.81 - - [01/Aug/2023 14:30:03] "POST /cart HTTP/1.1" 200 -
INFO:app:cart api
INFO:werkzeug:192.168.0.28 - - [01/Aug/2023 14:30:03] "GET /cart HTTP/1.1" 200 -
INFO:app:¿ÂπŸ±∏¥œ ∆‰¿Ã¡ˆ ¡¯¿‘
INFO:app:product_id : 2
INFO:app:cart api
INFO:werkzeug:192.168.0.81 - - [01/Aug/2023 14:30:03] "POST /cart HTTP/1.1" 200 -
INFO:werkzeug:192.168.0.28 - - [01/Aug/2023 14:30:03] "GET /cart HTTP/1.1" 200 -
INFO:app:¿ÂπŸ±∏¥œ ∆‰¿Ã¡ˆ ¡¯¿‘
INFO:app:product_id : 2
INFO:werkzeug:192.168.0.136 - - [01/Aug/2023 14:30:03] "POST /cart HTTP/1.1" 200 -
INFO:app:¿ÂπŸ±∏¥œ ∆‰¿Ã¡ˆ ¡¯¿‘
INFO:app:product_id : 2
INFO:werkzeug:192.168.0.136 - - [01/Aug/2023 14:30:03] "POST /cart HTTP/1.1" 200 -
INFO:app:¿ÂπŸ±∏¥œ ∆‰¿Ã¡ˆ ¡¯¿‘
INFO:app:product_id : 2
INFO:werkzeug:192.168.0.81 - - [01/Aug/2023 14:30:04] "POST /cart HTTP/1.1" 200 -
INFO:app:¿ÂπŸ±∏¥œ ∆‰¿Ã¡ˆ ¡¯¿‘
INFO:app:product_id : 2
INFO:werkzeug:192.168.0.81 - - [01/Aug/2023 14:30:04] "POST /cart HTTP/1.1" 200 -
INFO:app:¿ÂπŸ±∏¥œ ∆‰¿Ã¡ˆ ¡¯¿‘
INFO:app:product_id : 2
INFO:werkzeug:192.168.0.136 - - [01/Aug/2023 14:30:04] "POST /cart HTTP/1.1" 200 -
INFO:app:¿ÂπŸ±∏¥œ ∆‰¿Ã¡ˆ ¡¯¿‘
INFO:app:product_id : 2
INFO:werkzeug:192.168.0.81 - - [01/Aug/2023 14:30:04] "POST /cart HTTP/1.1" 200 -
INFO:app:¿ÂπŸ±∏¥œ ∆‰¿Ã¡ˆ ¡¯¿‘
INFO:app:product_id : 2
INFO:werkzeug:192.168.0.81 - - [01/Aug/2023 14:30:05] "POST /cart HTTP/1.1" 200 -
INFO:app:¿ÂπŸ±∏¥œ ∆‰¿Ã¡ˆ ¡¯¿‘
INFO:app:product_id : 2
INFO:app:¿ÂπŸ±∏¥œ ∆‰¿Ã¡ˆ ¡¯¿‘
INFO:app:product_id : 2
INFO:werkzeug:192.168.0.136 - - [01/Aug/2023 14:30:05] "POST /cart HTTP/1.1" 200 -
INFO:werkzeug:192.168.0.81 - - [01/Aug/2023 14:30:05] "POST /cart HTTP/1.1" 200 -
INFO:app:¿ÂπŸ±∏¥œ ∆‰¿Ã¡ˆ ¡¯¿‘
INFO:app:product_id : 2
INFO:werkzeug:192.168.0.136 - - [01/Aug/2023 14:30:05] "POST /cart HTTP/1.1" 200 -
INFO:app:¿ÂπŸ±∏¥œ ∆‰¿Ã¡ˆ ¡¯¿‘
INFO:app:product_id : 2
INFO:werkzeug:192.168.0.81 - - [01/Aug/2023 14:30:06] "POST /cart HTTP/1.1" 200 -
INFO:app:¿ÂπŸ±∏¥œ ∆‰¿Ã¡ˆ ¡¯¿‘
INFO:app:product_id : 2
INFO:werkzeug:192.168.0.136 - - [01/Aug/2023 14:30:06] "POST /cart HTTP/1.1" 200 -
INFO:app:¿ÂπŸ±∏¥œ ∆‰¿Ã¡ˆ ¡¯¿‘
INFO:app:product_id : 2
INFO:werkzeug:192.168.0.81 - - [01/Aug/2023 14:30:06] "POST /cart HTTP/1.1" 200 -
INFO:app:¿ÂπŸ±∏¥œ ∆‰¿Ã¡ˆ ¡¯¿‘
INFO:app:product_id : 2
INFO:werkzeug:192.168.0.136 - - [01/Aug/2023 14:30:06] "POST /cart HTTP/1.1" 200 -
INFO:app:¿ÂπŸ±∏¥œ ∆‰¿Ã¡ˆ ¡¯¿‘
INFO:app:product_id : 2
INFO:werkzeug:192.168.0.136 - - [01/Aug/2023 14:30:06] "POST /cart HTTP/1.1" 200 -
INFO:app:¿ÂπŸ±∏¥œ ∆‰¿Ã¡ˆ ¡¯¿‘
INFO:app:product_id : 2
INFO:werkzeug:192.168.0.81 - - [01/Aug/2023 14:30:07] "POST /cart HTTP/1.1" 200 -
INFO:app:¿ÂπŸ±∏¥œ ∆‰¿Ã¡ˆ ¡¯¿‘
INFO:app:product_id : 2
INFO:werkzeug:192.168.0.136 - - [01/Aug/2023 14:30:07] "POST /cart HTTP/1.1" 200 -
INFO:app:¿ÂπŸ±∏¥œ ∆‰¿Ã¡ˆ ¡¯¿‘
INFO:app:product_id : 2
INFO:werkzeug:192.168.0.81 - - [01/Aug/2023 14:30:07] "POST /cart HTTP/1.1" 200 -
INFO:werkzeug:192.168.0.28 - - [01/Aug/2023 14:30:07] "GET /about HTTP/1.1" 200 -
INFO:app:¿ÂπŸ±∏¥œ ∆‰¿Ã¡ˆ ¡¯¿‘
INFO:app:product_id : 2
INFO:werkzeug:192.168.0.136 - - [01/Aug/2023 14:30:07] "POST /cart HTTP/1.1" 200 -
INFO:app:¿ÂπŸ±∏¥œ ∆‰¿Ã¡ˆ ¡¯¿‘
INFO:app:product_id : 2
INFO:werkzeug:192.168.0.81 - - [01/Aug/2023 14:30:07] "POST /cart HTTP/1.1" 200 -
INFO:app:¿ÂπŸ±∏¥œ ∆‰¿Ã¡ˆ ¡¯¿‘
INFO:app:product_id : 2
INFO:werkzeug:192.168.0.136 - - [01/Aug/2023 14:30:08] "POST /cart HTTP/1.1" 200 -
INFO:app:¿ÂπŸ±∏¥œ ∆‰¿Ã¡ˆ ¡¯¿‘
INFO:app:product_id : 2
INFO:werkzeug:192.168.0.81 - - [01/Aug/2023 14:30:08] "POST /cart HTTP/1.1" 200 -
INFO:app:¿ÂπŸ±∏¥œ ∆‰¿Ã¡ˆ ¡¯¿‘
INFO:app:product_id : 2
INFO:werkzeug:192.168.0.136 - - [01/Aug/2023 14:30:08] "POST /cart HTTP/1.1" 200 -
INFO:app:¿ÂπŸ±∏¥œ ∆‰¿Ã¡ˆ ¡¯¿‘
INFO:app:product_id : 2
INFO:werkzeug:192.168.0.136 - - [01/Aug/2023 14:30:08] "POST /cart HTTP/1.1" 200 -
INFO:app:¿ÂπŸ±∏¥œ ∆‰¿Ã¡ˆ ¡¯¿‘
INFO:app:product_id : 2
INFO:werkzeug:192.168.0.81 - - [01/Aug/2023 14:30:08] "POST /cart HTTP/1.1" 200 -
INFO:werkzeug:192.168.0.97 - - [01/Aug/2023 14:30:08] "[33mGET /script.js HTTP/1.1[0m" 404 -
INFO:app:¿ÂπŸ±∏¥œ ∆‰¿Ã¡ˆ ¡¯¿‘
INFO:app:product_id : 2
INFO:app:¿ÂπŸ±∏¥œ ∆‰¿Ã¡ˆ ¡¯¿‘
INFO:app:product_id : 2
INFO:werkzeug:192.168.0.136 - - [01/Aug/2023 14:30:09] "POST /cart HTTP/1.1" 200 -
INFO:werkzeug:192.168.0.81 - - [01/Aug/2023 14:30:09] "POST /cart HTTP/1.1" 200 -
INFO:app:¿ÂπŸ±∏¥œ ∆‰¿Ã¡ˆ ¡¯¿‘
INFO:app:product_id : 2
INFO:werkzeug:192.168.0.136 - - [01/Aug/2023 14:30:09] "POST /cart HTTP/1.1" 200 -
INFO:app:¿ÂπŸ±∏¥œ ∆‰¿Ã¡ˆ ¡¯¿‘
INFO:app:product_id : 2
INFO:werkzeug:192.168.0.81 - - [01/Aug/2023 14:30:09] "POST /cart HTTP/1.1" 200 -
INFO:app:¿ÂπŸ±∏¥œ ∆‰¿Ã¡ˆ ¡¯¿‘
INFO:app:product_id : 2
INFO:app:¿ÂπŸ±∏¥œ ∆‰¿Ã¡ˆ ¡¯¿‘
INFO:app:product_id : 2
INFO:werkzeug:192.168.0.136 - - [01/Aug/2023 14:30:10] "POST /cart HTTP/1.1" 200 -
INFO:werkzeug:192.168.0.81 - - [01/Aug/2023 14:30:10] "POST /cart HTTP/1.1" 200 -
INFO:app:¿ÂπŸ±∏¥œ ∆‰¿Ã¡ˆ ¡¯¿‘
INFO:app:product_id : 2
INFO:werkzeug:192.168.0.136 - - [01/Aug/2023 14:30:10] "POST /cart HTTP/1.1" 200 -
INFO:app:¿ÂπŸ±∏¥œ ∆‰¿Ã¡ˆ ¡¯¿‘
INFO:app:product_id : 2
INFO:werkzeug:192.168.0.81 - - [01/Aug/2023 14:30:10] "POST /cart HTTP/1.1" 200 -
INFO:app:¿ÂπŸ±∏¥œ ∆‰¿Ã¡ˆ ¡¯¿‘
INFO:app:product_id : 2
INFO:werkzeug:192.168.0.81 - - [01/Aug/2023 14:30:10] "POST /cart HTTP/1.1" 200 -
INFO:app:¿ÂπŸ±∏¥œ ∆‰¿Ã¡ˆ ¡¯¿‘
INFO:app:product_id : 2
INFO:werkzeug:192.168.0.81 - - [01/Aug/2023 14:30:11] "POST /cart HTTP/1.1" 200 -
INFO:app:¿ÂπŸ±∏¥œ ∆‰¿Ã¡ˆ ¡¯¿‘
INFO:app:product_id : 2
INFO:werkzeug:192.168.0.81 - - [01/Aug/2023 14:30:11] "POST /cart HTTP/1.1" 200 -
INFO:app:¿ÂπŸ±∏¥œ ∆‰¿Ã¡ˆ ¡¯¿‘
INFO:app:product_id : 2
INFO:app:¿ÂπŸ±∏¥œ ∆‰¿Ã¡ˆ ¡¯¿‘
INFO:app:product_id : 2
INFO:werkzeug:192.168.0.136 - - [01/Aug/2023 14:30:12] "POST /cart HTTP/1.1" 200 -
INFO:werkzeug:192.168.0.81 - - [01/Aug/2023 14:30:12] "POST /cart HTTP/1.1" 200 -
INFO:app:cart api
INFO:app:¿ÂπŸ±∏¥œ ∆‰¿Ã¡ˆ ¡¯¿‘
INFO:app:product_id : 2
INFO:werkzeug:192.168.0.97 - - [01/Aug/2023 14:30:12] "GET /about HTTP/1.1" 200 -
INFO:werkzeug:192.168.0.91 - - [01/Aug/2023 14:30:12] "GET /cart HTTP/1.1" 200 -
INFO:app:¿ÂπŸ±∏¥œ ∆‰¿Ã¡ˆ ¡¯¿‘
INFO:app:product_id : 2
INFO:app:¿ÂπŸ±∏¥œ ∆‰¿Ã¡ˆ ¡¯¿‘
INFO:app:product_id : 2
INFO:werkzeug:192.168.0.136 - - [01/Aug/2023 14:30:12] "POST /cart HTTP/1.1" 200 -
INFO:app:¿ÂπŸ±∏¥œ ∆‰¿Ã¡ˆ ¡¯¿‘
INFO:app:product_id : 2
INFO:werkzeug:192.168.0.136 - - [01/Aug/2023 14:30:12] "POST /cart HTTP/1.1" 200 -
INFO:werkzeug:192.168.0.81 - - [01/Aug/2023 14:30:12] "POST /cart HTTP/1.1" 200 -
INFO:werkzeug:192.168.0.136 - - [01/Aug/2023 14:30:12] "POST /cart HTTP/1.1" 200 -
INFO:app:¿ÂπŸ±∏¥œ ∆‰¿Ã¡ˆ ¡¯¿‘
INFO:app:product_id : 2
INFO:app:¿ÂπŸ±∏¥œ ∆‰¿Ã¡ˆ ¡¯¿‘
INFO:app:product_id : 2
INFO:werkzeug:192.168.0.81 - - [01/Aug/2023 14:30:13] "POST /cart HTTP/1.1" 200 -
INFO:app:¿ÂπŸ±∏¥œ ∆‰¿Ã¡ˆ ¡¯¿‘
INFO:app:product_id : 2
INFO:werkzeug:192.168.0.136 - - [01/Aug/2023 14:30:13] "POST /cart HTTP/1.1" 200 -
INFO:werkzeug:192.168.0.81 - - [01/Aug/2023 14:30:13] "POST /cart HTTP/1.1" 200 -
INFO:app:¿ÂπŸ±∏¥œ ∆‰¿Ã¡ˆ ¡¯¿‘
INFO:app:product_id : 2
INFO:app:¿ÂπŸ±∏¥œ ∆‰¿Ã¡ˆ ¡¯¿‘
INFO:app:product_id : 2
INFO:werkzeug:192.168.0.136 - - [01/Aug/2023 14:30:13] "POST /cart HTTP/1.1" 200 -
INFO:werkzeug:192.168.0.81 - - [01/Aug/2023 14:30:13] "POST /cart HTTP/1.1" 200 -
INFO:app:¿ÂπŸ±∏¥œ ∆‰¿Ã¡ˆ ¡¯¿‘
INFO:app:product_id : 2
INFO:werkzeug:192.168.0.136 - - [01/Aug/2023 14:30:14] "POST /cart HTTP/1.1" 200 -
INFO:app:¿ÂπŸ±∏¥œ ∆‰¿Ã¡ˆ ¡¯¿‘
INFO:app:product_id : 2
INFO:werkzeug:192.168.0.81 - - [01/Aug/2023 14:30:14] "POST /cart HTTP/1.1" 200 -
INFO:werkzeug:192.168.0.97 - - [01/Aug/2023 14:30:14] "[33mGET /script.js HTTP/1.1[0m" 404 -
INFO:app:¿ÂπŸ±∏¥œ ∆‰¿Ã¡ˆ ¡¯¿‘
INFO:app:product_id : 2
INFO:werkzeug:192.168.0.136 - - [01/Aug/2023 14:30:14] "POST /cart HTTP/1.1" 200 -
INFO:app:¿ÂπŸ±∏¥œ ∆‰¿Ã¡ˆ ¡¯¿‘
INFO:app:product_id : 2
INFO:werkzeug:192.168.0.81 - - [01/Aug/2023 14:30:14] "POST /cart HTTP/1.1" 200 -
INFO:app:cart api
INFO:app:¿ÂπŸ±∏¥œ ∆‰¿Ã¡ˆ ¡¯¿‘
INFO:app:product_id : 2
INFO:werkzeug:192.168.0.91 - - [01/Aug/2023 14:30:14] "GET /cart HTTP/1.1" 200 -
INFO:werkzeug:192.168.0.136 - - [01/Aug/2023 14:30:14] "POST /cart HTTP/1.1" 200 -
INFO:app:¿ÂπŸ±∏¥œ ∆‰¿Ã¡ˆ ¡¯¿‘
INFO:app:product_id : 2
INFO:werkzeug:192.168.0.81 - - [01/Aug/2023 14:30:14] "POST /cart HTTP/1.1" 200 -
INFO:app:¿ÂπŸ±∏¥œ ∆‰¿Ã¡ˆ ¡¯¿‘
INFO:app:product_id : 2
INFO:app:¿ÂπŸ±∏¥œ ∆‰¿Ã¡ˆ ¡¯¿‘
INFO:app:product_id : 2
INFO:app:cart api
INFO:werkzeug:192.168.0.136 - - [01/Aug/2023 14:30:15] "POST /cart HTTP/1.1" 200 -
INFO:werkzeug:192.168.0.81 - - [01/Aug/2023 14:30:15] "POST /cart HTTP/1.1" 200 -
INFO:app:cart api
INFO:app:¿ÂπŸ±∏¥œ ∆‰¿Ã¡ˆ ¡¯¿‘
INFO:app:product_id : 2
INFO:werkzeug:192.168.0.91 - - [01/Aug/2023 14:30:15] "GET /cart HTTP/1.1" 200 -
INFO:werkzeug:192.168.0.97 - - [01/Aug/2023 14:30:15] "GET /cart HTTP/1.1" 200 -
INFO:app:cart api
INFO:werkzeug:192.168.0.81 - - [01/Aug/2023 14:30:15] "POST /cart HTTP/1.1" 200 -
INFO:werkzeug:192.168.0.97 - - [01/Aug/2023 14:30:15] "GET /cart HTTP/1.1" 200 -
INFO:app:cart api
INFO:app:¿ÂπŸ±∏¥œ ∆‰¿Ã¡ˆ ¡¯¿‘
INFO:app:product_id : 2
INFO:werkzeug:192.168.0.91 - - [01/Aug/2023 14:30:16] "GET /cart HTTP/1.1" 200 -
INFO:werkzeug:192.168.0.81 - - [01/Aug/2023 14:30:16] "POST /cart HTTP/1.1" 200 -
INFO:app:¿ÂπŸ±∏¥œ ∆‰¿Ã¡ˆ ¡¯¿‘
INFO:app:product_id : 2
INFO:werkzeug:192.168.0.81 - - [01/Aug/2023 14:30:16] "POST /cart HTTP/1.1" 200 -
INFO:werkzeug:192.168.0.97 - - [01/Aug/2023 14:30:16] "[33mGET /script.js HTTP/1.1[0m" 404 -
INFO:app:cart api
INFO:werkzeug:192.168.0.91 - - [01/Aug/2023 14:30:16] "GET /cart HTTP/1.1" 200 -
INFO:app:¿ÂπŸ±∏¥œ ∆‰¿Ã¡ˆ ¡¯¿‘
INFO:app:product_id : 2
INFO:werkzeug:192.168.0.81 - - [01/Aug/2023 14:30:16] "POST /cart HTTP/1.1" 200 -
INFO:app:cart api
INFO:app:¿ÂπŸ±∏¥œ ∆‰¿Ã¡ˆ ¡¯¿‘
INFO:app:product_id : 2
INFO:werkzeug:192.168.0.91 - - [01/Aug/2023 14:30:17] "GET /cart HTTP/1.1" 200 -
INFO:werkzeug:192.168.0.81 - - [01/Aug/2023 14:30:17] "POST /cart HTTP/1.1" 200 -
INFO:app:cart api
INFO:werkzeug:192.168.0.91 - - [01/Aug/2023 14:30:17] "GET /cart HTTP/1.1" 200 -
INFO:app:∑Œ±◊¿Œ ∆‰¿Ã¡ˆ ¡¯¿‘
INFO:werkzeug:192.168.0.97 - - [01/Aug/2023 14:30:17] "GET /login HTTP/1.1" 200 -
INFO:app:¿ÂπŸ±∏¥œ ∆‰¿Ã¡ˆ ¡¯¿‘
INFO:app:product_id : 2
INFO:app:¿ÂπŸ±∏¥œ ∆‰¿Ã¡ˆ ¡¯¿‘
INFO:app:product_id : 2
INFO:werkzeug:192.168.0.81 - - [01/Aug/2023 14:30:17] "POST /cart HTTP/1.1" 200 -
INFO:werkzeug:192.168.0.81 - - [01/Aug/2023 14:30:17] "POST /cart HTTP/1.1" 200 -
INFO:werkzeug:192.168.0.97 - - [01/Aug/2023 14:30:18] "[36mGET /static/dist/css/bootstrap.min.css HTTP/1.1[0m" 304 -
INFO:werkzeug:192.168.0.97 - - [01/Aug/2023 14:30:18] "[36mGET /static/signin.css HTTP/1.1[0m" 304 -
INFO:werkzeug:192.168.0.97 - - [01/Aug/2023 14:30:18] "[36mGET /static/images/catlogo_1.png HTTP/1.1[0m" 304 -
INFO:app:cart api
INFO:werkzeug:192.168.0.91 - - [01/Aug/2023 14:30:18] "GET /cart HTTP/1.1" 200 -
INFO:app:¿ÂπŸ±∏¥œ ∆‰¿Ã¡ˆ ¡¯¿‘
INFO:app:product_id : 2
INFO:app:cart api
INFO:werkzeug:192.168.0.81 - - [01/Aug/2023 14:30:18] "POST /cart HTTP/1.1" 200 -
INFO:werkzeug:192.168.0.136 - - [01/Aug/2023 14:30:18] "GET /cart HTTP/1.1" 200 -
INFO:werkzeug:192.168.0.97 - - [01/Aug/2023 14:30:18] "[33mGET /script.js HTTP/1.1[0m" 404 -
INFO:app:cart api
INFO:werkzeug:192.168.0.136 - - [01/Aug/2023 14:30:18] "GET /cart HTTP/1.1" 200 -
INFO:app:cart api
INFO:werkzeug:192.168.0.91 - - [01/Aug/2023 14:30:18] "GET /cart HTTP/1.1" 200 -
INFO:app:¿ÂπŸ±∏¥œ ∆‰¿Ã¡ˆ ¡¯¿‘
INFO:app:product_id : 2
INFO:werkzeug:192.168.0.81 - - [01/Aug/2023 14:30:18] "POST /cart HTTP/1.1" 200 -
INFO:app:∞·¡¶ ∆‰¿Ã¡ˆ ¡¯¿‘ ¡ﬂ
ERROR:app:Exception on /kakaopay/1 [GET]
Traceback (most recent call last):
  File "C:\Users\okseok\anaconda3\lib\site-packages\flask\app.py", line 2190, in wsgi_app
    response = self.full_dispatch_request()
  File "C:\Users\okseok\anaconda3\lib\site-packages\flask\app.py", line 1486, in full_dispatch_request
    rv = self.handle_user_exception(e)
  File "C:\Users\okseok\anaconda3\lib\site-packages\flask\app.py", line 1484, in full_dispatch_request
    rv = self.dispatch_request()
  File "C:\Users\okseok\anaconda3\lib\site-packages\flask\app.py", line 1469, in dispatch_request
    return self.ensure_sync(self.view_functions[rule.endpoint])(**view_args)
  File "C:\ITStudy\06_flask\onlineshop\personal_project-main\app\views\control_views.py", line 183, in kakaopay
    return redirect(url_for('cart.html', products=products, form=form))
  File "C:\Users\okseok\anaconda3\lib\site-packages\flask\helpers.py", line 225, in url_for
    return current_app.url_for(
  File "C:\Users\okseok\anaconda3\lib\site-packages\flask\app.py", line 1697, in url_for
    return self.handle_url_build_error(error, endpoint, values)
  File "C:\Users\okseok\anaconda3\lib\site-packages\flask\app.py", line 1686, in url_for
    rv = url_adapter.build(  # type: ignore[union-attr]
  File "C:\Users\okseok\anaconda3\lib\site-packages\werkzeug\routing\map.py", line 950, in build
    raise BuildError(endpoint, values, method, self)
werkzeug.routing.exceptions.BuildError: Could not build url for endpoint 'cart.html' with values ['form', 'products']. Did you mean 'test.hello_html' instead?
INFO:werkzeug:192.168.0.100 - - [01/Aug/2023 14:30:19] "[35m[1mGET /kakaopay/1 HTTP/1.1[0m" 500 -
INFO:app:cart api
INFO:app:¿ÂπŸ±∏¥œ ∆‰¿Ã¡ˆ ¡¯¿‘
INFO:app:product_id : 2
INFO:werkzeug:192.168.0.91 - - [01/Aug/2023 14:30:19] "GET /cart HTTP/1.1" 200 -
INFO:werkzeug:192.168.0.81 - - [01/Aug/2023 14:30:19] "POST /cart HTTP/1.1" 200 -
INFO:app:¿ÂπŸ±∏¥œ ∆‰¿Ã¡ˆ ¡¯¿‘
INFO:app:product_id : 2
INFO:werkzeug:192.168.0.81 - - [01/Aug/2023 14:30:19] "POST /cart HTTP/1.1" 200 -
INFO:app:cart api
INFO:werkzeug:192.168.0.91 - - [01/Aug/2023 14:30:20] "GET /cart HTTP/1.1" 200 -
INFO:app:cart api
INFO:werkzeug:192.168.0.136 - - [01/Aug/2023 14:30:20] "GET /cart HTTP/1.1" 200 -
INFO:app:¿ÂπŸ±∏¥œ ∆‰¿Ã¡ˆ ¡¯¿‘
INFO:app:product_id : 2
INFO:werkzeug:192.168.0.81 - - [01/Aug/2023 14:30:20] "POST /cart HTTP/1.1" 200 -
INFO:app:cart api
INFO:werkzeug:192.168.0.91 - - [01/Aug/2023 14:30:20] "GET /cart HTTP/1.1" 200 -
INFO:app:cart api
INFO:app:¿ÂπŸ±∏¥œ ∆‰¿Ã¡ˆ ¡¯¿‘
INFO:app:product_id : 2
INFO:werkzeug:192.168.0.136 - - [01/Aug/2023 14:30:20] "GET /cart HTTP/1.1" 200 -
INFO:werkzeug:192.168.0.81 - - [01/Aug/2023 14:30:20] "POST /cart HTTP/1.1" 200 -
INFO:app:¿ÂπŸ±∏¥œ ∆‰¿Ã¡ˆ ¡¯¿‘
INFO:app:product_id : 2
INFO:app:¿ÂπŸ±∏¥œ ∆‰¿Ã¡ˆ ¡¯¿‘
INFO:app:cart api
INFO:app:product_id : 5
INFO:werkzeug:192.168.0.81 - - [01/Aug/2023 14:30:21] "POST /cart HTTP/1.1" 200 -
INFO:werkzeug:192.168.0.91 - - [01/Aug/2023 14:30:21] "GET /cart HTTP/1.1" 200 -
INFO:werkzeug:192.168.0.97 - - [01/Aug/2023 14:30:21] "POST /cart HTTP/1.1" 200 -
INFO:app:¿ÂπŸ±∏¥œ ∆‰¿Ã¡ˆ ¡¯¿‘
INFO:app:product_id : 2
INFO:werkzeug:192.168.0.81 - - [01/Aug/2023 14:30:21] "POST /cart HTTP/1.1" 200 -
INFO:app:cart api
INFO:werkzeug:192.168.0.91 - - [01/Aug/2023 14:30:21] "GET /cart HTTP/1.1" 200 -
INFO:app:¿ÂπŸ±∏¥œ ∆‰¿Ã¡ˆ ¡¯¿‘
INFO:app:product_id : 2
INFO:werkzeug:192.168.0.81 - - [01/Aug/2023 14:30:22] "POST /cart HTTP/1.1" 200 -
INFO:app:cart api
INFO:werkzeug:192.168.0.91 - - [01/Aug/2023 14:30:22] "GET /cart HTTP/1.1" 200 -
INFO:app:¿ÂπŸ±∏¥œ ∆‰¿Ã¡ˆ ¡¯¿‘
INFO:app:product_id : 2
INFO:werkzeug:192.168.0.81 - - [01/Aug/2023 14:30:22] "POST /cart HTTP/1.1" 200 -
INFO:app:¿ÂπŸ±∏¥œ ∆‰¿Ã¡ˆ ¡¯¿‘
INFO:app:product_id : 2
INFO:werkzeug:192.168.0.81 - - [01/Aug/2023 14:30:22] "POST /cart HTTP/1.1" 200 -
INFO:app:cart api
INFO:werkzeug:192.168.0.91 - - [01/Aug/2023 14:30:23] "GET /cart HTTP/1.1" 200 -
INFO:app:¿ÂπŸ±∏¥œ ∆‰¿Ã¡ˆ ¡¯¿‘
INFO:app:product_id : 2
INFO:werkzeug:192.168.0.81 - - [01/Aug/2023 14:30:23] "POST /cart HTTP/1.1" 200 -
INFO:app:¿ÂπŸ±∏¥œ ∆‰¿Ã¡ˆ ¡¯¿‘
INFO:app:product_id : 2
INFO:werkzeug:192.168.0.81 - - [01/Aug/2023 14:30:23] "POST /cart HTTP/1.1" 200 -
INFO:app:¿ÂπŸ±∏¥œ ∆‰¿Ã¡ˆ ¡¯¿‘
INFO:app:product_id : 2
INFO:werkzeug:192.168.0.81 - - [01/Aug/2023 14:30:24] "POST /cart HTTP/1.1" 200 -
INFO:app:¿ÂπŸ±∏¥œ ∆‰¿Ã¡ˆ ¡¯¿‘
INFO:app:product_id : 2
INFO:werkzeug:192.168.0.81 - - [01/Aug/2023 14:30:24] "POST /cart HTTP/1.1" 200 -
INFO:app:¿ÂπŸ±∏¥œ ∆‰¿Ã¡ˆ ¡¯¿‘
INFO:app:product_id : 2
INFO:werkzeug:192.168.0.81 - - [01/Aug/2023 14:30:24] "POST /cart HTTP/1.1" 200 -
INFO:werkzeug:192.168.0.100 - - [01/Aug/2023 14:30:24] "GET / HTTP/1.1" 200 -
INFO:werkzeug:192.168.0.100 - - [01/Aug/2023 14:30:24] "[33mGET /script.js HTTP/1.1[0m" 404 -
INFO:werkzeug:192.168.0.100 - - [01/Aug/2023 14:30:24] "[36mGET /static/css/style.css HTTP/1.1[0m" 304 -
INFO:werkzeug:192.168.0.100 - - [01/Aug/2023 14:30:24] "[36mGET /static/images/0721.jpg HTTP/1.1[0m" 304 -
INFO:werkzeug:192.168.0.100 - - [01/Aug/2023 14:30:25] "[33mGET /static/images/abput-img.png HTTP/1.1[0m" 404 -
INFO:app:cart api
INFO:werkzeug:192.168.0.91 - - [01/Aug/2023 14:30:25] "GET /cart HTTP/1.1" 200 -
INFO:werkzeug:192.168.0.100 - - [01/Aug/2023 14:30:25] "[36mGET /static/images/food.jpg HTTP/1.1[0m" 304 -
INFO:werkzeug:192.168.0.100 - - [01/Aug/2023 14:30:25] "[36mGET /static/images/img-1.png HTTP/1.1[0m" 304 -
INFO:werkzeug:192.168.0.100 - - [01/Aug/2023 14:30:25] "[36mGET /static/images/img-2.png HTTP/1.1[0m" 304 -
INFO:werkzeug:192.168.0.100 - - [01/Aug/2023 14:30:25] "[36mGET /static/images/img-4.png HTTP/1.1[0m" 304 -
INFO:app:¿ÂπŸ±∏¥œ ∆‰¿Ã¡ˆ ¡¯¿‘
INFO:werkzeug:192.168.0.100 - - [01/Aug/2023 14:30:25] "[36mGET /static/images/img-3.png HTTP/1.1[0m" 304 -
INFO:app:product_id : 2
INFO:werkzeug:192.168.0.81 - - [01/Aug/2023 14:30:25] "POST /cart HTTP/1.1" 200 -
INFO:app:cart api
INFO:werkzeug:192.168.0.91 - - [01/Aug/2023 14:30:26] "GET /cart HTTP/1.1" 200 -
INFO:app:cart api
INFO:werkzeug:192.168.0.100 - - [01/Aug/2023 14:30:26] "GET /cart HTTP/1.1" 200 -
INFO:app:cart api
INFO:werkzeug:192.168.0.100 - - [01/Aug/2023 14:30:26] "GET /cart HTTP/1.1" 200 -
INFO:app:¿ÂπŸ±∏¥œ ∆‰¿Ã¡ˆ ¡¯¿‘
INFO:app:product_id : 3
INFO:werkzeug:192.168.0.97 - - [01/Aug/2023 14:30:27] "POST /cart HTTP/1.1" 200 -
INFO:app:cart api
INFO:werkzeug:192.168.0.81 - - [01/Aug/2023 14:30:27] "GET /cart HTTP/1.1" 200 -
INFO:app:cart api
INFO:werkzeug:192.168.0.81 - - [01/Aug/2023 14:30:27] "GET /cart HTTP/1.1" 200 -
INFO:app:¿ÂπŸ±∏¥œ ∆‰¿Ã¡ˆ ¡¯¿‘
INFO:app:product_id : 4
INFO:werkzeug:192.168.0.47 - - [01/Aug/2023 14:30:29] "POST /cart HTTP/1.1" 200 -
INFO:app:cart api
INFO:werkzeug:192.168.0.91 - - [01/Aug/2023 14:30:30] "GET /cart HTTP/1.1" 200 -
INFO:werkzeug:192.168.0.146 - - [01/Aug/2023 14:30:30] "[36mGET /static/css/style.css HTTP/1.1[0m" 304 -
INFO:werkzeug:192.168.0.146 - - [01/Aug/2023 14:30:31] "[36mGET /static/images/0721.jpg HTTP/1.1[0m" 304 -
INFO:werkzeug:192.168.0.146 - - [01/Aug/2023 14:30:31] "[36mGET /static/images/food.jpg HTTP/1.1[0m" 304 -
INFO:werkzeug:192.168.0.146 - - [01/Aug/2023 14:30:31] "[33mGET /script.js HTTP/1.1[0m" 404 -
INFO:werkzeug:192.168.0.146 - - [01/Aug/2023 14:30:31] "[33mGET /static/images/abput-img.png HTTP/1.1[0m" 404 -
INFO:werkzeug:192.168.0.146 - - [01/Aug/2023 14:30:31] "[36mGET /static/images/img-1.png HTTP/1.1[0m" 304 -
INFO:werkzeug:192.168.0.146 - - [01/Aug/2023 14:30:31] "[36mGET /static/images/img-2.png HTTP/1.1[0m" 304 -
INFO:werkzeug:192.168.0.146 - - [01/Aug/2023 14:30:31] "[36mGET /static/images/img-3.png HTTP/1.1[0m" 304 -
INFO:werkzeug:192.168.0.146 - - [01/Aug/2023 14:30:31] "[36mGET /static/images/img-4.png HTTP/1.1[0m" 304 -
INFO:app:¿ÂπŸ±∏¥œ ∆‰¿Ã¡ˆ ¡¯¿‘
INFO:app:product_id : 4
INFO:werkzeug:192.168.0.47 - - [01/Aug/2023 14:30:31] "POST /cart HTTP/1.1" 200 -
INFO:app:cart api
INFO:app:¿ÂπŸ±∏¥œ ∆‰¿Ã¡ˆ ¡¯¿‘
INFO:app:product_id : 4
INFO:werkzeug:192.168.0.81 - - [01/Aug/2023 14:30:31] "GET /cart HTTP/1.1" 200 -
INFO:werkzeug:192.168.0.47 - - [01/Aug/2023 14:30:31] "POST /cart HTTP/1.1" 200 -
INFO:app:¿ÂπŸ±∏¥œ ∆‰¿Ã¡ˆ ¡¯¿‘
INFO:app:product_id : 4
INFO:werkzeug:192.168.0.47 - - [01/Aug/2023 14:30:32] "POST /cart HTTP/1.1" 200 -
INFO:app:cart api
INFO:werkzeug:192.168.0.81 - - [01/Aug/2023 14:30:32] "GET /cart HTTP/1.1" 200 -
INFO:app:cart api
INFO:werkzeug:192.168.0.91 - - [01/Aug/2023 14:30:32] "GET /cart HTTP/1.1" 200 -
INFO:app:¿ÂπŸ±∏¥œ ∆‰¿Ã¡ˆ ¡¯¿‘
INFO:app:product_id : 4
INFO:werkzeug:192.168.0.47 - - [01/Aug/2023 14:30:32] "POST /cart HTTP/1.1" 200 -
INFO:app:cart api
INFO:werkzeug:192.168.0.81 - - [01/Aug/2023 14:30:32] "GET /cart HTTP/1.1" 200 -
INFO:app:¿ÂπŸ±∏¥œ ∆‰¿Ã¡ˆ ¡¯¿‘
INFO:app:product_id : 4
INFO:werkzeug:192.168.0.47 - - [01/Aug/2023 14:30:32] "POST /cart HTTP/1.1" 200 -
INFO:app:cart api
INFO:werkzeug:192.168.0.81 - - [01/Aug/2023 14:30:33] "GET /cart HTTP/1.1" 200 -
INFO:app:cart api
INFO:werkzeug:192.168.0.125 - - [01/Aug/2023 14:30:33] "GET /cart HTTP/1.1" 200 -
INFO:app:cart api
INFO:app:¿ÂπŸ±∏¥œ ∆‰¿Ã¡ˆ ¡¯¿‘
INFO:app:product_id : 4
INFO:werkzeug:192.168.0.81 - - [01/Aug/2023 14:30:33] "GET /cart HTTP/1.1" 200 -
INFO:werkzeug:192.168.0.47 - - [01/Aug/2023 14:30:33] "POST /cart HTTP/1.1" 200 -
INFO:app:cart api
INFO:werkzeug:192.168.0.81 - - [01/Aug/2023 14:30:33] "GET /cart HTTP/1.1" 200 -
INFO:app:cart api
INFO:app:cart api
INFO:app:¿ÂπŸ±∏¥œ ∆‰¿Ã¡ˆ ¡¯¿‘
INFO:app:product_id : 4
INFO:app:cart api
INFO:werkzeug:192.168.0.133 - - [01/Aug/2023 14:30:33] "GET /cart HTTP/1.1" 200 -
INFO:werkzeug:192.168.0.81 - - [01/Aug/2023 14:30:33] "GET /cart HTTP/1.1" 200 -
INFO:app:cart api
INFO:werkzeug:192.168.0.47 - - [01/Aug/2023 14:30:33] "POST /cart HTTP/1.1" 200 -
INFO:app:¿ÂπŸ±∏¥œ ∆‰¿Ã¡ˆ ¡¯¿‘
INFO:app:product_id : 4
INFO:app:cart api
INFO:werkzeug:192.168.0.91 - - [01/Aug/2023 14:30:33] "GET /cart HTTP/1.1" 200 -
INFO:werkzeug:192.168.0.81 - - [01/Aug/2023 14:30:33] "GET /cart HTTP/1.1" 200 -
INFO:werkzeug:192.168.0.133 - - [01/Aug/2023 14:30:33] "GET /cart HTTP/1.1" 200 -
INFO:app:cart api
INFO:werkzeug:192.168.0.47 - - [01/Aug/2023 14:30:33] "POST /cart HTTP/1.1" 200 -
INFO:app:cart api
INFO:werkzeug:192.168.0.91 - - [01/Aug/2023 14:30:33] "GET /cart HTTP/1.1" 200 -
INFO:app:cart api
INFO:werkzeug:192.168.0.125 - - [01/Aug/2023 14:30:34] "GET /cart HTTP/1.1" 200 -
INFO:werkzeug:192.168.0.81 - - [01/Aug/2023 14:30:34] "GET /cart HTTP/1.1" 200 -
INFO:app:cart api
INFO:werkzeug:192.168.0.91 - - [01/Aug/2023 14:30:34] "GET /cart HTTP/1.1" 200 -
INFO:app:cart api
INFO:werkzeug:192.168.0.81 - - [01/Aug/2023 14:30:34] "GET /cart HTTP/1.1" 200 -
INFO:app:cart api
INFO:app:¿ÂπŸ±∏¥œ ∆‰¿Ã¡ˆ ¡¯¿‘
INFO:app:product_id : 4
INFO:werkzeug:192.168.0.91 - - [01/Aug/2023 14:30:34] "GET /cart HTTP/1.1" 200 -
INFO:app:cart api
INFO:werkzeug:192.168.0.47 - - [01/Aug/2023 14:30:34] "POST /cart HTTP/1.1" 200 -
INFO:app:cart api
INFO:werkzeug:192.168.0.81 - - [01/Aug/2023 14:30:34] "GET /cart HTTP/1.1" 200 -
INFO:werkzeug:192.168.0.91 - - [01/Aug/2023 14:30:34] "GET /cart HTTP/1.1" 200 -
INFO:app:cart api
INFO:app:cart api
INFO:werkzeug:192.168.0.81 - - [01/Aug/2023 14:30:34] "GET /cart HTTP/1.1" 200 -
INFO:werkzeug:192.168.0.91 - - [01/Aug/2023 14:30:34] "GET /cart HTTP/1.1" 200 -
INFO:app:cart api
INFO:werkzeug:192.168.0.81 - - [01/Aug/2023 14:30:34] "GET /cart HTTP/1.1" 200 -
INFO:app:¿ÂπŸ±∏¥œ ∆‰¿Ã¡ˆ ¡¯¿‘
INFO:app:product_id : 4
INFO:app:cart api
INFO:app:¿ÂπŸ±∏¥œ ∆‰¿Ã¡ˆ ¡¯¿‘
INFO:app:product_id : 1
INFO:werkzeug:192.168.0.133 - - [01/Aug/2023 14:30:34] "GET /cart HTTP/1.1" 200 -
INFO:app:¿ÂπŸ±∏¥œ ∆‰¿Ã¡ˆ ¡¯¿‘
INFO:app:product_id : 4
INFO:app:cart api
INFO:werkzeug:192.168.0.47 - - [01/Aug/2023 14:30:34] "POST /cart HTTP/1.1" 200 -
INFO:werkzeug:192.168.0.81 - - [01/Aug/2023 14:30:35] "GET /cart HTTP/1.1" 200 -
INFO:werkzeug:192.168.0.146 - - [01/Aug/2023 14:30:35] "POST /cart HTTP/1.1" 200 -
INFO:werkzeug:192.168.0.47 - - [01/Aug/2023 14:30:35] "POST /cart HTTP/1.1" 200 -
INFO:app:cart api
INFO:werkzeug:192.168.0.81 - - [01/Aug/2023 14:30:35] "GET /cart HTTP/1.1" 200 -
INFO:app:cart api
INFO:werkzeug:192.168.0.81 - - [01/Aug/2023 14:30:35] "GET /cart HTTP/1.1" 200 -
INFO:app:cart api
INFO:werkzeug:192.168.0.81 - - [01/Aug/2023 14:30:35] "GET /cart HTTP/1.1" 200 -
INFO:app:¿ÂπŸ±∏¥œ ∆‰¿Ã¡ˆ ¡¯¿‘
INFO:app:product_id : 4
INFO:werkzeug:192.168.0.47 - - [01/Aug/2023 14:30:35] "POST /cart HTTP/1.1" 200 -
INFO:app:cart api
INFO:werkzeug:192.168.0.81 - - [01/Aug/2023 14:30:35] "GET /cart HTTP/1.1" 200 -
INFO:app:¿ÂπŸ±∏¥œ ∆‰¿Ã¡ˆ ¡¯¿‘
INFO:app:product_id : 1
INFO:werkzeug:192.168.0.146 - - [01/Aug/2023 14:30:35] "POST /cart HTTP/1.1" 200 -
INFO:app:cart api
INFO:werkzeug:192.168.0.81 - - [01/Aug/2023 14:30:36] "GET /cart HTTP/1.1" 200 -
INFO:app:¿ÂπŸ±∏¥œ ∆‰¿Ã¡ˆ ¡¯¿‘
INFO:app:product_id : 4
INFO:werkzeug:192.168.0.47 - - [01/Aug/2023 14:30:36] "POST /cart HTTP/1.1" 200 -
INFO:app:cart api
INFO:werkzeug:192.168.0.91 - - [01/Aug/2023 14:30:36] "GET /cart HTTP/1.1" 200 -
INFO:app:cart api
INFO:werkzeug:192.168.0.81 - - [01/Aug/2023 14:30:36] "GET /cart HTTP/1.1" 200 -
INFO:app:¿ÂπŸ±∏¥œ ∆‰¿Ã¡ˆ ¡¯¿‘
INFO:app:product_id : 4
INFO:werkzeug:192.168.0.47 - - [01/Aug/2023 14:30:36] "POST /cart HTTP/1.1" 200 -
INFO:werkzeug:192.168.0.97 - - [01/Aug/2023 14:30:36] "GET / HTTP/1.1" 200 -
INFO:app:¿ÂπŸ±∏¥œ ∆‰¿Ã¡ˆ ¡¯¿‘
INFO:app:product_id : 1
INFO:werkzeug:192.168.0.97 - - [01/Aug/2023 14:30:36] "GET /static/css/style.css HTTP/1.1" 200 -
INFO:werkzeug:192.168.0.97 - - [01/Aug/2023 14:30:36] "[33mGET /script.js HTTP/1.1[0m" 404 -
INFO:werkzeug:192.168.0.97 - - [01/Aug/2023 14:30:36] "GET /static/images/0721.jpg HTTP/1.1" 200 -
INFO:werkzeug:192.168.0.97 - - [01/Aug/2023 14:30:36] "[33mGET /static/images/abput-img.png HTTP/1.1[0m" 404 -
INFO:werkzeug:192.168.0.97 - - [01/Aug/2023 14:30:36] "GET /static/images/food.jpg HTTP/1.1" 200 -
INFO:werkzeug:192.168.0.146 - - [01/Aug/2023 14:30:36] "POST /cart HTTP/1.1" 200 -
INFO:werkzeug:192.168.0.97 - - [01/Aug/2023 14:30:36] "GET /static/images/img-1.png HTTP/1.1" 200 -
INFO:werkzeug:192.168.0.97 - - [01/Aug/2023 14:30:36] "GET /static/images/img-2.png HTTP/1.1" 200 -
INFO:werkzeug:192.168.0.97 - - [01/Aug/2023 14:30:36] "GET /static/images/img-3.png HTTP/1.1" 200 -
INFO:app:¿ÂπŸ±∏¥œ ∆‰¿Ã¡ˆ ¡¯¿‘
INFO:app:product_id : 4
INFO:werkzeug:192.168.0.97 - - [01/Aug/2023 14:30:36] "GET /static/images/img-4.png HTTP/1.1" 200 -
INFO:werkzeug:192.168.0.47 - - [01/Aug/2023 14:30:36] "POST /cart HTTP/1.1" 200 -
INFO:app:cart api
INFO:app:¿ÂπŸ±∏¥œ ∆‰¿Ã¡ˆ ¡¯¿‘
INFO:app:product_id : 4
INFO:werkzeug:192.168.0.91 - - [01/Aug/2023 14:30:37] "GET /cart HTTP/1.1" 200 -
INFO:werkzeug:192.168.0.47 - - [01/Aug/2023 14:30:37] "POST /cart HTTP/1.1" 200 -
INFO:app:¿ÂπŸ±∏¥œ ∆‰¿Ã¡ˆ ¡¯¿‘
INFO:app:product_id : 4
INFO:werkzeug:192.168.0.47 - - [01/Aug/2023 14:30:37] "POST /cart HTTP/1.1" 200 -
INFO:app:¿ÂπŸ±∏¥œ ∆‰¿Ã¡ˆ ¡¯¿‘
INFO:app:product_id : 1
INFO:werkzeug:192.168.0.146 - - [01/Aug/2023 14:30:37] "POST /cart HTTP/1.1" 200 -
INFO:app:¿ÂπŸ±∏¥œ ∆‰¿Ã¡ˆ ¡¯¿‘
INFO:app:product_id : 4
INFO:werkzeug:192.168.0.47 - - [01/Aug/2023 14:30:37] "POST /cart HTTP/1.1" 200 -
INFO:app:cart api
INFO:werkzeug:192.168.0.91 - - [01/Aug/2023 14:30:37] "GET /cart HTTP/1.1" 200 -
INFO:app:∑Œ±◊¿Œ ∆‰¿Ã¡ˆ ¡¯¿‘
INFO:werkzeug:192.168.0.97 - - [01/Aug/2023 14:30:38] "GET /login HTTP/1.1" 200 -
INFO:werkzeug:192.168.0.97 - - [01/Aug/2023 14:30:38] "GET /static/dist/css/bootstrap.min.css HTTP/1.1" 200 -
INFO:werkzeug:192.168.0.97 - - [01/Aug/2023 14:30:38] "GET /static/signin.css HTTP/1.1" 200 -
INFO:werkzeug:192.168.0.97 - - [01/Aug/2023 14:30:38] "GET /static/images/catlogo_1.png HTTP/1.1" 200 -
INFO:app:¿ÂπŸ±∏¥œ ∆‰¿Ã¡ˆ ¡¯¿‘
INFO:app:product_id : 1
INFO:app:¿ÂπŸ±∏¥œ ∆‰¿Ã¡ˆ ¡¯¿‘
INFO:app:product_id : 4
INFO:werkzeug:192.168.0.146 - - [01/Aug/2023 14:30:38] "POST /cart HTTP/1.1" 200 -
INFO:werkzeug:192.168.0.47 - - [01/Aug/2023 14:30:38] "POST /cart HTTP/1.1" 200 -
INFO:app:¿ÂπŸ±∏¥œ ∆‰¿Ã¡ˆ ¡¯¿‘
INFO:app:product_id : 4
INFO:werkzeug:192.168.0.47 - - [01/Aug/2023 14:30:38] "POST /cart HTTP/1.1" 200 -
INFO:app:¿ÂπŸ±∏¥œ ∆‰¿Ã¡ˆ ¡¯¿‘
INFO:app:product_id : 1
INFO:werkzeug:192.168.0.146 - - [01/Aug/2023 14:30:38] "POST /cart HTTP/1.1" 200 -
INFO:app:¿ÂπŸ±∏¥œ ∆‰¿Ã¡ˆ ¡¯¿‘
INFO:app:product_id : 1
INFO:werkzeug:192.168.0.146 - - [01/Aug/2023 14:30:38] "POST /cart HTTP/1.1" 200 -
INFO:app:¿ÂπŸ±∏¥œ ∆‰¿Ã¡ˆ ¡¯¿‘
INFO:app:product_id : 4
INFO:werkzeug:192.168.0.47 - - [01/Aug/2023 14:30:39] "POST /cart HTTP/1.1" 200 -
INFO:app:¿ÂπŸ±∏¥œ ∆‰¿Ã¡ˆ ¡¯¿‘
INFO:app:product_id : 1
INFO:werkzeug:192.168.0.146 - - [01/Aug/2023 14:30:39] "POST /cart HTTP/1.1" 200 -
INFO:werkzeug:192.168.0.97 - - [01/Aug/2023 14:30:39] "[33mGET /script.js HTTP/1.1[0m" 404 -
INFO:app:¿ÂπŸ±∏¥œ ∆‰¿Ã¡ˆ ¡¯¿‘
INFO:app:product_id : 4
INFO:werkzeug:192.168.0.47 - - [01/Aug/2023 14:30:39] "POST /cart HTTP/1.1" 200 -
INFO:app:¿ÂπŸ±∏¥œ ∆‰¿Ã¡ˆ ¡¯¿‘
INFO:app:product_id : 1
INFO:werkzeug:192.168.0.146 - - [01/Aug/2023 14:30:39] "POST /cart HTTP/1.1" 200 -
INFO:app:¿ÂπŸ±∏¥œ ∆‰¿Ã¡ˆ ¡¯¿‘
INFO:app:product_id : 4
INFO:app:cart api
INFO:werkzeug:192.168.0.47 - - [01/Aug/2023 14:30:39] "POST /cart HTTP/1.1" 200 -
INFO:werkzeug:192.168.0.97 - - [01/Aug/2023 14:30:39] "GET /cart HTTP/1.1" 200 -
INFO:app:cart api
INFO:werkzeug:192.168.0.97 - - [01/Aug/2023 14:30:40] "GET /cart HTTP/1.1" 200 -
INFO:app:¿ÂπŸ±∏¥œ ∆‰¿Ã¡ˆ ¡¯¿‘
INFO:app:product_id : 1
INFO:werkzeug:192.168.0.146 - - [01/Aug/2023 14:30:40] "POST /cart HTTP/1.1" 200 -
INFO:app:¿ÂπŸ±∏¥œ ∆‰¿Ã¡ˆ ¡¯¿‘
INFO:app:product_id : 4
INFO:werkzeug:192.168.0.47 - - [01/Aug/2023 14:30:40] "POST /cart HTTP/1.1" 200 -
INFO:app:¿ÂπŸ±∏¥œ ∆‰¿Ã¡ˆ ¡¯¿‘
INFO:app:product_id : 1
INFO:werkzeug:192.168.0.146 - - [01/Aug/2023 14:30:40] "POST /cart HTTP/1.1" 200 -
INFO:app:¿ÂπŸ±∏¥œ ∆‰¿Ã¡ˆ ¡¯¿‘
INFO:app:product_id : 1
INFO:werkzeug:192.168.0.146 - - [01/Aug/2023 14:30:40] "POST /cart HTTP/1.1" 200 -
INFO:app:cart api
INFO:app:¿ÂπŸ±∏¥œ ∆‰¿Ã¡ˆ ¡¯¿‘
INFO:app:product_id : 1
INFO:werkzeug:192.168.0.91 - - [01/Aug/2023 14:30:40] "GET /cart HTTP/1.1" 200 -
INFO:app:¿ÂπŸ±∏¥œ ∆‰¿Ã¡ˆ ¡¯¿‘
INFO:app:product_id : 4
INFO:app:¿ÂπŸ±∏¥œ ∆‰¿Ã¡ˆ ¡¯¿‘
INFO:app:product_id : 1
INFO:werkzeug:192.168.0.146 - - [01/Aug/2023 14:30:41] "POST /cart HTTP/1.1" 200 -
INFO:app:¿ÂπŸ±∏¥œ ∆‰¿Ã¡ˆ ¡¯¿‘
INFO:app:product_id : 4
INFO:werkzeug:192.168.0.146 - - [01/Aug/2023 14:30:41] "POST /cart HTTP/1.1" 200 -
INFO:app:¿ÂπŸ±∏¥œ ∆‰¿Ã¡ˆ ¡¯¿‘
INFO:app:product_id : 1
INFO:werkzeug:192.168.0.47 - - [01/Aug/2023 14:30:41] "POST /cart HTTP/1.1" 200 -
INFO:werkzeug:192.168.0.47 - - [01/Aug/2023 14:30:41] "POST /cart HTTP/1.1" 200 -
INFO:werkzeug:192.168.0.146 - - [01/Aug/2023 14:30:41] "POST /cart HTTP/1.1" 200 -
INFO:app:¿ÂπŸ±∏¥œ ∆‰¿Ã¡ˆ ¡¯¿‘
INFO:app:product_id : 4
INFO:werkzeug:192.168.0.47 - - [01/Aug/2023 14:30:41] "POST /cart HTTP/1.1" 200 -
INFO:werkzeug:192.168.0.97 - - [01/Aug/2023 14:30:41] "[33mGET /script.js HTTP/1.1[0m" 404 -
INFO:app:¿ÂπŸ±∏¥œ ∆‰¿Ã¡ˆ ¡¯¿‘
INFO:app:product_id : 1
INFO:werkzeug:192.168.0.146 - - [01/Aug/2023 14:30:41] "POST /cart HTTP/1.1" 200 -
INFO:app:¿ÂπŸ±∏¥œ ∆‰¿Ã¡ˆ ¡¯¿‘
INFO:app:product_id : 1
INFO:werkzeug:192.168.0.146 - - [01/Aug/2023 14:30:41] "POST /cart HTTP/1.1" 200 -
INFO:app:¿ÂπŸ±∏¥œ ∆‰¿Ã¡ˆ ¡¯¿‘
INFO:app:product_id : 2
INFO:werkzeug:192.168.0.81 - - [01/Aug/2023 14:30:41] "POST /cart HTTP/1.1" 200 -
INFO:app:¿ÂπŸ±∏¥œ ∆‰¿Ã¡ˆ ¡¯¿‘
INFO:app:product_id : 1
INFO:app:¿ÂπŸ±∏¥œ ∆‰¿Ã¡ˆ ¡¯¿‘
INFO:app:product_id : 1
INFO:werkzeug:192.168.0.146 - - [01/Aug/2023 14:30:41] "POST /cart HTTP/1.1" 200 -
INFO:werkzeug:192.168.0.146 - - [01/Aug/2023 14:30:41] "POST /cart HTTP/1.1" 200 -
INFO:app:¿ÂπŸ±∏¥œ ∆‰¿Ã¡ˆ ¡¯¿‘
INFO:app:product_id : 4
INFO:werkzeug:192.168.0.47 - - [01/Aug/2023 14:30:41] "POST /cart HTTP/1.1" 200 -
INFO:app:¿ÂπŸ±∏¥œ ∆‰¿Ã¡ˆ ¡¯¿‘
INFO:app:product_id : 1
INFO:werkzeug:192.168.0.146 - - [01/Aug/2023 14:30:42] "POST /cart HTTP/1.1" 200 -
INFO:app:¿ÂπŸ±∏¥œ ∆‰¿Ã¡ˆ ¡¯¿‘
INFO:app:product_id : 4
INFO:app:¿ÂπŸ±∏¥œ ∆‰¿Ã¡ˆ ¡¯¿‘
INFO:app:product_id : 1
INFO:werkzeug:192.168.0.47 - - [01/Aug/2023 14:30:42] "POST /cart HTTP/1.1" 200 -
INFO:werkzeug:192.168.0.146 - - [01/Aug/2023 14:30:42] "POST /cart HTTP/1.1" 200 -
INFO:app:¿ÂπŸ±∏¥œ ∆‰¿Ã¡ˆ ¡¯¿‘
INFO:app:¿ÂπŸ±∏¥œ ∆‰¿Ã¡ˆ ¡¯¿‘
INFO:app:product_id : 1
INFO:app:product_id : 2
INFO:app:cart api
INFO:werkzeug:192.168.0.91 - - [01/Aug/2023 14:30:42] "GET /cart HTTP/1.1" 200 -
INFO:werkzeug:192.168.0.146 - - [01/Aug/2023 14:30:42] "POST /cart HTTP/1.1" 200 -
INFO:werkzeug:192.168.0.81 - - [01/Aug/2023 14:30:42] "POST /cart HTTP/1.1" 200 -
INFO:app:¿ÂπŸ±∏¥œ ∆‰¿Ã¡ˆ ¡¯¿‘
INFO:app:product_id : 2
INFO:werkzeug:192.168.0.97 - - [01/Aug/2023 14:30:42] "POST /cart HTTP/1.1" 200 -
INFO:app:¿ÂπŸ±∏¥œ ∆‰¿Ã¡ˆ ¡¯¿‘
INFO:app:product_id : 4
INFO:werkzeug:192.168.0.47 - - [01/Aug/2023 14:30:42] "POST /cart HTTP/1.1" 200 -
INFO:app:¿ÂπŸ±∏¥œ ∆‰¿Ã¡ˆ ¡¯¿‘
INFO:app:product_id : 1
INFO:werkzeug:192.168.0.146 - - [01/Aug/2023 14:30:43] "POST /cart HTTP/1.1" 200 -
INFO:app:¿ÂπŸ±∏¥œ ∆‰¿Ã¡ˆ ¡¯¿‘
INFO:app:product_id : 4
INFO:app:¿ÂπŸ±∏¥œ ∆‰¿Ã¡ˆ ¡¯¿‘
INFO:app:product_id : 1
INFO:werkzeug:192.168.0.47 - - [01/Aug/2023 14:30:43] "POST /cart HTTP/1.1" 200 -
INFO:werkzeug:192.168.0.146 - - [01/Aug/2023 14:30:43] "POST /cart HTTP/1.1" 200 -
INFO:app:¿ÂπŸ±∏¥œ ∆‰¿Ã¡ˆ ¡¯¿‘
INFO:app:product_id : 1
INFO:werkzeug:192.168.0.146 - - [01/Aug/2023 14:30:43] "POST /cart HTTP/1.1" 200 -
INFO:app:¿ÂπŸ±∏¥œ ∆‰¿Ã¡ˆ ¡¯¿‘
INFO:app:product_id : 1
INFO:app:cart api
INFO:app:¿ÂπŸ±∏¥œ ∆‰¿Ã¡ˆ ¡¯¿‘
INFO:app:product_id : 1
INFO:werkzeug:192.168.0.146 - - [01/Aug/2023 14:30:43] "POST /cart HTTP/1.1" 200 -
INFO:werkzeug:192.168.0.91 - - [01/Aug/2023 14:30:43] "GET /cart HTTP/1.1" 200 -
INFO:werkzeug:192.168.0.146 - - [01/Aug/2023 14:30:43] "POST /cart HTTP/1.1" 200 -
INFO:app:¿ÂπŸ±∏¥œ ∆‰¿Ã¡ˆ ¡¯¿‘
INFO:app:product_id : 1
INFO:werkzeug:192.168.0.146 - - [01/Aug/2023 14:30:44] "POST /cart HTTP/1.1" 200 -
INFO:app:¿ÂπŸ±∏¥œ ∆‰¿Ã¡ˆ ¡¯¿‘
INFO:app:product_id : 1
INFO:werkzeug:192.168.0.146 - - [01/Aug/2023 14:30:44] "POST /cart HTTP/1.1" 200 -
INFO:app:¿ÂπŸ±∏¥œ ∆‰¿Ã¡ˆ ¡¯¿‘
INFO:app:product_id : 1
INFO:werkzeug:192.168.0.146 - - [01/Aug/2023 14:30:44] "POST /cart HTTP/1.1" 200 -
INFO:app:¿ÂπŸ±∏¥œ ∆‰¿Ã¡ˆ ¡¯¿‘
INFO:app:product_id : 1
INFO:werkzeug:192.168.0.146 - - [01/Aug/2023 14:30:44] "POST /cart HTTP/1.1" 200 -
INFO:app:cart api
INFO:app:cart api
INFO:werkzeug:192.168.0.91 - - [01/Aug/2023 14:30:44] "GET /cart HTTP/1.1" 200 -
INFO:werkzeug:192.168.0.97 - - [01/Aug/2023 14:30:44] "GET /cart HTTP/1.1" 200 -
INFO:app:¿ÂπŸ±∏¥œ ∆‰¿Ã¡ˆ ¡¯¿‘
INFO:app:product_id : 1
INFO:werkzeug:192.168.0.146 - - [01/Aug/2023 14:30:45] "POST /cart HTTP/1.1" 200 -
INFO:app:cart api
INFO:app:¿ÂπŸ±∏¥œ ∆‰¿Ã¡ˆ ¡¯¿‘
INFO:app:product_id : 2
INFO:app:¿ÂπŸ±∏¥œ ∆‰¿Ã¡ˆ ¡¯¿‘
INFO:app:product_id : 1
INFO:werkzeug:192.168.0.97 - - [01/Aug/2023 14:30:45] "GET /cart HTTP/1.1" 200 -
INFO:werkzeug:192.168.0.81 - - [01/Aug/2023 14:30:45] "POST /cart HTTP/1.1" 200 -
INFO:werkzeug:192.168.0.146 - - [01/Aug/2023 14:30:45] "POST /cart HTTP/1.1" 200 -
INFO:app:¿ÂπŸ±∏¥œ ∆‰¿Ã¡ˆ ¡¯¿‘
INFO:app:product_id : 2
INFO:werkzeug:192.168.0.81 - - [01/Aug/2023 14:30:45] "POST /cart HTTP/1.1" 200 -
INFO:app:¿ÂπŸ±∏¥œ ∆‰¿Ã¡ˆ ¡¯¿‘
INFO:app:product_id : 1
INFO:werkzeug:192.168.0.146 - - [01/Aug/2023 14:30:45] "POST /cart HTTP/1.1" 200 -
INFO:app:¿ÂπŸ±∏¥œ ∆‰¿Ã¡ˆ ¡¯¿‘
INFO:app:product_id : 1
INFO:werkzeug:192.168.0.146 - - [01/Aug/2023 14:30:45] "POST /cart HTTP/1.1" 200 -
INFO:app:¿ÂπŸ±∏¥œ ∆‰¿Ã¡ˆ ¡¯¿‘
INFO:app:product_id : 2
INFO:werkzeug:192.168.0.81 - - [01/Aug/2023 14:30:45] "POST /cart HTTP/1.1" 200 -
INFO:app:¿ÂπŸ±∏¥œ ∆‰¿Ã¡ˆ ¡¯¿‘
INFO:app:product_id : 1
INFO:werkzeug:192.168.0.146 - - [01/Aug/2023 14:30:46] "POST /cart HTTP/1.1" 200 -
INFO:app:¿ÂπŸ±∏¥œ ∆‰¿Ã¡ˆ ¡¯¿‘
INFO:app:product_id : 2
INFO:werkzeug:192.168.0.81 - - [01/Aug/2023 14:30:46] "POST /cart HTTP/1.1" 200 -
INFO:app:¿ÂπŸ±∏¥œ ∆‰¿Ã¡ˆ ¡¯¿‘
INFO:app:product_id : 1
INFO:werkzeug:192.168.0.146 - - [01/Aug/2023 14:30:46] "POST /cart HTTP/1.1" 200 -
INFO:app:cart api
INFO:app:¿ÂπŸ±∏¥œ ∆‰¿Ã¡ˆ ¡¯¿‘
INFO:app:product_id : 2
INFO:werkzeug:192.168.0.91 - - [01/Aug/2023 14:30:46] "GET /cart HTTP/1.1" 200 -
INFO:werkzeug:192.168.0.81 - - [01/Aug/2023 14:30:46] "POST /cart HTTP/1.1" 200 -
INFO:app:¿ÂπŸ±∏¥œ ∆‰¿Ã¡ˆ ¡¯¿‘
INFO:app:product_id : 1
INFO:werkzeug:192.168.0.146 - - [01/Aug/2023 14:30:46] "POST /cart HTTP/1.1" 200 -
INFO:app:¿ÂπŸ±∏¥œ ∆‰¿Ã¡ˆ ¡¯¿‘
INFO:app:product_id : 1
INFO:werkzeug:192.168.0.146 - - [01/Aug/2023 14:30:47] "POST /cart HTTP/1.1" 200 -
INFO:app:¿ÂπŸ±∏¥œ ∆‰¿Ã¡ˆ ¡¯¿‘
INFO:app:product_id : 2
INFO:werkzeug:192.168.0.81 - - [01/Aug/2023 14:30:47] "POST /cart HTTP/1.1" 200 -
INFO:app:¿ÂπŸ±∏¥œ ∆‰¿Ã¡ˆ ¡¯¿‘
INFO:app:product_id : 1
INFO:werkzeug:192.168.0.146 - - [01/Aug/2023 14:30:47] "POST /cart HTTP/1.1" 200 -
INFO:app:¿ÂπŸ±∏¥œ ∆‰¿Ã¡ˆ ¡¯¿‘
INFO:app:product_id : 2
INFO:app:cart api
INFO:werkzeug:192.168.0.81 - - [01/Aug/2023 14:30:47] "POST /cart HTTP/1.1" 200 -
INFO:werkzeug:192.168.0.91 - - [01/Aug/2023 14:30:47] "GET /cart HTTP/1.1" 200 -
INFO:app:¿ÂπŸ±∏¥œ ∆‰¿Ã¡ˆ ¡¯¿‘
INFO:app:product_id : 1
INFO:werkzeug:192.168.0.146 - - [01/Aug/2023 14:30:47] "POST /cart HTTP/1.1" 200 -
INFO:app:¿ÂπŸ±∏¥œ ∆‰¿Ã¡ˆ ¡¯¿‘
INFO:app:product_id : 1
INFO:app:¿ÂπŸ±∏¥œ ∆‰¿Ã¡ˆ ¡¯¿‘
INFO:app:product_id : 2
INFO:werkzeug:192.168.0.146 - - [01/Aug/2023 14:30:47] "POST /cart HTTP/1.1" 200 -
INFO:werkzeug:192.168.0.81 - - [01/Aug/2023 14:30:47] "POST /cart HTTP/1.1" 200 -
INFO:app:¿ÂπŸ±∏¥œ ∆‰¿Ã¡ˆ ¡¯¿‘
INFO:app:product_id : 2
INFO:werkzeug:192.168.0.81 - - [01/Aug/2023 14:30:48] "POST /cart HTTP/1.1" 200 -
INFO:app:cart api
INFO:werkzeug:192.168.0.91 - - [01/Aug/2023 14:30:48] "GET /cart HTTP/1.1" 200 -
INFO:app:¿ÂπŸ±∏¥œ ∆‰¿Ã¡ˆ ¡¯¿‘
INFO:app:product_id : 2
INFO:werkzeug:192.168.0.81 - - [01/Aug/2023 14:30:48] "POST /cart HTTP/1.1" 200 -
INFO:app:¿ÂπŸ±∏¥œ ∆‰¿Ã¡ˆ ¡¯¿‘
INFO:app:product_id : 2
INFO:werkzeug:192.168.0.81 - - [01/Aug/2023 14:30:49] "POST /cart HTTP/1.1" 200 -
INFO:app:¿ÂπŸ±∏¥œ ∆‰¿Ã¡ˆ ¡¯¿‘
INFO:app:product_id : 2
INFO:werkzeug:192.168.0.81 - - [01/Aug/2023 14:30:49] "POST /cart HTTP/1.1" 200 -
INFO:app:¿ÂπŸ±∏¥œ ∆‰¿Ã¡ˆ ¡¯¿‘
INFO:app:product_id : 1
INFO:werkzeug:192.168.0.146 - - [01/Aug/2023 14:30:49] "POST /cart HTTP/1.1" 200 -
INFO:app:cart api
INFO:werkzeug:192.168.0.91 - - [01/Aug/2023 14:30:49] "GET /cart HTTP/1.1" 200 -
INFO:app:¿ÂπŸ±∏¥œ ∆‰¿Ã¡ˆ ¡¯¿‘
INFO:app:product_id : 2
INFO:werkzeug:192.168.0.81 - - [01/Aug/2023 14:30:50] "POST /cart HTTP/1.1" 200 -
INFO:app:¿ÂπŸ±∏¥œ ∆‰¿Ã¡ˆ ¡¯¿‘
INFO:app:product_id : 2
INFO:werkzeug:192.168.0.81 - - [01/Aug/2023 14:30:50] "POST /cart HTTP/1.1" 200 -
INFO:app:cart api
INFO:werkzeug:192.168.0.91 - - [01/Aug/2023 14:30:50] "GET /cart HTTP/1.1" 200 -
INFO:app:¿ÂπŸ±∏¥œ ∆‰¿Ã¡ˆ ¡¯¿‘
INFO:app:product_id : 2
INFO:werkzeug:192.168.0.81 - - [01/Aug/2023 14:30:51] "POST /cart HTTP/1.1" 200 -
INFO:app:¿ÂπŸ±∏¥œ ∆‰¿Ã¡ˆ ¡¯¿‘
INFO:app:product_id : 2
INFO:werkzeug:192.168.0.81 - - [01/Aug/2023 14:30:51] "POST /cart HTTP/1.1" 200 -
INFO:app:cart api
INFO:werkzeug:192.168.0.91 - - [01/Aug/2023 14:30:52] "GET /cart HTTP/1.1" 200 -
INFO:app:¿ÂπŸ±∏¥œ ∆‰¿Ã¡ˆ ¡¯¿‘
INFO:app:product_id : 1
INFO:werkzeug:192.168.0.146 - - [01/Aug/2023 14:30:52] "POST /cart HTTP/1.1" 200 -
INFO:app:¿ÂπŸ±∏¥œ ∆‰¿Ã¡ˆ ¡¯¿‘
INFO:app:product_id : 2
INFO:werkzeug:192.168.0.81 - - [01/Aug/2023 14:30:52] "POST /cart HTTP/1.1" 200 -
INFO:app:cart api
INFO:werkzeug:192.168.0.91 - - [01/Aug/2023 14:30:52] "GET /cart HTTP/1.1" 200 -
INFO:app:¿ÂπŸ±∏¥œ ∆‰¿Ã¡ˆ ¡¯¿‘
INFO:app:product_id : 2
INFO:app:cart api
INFO:werkzeug:192.168.0.81 - - [01/Aug/2023 14:30:53] "POST /cart HTTP/1.1" 200 -
INFO:werkzeug:192.168.0.91 - - [01/Aug/2023 14:30:53] "GET /cart HTTP/1.1" 200 -
INFO:app:¿ÂπŸ±∏¥œ ∆‰¿Ã¡ˆ ¡¯¿‘
INFO:app:product_id : 2
INFO:werkzeug:192.168.0.81 - - [01/Aug/2023 14:30:54] "POST /cart HTTP/1.1" 200 -
INFO:app:¿ÂπŸ±∏¥œ ∆‰¿Ã¡ˆ ¡¯¿‘
INFO:app:product_id : 2
INFO:werkzeug:192.168.0.81 - - [01/Aug/2023 14:30:54] "POST /cart HTTP/1.1" 200 -
INFO:app:cart api
INFO:werkzeug:192.168.0.91 - - [01/Aug/2023 14:30:54] "GET /cart HTTP/1.1" 200 -
INFO:app:cart api
INFO:werkzeug:192.168.0.91 - - [01/Aug/2023 14:30:55] "GET /cart HTTP/1.1" 200 -
INFO:app:cart api
INFO:werkzeug:192.168.0.91 - - [01/Aug/2023 14:30:55] "GET /cart HTTP/1.1" 200 -
INFO:app:cart api
INFO:werkzeug:192.168.0.91 - - [01/Aug/2023 14:30:55] "GET /cart HTTP/1.1" 200 -
INFO:app:¿ÂπŸ±∏¥œ ∆‰¿Ã¡ˆ ¡¯¿‘
INFO:app:product_id : 2
INFO:werkzeug:192.168.0.81 - - [01/Aug/2023 14:30:55] "POST /cart HTTP/1.1" 200 -
INFO:app:cart api
INFO:werkzeug:192.168.0.91 - - [01/Aug/2023 14:30:55] "GET /cart HTTP/1.1" 200 -
INFO:app:¿ÂπŸ±∏¥œ ∆‰¿Ã¡ˆ ¡¯¿‘
INFO:app:product_id : 2
INFO:werkzeug:192.168.0.81 - - [01/Aug/2023 14:30:56] "POST /cart HTTP/1.1" 200 -
INFO:app:cart api
INFO:app:¿ÂπŸ±∏¥œ ∆‰¿Ã¡ˆ ¡¯¿‘
INFO:app:product_id : 2
INFO:werkzeug:192.168.0.91 - - [01/Aug/2023 14:30:56] "GET /cart HTTP/1.1" 200 -
INFO:werkzeug:192.168.0.81 - - [01/Aug/2023 14:30:56] "POST /cart HTTP/1.1" 200 -
INFO:app:¿ÂπŸ±∏¥œ ∆‰¿Ã¡ˆ ¡¯¿‘
INFO:app:product_id : 1
INFO:werkzeug:192.168.0.146 - - [01/Aug/2023 14:30:56] "POST /cart HTTP/1.1" 200 -
INFO:app:cart api
INFO:werkzeug:192.168.0.91 - - [01/Aug/2023 14:30:56] "GET /cart HTTP/1.1" 200 -
INFO:app:¿ÂπŸ±∏¥œ ∆‰¿Ã¡ˆ ¡¯¿‘
INFO:app:product_id : 2
INFO:werkzeug:192.168.0.81 - - [01/Aug/2023 14:30:56] "POST /cart HTTP/1.1" 200 -
INFO:app:cart api
INFO:werkzeug:192.168.0.91 - - [01/Aug/2023 14:30:56] "GET /cart HTTP/1.1" 200 -
INFO:app:¿ÂπŸ±∏¥œ ∆‰¿Ã¡ˆ ¡¯¿‘
INFO:app:product_id : 2
INFO:werkzeug:192.168.0.81 - - [01/Aug/2023 14:30:56] "POST /cart HTTP/1.1" 200 -
INFO:app:cart api
INFO:werkzeug:192.168.0.91 - - [01/Aug/2023 14:30:57] "GET /cart HTTP/1.1" 200 -
INFO:app:¿ÂπŸ±∏¥œ ∆‰¿Ã¡ˆ ¡¯¿‘
INFO:app:product_id : 2
INFO:werkzeug:192.168.0.81 - - [01/Aug/2023 14:30:57] "POST /cart HTTP/1.1" 200 -
INFO:app:cart api
INFO:werkzeug:192.168.0.91 - - [01/Aug/2023 14:30:57] "GET /cart HTTP/1.1" 200 -
INFO:app:¿ÂπŸ±∏¥œ ∆‰¿Ã¡ˆ ¡¯¿‘
INFO:app:product_id : 2
INFO:werkzeug:192.168.0.81 - - [01/Aug/2023 14:30:57] "POST /cart HTTP/1.1" 200 -
INFO:app:cart api
INFO:werkzeug:192.168.0.91 - - [01/Aug/2023 14:30:57] "GET /cart HTTP/1.1" 200 -
INFO:app:¿ÂπŸ±∏¥œ ∆‰¿Ã¡ˆ ¡¯¿‘
INFO:app:product_id : 2
INFO:werkzeug:192.168.0.81 - - [01/Aug/2023 14:30:57] "POST /cart HTTP/1.1" 200 -
INFO:app:cart api
INFO:werkzeug:192.168.0.91 - - [01/Aug/2023 14:30:57] "GET /cart HTTP/1.1" 200 -
INFO:app:¿ÂπŸ±∏¥œ ∆‰¿Ã¡ˆ ¡¯¿‘
INFO:app:product_id : 2
INFO:werkzeug:192.168.0.81 - - [01/Aug/2023 14:30:57] "POST /cart HTTP/1.1" 200 -
INFO:app:cart api
INFO:app:¿ÂπŸ±∏¥œ ∆‰¿Ã¡ˆ ¡¯¿‘
INFO:app:product_id : 2
INFO:werkzeug:192.168.0.91 - - [01/Aug/2023 14:30:58] "GET /cart HTTP/1.1" 200 -
INFO:werkzeug:192.168.0.81 - - [01/Aug/2023 14:30:58] "POST /cart HTTP/1.1" 200 -
INFO:app:cart api
INFO:werkzeug:192.168.0.91 - - [01/Aug/2023 14:30:58] "GET /cart HTTP/1.1" 200 -
INFO:app:cart api
INFO:werkzeug:192.168.0.91 - - [01/Aug/2023 14:30:58] "GET /cart HTTP/1.1" 200 -
INFO:app:¿ÂπŸ±∏¥œ ∆‰¿Ã¡ˆ ¡¯¿‘
INFO:app:product_id : 1
INFO:werkzeug:192.168.0.146 - - [01/Aug/2023 14:30:59] "POST /cart HTTP/1.1" 200 -
INFO:app:¿ÂπŸ±∏¥œ ∆‰¿Ã¡ˆ ¡¯¿‘
INFO:app:product_id : 2
INFO:werkzeug:192.168.0.81 - - [01/Aug/2023 14:30:59] "POST /cart HTTP/1.1" 200 -
INFO:app:cart api
INFO:werkzeug:192.168.0.91 - - [01/Aug/2023 14:30:59] "GET /cart HTTP/1.1" 200 -
INFO:app:¿ÂπŸ±∏¥œ ∆‰¿Ã¡ˆ ¡¯¿‘
INFO:app:product_id : 2
INFO:werkzeug:192.168.0.81 - - [01/Aug/2023 14:30:59] "POST /cart HTTP/1.1" 200 -
INFO:app:cart api
INFO:werkzeug:192.168.0.91 - - [01/Aug/2023 14:30:59] "GET /cart HTTP/1.1" 200 -
INFO:app:¿ÂπŸ±∏¥œ ∆‰¿Ã¡ˆ ¡¯¿‘
INFO:app:product_id : 2
INFO:werkzeug:192.168.0.81 - - [01/Aug/2023 14:31:00] "POST /cart HTTP/1.1" 200 -
INFO:app:cart api
INFO:app:¿ÂπŸ±∏¥œ ∆‰¿Ã¡ˆ ¡¯¿‘
INFO:app:product_id : 2
INFO:werkzeug:192.168.0.91 - - [01/Aug/2023 14:31:00] "GET /cart HTTP/1.1" 200 -
INFO:werkzeug:192.168.0.81 - - [01/Aug/2023 14:31:00] "POST /cart HTTP/1.1" 200 -
INFO:app:cart api
INFO:werkzeug:192.168.0.91 - - [01/Aug/2023 14:31:00] "GET /cart HTTP/1.1" 200 -
INFO:app:¿ÂπŸ±∏¥œ ∆‰¿Ã¡ˆ ¡¯¿‘
INFO:app:cart api
INFO:app:product_id : 2
INFO:werkzeug:192.168.0.81 - - [01/Aug/2023 14:31:00] "POST /cart HTTP/1.1" 200 -
INFO:werkzeug:192.168.0.91 - - [01/Aug/2023 14:31:00] "GET /cart HTTP/1.1" 200 -
INFO:app:¿ÂπŸ±∏¥œ ∆‰¿Ã¡ˆ ¡¯¿‘
INFO:app:product_id : 2
INFO:werkzeug:192.168.0.81 - - [01/Aug/2023 14:31:00] "POST /cart HTTP/1.1" 200 -
INFO:app:cart api
INFO:werkzeug:192.168.0.91 - - [01/Aug/2023 14:31:00] "GET /cart HTTP/1.1" 200 -
INFO:app:cart api
INFO:app:¿ÂπŸ±∏¥œ ∆‰¿Ã¡ˆ ¡¯¿‘
INFO:app:product_id : 2
INFO:werkzeug:192.168.0.91 - - [01/Aug/2023 14:31:01] "GET /cart HTTP/1.1" 200 -
INFO:werkzeug:192.168.0.81 - - [01/Aug/2023 14:31:01] "POST /cart HTTP/1.1" 200 -
INFO:app:cart api
INFO:app:¿ÂπŸ±∏¥œ ∆‰¿Ã¡ˆ ¡¯¿‘
INFO:app:product_id : 2
INFO:werkzeug:192.168.0.91 - - [01/Aug/2023 14:31:01] "GET /cart HTTP/1.1" 200 -
INFO:werkzeug:192.168.0.81 - - [01/Aug/2023 14:31:01] "POST /cart HTTP/1.1" 200 -
INFO:app:cart api
INFO:werkzeug:192.168.0.91 - - [01/Aug/2023 14:31:01] "GET /cart HTTP/1.1" 200 -
INFO:app:¿ÂπŸ±∏¥œ ∆‰¿Ã¡ˆ ¡¯¿‘
INFO:app:product_id : 2
INFO:werkzeug:192.168.0.81 - - [01/Aug/2023 14:31:01] "POST /cart HTTP/1.1" 200 -
INFO:app:cart api
INFO:werkzeug:192.168.0.91 - - [01/Aug/2023 14:31:01] "GET /cart HTTP/1.1" 200 -
INFO:app:¿ÂπŸ±∏¥œ ∆‰¿Ã¡ˆ ¡¯¿‘
INFO:app:product_id : 2
INFO:werkzeug:192.168.0.81 - - [01/Aug/2023 14:31:02] "POST /cart HTTP/1.1" 200 -
INFO:app:cart api
INFO:werkzeug:192.168.0.91 - - [01/Aug/2023 14:31:02] "GET /cart HTTP/1.1" 200 -
INFO:app:cart api
INFO:werkzeug:192.168.0.91 - - [01/Aug/2023 14:31:02] "GET /cart HTTP/1.1" 200 -
INFO:app:¿ÂπŸ±∏¥œ ∆‰¿Ã¡ˆ ¡¯¿‘
INFO:app:product_id : 2
INFO:app:cart api
INFO:werkzeug:192.168.0.81 - - [01/Aug/2023 14:31:02] "POST /cart HTTP/1.1" 200 -
INFO:werkzeug:192.168.0.91 - - [01/Aug/2023 14:31:02] "GET /cart HTTP/1.1" 200 -
INFO:app:¿ÂπŸ±∏¥œ ∆‰¿Ã¡ˆ ¡¯¿‘
INFO:app:product_id : 2
INFO:werkzeug:192.168.0.81 - - [01/Aug/2023 14:31:02] "POST /cart HTTP/1.1" 200 -
INFO:app:cart api
INFO:werkzeug:192.168.0.91 - - [01/Aug/2023 14:31:03] "GET /cart HTTP/1.1" 200 -
INFO:app:¿ÂπŸ±∏¥œ ∆‰¿Ã¡ˆ ¡¯¿‘
INFO:app:product_id : 2
INFO:app:cart api
INFO:werkzeug:192.168.0.81 - - [01/Aug/2023 14:31:03] "POST /cart HTTP/1.1" 200 -
INFO:werkzeug:192.168.0.91 - - [01/Aug/2023 14:31:03] "GET /cart HTTP/1.1" 200 -
INFO:app:cart api
INFO:app:¿ÂπŸ±∏¥œ ∆‰¿Ã¡ˆ ¡¯¿‘
INFO:app:product_id : 2
INFO:app:¿ÂπŸ±∏¥œ ∆‰¿Ã¡ˆ ¡¯¿‘
INFO:app:product_id : 2
INFO:werkzeug:192.168.0.81 - - [01/Aug/2023 14:31:03] "POST /cart HTTP/1.1" 200 -
INFO:werkzeug:192.168.0.81 - - [01/Aug/2023 14:31:03] "POST /cart HTTP/1.1" 200 -
INFO:app:¿ÂπŸ±∏¥œ ∆‰¿Ã¡ˆ ¡¯¿‘
INFO:app:product_id : 2
INFO:werkzeug:192.168.0.91 - - [01/Aug/2023 14:31:04] "GET /cart HTTP/1.1" 200 -
INFO:werkzeug:192.168.0.81 - - [01/Aug/2023 14:31:04] "POST /cart HTTP/1.1" 200 -
INFO:app:¿ÂπŸ±∏¥œ ∆‰¿Ã¡ˆ ¡¯¿‘
INFO:app:product_id : 2
INFO:werkzeug:192.168.0.81 - - [01/Aug/2023 14:31:04] "POST /cart HTTP/1.1" 200 -
INFO:app:cart api
INFO:app:¿ÂπŸ±∏¥œ ∆‰¿Ã¡ˆ ¡¯¿‘
INFO:app:product_id : 1
INFO:werkzeug:192.168.0.146 - - [01/Aug/2023 14:31:04] "POST /cart HTTP/1.1" 200 -
INFO:werkzeug:192.168.0.91 - - [01/Aug/2023 14:31:04] "GET /cart HTTP/1.1" 200 -
INFO:app:¿ÂπŸ±∏¥œ ∆‰¿Ã¡ˆ ¡¯¿‘
INFO:app:product_id : 2
INFO:app:cart api
INFO:werkzeug:192.168.0.81 - - [01/Aug/2023 14:31:04] "POST /cart HTTP/1.1" 200 -
INFO:werkzeug:192.168.0.91 - - [01/Aug/2023 14:31:05] "GET /cart HTTP/1.1" 200 -
INFO:app:cart api
INFO:werkzeug:192.168.0.91 - - [01/Aug/2023 14:31:05] "GET /cart HTTP/1.1" 200 -
INFO:app:¿ÂπŸ±∏¥œ ∆‰¿Ã¡ˆ ¡¯¿‘
INFO:app:product_id : 2
INFO:werkzeug:192.168.0.81 - - [01/Aug/2023 14:31:05] "POST /cart HTTP/1.1" 200 -
INFO:app:cart api
INFO:werkzeug:192.168.0.91 - - [01/Aug/2023 14:31:05] "GET /cart HTTP/1.1" 200 -
INFO:app:cart api
INFO:werkzeug:192.168.0.91 - - [01/Aug/2023 14:31:05] "GET /cart HTTP/1.1" 200 -
INFO:app:¿ÂπŸ±∏¥œ ∆‰¿Ã¡ˆ ¡¯¿‘
INFO:app:product_id : 2
INFO:app:cart api
INFO:werkzeug:192.168.0.81 - - [01/Aug/2023 14:31:05] "POST /cart HTTP/1.1" 200 -
INFO:werkzeug:192.168.0.91 - - [01/Aug/2023 14:31:05] "GET /cart HTTP/1.1" 200 -
INFO:app:cart api
INFO:app:¿ÂπŸ±∏¥œ ∆‰¿Ã¡ˆ ¡¯¿‘
INFO:app:product_id : 2
INFO:werkzeug:192.168.0.91 - - [01/Aug/2023 14:31:05] "GET /cart HTTP/1.1" 200 -
INFO:werkzeug:192.168.0.81 - - [01/Aug/2023 14:31:06] "POST /cart HTTP/1.1" 200 -
INFO:app:cart api
INFO:werkzeug:192.168.0.136 - - [01/Aug/2023 14:31:06] "GET /cart HTTP/1.1" 200 -
INFO:app:cart api
INFO:werkzeug:192.168.0.91 - - [01/Aug/2023 14:31:06] "GET /cart HTTP/1.1" 200 -
INFO:app:cart api
INFO:werkzeug:192.168.0.91 - - [01/Aug/2023 14:31:06] "GET /cart HTTP/1.1" 200 -
INFO:app:cart api
INFO:werkzeug:192.168.0.136 - - [01/Aug/2023 14:31:06] "GET /cart HTTP/1.1" 200 -
INFO:app:¿ÂπŸ±∏¥œ ∆‰¿Ã¡ˆ ¡¯¿‘
INFO:app:product_id : 2
INFO:werkzeug:192.168.0.81 - - [01/Aug/2023 14:31:06] "POST /cart HTTP/1.1" 200 -
INFO:app:cart api
INFO:app:cart api
INFO:app:¿ÂπŸ±∏¥œ ∆‰¿Ã¡ˆ ¡¯¿‘
INFO:app:product_id : 2
INFO:werkzeug:192.168.0.81 - - [01/Aug/2023 14:31:06] "POST /cart HTTP/1.1" 200 -
INFO:werkzeug:192.168.0.91 - - [01/Aug/2023 14:31:06] "GET /cart HTTP/1.1" 200 -
INFO:werkzeug:192.168.0.136 - - [01/Aug/2023 14:31:06] "GET /cart HTTP/1.1" 200 -
INFO:app:cart api
INFO:app:cart api
INFO:werkzeug:192.168.0.91 - - [01/Aug/2023 14:31:07] "GET /cart HTTP/1.1" 200 -
INFO:werkzeug:192.168.0.136 - - [01/Aug/2023 14:31:07] "GET /cart HTTP/1.1" 200 -
INFO:app:cart api
INFO:app:cart api
INFO:werkzeug:192.168.0.136 - - [01/Aug/2023 14:31:07] "GET /cart HTTP/1.1" 200 -
INFO:werkzeug:192.168.0.91 - - [01/Aug/2023 14:31:07] "GET /cart HTTP/1.1" 200 -
INFO:app:cart api
INFO:werkzeug:192.168.0.136 - - [01/Aug/2023 14:31:07] "GET /cart HTTP/1.1" 200 -
INFO:app:¿ÂπŸ±∏¥œ ∆‰¿Ã¡ˆ ¡¯¿‘
INFO:app:product_id : 2
INFO:werkzeug:192.168.0.81 - - [01/Aug/2023 14:31:07] "POST /cart HTTP/1.1" 200 -
INFO:app:cart api
INFO:werkzeug:192.168.0.136 - - [01/Aug/2023 14:31:07] "GET /cart HTTP/1.1" 200 -
INFO:app:cart api
INFO:app:cart api
INFO:werkzeug:192.168.0.91 - - [01/Aug/2023 14:31:07] "GET /cart HTTP/1.1" 200 -
INFO:werkzeug:192.168.0.136 - - [01/Aug/2023 14:31:07] "GET /cart HTTP/1.1" 200 -
INFO:app:¿ÂπŸ±∏¥œ ∆‰¿Ã¡ˆ ¡¯¿‘
INFO:app:product_id : 2
INFO:werkzeug:192.168.0.81 - - [01/Aug/2023 14:31:07] "POST /cart HTTP/1.1" 200 -
INFO:app:cart api
INFO:app:¿ÂπŸ±∏¥œ ∆‰¿Ã¡ˆ ¡¯¿‘
INFO:app:product_id : 2
INFO:werkzeug:192.168.0.136 - - [01/Aug/2023 14:31:07] "GET /cart HTTP/1.1" 200 -
INFO:app:cart api
INFO:werkzeug:192.168.0.81 - - [01/Aug/2023 14:31:08] "POST /cart HTTP/1.1" 200 -
INFO:werkzeug:192.168.0.91 - - [01/Aug/2023 14:31:08] "GET /cart HTTP/1.1" 200 -
INFO:app:cart api
INFO:werkzeug:192.168.0.136 - - [01/Aug/2023 14:31:08] "GET /cart HTTP/1.1" 200 -
INFO:app:cart api
INFO:app:cart api
INFO:werkzeug:192.168.0.136 - - [01/Aug/2023 14:31:08] "GET /cart HTTP/1.1" 200 -
INFO:werkzeug:192.168.0.91 - - [01/Aug/2023 14:31:08] "GET /cart HTTP/1.1" 200 -
INFO:app:cart api
INFO:app:¿ÂπŸ±∏¥œ ∆‰¿Ã¡ˆ ¡¯¿‘
INFO:app:product_id : 2
INFO:werkzeug:192.168.0.81 - - [01/Aug/2023 14:31:08] "POST /cart HTTP/1.1" 200 -
INFO:app:cart api
INFO:werkzeug:192.168.0.136 - - [01/Aug/2023 14:31:08] "GET /cart HTTP/1.1" 200 -
INFO:app:¿ÂπŸ±∏¥œ ∆‰¿Ã¡ˆ ¡¯¿‘
INFO:app:product_id : 2
INFO:werkzeug:192.168.0.91 - - [01/Aug/2023 14:31:08] "GET /cart HTTP/1.1" 200 -
INFO:werkzeug:192.168.0.81 - - [01/Aug/2023 14:31:08] "POST /cart HTTP/1.1" 200 -
INFO:app:cart api
INFO:app:¿ÂπŸ±∏¥œ ∆‰¿Ã¡ˆ ¡¯¿‘
INFO:app:product_id : 2
INFO:app:cart api
INFO:werkzeug:192.168.0.81 - - [01/Aug/2023 14:31:09] "POST /cart HTTP/1.1" 200 -
INFO:werkzeug:192.168.0.91 - - [01/Aug/2023 14:31:09] "GET /cart HTTP/1.1" 200 -
INFO:werkzeug:192.168.0.136 - - [01/Aug/2023 14:31:09] "GET /cart HTTP/1.1" 200 -
INFO:app:cart api
INFO:app:cart api
INFO:app:¿ÂπŸ±∏¥œ ∆‰¿Ã¡ˆ ¡¯¿‘
INFO:app:product_id : 2
INFO:werkzeug:192.168.0.81 - - [01/Aug/2023 14:31:09] "POST /cart HTTP/1.1" 200 -
INFO:werkzeug:192.168.0.136 - - [01/Aug/2023 14:31:09] "GET /cart HTTP/1.1" 200 -
INFO:werkzeug:192.168.0.91 - - [01/Aug/2023 14:31:09] "GET /cart HTTP/1.1" 200 -
INFO:werkzeug:192.168.0.133 - - [01/Aug/2023 14:31:09] "[33mGET /script.js HTTP/1.1[0m" 404 -
INFO:app:¿ÂπŸ±∏¥œ ∆‰¿Ã¡ˆ ¡¯¿‘
INFO:app:product_id : 2
INFO:app:cart api
INFO:app:cart api
INFO:werkzeug:192.168.0.81 - - [01/Aug/2023 14:31:09] "POST /cart HTTP/1.1" 200 -
INFO:werkzeug:192.168.0.136 - - [01/Aug/2023 14:31:09] "GET /cart HTTP/1.1" 200 -
INFO:werkzeug:192.168.0.91 - - [01/Aug/2023 14:31:09] "GET /cart HTTP/1.1" 200 -
INFO:app:cart api
INFO:werkzeug:192.168.0.136 - - [01/Aug/2023 14:31:09] "GET /cart HTTP/1.1" 200 -
INFO:app:cart api
INFO:werkzeug:192.168.0.136 - - [01/Aug/2023 14:31:10] "GET /cart HTTP/1.1" 200 -
INFO:app:cart api
INFO:werkzeug:192.168.0.91 - - [01/Aug/2023 14:31:10] "GET /cart HTTP/1.1" 200 -
INFO:app:cart api
INFO:app:¿ÂπŸ±∏¥œ ∆‰¿Ã¡ˆ ¡¯¿‘
INFO:app:product_id : 2
INFO:app:cart api
INFO:werkzeug:192.168.0.136 - - [01/Aug/2023 14:31:10] "GET /cart HTTP/1.1" 200 -
INFO:werkzeug:192.168.0.81 - - [01/Aug/2023 14:31:10] "POST /cart HTTP/1.1" 200 -
INFO:werkzeug:192.168.0.91 - - [01/Aug/2023 14:31:10] "GET /cart HTTP/1.1" 200 -
INFO:werkzeug:192.168.0.133 - - [01/Aug/2023 14:31:10] "GET / HTTP/1.1" 200 -
INFO:app:cart api
INFO:app:cart api
INFO:werkzeug:192.168.0.133 - - [01/Aug/2023 14:31:10] "[36mGET /static/css/style.css HTTP/1.1[0m" 304 -
INFO:werkzeug:192.168.0.91 - - [01/Aug/2023 14:31:10] "GET /cart HTTP/1.1" 200 -
INFO:werkzeug:192.168.0.136 - - [01/Aug/2023 14:31:10] "GET /cart HTTP/1.1" 200 -
INFO:app:cart api
INFO:werkzeug:192.168.0.133 - - [01/Aug/2023 14:31:10] "[36mGET /static/images/0721.jpg HTTP/1.1[0m" 304 -
INFO:werkzeug:192.168.0.91 - - [01/Aug/2023 14:31:10] "GET /cart HTTP/1.1" 200 -
INFO:werkzeug:192.168.0.133 - - [01/Aug/2023 14:31:11] "[33mGET /script.js HTTP/1.1[0m" 404 -
INFO:app:cart api
INFO:werkzeug:192.168.0.133 - - [01/Aug/2023 14:31:11] "[33mGET /static/images/abput-img.png HTTP/1.1[0m" 404 -
INFO:werkzeug:192.168.0.133 - - [01/Aug/2023 14:31:11] "[36mGET /static/images/food.jpg HTTP/1.1[0m" 304 -
INFO:werkzeug:192.168.0.136 - - [01/Aug/2023 14:31:11] "GET /cart HTTP/1.1" 200 -
INFO:werkzeug:192.168.0.133 - - [01/Aug/2023 14:31:11] "[36mGET /static/images/img-1.png HTTP/1.1[0m" 304 -
INFO:werkzeug:192.168.0.133 - - [01/Aug/2023 14:31:11] "[36mGET /static/images/img-3.png HTTP/1.1[0m" 304 -
INFO:app:¿ÂπŸ±∏¥œ ∆‰¿Ã¡ˆ ¡¯¿‘
INFO:app:product_id : 2
INFO:werkzeug:192.168.0.81 - - [01/Aug/2023 14:31:11] "POST /cart HTTP/1.1" 200 -
INFO:app:cart api
INFO:app:¿ÂπŸ±∏¥œ ∆‰¿Ã¡ˆ ¡¯¿‘
INFO:app:product_id : 2
INFO:werkzeug:192.168.0.136 - - [01/Aug/2023 14:31:11] "GET /cart HTTP/1.1" 200 -
INFO:app:cart api
INFO:werkzeug:192.168.0.81 - - [01/Aug/2023 14:31:12] "POST /cart HTTP/1.1" 200 -
INFO:app:¿ÂπŸ±∏¥œ ∆‰¿Ã¡ˆ ¡¯¿‘
INFO:app:product_id : 2
INFO:werkzeug:192.168.0.81 - - [01/Aug/2023 14:31:12] "POST /cart HTTP/1.1" 200 -
INFO:werkzeug:192.168.0.133 - - [01/Aug/2023 14:31:12] "[36mGET /static/images/img-4.png HTTP/1.1[0m" 304 -
INFO:werkzeug:192.168.0.91 - - [01/Aug/2023 14:31:12] "GET /cart HTTP/1.1" 200 -
INFO:app:¿ÂπŸ±∏¥œ ∆‰¿Ã¡ˆ ¡¯¿‘
INFO:app:product_id : 2
INFO:app:cart api
INFO:werkzeug:192.168.0.81 - - [01/Aug/2023 14:31:12] "POST /cart HTTP/1.1" 200 -
INFO:werkzeug:192.168.0.133 - - [01/Aug/2023 14:31:12] "[36mGET /static/images/img-2.png HTTP/1.1[0m" 304 -
INFO:app:¿ÂπŸ±∏¥œ ∆‰¿Ã¡ˆ ¡¯¿‘
INFO:app:product_id : 2
INFO:werkzeug:192.168.0.81 - - [01/Aug/2023 14:31:12] "POST /cart HTTP/1.1" 200 -
INFO:app:¿ÂπŸ±∏¥œ ∆‰¿Ã¡ˆ ¡¯¿‘
INFO:app:product_id : 2
INFO:werkzeug:192.168.0.91 - - [01/Aug/2023 14:31:12] "GET /cart HTTP/1.1" 200 -
INFO:werkzeug:192.168.0.81 - - [01/Aug/2023 14:31:12] "POST /cart HTTP/1.1" 200 -
INFO:app:¿ÂπŸ±∏¥œ ∆‰¿Ã¡ˆ ¡¯¿‘
INFO:app:product_id : 1
INFO:werkzeug:192.168.0.146 - - [01/Aug/2023 14:31:12] "POST /cart HTTP/1.1" 200 -
INFO:app:cart api
INFO:app:¿ÂπŸ±∏¥œ ∆‰¿Ã¡ˆ ¡¯¿‘
INFO:app:product_id : 2
INFO:app:¿ÂπŸ±∏¥œ ∆‰¿Ã¡ˆ ¡¯¿‘
INFO:app:product_id : 1
INFO:app:¿ÂπŸ±∏¥œ ∆‰¿Ã¡ˆ ¡¯¿‘
INFO:app:product_id : 1
INFO:werkzeug:192.168.0.146 - - [01/Aug/2023 14:31:13] "POST /cart HTTP/1.1" 200 -
INFO:werkzeug:192.168.0.81 - - [01/Aug/2023 14:31:13] "POST /cart HTTP/1.1" 200 -
INFO:app:cart api
INFO:werkzeug:192.168.0.136 - - [01/Aug/2023 14:31:13] "GET /cart HTTP/1.1" 200 -
INFO:app:¿ÂπŸ±∏¥œ ∆‰¿Ã¡ˆ ¡¯¿‘
INFO:app:product_id : 2
INFO:werkzeug:192.168.0.146 - - [01/Aug/2023 14:31:13] "POST /cart HTTP/1.1" 200 -
INFO:app:cart api
INFO:werkzeug:192.168.0.91 - - [01/Aug/2023 14:31:13] "GET /cart HTTP/1.1" 200 -
INFO:werkzeug:192.168.0.81 - - [01/Aug/2023 14:31:13] "POST /cart HTTP/1.1" 200 -
INFO:app:¿ÂπŸ±∏¥œ ∆‰¿Ã¡ˆ ¡¯¿‘
INFO:app:product_id : 2
INFO:app:¿ÂπŸ±∏¥œ ∆‰¿Ã¡ˆ ¡¯¿‘
INFO:app:product_id : 1
INFO:werkzeug:192.168.0.136 - - [01/Aug/2023 14:31:13] "GET /cart HTTP/1.1" 200 -
INFO:werkzeug:192.168.0.81 - - [01/Aug/2023 14:31:13] "POST /cart HTTP/1.1" 200 -
INFO:app:¿ÂπŸ±∏¥œ ∆‰¿Ã¡ˆ ¡¯¿‘
INFO:app:product_id : 2
INFO:werkzeug:192.168.0.146 - - [01/Aug/2023 14:31:13] "POST /cart HTTP/1.1" 200 -
INFO:app:¿ÂπŸ±∏¥œ ∆‰¿Ã¡ˆ ¡¯¿‘
INFO:app:product_id : 1
INFO:werkzeug:192.168.0.81 - - [01/Aug/2023 14:31:13] "POST /cart HTTP/1.1" 200 -
INFO:werkzeug:192.168.0.146 - - [01/Aug/2023 14:31:13] "POST /cart HTTP/1.1" 200 -
INFO:app:¿ÂπŸ±∏¥œ ∆‰¿Ã¡ˆ ¡¯¿‘
INFO:app:product_id : 1
INFO:werkzeug:192.168.0.146 - - [01/Aug/2023 14:31:13] "POST /cart HTTP/1.1" 200 -
INFO:app:cart api
INFO:werkzeug:192.168.0.91 - - [01/Aug/2023 14:31:13] "GET /cart HTTP/1.1" 200 -
INFO:app:¿ÂπŸ±∏¥œ ∆‰¿Ã¡ˆ ¡¯¿‘
INFO:app:product_id : 1
INFO:werkzeug:192.168.0.146 - - [01/Aug/2023 14:31:14] "POST /cart HTTP/1.1" 200 -
INFO:app:¿ÂπŸ±∏¥œ ∆‰¿Ã¡ˆ ¡¯¿‘
INFO:app:product_id : 2
INFO:werkzeug:192.168.0.81 - - [01/Aug/2023 14:31:14] "POST /cart HTTP/1.1" 200 -
INFO:app:¿ÂπŸ±∏¥œ ∆‰¿Ã¡ˆ ¡¯¿‘
INFO:app:product_id : 1
INFO:werkzeug:192.168.0.146 - - [01/Aug/2023 14:31:14] "POST /cart HTTP/1.1" 200 -
INFO:app:cart api
INFO:app:¿ÂπŸ±∏¥œ ∆‰¿Ã¡ˆ ¡¯¿‘
INFO:app:product_id : 1
INFO:werkzeug:192.168.0.146 - - [01/Aug/2023 14:31:14] "POST /cart HTTP/1.1" 200 -
INFO:app:¿ÂπŸ±∏¥œ ∆‰¿Ã¡ˆ ¡¯¿‘
INFO:app:product_id : 1
INFO:werkzeug:192.168.0.146 - - [01/Aug/2023 14:31:14] "POST /cart HTTP/1.1" 200 -
INFO:werkzeug:192.168.0.91 - - [01/Aug/2023 14:31:14] "GET /cart HTTP/1.1" 200 -
INFO:app:¿ÂπŸ±∏¥œ ∆‰¿Ã¡ˆ ¡¯¿‘
INFO:app:product_id : 1
INFO:werkzeug:192.168.0.146 - - [01/Aug/2023 14:31:14] "POST /cart HTTP/1.1" 200 -
INFO:app:¿ÂπŸ±∏¥œ ∆‰¿Ã¡ˆ ¡¯¿‘
INFO:app:product_id : 2
INFO:app:¿ÂπŸ±∏¥œ ∆‰¿Ã¡ˆ ¡¯¿‘
INFO:app:product_id : 1
INFO:werkzeug:192.168.0.81 - - [01/Aug/2023 14:31:14] "POST /cart HTTP/1.1" 200 -
INFO:werkzeug:192.168.0.146 - - [01/Aug/2023 14:31:14] "POST /cart HTTP/1.1" 200 -
INFO:app:¿ÂπŸ±∏¥œ ∆‰¿Ã¡ˆ ¡¯¿‘
INFO:app:product_id : 2
INFO:app:cart api
INFO:werkzeug:192.168.0.81 - - [01/Aug/2023 14:31:15] "POST /cart HTTP/1.1" 200 -
INFO:app:¿ÂπŸ±∏¥œ ∆‰¿Ã¡ˆ ¡¯¿‘
INFO:app:product_id : 1
INFO:werkzeug:192.168.0.146 - - [01/Aug/2023 14:31:15] "POST /cart HTTP/1.1" 200 -
INFO:werkzeug:192.168.0.136 - - [01/Aug/2023 14:31:15] "GET /cart HTTP/1.1" 200 -
INFO:app:¿ÂπŸ±∏¥œ ∆‰¿Ã¡ˆ ¡¯¿‘
INFO:app:product_id : 1
INFO:werkzeug:192.168.0.146 - - [01/Aug/2023 14:31:15] "POST /cart HTTP/1.1" 200 -
INFO:app:¿ÂπŸ±∏¥œ ∆‰¿Ã¡ˆ ¡¯¿‘
INFO:app:product_id : 2
INFO:werkzeug:192.168.0.81 - - [01/Aug/2023 14:31:15] "POST /cart HTTP/1.1" 200 -
INFO:app:¿ÂπŸ±∏¥œ ∆‰¿Ã¡ˆ ¡¯¿‘
INFO:app:product_id : 1
INFO:werkzeug:192.168.0.146 - - [01/Aug/2023 14:31:15] "POST /cart HTTP/1.1" 200 -
INFO:app:¿ÂπŸ±∏¥œ ∆‰¿Ã¡ˆ ¡¯¿‘
INFO:app:product_id : 2
INFO:werkzeug:192.168.0.81 - - [01/Aug/2023 14:31:15] "POST /cart HTTP/1.1" 200 -
INFO:app:¿ÂπŸ±∏¥œ ∆‰¿Ã¡ˆ ¡¯¿‘
INFO:app:product_id : 1
INFO:werkzeug:192.168.0.146 - - [01/Aug/2023 14:31:15] "POST /cart HTTP/1.1" 200 -
INFO:app:¿ÂπŸ±∏¥œ ∆‰¿Ã¡ˆ ¡¯¿‘
INFO:app:product_id : 1
INFO:werkzeug:192.168.0.146 - - [01/Aug/2023 14:31:15] "POST /cart HTTP/1.1" 200 -
INFO:app:¿ÂπŸ±∏¥œ ∆‰¿Ã¡ˆ ¡¯¿‘
INFO:app:product_id : 2
INFO:werkzeug:192.168.0.81 - - [01/Aug/2023 14:31:16] "POST /cart HTTP/1.1" 200 -
INFO:app:cart api
INFO:app:¿ÂπŸ±∏¥œ ∆‰¿Ã¡ˆ ¡¯¿‘
INFO:app:product_id : 2
INFO:werkzeug:192.168.0.81 - - [01/Aug/2023 14:31:16] "POST /cart HTTP/1.1" 200 -
INFO:werkzeug:192.168.0.136 - - [01/Aug/2023 14:31:16] "GET /cart HTTP/1.1" 200 -
INFO:app:¿ÂπŸ±∏¥œ ∆‰¿Ã¡ˆ ¡¯¿‘
INFO:app:product_id : 2
INFO:werkzeug:192.168.0.81 - - [01/Aug/2023 14:31:16] "POST /cart HTTP/1.1" 200 -
INFO:app:¿ÂπŸ±∏¥œ ∆‰¿Ã¡ˆ ¡¯¿‘
INFO:app:product_id : 2
INFO:werkzeug:192.168.0.81 - - [01/Aug/2023 14:31:16] "POST /cart HTTP/1.1" 200 -
INFO:app:¿ÂπŸ±∏¥œ ∆‰¿Ã¡ˆ ¡¯¿‘
INFO:app:product_id : 1
INFO:werkzeug:192.168.0.146 - - [01/Aug/2023 14:31:16] "POST /cart HTTP/1.1" 200 -
INFO:app:¿ÂπŸ±∏¥œ ∆‰¿Ã¡ˆ ¡¯¿‘
INFO:app:product_id : 1
INFO:app:¿ÂπŸ±∏¥œ ∆‰¿Ã¡ˆ ¡¯¿‘
INFO:app:product_id : 2
INFO:werkzeug:192.168.0.146 - - [01/Aug/2023 14:31:16] "POST /cart HTTP/1.1" 200 -
INFO:werkzeug:192.168.0.81 - - [01/Aug/2023 14:31:16] "POST /cart HTTP/1.1" 200 -
INFO:app:¿ÂπŸ±∏¥œ ∆‰¿Ã¡ˆ ¡¯¿‘
INFO:app:product_id : 1
INFO:werkzeug:192.168.0.146 - - [01/Aug/2023 14:31:17] "POST /cart HTTP/1.1" 200 -
INFO:app:¿ÂπŸ±∏¥œ ∆‰¿Ã¡ˆ ¡¯¿‘
INFO:app:product_id : 2
INFO:werkzeug:192.168.0.81 - - [01/Aug/2023 14:31:17] "POST /cart HTTP/1.1" 200 -
INFO:app:¿ÂπŸ±∏¥œ ∆‰¿Ã¡ˆ ¡¯¿‘
INFO:app:product_id : 1
INFO:werkzeug:192.168.0.146 - - [01/Aug/2023 14:31:17] "POST /cart HTTP/1.1" 200 -
INFO:app:¿ÂπŸ±∏¥œ ∆‰¿Ã¡ˆ ¡¯¿‘
INFO:app:product_id : 2
INFO:werkzeug:192.168.0.81 - - [01/Aug/2023 14:31:17] "POST /cart HTTP/1.1" 200 -
INFO:app:¿ÂπŸ±∏¥œ ∆‰¿Ã¡ˆ ¡¯¿‘
INFO:app:product_id : 1
INFO:werkzeug:192.168.0.146 - - [01/Aug/2023 14:31:17] "POST /cart HTTP/1.1" 200 -
INFO:app:¿ÂπŸ±∏¥œ ∆‰¿Ã¡ˆ ¡¯¿‘
INFO:app:product_id : 1
INFO:werkzeug:192.168.0.146 - - [01/Aug/2023 14:31:17] "POST /cart HTTP/1.1" 200 -
INFO:app:¿ÂπŸ±∏¥œ ∆‰¿Ã¡ˆ ¡¯¿‘
INFO:app:product_id : 2
INFO:werkzeug:192.168.0.81 - - [01/Aug/2023 14:31:17] "POST /cart HTTP/1.1" 200 -
INFO:app:¿ÂπŸ±∏¥œ ∆‰¿Ã¡ˆ ¡¯¿‘
INFO:app:product_id : 1
INFO:werkzeug:192.168.0.146 - - [01/Aug/2023 14:31:17] "POST /cart HTTP/1.1" 200 -
INFO:app:¿ÂπŸ±∏¥œ ∆‰¿Ã¡ˆ ¡¯¿‘
INFO:app:product_id : 2
INFO:werkzeug:192.168.0.81 - - [01/Aug/2023 14:31:18] "POST /cart HTTP/1.1" 200 -
INFO:app:¿ÂπŸ±∏¥œ ∆‰¿Ã¡ˆ ¡¯¿‘
INFO:app:product_id : 2
INFO:werkzeug:192.168.0.81 - - [01/Aug/2023 14:31:18] "POST /cart HTTP/1.1" 200 -
INFO:app:¿ÂπŸ±∏¥œ ∆‰¿Ã¡ˆ ¡¯¿‘
INFO:app:product_id : 2
INFO:werkzeug:192.168.0.81 - - [01/Aug/2023 14:31:18] "POST /cart HTTP/1.1" 200 -
INFO:app:¿ÂπŸ±∏¥œ ∆‰¿Ã¡ˆ ¡¯¿‘
INFO:app:product_id : 1
INFO:werkzeug:192.168.0.146 - - [01/Aug/2023 14:31:18] "POST /cart HTTP/1.1" 200 -
INFO:app:¿ÂπŸ±∏¥œ ∆‰¿Ã¡ˆ ¡¯¿‘
INFO:app:product_id : 1
INFO:werkzeug:192.168.0.146 - - [01/Aug/2023 14:31:18] "POST /cart HTTP/1.1" 200 -
INFO:app:¿ÂπŸ±∏¥œ ∆‰¿Ã¡ˆ ¡¯¿‘
INFO:app:product_id : 2
INFO:werkzeug:192.168.0.81 - - [01/Aug/2023 14:31:18] "POST /cart HTTP/1.1" 200 -
INFO:app:¿ÂπŸ±∏¥œ ∆‰¿Ã¡ˆ ¡¯¿‘
INFO:app:product_id : 1
INFO:werkzeug:192.168.0.146 - - [01/Aug/2023 14:31:18] "POST /cart HTTP/1.1" 200 -
INFO:app:¿ÂπŸ±∏¥œ ∆‰¿Ã¡ˆ ¡¯¿‘
INFO:app:product_id : 1
INFO:werkzeug:192.168.0.146 - - [01/Aug/2023 14:31:18] "POST /cart HTTP/1.1" 200 -
INFO:app:¿ÂπŸ±∏¥œ ∆‰¿Ã¡ˆ ¡¯¿‘
INFO:app:product_id : 1
INFO:werkzeug:192.168.0.146 - - [01/Aug/2023 14:31:18] "POST /cart HTTP/1.1" 200 -
INFO:app:¿ÂπŸ±∏¥œ ∆‰¿Ã¡ˆ ¡¯¿‘
INFO:app:product_id : 1
INFO:app:cart api
INFO:werkzeug:192.168.0.146 - - [01/Aug/2023 14:31:19] "POST /cart HTTP/1.1" 200 -
INFO:app:¿ÂπŸ±∏¥œ ∆‰¿Ã¡ˆ ¡¯¿‘
INFO:app:product_id : 2
INFO:werkzeug:192.168.0.47 - - [01/Aug/2023 14:31:19] "GET /cart HTTP/1.1" 200 -
INFO:werkzeug:192.168.0.81 - - [01/Aug/2023 14:31:19] "POST /cart HTTP/1.1" 200 -
INFO:app:¿ÂπŸ±∏¥œ ∆‰¿Ã¡ˆ ¡¯¿‘
INFO:app:product_id : 2
INFO:app:¿ÂπŸ±∏¥œ ∆‰¿Ã¡ˆ ¡¯¿‘
INFO:app:product_id : 2
INFO:werkzeug:192.168.0.81 - - [01/Aug/2023 14:31:19] "POST /cart HTTP/1.1" 200 -
INFO:werkzeug:192.168.0.81 - - [01/Aug/2023 14:31:19] "POST /cart HTTP/1.1" 200 -
INFO:app:cart api
INFO:werkzeug:192.168.0.47 - - [01/Aug/2023 14:31:19] "GET /cart HTTP/1.1" 200 -
INFO:app:¿ÂπŸ±∏¥œ ∆‰¿Ã¡ˆ ¡¯¿‘
INFO:app:product_id : 1
INFO:werkzeug:192.168.0.146 - - [01/Aug/2023 14:31:19] "POST /cart HTTP/1.1" 200 -
INFO:app:¿ÂπŸ±∏¥œ ∆‰¿Ã¡ˆ ¡¯¿‘
INFO:app:product_id : 2
INFO:werkzeug:192.168.0.81 - - [01/Aug/2023 14:31:19] "POST /cart HTTP/1.1" 200 -
INFO:app:¿ÂπŸ±∏¥œ ∆‰¿Ã¡ˆ ¡¯¿‘
INFO:app:product_id : 1
INFO:werkzeug:192.168.0.146 - - [01/Aug/2023 14:31:20] "POST /cart HTTP/1.1" 200 -
INFO:app:¿ÂπŸ±∏¥œ ∆‰¿Ã¡ˆ ¡¯¿‘
INFO:app:product_id : 2
INFO:werkzeug:192.168.0.81 - - [01/Aug/2023 14:31:20] "POST /cart HTTP/1.1" 200 -
INFO:app:¿ÂπŸ±∏¥œ ∆‰¿Ã¡ˆ ¡¯¿‘
INFO:app:product_id : 1
INFO:app:¿ÂπŸ±∏¥œ ∆‰¿Ã¡ˆ ¡¯¿‘
INFO:app:product_id : 2
INFO:app:¿ÂπŸ±∏¥œ ∆‰¿Ã¡ˆ ¡¯¿‘
INFO:app:product_id : 2
INFO:app:¿ÂπŸ±∏¥œ ∆‰¿Ã¡ˆ ¡¯¿‘
INFO:app:product_id : 1
INFO:werkzeug:192.168.0.81 - - [01/Aug/2023 14:31:20] "POST /cart HTTP/1.1" 200 -
INFO:werkzeug:192.168.0.146 - - [01/Aug/2023 14:31:20] "POST /cart HTTP/1.1" 200 -
INFO:werkzeug:192.168.0.81 - - [01/Aug/2023 14:31:20] "POST /cart HTTP/1.1" 200 -
INFO:app:¿ÂπŸ±∏¥œ ∆‰¿Ã¡ˆ ¡¯¿‘
INFO:app:product_id : 2
INFO:werkzeug:192.168.0.146 - - [01/Aug/2023 14:31:20] "POST /cart HTTP/1.1" 200 -
INFO:app:¿ÂπŸ±∏¥œ ∆‰¿Ã¡ˆ ¡¯¿‘
INFO:app:product_id : 1
INFO:werkzeug:192.168.0.81 - - [01/Aug/2023 14:31:20] "POST /cart HTTP/1.1" 200 -
INFO:werkzeug:192.168.0.146 - - [01/Aug/2023 14:31:20] "POST /cart HTTP/1.1" 200 -
INFO:app:¿ÂπŸ±∏¥œ ∆‰¿Ã¡ˆ ¡¯¿‘
INFO:app:product_id : 2
INFO:werkzeug:192.168.0.81 - - [01/Aug/2023 14:31:21] "POST /cart HTTP/1.1" 200 -
INFO:app:¿ÂπŸ±∏¥œ ∆‰¿Ã¡ˆ ¡¯¿‘
INFO:app:product_id : 1
INFO:werkzeug:192.168.0.146 - - [01/Aug/2023 14:31:21] "POST /cart HTTP/1.1" 200 -
INFO:app:¿ÂπŸ±∏¥œ ∆‰¿Ã¡ˆ ¡¯¿‘
INFO:app:product_id : 2
INFO:app:¿ÂπŸ±∏¥œ ∆‰¿Ã¡ˆ ¡¯¿‘
INFO:app:product_id : 1
INFO:app:¿ÂπŸ±∏¥œ ∆‰¿Ã¡ˆ ¡¯¿‘
INFO:app:product_id : 2
INFO:werkzeug:192.168.0.81 - - [01/Aug/2023 14:31:21] "POST /cart HTTP/1.1" 200 -
INFO:app:¿ÂπŸ±∏¥œ ∆‰¿Ã¡ˆ ¡¯¿‘
INFO:app:product_id : 1
INFO:app:¿ÂπŸ±∏¥œ ∆‰¿Ã¡ˆ ¡¯¿‘
INFO:app:product_id : 2
INFO:werkzeug:192.168.0.146 - - [01/Aug/2023 14:31:21] "POST /cart HTTP/1.1" 200 -
INFO:werkzeug:192.168.0.81 - - [01/Aug/2023 14:31:21] "POST /cart HTTP/1.1" 200 -
INFO:werkzeug:192.168.0.146 - - [01/Aug/2023 14:31:21] "POST /cart HTTP/1.1" 200 -
INFO:werkzeug:192.168.0.81 - - [01/Aug/2023 14:31:21] "POST /cart HTTP/1.1" 200 -
INFO:app:cart api
INFO:werkzeug:192.168.0.47 - - [01/Aug/2023 14:31:22] "GET /cart HTTP/1.1" 200 -
INFO:app:cart api
INFO:werkzeug:192.168.0.47 - - [01/Aug/2023 14:31:23] "GET /cart HTTP/1.1" 200 -
INFO:app:cart api
INFO:werkzeug:192.168.0.47 - - [01/Aug/2023 14:31:23] "GET /cart HTTP/1.1" 200 -
INFO:app:cart api
INFO:werkzeug:192.168.0.47 - - [01/Aug/2023 14:31:24] "GET /cart HTTP/1.1" 200 -
INFO:app:¿ÂπŸ±∏¥œ ∆‰¿Ã¡ˆ ¡¯¿‘
INFO:app:product_id : 2
INFO:werkzeug:192.168.0.81 - - [01/Aug/2023 14:31:26] "POST /cart HTTP/1.1" 200 -
INFO:app:¿ÂπŸ±∏¥œ ∆‰¿Ã¡ˆ ¡¯¿‘
INFO:app:product_id : 2
INFO:werkzeug:192.168.0.81 - - [01/Aug/2023 14:31:27] "POST /cart HTTP/1.1" 200 -
INFO:app:¿ÂπŸ±∏¥œ ∆‰¿Ã¡ˆ ¡¯¿‘
INFO:app:product_id : 2
INFO:werkzeug:192.168.0.81 - - [01/Aug/2023 14:31:27] "POST /cart HTTP/1.1" 200 -
INFO:app:¿ÂπŸ±∏¥œ ∆‰¿Ã¡ˆ ¡¯¿‘
INFO:app:product_id : 2
INFO:werkzeug:192.168.0.81 - - [01/Aug/2023 14:31:27] "POST /cart HTTP/1.1" 200 -
INFO:app:¿ÂπŸ±∏¥œ ∆‰¿Ã¡ˆ ¡¯¿‘
INFO:app:product_id : 1
INFO:werkzeug:192.168.0.146 - - [01/Aug/2023 14:31:28] "POST /cart HTTP/1.1" 200 -
INFO:app:¿ÂπŸ±∏¥œ ∆‰¿Ã¡ˆ ¡¯¿‘
INFO:app:product_id : 1
INFO:werkzeug:192.168.0.146 - - [01/Aug/2023 14:31:28] "POST /cart HTTP/1.1" 200 -
INFO:app:¿ÂπŸ±∏¥œ ∆‰¿Ã¡ˆ ¡¯¿‘
INFO:app:product_id : 2
INFO:werkzeug:192.168.0.81 - - [01/Aug/2023 14:31:28] "POST /cart HTTP/1.1" 200 -
INFO:app:¿ÂπŸ±∏¥œ ∆‰¿Ã¡ˆ ¡¯¿‘
INFO:app:product_id : 1
INFO:werkzeug:192.168.0.146 - - [01/Aug/2023 14:31:28] "POST /cart HTTP/1.1" 200 -
INFO:app:¿ÂπŸ±∏¥œ ∆‰¿Ã¡ˆ ¡¯¿‘
INFO:app:product_id : 1
INFO:werkzeug:192.168.0.146 - - [01/Aug/2023 14:31:28] "POST /cart HTTP/1.1" 200 -
INFO:app:¿ÂπŸ±∏¥œ ∆‰¿Ã¡ˆ ¡¯¿‘
INFO:app:product_id : 1
INFO:app:¿ÂπŸ±∏¥œ ∆‰¿Ã¡ˆ ¡¯¿‘
INFO:app:product_id : 1
INFO:app:¿ÂπŸ±∏¥œ ∆‰¿Ã¡ˆ ¡¯¿‘
INFO:app:product_id : 2
INFO:werkzeug:192.168.0.146 - - [01/Aug/2023 14:31:29] "POST /cart HTTP/1.1" 200 -
INFO:werkzeug:192.168.0.146 - - [01/Aug/2023 14:31:29] "POST /cart HTTP/1.1" 200 -
INFO:werkzeug:192.168.0.81 - - [01/Aug/2023 14:31:29] "POST /cart HTTP/1.1" 200 -
INFO:app:¿ÂπŸ±∏¥œ ∆‰¿Ã¡ˆ ¡¯¿‘
INFO:app:product_id : 1
INFO:werkzeug:192.168.0.146 - - [01/Aug/2023 14:31:29] "POST /cart HTTP/1.1" 200 -
INFO:app:¿ÂπŸ±∏¥œ ∆‰¿Ã¡ˆ ¡¯¿‘
INFO:app:product_id : 1
INFO:werkzeug:192.168.0.146 - - [01/Aug/2023 14:31:29] "POST /cart HTTP/1.1" 200 -
INFO:app:¿ÂπŸ±∏¥œ ∆‰¿Ã¡ˆ ¡¯¿‘
INFO:app:product_id : 2
INFO:werkzeug:192.168.0.81 - - [01/Aug/2023 14:31:29] "POST /cart HTTP/1.1" 200 -
INFO:app:¿ÂπŸ±∏¥œ ∆‰¿Ã¡ˆ ¡¯¿‘
INFO:app:product_id : 1
INFO:werkzeug:192.168.0.146 - - [01/Aug/2023 14:31:29] "POST /cart HTTP/1.1" 200 -
INFO:app:¿ÂπŸ±∏¥œ ∆‰¿Ã¡ˆ ¡¯¿‘
INFO:app:product_id : 1
INFO:app:¿ÂπŸ±∏¥œ ∆‰¿Ã¡ˆ ¡¯¿‘
INFO:app:product_id : 2
INFO:werkzeug:192.168.0.146 - - [01/Aug/2023 14:31:30] "POST /cart HTTP/1.1" 200 -
INFO:werkzeug:192.168.0.81 - - [01/Aug/2023 14:31:30] "POST /cart HTTP/1.1" 200 -
INFO:app:¿ÂπŸ±∏¥œ ∆‰¿Ã¡ˆ ¡¯¿‘
INFO:app:product_id : 1
INFO:werkzeug:192.168.0.146 - - [01/Aug/2023 14:31:30] "POST /cart HTTP/1.1" 200 -
INFO:app:¿ÂπŸ±∏¥œ ∆‰¿Ã¡ˆ ¡¯¿‘
INFO:app:product_id : 1
INFO:werkzeug:192.168.0.146 - - [01/Aug/2023 14:31:30] "POST /cart HTTP/1.1" 200 -
INFO:app:¿ÂπŸ±∏¥œ ∆‰¿Ã¡ˆ ¡¯¿‘
INFO:app:product_id : 2
INFO:werkzeug:192.168.0.81 - - [01/Aug/2023 14:31:30] "POST /cart HTTP/1.1" 200 -
INFO:app:¿ÂπŸ±∏¥œ ∆‰¿Ã¡ˆ ¡¯¿‘
INFO:app:product_id : 2
INFO:werkzeug:192.168.0.81 - - [01/Aug/2023 14:31:30] "POST /cart HTTP/1.1" 200 -
INFO:app:¿ÂπŸ±∏¥œ ∆‰¿Ã¡ˆ ¡¯¿‘
INFO:app:product_id : 1
INFO:werkzeug:192.168.0.146 - - [01/Aug/2023 14:31:30] "POST /cart HTTP/1.1" 200 -
INFO:app:¿ÂπŸ±∏¥œ ∆‰¿Ã¡ˆ ¡¯¿‘
INFO:app:product_id : 1
INFO:werkzeug:192.168.0.146 - - [01/Aug/2023 14:31:31] "POST /cart HTTP/1.1" 200 -
INFO:app:¿ÂπŸ±∏¥œ ∆‰¿Ã¡ˆ ¡¯¿‘
INFO:app:product_id : 1
INFO:app:¿ÂπŸ±∏¥œ ∆‰¿Ã¡ˆ ¡¯¿‘
INFO:app:product_id : 2
INFO:app:¿ÂπŸ±∏¥œ ∆‰¿Ã¡ˆ ¡¯¿‘
INFO:app:product_id : 1
INFO:werkzeug:192.168.0.146 - - [01/Aug/2023 14:31:31] "POST /cart HTTP/1.1" 200 -
INFO:werkzeug:192.168.0.146 - - [01/Aug/2023 14:31:31] "POST /cart HTTP/1.1" 200 -
INFO:werkzeug:192.168.0.81 - - [01/Aug/2023 14:31:31] "POST /cart HTTP/1.1" 200 -
INFO:app:¿ÂπŸ±∏¥œ ∆‰¿Ã¡ˆ ¡¯¿‘
INFO:app:product_id : 2
INFO:werkzeug:192.168.0.81 - - [01/Aug/2023 14:31:31] "POST /cart HTTP/1.1" 200 -
INFO:app:¿ÂπŸ±∏¥œ ∆‰¿Ã¡ˆ ¡¯¿‘
INFO:app:product_id : 1
INFO:app:¿ÂπŸ±∏¥œ ∆‰¿Ã¡ˆ ¡¯¿‘
INFO:app:product_id : 2
INFO:werkzeug:192.168.0.146 - - [01/Aug/2023 14:31:32] "POST /cart HTTP/1.1" 200 -
INFO:werkzeug:192.168.0.81 - - [01/Aug/2023 14:31:32] "POST /cart HTTP/1.1" 200 -
INFO:app:¿ÂπŸ±∏¥œ ∆‰¿Ã¡ˆ ¡¯¿‘
INFO:app:product_id : 2
INFO:app:¿ÂπŸ±∏¥œ ∆‰¿Ã¡ˆ ¡¯¿‘
INFO:app:product_id : 1
INFO:app:¿ÂπŸ±∏¥œ ∆‰¿Ã¡ˆ ¡¯¿‘
INFO:app:product_id : 1
INFO:werkzeug:192.168.0.81 - - [01/Aug/2023 14:31:32] "POST /cart HTTP/1.1" 200 -
INFO:app:¿ÂπŸ±∏¥œ ∆‰¿Ã¡ˆ ¡¯¿‘
INFO:app:product_id : 2
INFO:werkzeug:192.168.0.146 - - [01/Aug/2023 14:31:32] "POST /cart HTTP/1.1" 200 -
INFO:werkzeug:192.168.0.146 - - [01/Aug/2023 14:31:32] "POST /cart HTTP/1.1" 200 -
INFO:werkzeug:192.168.0.81 - - [01/Aug/2023 14:31:32] "POST /cart HTTP/1.1" 200 -
INFO:app:¿ÂπŸ±∏¥œ ∆‰¿Ã¡ˆ ¡¯¿‘
INFO:app:product_id : 1
INFO:werkzeug:192.168.0.146 - - [01/Aug/2023 14:31:32] "POST /cart HTTP/1.1" 200 -
INFO:app:¿ÂπŸ±∏¥œ ∆‰¿Ã¡ˆ ¡¯¿‘
INFO:app:product_id : 1
INFO:app:¿ÂπŸ±∏¥œ ∆‰¿Ã¡ˆ ¡¯¿‘
INFO:app:product_id : 2
INFO:werkzeug:192.168.0.81 - - [01/Aug/2023 14:31:33] "POST /cart HTTP/1.1" 200 -
INFO:werkzeug:192.168.0.146 - - [01/Aug/2023 14:31:33] "POST /cart HTTP/1.1" 200 -
INFO:app:¿ÂπŸ±∏¥œ ∆‰¿Ã¡ˆ ¡¯¿‘
INFO:app:product_id : 2
INFO:werkzeug:192.168.0.81 - - [01/Aug/2023 14:31:33] "POST /cart HTTP/1.1" 200 -
INFO:app:¿ÂπŸ±∏¥œ ∆‰¿Ã¡ˆ ¡¯¿‘
INFO:app:product_id : 1
INFO:app:¿ÂπŸ±∏¥œ ∆‰¿Ã¡ˆ ¡¯¿‘
INFO:app:product_id : 1
INFO:werkzeug:192.168.0.146 - - [01/Aug/2023 14:31:33] "POST /cart HTTP/1.1" 200 -
INFO:werkzeug:192.168.0.146 - - [01/Aug/2023 14:31:33] "POST /cart HTTP/1.1" 200 -
INFO:app:¿ÂπŸ±∏¥œ ∆‰¿Ã¡ˆ ¡¯¿‘
INFO:app:product_id : 2
INFO:werkzeug:192.168.0.81 - - [01/Aug/2023 14:31:33] "POST /cart HTTP/1.1" 200 -
INFO:app:¿ÂπŸ±∏¥œ ∆‰¿Ã¡ˆ ¡¯¿‘
INFO:app:product_id : 2
INFO:werkzeug:192.168.0.81 - - [01/Aug/2023 14:31:33] "POST /cart HTTP/1.1" 200 -
INFO:app:¿ÂπŸ±∏¥œ ∆‰¿Ã¡ˆ ¡¯¿‘
INFO:app:product_id : 1
INFO:werkzeug:192.168.0.146 - - [01/Aug/2023 14:31:33] "POST /cart HTTP/1.1" 200 -
INFO:app:¿ÂπŸ±∏¥œ ∆‰¿Ã¡ˆ ¡¯¿‘
INFO:app:product_id : 1
INFO:werkzeug:192.168.0.146 - - [01/Aug/2023 14:31:33] "POST /cart HTTP/1.1" 200 -
INFO:app:¿ÂπŸ±∏¥œ ∆‰¿Ã¡ˆ ¡¯¿‘
INFO:app:product_id : 1
INFO:werkzeug:192.168.0.146 - - [01/Aug/2023 14:31:34] "POST /cart HTTP/1.1" 200 -
INFO:app:¿ÂπŸ±∏¥œ ∆‰¿Ã¡ˆ ¡¯¿‘
INFO:app:product_id : 2
INFO:werkzeug:192.168.0.81 - - [01/Aug/2023 14:31:34] "POST /cart HTTP/1.1" 200 -
INFO:app:¿ÂπŸ±∏¥œ ∆‰¿Ã¡ˆ ¡¯¿‘
INFO:app:product_id : 2
INFO:app:¿ÂπŸ±∏¥œ ∆‰¿Ã¡ˆ ¡¯¿‘
INFO:app:product_id : 1
INFO:werkzeug:192.168.0.81 - - [01/Aug/2023 14:31:34] "POST /cart HTTP/1.1" 200 -
INFO:werkzeug:192.168.0.146 - - [01/Aug/2023 14:31:34] "POST /cart HTTP/1.1" 200 -
INFO:app:¿ÂπŸ±∏¥œ ∆‰¿Ã¡ˆ ¡¯¿‘
INFO:app:product_id : 2
INFO:app:¿ÂπŸ±∏¥œ ∆‰¿Ã¡ˆ ¡¯¿‘
INFO:app:product_id : 1
INFO:werkzeug:192.168.0.81 - - [01/Aug/2023 14:31:34] "POST /cart HTTP/1.1" 200 -
INFO:werkzeug:192.168.0.146 - - [01/Aug/2023 14:31:35] "POST /cart HTTP/1.1" 200 -
INFO:app:¿ÂπŸ±∏¥œ ∆‰¿Ã¡ˆ ¡¯¿‘
INFO:app:product_id : 1
INFO:werkzeug:192.168.0.146 - - [01/Aug/2023 14:31:35] "POST /cart HTTP/1.1" 200 -
INFO:app:¿ÂπŸ±∏¥œ ∆‰¿Ã¡ˆ ¡¯¿‘
INFO:app:product_id : 2
INFO:werkzeug:192.168.0.81 - - [01/Aug/2023 14:31:35] "POST /cart HTTP/1.1" 200 -
INFO:app:¿ÂπŸ±∏¥œ ∆‰¿Ã¡ˆ ¡¯¿‘
INFO:app:product_id : 2
INFO:werkzeug:192.168.0.81 - - [01/Aug/2023 14:31:35] "POST /cart HTTP/1.1" 200 -
INFO:app:¿ÂπŸ±∏¥œ ∆‰¿Ã¡ˆ ¡¯¿‘
INFO:app:product_id : 1
INFO:app:¿ÂπŸ±∏¥œ ∆‰¿Ã¡ˆ ¡¯¿‘
INFO:app:product_id : 2
INFO:werkzeug:192.168.0.146 - - [01/Aug/2023 14:31:35] "POST /cart HTTP/1.1" 200 -
INFO:werkzeug:192.168.0.81 - - [01/Aug/2023 14:31:35] "POST /cart HTTP/1.1" 200 -
INFO:app:¿ÂπŸ±∏¥œ ∆‰¿Ã¡ˆ ¡¯¿‘
INFO:app:product_id : 2
INFO:werkzeug:192.168.0.81 - - [01/Aug/2023 14:31:36] "POST /cart HTTP/1.1" 200 -
INFO:app:¿ÂπŸ±∏¥œ ∆‰¿Ã¡ˆ ¡¯¿‘
INFO:app:product_id : 1
INFO:werkzeug:192.168.0.146 - - [01/Aug/2023 14:31:36] "POST /cart HTTP/1.1" 200 -
INFO:app:¿ÂπŸ±∏¥œ ∆‰¿Ã¡ˆ ¡¯¿‘
INFO:app:product_id : 2
INFO:werkzeug:192.168.0.81 - - [01/Aug/2023 14:31:36] "POST /cart HTTP/1.1" 200 -
INFO:app:¿ÂπŸ±∏¥œ ∆‰¿Ã¡ˆ ¡¯¿‘
INFO:app:product_id : 1
INFO:werkzeug:192.168.0.146 - - [01/Aug/2023 14:31:36] "POST /cart HTTP/1.1" 200 -
INFO:app:¿ÂπŸ±∏¥œ ∆‰¿Ã¡ˆ ¡¯¿‘
INFO:app:product_id : 1
INFO:werkzeug:192.168.0.146 - - [01/Aug/2023 14:31:36] "POST /cart HTTP/1.1" 200 -
INFO:app:¿ÂπŸ±∏¥œ ∆‰¿Ã¡ˆ ¡¯¿‘
INFO:app:product_id : 2
INFO:app:¿ÂπŸ±∏¥œ ∆‰¿Ã¡ˆ ¡¯¿‘
INFO:app:product_id : 2
INFO:app:¿ÂπŸ±∏¥œ ∆‰¿Ã¡ˆ ¡¯¿‘
INFO:app:product_id : 1
INFO:werkzeug:192.168.0.81 - - [01/Aug/2023 14:31:36] "POST /cart HTTP/1.1" 200 -
INFO:werkzeug:192.168.0.81 - - [01/Aug/2023 14:31:36] "POST /cart HTTP/1.1" 200 -
INFO:app:¿ÂπŸ±∏¥œ ∆‰¿Ã¡ˆ ¡¯¿‘
INFO:app:product_id : 1
INFO:werkzeug:192.168.0.146 - - [01/Aug/2023 14:31:36] "POST /cart HTTP/1.1" 200 -
INFO:werkzeug:192.168.0.146 - - [01/Aug/2023 14:31:37] "POST /cart HTTP/1.1" 200 -
INFO:app:¿ÂπŸ±∏¥œ ∆‰¿Ã¡ˆ ¡¯¿‘
INFO:app:product_id : 2
INFO:app:¿ÂπŸ±∏¥œ ∆‰¿Ã¡ˆ ¡¯¿‘
INFO:app:product_id : 2
INFO:werkzeug:192.168.0.81 - - [01/Aug/2023 14:31:37] "POST /cart HTTP/1.1" 200 -
INFO:werkzeug:192.168.0.81 - - [01/Aug/2023 14:31:37] "POST /cart HTTP/1.1" 200 -
INFO:app:¿ÂπŸ±∏¥œ ∆‰¿Ã¡ˆ ¡¯¿‘
INFO:app:product_id : 1
INFO:app:¿ÂπŸ±∏¥œ ∆‰¿Ã¡ˆ ¡¯¿‘
INFO:app:product_id : 2
INFO:werkzeug:192.168.0.146 - - [01/Aug/2023 14:31:37] "POST /cart HTTP/1.1" 200 -
INFO:werkzeug:192.168.0.81 - - [01/Aug/2023 14:31:37] "POST /cart HTTP/1.1" 200 -
INFO:app:¿ÂπŸ±∏¥œ ∆‰¿Ã¡ˆ ¡¯¿‘
INFO:app:product_id : 1
INFO:werkzeug:192.168.0.146 - - [01/Aug/2023 14:31:37] "POST /cart HTTP/1.1" 200 -
INFO:app:¿ÂπŸ±∏¥œ ∆‰¿Ã¡ˆ ¡¯¿‘
INFO:app:product_id : 2
INFO:werkzeug:192.168.0.81 - - [01/Aug/2023 14:31:37] "POST /cart HTTP/1.1" 200 -
INFO:app:¿ÂπŸ±∏¥œ ∆‰¿Ã¡ˆ ¡¯¿‘
INFO:app:product_id : 1
INFO:werkzeug:192.168.0.146 - - [01/Aug/2023 14:31:37] "POST /cart HTTP/1.1" 200 -
INFO:app:¿ÂπŸ±∏¥œ ∆‰¿Ã¡ˆ ¡¯¿‘
INFO:app:product_id : 1
INFO:werkzeug:192.168.0.146 - - [01/Aug/2023 14:31:37] "POST /cart HTTP/1.1" 200 -
INFO:app:¿ÂπŸ±∏¥œ ∆‰¿Ã¡ˆ ¡¯¿‘
INFO:app:product_id : 2
INFO:werkzeug:192.168.0.81 - - [01/Aug/2023 14:31:37] "POST /cart HTTP/1.1" 200 -
INFO:app:¿ÂπŸ±∏¥œ ∆‰¿Ã¡ˆ ¡¯¿‘
INFO:app:product_id : 2
INFO:werkzeug:192.168.0.81 - - [01/Aug/2023 14:31:38] "POST /cart HTTP/1.1" 200 -
INFO:app:¿ÂπŸ±∏¥œ ∆‰¿Ã¡ˆ ¡¯¿‘
INFO:app:product_id : 1
INFO:app:¿ÂπŸ±∏¥œ ∆‰¿Ã¡ˆ ¡¯¿‘
INFO:app:product_id : 2
INFO:werkzeug:192.168.0.146 - - [01/Aug/2023 14:31:38] "POST /cart HTTP/1.1" 200 -
INFO:werkzeug:192.168.0.81 - - [01/Aug/2023 14:31:38] "POST /cart HTTP/1.1" 200 -
INFO:app:¿ÂπŸ±∏¥œ ∆‰¿Ã¡ˆ ¡¯¿‘
INFO:app:product_id : 1
INFO:werkzeug:192.168.0.146 - - [01/Aug/2023 14:31:38] "POST /cart HTTP/1.1" 200 -
INFO:app:¿ÂπŸ±∏¥œ ∆‰¿Ã¡ˆ ¡¯¿‘
INFO:app:product_id : 2
INFO:werkzeug:192.168.0.81 - - [01/Aug/2023 14:31:38] "POST /cart HTTP/1.1" 200 -
INFO:app:¿ÂπŸ±∏¥œ ∆‰¿Ã¡ˆ ¡¯¿‘
INFO:app:product_id : 2
INFO:werkzeug:192.168.0.81 - - [01/Aug/2023 14:31:38] "POST /cart HTTP/1.1" 200 -
INFO:app:¿ÂπŸ±∏¥œ ∆‰¿Ã¡ˆ ¡¯¿‘
INFO:app:product_id : 1
INFO:werkzeug:192.168.0.146 - - [01/Aug/2023 14:31:38] "POST /cart HTTP/1.1" 200 -
INFO:app:¿ÂπŸ±∏¥œ ∆‰¿Ã¡ˆ ¡¯¿‘
INFO:app:product_id : 2
INFO:werkzeug:192.168.0.81 - - [01/Aug/2023 14:31:39] "POST /cart HTTP/1.1" 200 -
INFO:app:¿ÂπŸ±∏¥œ ∆‰¿Ã¡ˆ ¡¯¿‘
INFO:app:product_id : 1
INFO:werkzeug:192.168.0.146 - - [01/Aug/2023 14:31:39] "POST /cart HTTP/1.1" 200 -
INFO:app:¿ÂπŸ±∏¥œ ∆‰¿Ã¡ˆ ¡¯¿‘
INFO:app:product_id : 2
INFO:werkzeug:192.168.0.81 - - [01/Aug/2023 14:31:39] "POST /cart HTTP/1.1" 200 -
INFO:app:¿ÂπŸ±∏¥œ ∆‰¿Ã¡ˆ ¡¯¿‘
INFO:app:product_id : 1
INFO:werkzeug:192.168.0.146 - - [01/Aug/2023 14:31:39] "POST /cart HTTP/1.1" 200 -
INFO:app:¿ÂπŸ±∏¥œ ∆‰¿Ã¡ˆ ¡¯¿‘
INFO:app:product_id : 2
INFO:werkzeug:192.168.0.81 - - [01/Aug/2023 14:31:39] "POST /cart HTTP/1.1" 200 -
INFO:app:¿ÂπŸ±∏¥œ ∆‰¿Ã¡ˆ ¡¯¿‘
INFO:app:product_id : 1
INFO:werkzeug:192.168.0.146 - - [01/Aug/2023 14:31:39] "POST /cart HTTP/1.1" 200 -
INFO:app:¿ÂπŸ±∏¥œ ∆‰¿Ã¡ˆ ¡¯¿‘
INFO:app:product_id : 1
INFO:app:¿ÂπŸ±∏¥œ ∆‰¿Ã¡ˆ ¡¯¿‘
INFO:app:product_id : 1
INFO:werkzeug:192.168.0.146 - - [01/Aug/2023 14:31:39] "POST /cart HTTP/1.1" 200 -
INFO:app:¿ÂπŸ±∏¥œ ∆‰¿Ã¡ˆ ¡¯¿‘
INFO:app:product_id : 2
INFO:werkzeug:192.168.0.146 - - [01/Aug/2023 14:31:39] "POST /cart HTTP/1.1" 200 -
INFO:werkzeug:192.168.0.81 - - [01/Aug/2023 14:31:39] "POST /cart HTTP/1.1" 200 -
INFO:app:¿ÂπŸ±∏¥œ ∆‰¿Ã¡ˆ ¡¯¿‘
INFO:app:product_id : 2
INFO:werkzeug:192.168.0.81 - - [01/Aug/2023 14:31:39] "POST /cart HTTP/1.1" 200 -
INFO:app:¿ÂπŸ±∏¥œ ∆‰¿Ã¡ˆ ¡¯¿‘
INFO:app:product_id : 2
INFO:werkzeug:192.168.0.81 - - [01/Aug/2023 14:31:40] "POST /cart HTTP/1.1" 200 -
INFO:app:¿ÂπŸ±∏¥œ ∆‰¿Ã¡ˆ ¡¯¿‘
INFO:app:product_id : 1
INFO:app:¿ÂπŸ±∏¥œ ∆‰¿Ã¡ˆ ¡¯¿‘
INFO:app:product_id : 2
INFO:werkzeug:192.168.0.146 - - [01/Aug/2023 14:31:40] "POST /cart HTTP/1.1" 200 -
INFO:app:¿ÂπŸ±∏¥œ ∆‰¿Ã¡ˆ ¡¯¿‘
INFO:app:product_id : 1
INFO:werkzeug:192.168.0.81 - - [01/Aug/2023 14:31:40] "POST /cart HTTP/1.1" 200 -
INFO:werkzeug:192.168.0.146 - - [01/Aug/2023 14:31:40] "POST /cart HTTP/1.1" 200 -
INFO:app:¿ÂπŸ±∏¥œ ∆‰¿Ã¡ˆ ¡¯¿‘
INFO:app:product_id : 2
INFO:app:¿ÂπŸ±∏¥œ ∆‰¿Ã¡ˆ ¡¯¿‘
INFO:app:product_id : 1
INFO:werkzeug:192.168.0.81 - - [01/Aug/2023 14:31:40] "POST /cart HTTP/1.1" 200 -
INFO:werkzeug:192.168.0.146 - - [01/Aug/2023 14:31:40] "POST /cart HTTP/1.1" 200 -
INFO:app:¿ÂπŸ±∏¥œ ∆‰¿Ã¡ˆ ¡¯¿‘
INFO:app:product_id : 2
INFO:werkzeug:192.168.0.81 - - [01/Aug/2023 14:31:41] "POST /cart HTTP/1.1" 200 -
INFO:app:¿ÂπŸ±∏¥œ ∆‰¿Ã¡ˆ ¡¯¿‘
INFO:app:product_id : 2
INFO:app:¿ÂπŸ±∏¥œ ∆‰¿Ã¡ˆ ¡¯¿‘
INFO:app:product_id : 1
INFO:werkzeug:192.168.0.81 - - [01/Aug/2023 14:31:41] "POST /cart HTTP/1.1" 200 -
INFO:werkzeug:192.168.0.146 - - [01/Aug/2023 14:31:41] "POST /cart HTTP/1.1" 200 -
INFO:app:¿ÂπŸ±∏¥œ ∆‰¿Ã¡ˆ ¡¯¿‘
INFO:app:product_id : 1
INFO:werkzeug:192.168.0.146 - - [01/Aug/2023 14:31:41] "POST /cart HTTP/1.1" 200 -
INFO:app:¿ÂπŸ±∏¥œ ∆‰¿Ã¡ˆ ¡¯¿‘
INFO:app:product_id : 2
INFO:werkzeug:192.168.0.81 - - [01/Aug/2023 14:31:41] "POST /cart HTTP/1.1" 200 -
INFO:app:¿ÂπŸ±∏¥œ ∆‰¿Ã¡ˆ ¡¯¿‘
INFO:app:product_id : 2
INFO:werkzeug:192.168.0.81 - - [01/Aug/2023 14:31:41] "POST /cart HTTP/1.1" 200 -
INFO:app:¿ÂπŸ±∏¥œ ∆‰¿Ã¡ˆ ¡¯¿‘
INFO:app:product_id : 1
INFO:werkzeug:192.168.0.146 - - [01/Aug/2023 14:31:41] "POST /cart HTTP/1.1" 200 -
INFO:app:¿ÂπŸ±∏¥œ ∆‰¿Ã¡ˆ ¡¯¿‘
INFO:app:product_id : 2
INFO:werkzeug:192.168.0.81 - - [01/Aug/2023 14:31:42] "POST /cart HTTP/1.1" 200 -
INFO:app:¿ÂπŸ±∏¥œ ∆‰¿Ã¡ˆ ¡¯¿‘
INFO:app:product_id : 1
INFO:werkzeug:192.168.0.146 - - [01/Aug/2023 14:31:42] "POST /cart HTTP/1.1" 200 -
INFO:app:¿ÂπŸ±∏¥œ ∆‰¿Ã¡ˆ ¡¯¿‘
INFO:app:product_id : 1
INFO:app:¿ÂπŸ±∏¥œ ∆‰¿Ã¡ˆ ¡¯¿‘
INFO:app:product_id : 2
INFO:werkzeug:192.168.0.146 - - [01/Aug/2023 14:31:42] "POST /cart HTTP/1.1" 200 -
INFO:werkzeug:192.168.0.81 - - [01/Aug/2023 14:31:42] "POST /cart HTTP/1.1" 200 -
INFO:app:¿ÂπŸ±∏¥œ ∆‰¿Ã¡ˆ ¡¯¿‘
INFO:app:product_id : 2
INFO:werkzeug:192.168.0.81 - - [01/Aug/2023 14:31:42] "POST /cart HTTP/1.1" 200 -
INFO:app:¿ÂπŸ±∏¥œ ∆‰¿Ã¡ˆ ¡¯¿‘
INFO:app:product_id : 1
INFO:app:¿ÂπŸ±∏¥œ ∆‰¿Ã¡ˆ ¡¯¿‘
INFO:app:product_id : 2
INFO:app:¿ÂπŸ±∏¥œ ∆‰¿Ã¡ˆ ¡¯¿‘
INFO:app:product_id : 1
INFO:app:¿ÂπŸ±∏¥œ ∆‰¿Ã¡ˆ ¡¯¿‘
INFO:app:product_id : 1
INFO:werkzeug:192.168.0.81 - - [01/Aug/2023 14:31:42] "POST /cart HTTP/1.1" 200 -
INFO:werkzeug:192.168.0.146 - - [01/Aug/2023 14:31:42] "POST /cart HTTP/1.1" 200 -
INFO:app:¿ÂπŸ±∏¥œ ∆‰¿Ã¡ˆ ¡¯¿‘
INFO:werkzeug:192.168.0.146 - - [01/Aug/2023 14:31:42] "POST /cart HTTP/1.1" 200 -
INFO:app:product_id : 2
INFO:werkzeug:192.168.0.146 - - [01/Aug/2023 14:31:42] "POST /cart HTTP/1.1" 200 -
INFO:werkzeug:192.168.0.81 - - [01/Aug/2023 14:31:42] "POST /cart HTTP/1.1" 200 -
INFO:app:¿ÂπŸ±∏¥œ ∆‰¿Ã¡ˆ ¡¯¿‘
INFO:app:product_id : 2
INFO:werkzeug:192.168.0.81 - - [01/Aug/2023 14:31:43] "POST /cart HTTP/1.1" 200 -
INFO:app:¿ÂπŸ±∏¥œ ∆‰¿Ã¡ˆ ¡¯¿‘
INFO:app:product_id : 2
INFO:werkzeug:192.168.0.81 - - [01/Aug/2023 14:31:43] "POST /cart HTTP/1.1" 200 -
INFO:app:¿ÂπŸ±∏¥œ ∆‰¿Ã¡ˆ ¡¯¿‘
INFO:app:product_id : 1
INFO:app:¿ÂπŸ±∏¥œ ∆‰¿Ã¡ˆ ¡¯¿‘
INFO:app:product_id : 2
INFO:werkzeug:192.168.0.146 - - [01/Aug/2023 14:31:43] "POST /cart HTTP/1.1" 200 -
INFO:werkzeug:192.168.0.81 - - [01/Aug/2023 14:31:43] "POST /cart HTTP/1.1" 200 -
INFO:app:¿ÂπŸ±∏¥œ ∆‰¿Ã¡ˆ ¡¯¿‘
INFO:app:product_id : 2
INFO:werkzeug:192.168.0.81 - - [01/Aug/2023 14:31:43] "POST /cart HTTP/1.1" 200 -
INFO:app:¿ÂπŸ±∏¥œ ∆‰¿Ã¡ˆ ¡¯¿‘
INFO:app:product_id : 1
INFO:werkzeug:192.168.0.146 - - [01/Aug/2023 14:31:44] "POST /cart HTTP/1.1" 200 -
INFO:app:¿ÂπŸ±∏¥œ ∆‰¿Ã¡ˆ ¡¯¿‘
INFO:app:product_id : 2
INFO:werkzeug:192.168.0.81 - - [01/Aug/2023 14:31:44] "POST /cart HTTP/1.1" 200 -
INFO:app:¿ÂπŸ±∏¥œ ∆‰¿Ã¡ˆ ¡¯¿‘
INFO:app:product_id : 1
INFO:werkzeug:192.168.0.146 - - [01/Aug/2023 14:31:44] "POST /cart HTTP/1.1" 200 -
INFO:app:¿ÂπŸ±∏¥œ ∆‰¿Ã¡ˆ ¡¯¿‘
INFO:app:product_id : 2
INFO:werkzeug:192.168.0.81 - - [01/Aug/2023 14:31:44] "POST /cart HTTP/1.1" 200 -
INFO:app:¿ÂπŸ±∏¥œ ∆‰¿Ã¡ˆ ¡¯¿‘
INFO:app:product_id : 2
INFO:werkzeug:192.168.0.81 - - [01/Aug/2023 14:31:44] "POST /cart HTTP/1.1" 200 -
INFO:app:¿ÂπŸ±∏¥œ ∆‰¿Ã¡ˆ ¡¯¿‘
INFO:app:product_id : 1
INFO:werkzeug:192.168.0.146 - - [01/Aug/2023 14:31:44] "POST /cart HTTP/1.1" 200 -
INFO:app:¿ÂπŸ±∏¥œ ∆‰¿Ã¡ˆ ¡¯¿‘
INFO:app:product_id : 1
INFO:werkzeug:192.168.0.146 - - [01/Aug/2023 14:31:44] "POST /cart HTTP/1.1" 200 -
INFO:app:¿ÂπŸ±∏¥œ ∆‰¿Ã¡ˆ ¡¯¿‘
INFO:app:product_id : 2
INFO:app:¿ÂπŸ±∏¥œ ∆‰¿Ã¡ˆ ¡¯¿‘
INFO:app:product_id : 2
INFO:app:¿ÂπŸ±∏¥œ ∆‰¿Ã¡ˆ ¡¯¿‘
INFO:app:product_id : 1
INFO:werkzeug:192.168.0.81 - - [01/Aug/2023 14:31:45] "POST /cart HTTP/1.1" 200 -
INFO:werkzeug:192.168.0.81 - - [01/Aug/2023 14:31:45] "POST /cart HTTP/1.1" 200 -
INFO:werkzeug:192.168.0.146 - - [01/Aug/2023 14:31:45] "POST /cart HTTP/1.1" 200 -
INFO:app:¿ÂπŸ±∏¥œ ∆‰¿Ã¡ˆ ¡¯¿‘
INFO:app:product_id : 1
INFO:werkzeug:192.168.0.146 - - [01/Aug/2023 14:31:45] "POST /cart HTTP/1.1" 200 -
INFO:app:¿ÂπŸ±∏¥œ ∆‰¿Ã¡ˆ ¡¯¿‘
INFO:app:product_id : 2
INFO:werkzeug:192.168.0.81 - - [01/Aug/2023 14:31:45] "POST /cart HTTP/1.1" 200 -
INFO:app:¿ÂπŸ±∏¥œ ∆‰¿Ã¡ˆ ¡¯¿‘
INFO:app:product_id : 1
INFO:werkzeug:192.168.0.146 - - [01/Aug/2023 14:31:46] "POST /cart HTTP/1.1" 200 -
INFO:app:¿ÂπŸ±∏¥œ ∆‰¿Ã¡ˆ ¡¯¿‘
INFO:app:product_id : 2
INFO:werkzeug:192.168.0.81 - - [01/Aug/2023 14:31:46] "POST /cart HTTP/1.1" 200 -
INFO:app:¿ÂπŸ±∏¥œ ∆‰¿Ã¡ˆ ¡¯¿‘
INFO:app:product_id : 2
INFO:werkzeug:192.168.0.81 - - [01/Aug/2023 14:31:46] "POST /cart HTTP/1.1" 200 -
INFO:app:¿ÂπŸ±∏¥œ ∆‰¿Ã¡ˆ ¡¯¿‘
INFO:app:product_id : 1
INFO:werkzeug:192.168.0.146 - - [01/Aug/2023 14:31:46] "POST /cart HTTP/1.1" 200 -
INFO:app:¿ÂπŸ±∏¥œ ∆‰¿Ã¡ˆ ¡¯¿‘
INFO:app:product_id : 1
INFO:werkzeug:192.168.0.146 - - [01/Aug/2023 14:31:46] "POST /cart HTTP/1.1" 200 -
INFO:app:¿ÂπŸ±∏¥œ ∆‰¿Ã¡ˆ ¡¯¿‘
INFO:app:product_id : 1
INFO:app:¿ÂπŸ±∏¥œ ∆‰¿Ã¡ˆ ¡¯¿‘
INFO:app:product_id : 2
INFO:werkzeug:192.168.0.146 - - [01/Aug/2023 14:31:46] "POST /cart HTTP/1.1" 200 -
INFO:werkzeug:192.168.0.81 - - [01/Aug/2023 14:31:46] "POST /cart HTTP/1.1" 200 -
INFO:app:¿ÂπŸ±∏¥œ ∆‰¿Ã¡ˆ ¡¯¿‘
INFO:app:product_id : 1
INFO:werkzeug:192.168.0.146 - - [01/Aug/2023 14:31:46] "POST /cart HTTP/1.1" 200 -
INFO:app:¿ÂπŸ±∏¥œ ∆‰¿Ã¡ˆ ¡¯¿‘
INFO:app:product_id : 2
INFO:werkzeug:192.168.0.81 - - [01/Aug/2023 14:31:47] "POST /cart HTTP/1.1" 200 -
INFO:app:¿ÂπŸ±∏¥œ ∆‰¿Ã¡ˆ ¡¯¿‘
INFO:app:product_id : 2
INFO:werkzeug:192.168.0.81 - - [01/Aug/2023 14:31:47] "POST /cart HTTP/1.1" 200 -
INFO:app:¿ÂπŸ±∏¥œ ∆‰¿Ã¡ˆ ¡¯¿‘
INFO:app:product_id : 1
INFO:werkzeug:192.168.0.146 - - [01/Aug/2023 14:31:47] "POST /cart HTTP/1.1" 200 -
INFO:app:¿ÂπŸ±∏¥œ ∆‰¿Ã¡ˆ ¡¯¿‘
INFO:app:product_id : 2
INFO:werkzeug:192.168.0.81 - - [01/Aug/2023 14:31:47] "POST /cart HTTP/1.1" 200 -
INFO:app:¿ÂπŸ±∏¥œ ∆‰¿Ã¡ˆ ¡¯¿‘
INFO:app:product_id : 2
INFO:app:¿ÂπŸ±∏¥œ ∆‰¿Ã¡ˆ ¡¯¿‘
INFO:app:product_id : 1
INFO:werkzeug:192.168.0.81 - - [01/Aug/2023 14:31:47] "POST /cart HTTP/1.1" 200 -
INFO:werkzeug:192.168.0.146 - - [01/Aug/2023 14:31:47] "POST /cart HTTP/1.1" 200 -
INFO:app:¿ÂπŸ±∏¥œ ∆‰¿Ã¡ˆ ¡¯¿‘
INFO:app:product_id : 1
INFO:app:¿ÂπŸ±∏¥œ ∆‰¿Ã¡ˆ ¡¯¿‘
INFO:werkzeug:192.168.0.146 - - [01/Aug/2023 14:31:47] "POST /cart HTTP/1.1" 200 -
INFO:app:product_id : 2
INFO:werkzeug:192.168.0.81 - - [01/Aug/2023 14:31:47] "POST /cart HTTP/1.1" 200 -
INFO:app:¿ÂπŸ±∏¥œ ∆‰¿Ã¡ˆ ¡¯¿‘
INFO:app:product_id : 1
INFO:werkzeug:192.168.0.146 - - [01/Aug/2023 14:31:48] "POST /cart HTTP/1.1" 200 -
INFO:app:¿ÂπŸ±∏¥œ ∆‰¿Ã¡ˆ ¡¯¿‘
INFO:app:product_id : 2
INFO:werkzeug:192.168.0.81 - - [01/Aug/2023 14:31:48] "POST /cart HTTP/1.1" 200 -
INFO:app:¿ÂπŸ±∏¥œ ∆‰¿Ã¡ˆ ¡¯¿‘
INFO:app:product_id : 1
INFO:werkzeug:192.168.0.146 - - [01/Aug/2023 14:31:48] "POST /cart HTTP/1.1" 200 -
INFO:app:¿ÂπŸ±∏¥œ ∆‰¿Ã¡ˆ ¡¯¿‘
INFO:app:product_id : 2
INFO:werkzeug:192.168.0.81 - - [01/Aug/2023 14:31:48] "POST /cart HTTP/1.1" 200 -
INFO:app:¿ÂπŸ±∏¥œ ∆‰¿Ã¡ˆ ¡¯¿‘
INFO:app:product_id : 1
INFO:werkzeug:192.168.0.146 - - [01/Aug/2023 14:31:48] "POST /cart HTTP/1.1" 200 -
INFO:app:¿ÂπŸ±∏¥œ ∆‰¿Ã¡ˆ ¡¯¿‘
INFO:app:product_id : 1
INFO:werkzeug:192.168.0.146 - - [01/Aug/2023 14:31:48] "POST /cart HTTP/1.1" 200 -
INFO:app:¿ÂπŸ±∏¥œ ∆‰¿Ã¡ˆ ¡¯¿‘
INFO:app:product_id : 2
INFO:werkzeug:192.168.0.81 - - [01/Aug/2023 14:31:49] "POST /cart HTTP/1.1" 200 -
INFO:app:¿ÂπŸ±∏¥œ ∆‰¿Ã¡ˆ ¡¯¿‘
INFO:app:product_id : 1
INFO:werkzeug:192.168.0.146 - - [01/Aug/2023 14:31:49] "POST /cart HTTP/1.1" 200 -
INFO:app:¿ÂπŸ±∏¥œ ∆‰¿Ã¡ˆ ¡¯¿‘
INFO:app:product_id : 1
INFO:app:¿ÂπŸ±∏¥œ ∆‰¿Ã¡ˆ ¡¯¿‘
INFO:app:product_id : 2
INFO:werkzeug:192.168.0.146 - - [01/Aug/2023 14:31:49] "POST /cart HTTP/1.1" 200 -
INFO:werkzeug:192.168.0.81 - - [01/Aug/2023 14:31:49] "POST /cart HTTP/1.1" 200 -
INFO:app:¿ÂπŸ±∏¥œ ∆‰¿Ã¡ˆ ¡¯¿‘
INFO:app:product_id : 1
INFO:app:¿ÂπŸ±∏¥œ ∆‰¿Ã¡ˆ ¡¯¿‘
INFO:app:product_id : 2
INFO:werkzeug:192.168.0.146 - - [01/Aug/2023 14:31:50] "POST /cart HTTP/1.1" 200 -
INFO:app:¿ÂπŸ±∏¥œ ∆‰¿Ã¡ˆ ¡¯¿‘
INFO:app:product_id : 1
INFO:werkzeug:192.168.0.81 - - [01/Aug/2023 14:31:50] "POST /cart HTTP/1.1" 200 -
INFO:app:¿ÂπŸ±∏¥œ ∆‰¿Ã¡ˆ ¡¯¿‘
INFO:app:product_id : 2
INFO:werkzeug:192.168.0.146 - - [01/Aug/2023 14:31:50] "POST /cart HTTP/1.1" 200 -
INFO:werkzeug:192.168.0.81 - - [01/Aug/2023 14:31:50] "POST /cart HTTP/1.1" 200 -
INFO:app:¿ÂπŸ±∏¥œ ∆‰¿Ã¡ˆ ¡¯¿‘
INFO:app:product_id : 1
INFO:app:¿ÂπŸ±∏¥œ ∆‰¿Ã¡ˆ ¡¯¿‘
INFO:app:product_id : 2
INFO:werkzeug:192.168.0.146 - - [01/Aug/2023 14:31:50] "POST /cart HTTP/1.1" 200 -
INFO:werkzeug:192.168.0.81 - - [01/Aug/2023 14:31:50] "POST /cart HTTP/1.1" 200 -
INFO:app:¿ÂπŸ±∏¥œ ∆‰¿Ã¡ˆ ¡¯¿‘
INFO:app:product_id : 1
INFO:werkzeug:192.168.0.146 - - [01/Aug/2023 14:31:50] "POST /cart HTTP/1.1" 200 -
INFO:app:¿ÂπŸ±∏¥œ ∆‰¿Ã¡ˆ ¡¯¿‘
INFO:app:product_id : 2
INFO:app:¿ÂπŸ±∏¥œ ∆‰¿Ã¡ˆ ¡¯¿‘
INFO:app:product_id : 1
INFO:werkzeug:192.168.0.81 - - [01/Aug/2023 14:31:51] "POST /cart HTTP/1.1" 200 -
INFO:werkzeug:192.168.0.146 - - [01/Aug/2023 14:31:51] "POST /cart HTTP/1.1" 200 -
INFO:app:¿ÂπŸ±∏¥œ ∆‰¿Ã¡ˆ ¡¯¿‘
INFO:app:product_id : 2
INFO:werkzeug:192.168.0.81 - - [01/Aug/2023 14:31:51] "POST /cart HTTP/1.1" 200 -
INFO:app:¿ÂπŸ±∏¥œ ∆‰¿Ã¡ˆ ¡¯¿‘
INFO:app:product_id : 1
INFO:werkzeug:192.168.0.146 - - [01/Aug/2023 14:31:51] "POST /cart HTTP/1.1" 200 -
INFO:app:¿ÂπŸ±∏¥œ ∆‰¿Ã¡ˆ ¡¯¿‘
INFO:app:product_id : 2
INFO:werkzeug:192.168.0.81 - - [01/Aug/2023 14:31:51] "POST /cart HTTP/1.1" 200 -
INFO:app:¿ÂπŸ±∏¥œ ∆‰¿Ã¡ˆ ¡¯¿‘
INFO:app:product_id : 2
INFO:werkzeug:192.168.0.81 - - [01/Aug/2023 14:31:51] "POST /cart HTTP/1.1" 200 -
INFO:app:¿ÂπŸ±∏¥œ ∆‰¿Ã¡ˆ ¡¯¿‘
INFO:app:product_id : 2
INFO:werkzeug:192.168.0.81 - - [01/Aug/2023 14:31:51] "POST /cart HTTP/1.1" 200 -
INFO:app:¿ÂπŸ±∏¥œ ∆‰¿Ã¡ˆ ¡¯¿‘
INFO:app:product_id : 1
INFO:werkzeug:192.168.0.146 - - [01/Aug/2023 14:31:52] "POST /cart HTTP/1.1" 200 -
INFO:app:¿ÂπŸ±∏¥œ ∆‰¿Ã¡ˆ ¡¯¿‘
INFO:app:product_id : 1
INFO:app:¿ÂπŸ±∏¥œ ∆‰¿Ã¡ˆ ¡¯¿‘
INFO:app:product_id : 2
INFO:werkzeug:192.168.0.146 - - [01/Aug/2023 14:31:52] "POST /cart HTTP/1.1" 200 -
INFO:werkzeug:192.168.0.81 - - [01/Aug/2023 14:31:52] "POST /cart HTTP/1.1" 200 -
INFO:app:¿ÂπŸ±∏¥œ ∆‰¿Ã¡ˆ ¡¯¿‘
INFO:app:product_id : 1
INFO:werkzeug:192.168.0.146 - - [01/Aug/2023 14:31:52] "POST /cart HTTP/1.1" 200 -
INFO:app:¿ÂπŸ±∏¥œ ∆‰¿Ã¡ˆ ¡¯¿‘
INFO:app:product_id : 2
INFO:app:¿ÂπŸ±∏¥œ ∆‰¿Ã¡ˆ ¡¯¿‘
INFO:app:product_id : 1
INFO:werkzeug:192.168.0.81 - - [01/Aug/2023 14:31:53] "POST /cart HTTP/1.1" 200 -
INFO:werkzeug:192.168.0.146 - - [01/Aug/2023 14:31:53] "POST /cart HTTP/1.1" 200 -
INFO:app:¿ÂπŸ±∏¥œ ∆‰¿Ã¡ˆ ¡¯¿‘
INFO:app:product_id : 1
INFO:werkzeug:192.168.0.146 - - [01/Aug/2023 14:31:53] "POST /cart HTTP/1.1" 200 -
INFO:app:¿ÂπŸ±∏¥œ ∆‰¿Ã¡ˆ ¡¯¿‘
INFO:app:product_id : 2
INFO:werkzeug:192.168.0.81 - - [01/Aug/2023 14:31:53] "POST /cart HTTP/1.1" 200 -
INFO:app:¿ÂπŸ±∏¥œ ∆‰¿Ã¡ˆ ¡¯¿‘
INFO:app:product_id : 1
INFO:werkzeug:192.168.0.146 - - [01/Aug/2023 14:31:53] "POST /cart HTTP/1.1" 200 -
INFO:app:¿ÂπŸ±∏¥œ ∆‰¿Ã¡ˆ ¡¯¿‘
INFO:app:product_id : 2
INFO:app:¿ÂπŸ±∏¥œ ∆‰¿Ã¡ˆ ¡¯¿‘
INFO:app:product_id : 1
INFO:werkzeug:192.168.0.81 - - [01/Aug/2023 14:31:53] "POST /cart HTTP/1.1" 200 -
INFO:werkzeug:192.168.0.146 - - [01/Aug/2023 14:31:53] "POST /cart HTTP/1.1" 200 -
INFO:app:¿ÂπŸ±∏¥œ ∆‰¿Ã¡ˆ ¡¯¿‘
INFO:app:product_id : 2
INFO:werkzeug:192.168.0.81 - - [01/Aug/2023 14:31:53] "POST /cart HTTP/1.1" 200 -
INFO:app:¿ÂπŸ±∏¥œ ∆‰¿Ã¡ˆ ¡¯¿‘
INFO:app:product_id : 1
INFO:werkzeug:192.168.0.146 - - [01/Aug/2023 14:31:54] "POST /cart HTTP/1.1" 200 -
INFO:app:¿ÂπŸ±∏¥œ ∆‰¿Ã¡ˆ ¡¯¿‘
INFO:app:product_id : 2
INFO:werkzeug:192.168.0.81 - - [01/Aug/2023 14:31:54] "POST /cart HTTP/1.1" 200 -
INFO:app:¿ÂπŸ±∏¥œ ∆‰¿Ã¡ˆ ¡¯¿‘
INFO:app:product_id : 1
INFO:werkzeug:192.168.0.146 - - [01/Aug/2023 14:31:54] "POST /cart HTTP/1.1" 200 -
INFO:app:¿ÂπŸ±∏¥œ ∆‰¿Ã¡ˆ ¡¯¿‘
INFO:app:product_id : 1
INFO:werkzeug:192.168.0.146 - - [01/Aug/2023 14:31:54] "POST /cart HTTP/1.1" 200 -
INFO:app:¿ÂπŸ±∏¥œ ∆‰¿Ã¡ˆ ¡¯¿‘
INFO:app:product_id : 2
INFO:werkzeug:192.168.0.81 - - [01/Aug/2023 14:31:54] "POST /cart HTTP/1.1" 200 -
INFO:app:¿ÂπŸ±∏¥œ ∆‰¿Ã¡ˆ ¡¯¿‘
INFO:app:product_id : 2
INFO:app:¿ÂπŸ±∏¥œ ∆‰¿Ã¡ˆ ¡¯¿‘
INFO:app:product_id : 1
INFO:app:¿ÂπŸ±∏¥œ ∆‰¿Ã¡ˆ ¡¯¿‘
INFO:app:product_id : 2
INFO:app:¿ÂπŸ±∏¥œ ∆‰¿Ã¡ˆ ¡¯¿‘
INFO:app:product_id : 1
INFO:werkzeug:192.168.0.81 - - [01/Aug/2023 14:31:55] "POST /cart HTTP/1.1" 200 -
INFO:app:¿ÂπŸ±∏¥œ ∆‰¿Ã¡ˆ ¡¯¿‘
INFO:app:product_id : 1
INFO:werkzeug:192.168.0.146 - - [01/Aug/2023 14:31:55] "POST /cart HTTP/1.1" 200 -
INFO:werkzeug:192.168.0.146 - - [01/Aug/2023 14:31:55] "POST /cart HTTP/1.1" 200 -
INFO:werkzeug:192.168.0.81 - - [01/Aug/2023 14:31:55] "POST /cart HTTP/1.1" 200 -
INFO:werkzeug:192.168.0.146 - - [01/Aug/2023 14:31:55] "POST /cart HTTP/1.1" 200 -
INFO:app:¿ÂπŸ±∏¥œ ∆‰¿Ã¡ˆ ¡¯¿‘
INFO:app:product_id : 2
INFO:werkzeug:192.168.0.81 - - [01/Aug/2023 14:31:55] "POST /cart HTTP/1.1" 200 -
INFO:app:¿ÂπŸ±∏¥œ ∆‰¿Ã¡ˆ ¡¯¿‘
INFO:app:product_id : 1
INFO:werkzeug:192.168.0.146 - - [01/Aug/2023 14:31:55] "POST /cart HTTP/1.1" 200 -
INFO:app:¿ÂπŸ±∏¥œ ∆‰¿Ã¡ˆ ¡¯¿‘
INFO:app:product_id : 1
INFO:app:¿ÂπŸ±∏¥œ ∆‰¿Ã¡ˆ ¡¯¿‘
INFO:app:product_id : 2
INFO:werkzeug:192.168.0.146 - - [01/Aug/2023 14:31:56] "POST /cart HTTP/1.1" 200 -
INFO:werkzeug:192.168.0.81 - - [01/Aug/2023 14:31:56] "POST /cart HTTP/1.1" 200 -
INFO:app:¿ÂπŸ±∏¥œ ∆‰¿Ã¡ˆ ¡¯¿‘
INFO:app:product_id : 1
INFO:werkzeug:192.168.0.146 - - [01/Aug/2023 14:31:56] "POST /cart HTTP/1.1" 200 -
INFO:app:¿ÂπŸ±∏¥œ ∆‰¿Ã¡ˆ ¡¯¿‘
INFO:app:product_id : 1
INFO:app:¿ÂπŸ±∏¥œ ∆‰¿Ã¡ˆ ¡¯¿‘
INFO:app:product_id : 2
INFO:werkzeug:192.168.0.146 - - [01/Aug/2023 14:31:56] "POST /cart HTTP/1.1" 200 -
INFO:werkzeug:192.168.0.81 - - [01/Aug/2023 14:31:56] "POST /cart HTTP/1.1" 200 -
INFO:app:¿ÂπŸ±∏¥œ ∆‰¿Ã¡ˆ ¡¯¿‘
INFO:app:product_id : 2
INFO:werkzeug:192.168.0.81 - - [01/Aug/2023 14:31:56] "POST /cart HTTP/1.1" 200 -
INFO:app:¿ÂπŸ±∏¥œ ∆‰¿Ã¡ˆ ¡¯¿‘
INFO:app:product_id : 1
INFO:werkzeug:192.168.0.146 - - [01/Aug/2023 14:31:57] "POST /cart HTTP/1.1" 200 -
INFO:app:¿ÂπŸ±∏¥œ ∆‰¿Ã¡ˆ ¡¯¿‘
INFO:app:product_id : 2
INFO:werkzeug:192.168.0.81 - - [01/Aug/2023 14:31:57] "POST /cart HTTP/1.1" 200 -
INFO:app:¿ÂπŸ±∏¥œ ∆‰¿Ã¡ˆ ¡¯¿‘
INFO:app:product_id : 1
INFO:werkzeug:192.168.0.146 - - [01/Aug/2023 14:31:57] "POST /cart HTTP/1.1" 200 -
INFO:app:¿ÂπŸ±∏¥œ ∆‰¿Ã¡ˆ ¡¯¿‘
INFO:app:product_id : 1
INFO:werkzeug:192.168.0.146 - - [01/Aug/2023 14:31:57] "POST /cart HTTP/1.1" 200 -
INFO:app:¿ÂπŸ±∏¥œ ∆‰¿Ã¡ˆ ¡¯¿‘
INFO:app:product_id : 2
INFO:werkzeug:192.168.0.81 - - [01/Aug/2023 14:31:58] "POST /cart HTTP/1.1" 200 -
INFO:app:¿ÂπŸ±∏¥œ ∆‰¿Ã¡ˆ ¡¯¿‘
INFO:app:product_id : 2
INFO:werkzeug:192.168.0.81 - - [01/Aug/2023 14:31:58] "POST /cart HTTP/1.1" 200 -
INFO:app:¿ÂπŸ±∏¥œ ∆‰¿Ã¡ˆ ¡¯¿‘
INFO:app:product_id : 1
INFO:werkzeug:192.168.0.146 - - [01/Aug/2023 14:31:58] "POST /cart HTTP/1.1" 200 -
INFO:app:¿ÂπŸ±∏¥œ ∆‰¿Ã¡ˆ ¡¯¿‘
INFO:app:product_id : 2
INFO:werkzeug:192.168.0.81 - - [01/Aug/2023 14:31:58] "POST /cart HTTP/1.1" 200 -
INFO:app:¿ÂπŸ±∏¥œ ∆‰¿Ã¡ˆ ¡¯¿‘
INFO:app:product_id : 1
INFO:werkzeug:192.168.0.146 - - [01/Aug/2023 14:31:58] "POST /cart HTTP/1.1" 200 -
INFO:app:¿ÂπŸ±∏¥œ ∆‰¿Ã¡ˆ ¡¯¿‘
INFO:app:product_id : 2
INFO:werkzeug:192.168.0.81 - - [01/Aug/2023 14:31:59] "POST /cart HTTP/1.1" 200 -
INFO:app:¿ÂπŸ±∏¥œ ∆‰¿Ã¡ˆ ¡¯¿‘
INFO:app:product_id : 1
INFO:werkzeug:192.168.0.146 - - [01/Aug/2023 14:31:59] "POST /cart HTTP/1.1" 200 -
INFO:app:¿ÂπŸ±∏¥œ ∆‰¿Ã¡ˆ ¡¯¿‘
INFO:app:product_id : 2
INFO:werkzeug:192.168.0.81 - - [01/Aug/2023 14:31:59] "POST /cart HTTP/1.1" 200 -
INFO:app:¿ÂπŸ±∏¥œ ∆‰¿Ã¡ˆ ¡¯¿‘
INFO:app:product_id : 1
INFO:werkzeug:192.168.0.146 - - [01/Aug/2023 14:31:59] "POST /cart HTTP/1.1" 200 -
INFO:app:¿ÂπŸ±∏¥œ ∆‰¿Ã¡ˆ ¡¯¿‘
INFO:app:product_id : 2
INFO:werkzeug:192.168.0.81 - - [01/Aug/2023 14:32:00] "POST /cart HTTP/1.1" 200 -
INFO:app:¿ÂπŸ±∏¥œ ∆‰¿Ã¡ˆ ¡¯¿‘
INFO:app:product_id : 1
INFO:werkzeug:192.168.0.146 - - [01/Aug/2023 14:32:00] "POST /cart HTTP/1.1" 200 -
INFO:app:¿ÂπŸ±∏¥œ ∆‰¿Ã¡ˆ ¡¯¿‘
INFO:app:product_id : 2
INFO:app:¿ÂπŸ±∏¥œ ∆‰¿Ã¡ˆ ¡¯¿‘
INFO:app:product_id : 2
INFO:werkzeug:192.168.0.81 - - [01/Aug/2023 14:32:00] "POST /cart HTTP/1.1" 200 -
INFO:werkzeug:192.168.0.81 - - [01/Aug/2023 14:32:00] "POST /cart HTTP/1.1" 200 -
INFO:app:¿ÂπŸ±∏¥œ ∆‰¿Ã¡ˆ ¡¯¿‘
INFO:app:product_id : 2
INFO:werkzeug:192.168.0.81 - - [01/Aug/2023 14:32:00] "POST /cart HTTP/1.1" 200 -
INFO:app:¿ÂπŸ±∏¥œ ∆‰¿Ã¡ˆ ¡¯¿‘
INFO:app:product_id : 1
INFO:werkzeug:192.168.0.146 - - [01/Aug/2023 14:32:01] "POST /cart HTTP/1.1" 200 -
INFO:app:¿ÂπŸ±∏¥œ ∆‰¿Ã¡ˆ ¡¯¿‘
INFO:app:product_id : 1
INFO:werkzeug:192.168.0.146 - - [01/Aug/2023 14:32:01] "POST /cart HTTP/1.1" 200 -
INFO:app:¿ÂπŸ±∏¥œ ∆‰¿Ã¡ˆ ¡¯¿‘
INFO:app:product_id : 1
INFO:werkzeug:192.168.0.146 - - [01/Aug/2023 14:32:01] "POST /cart HTTP/1.1" 200 -
INFO:app:¿ÂπŸ±∏¥œ ∆‰¿Ã¡ˆ ¡¯¿‘
INFO:app:product_id : 2
INFO:werkzeug:192.168.0.81 - - [01/Aug/2023 14:32:01] "POST /cart HTTP/1.1" 200 -
INFO:app:¿ÂπŸ±∏¥œ ∆‰¿Ã¡ˆ ¡¯¿‘
INFO:app:product_id : 1
INFO:werkzeug:192.168.0.146 - - [01/Aug/2023 14:32:01] "POST /cart HTTP/1.1" 200 -
INFO:app:¿ÂπŸ±∏¥œ ∆‰¿Ã¡ˆ ¡¯¿‘
INFO:app:product_id : 1
INFO:werkzeug:192.168.0.146 - - [01/Aug/2023 14:32:01] "POST /cart HTTP/1.1" 200 -
INFO:app:¿ÂπŸ±∏¥œ ∆‰¿Ã¡ˆ ¡¯¿‘
INFO:app:product_id : 1
INFO:werkzeug:192.168.0.146 - - [01/Aug/2023 14:32:01] "POST /cart HTTP/1.1" 200 -
INFO:app:¿ÂπŸ±∏¥œ ∆‰¿Ã¡ˆ ¡¯¿‘
INFO:app:product_id : 2
INFO:werkzeug:192.168.0.81 - - [01/Aug/2023 14:32:02] "POST /cart HTTP/1.1" 200 -
INFO:app:¿ÂπŸ±∏¥œ ∆‰¿Ã¡ˆ ¡¯¿‘
INFO:app:product_id : 1
INFO:werkzeug:192.168.0.146 - - [01/Aug/2023 14:32:02] "POST /cart HTTP/1.1" 200 -
INFO:app:¿ÂπŸ±∏¥œ ∆‰¿Ã¡ˆ ¡¯¿‘
INFO:app:product_id : 1
INFO:werkzeug:192.168.0.146 - - [01/Aug/2023 14:32:02] "POST /cart HTTP/1.1" 200 -
INFO:app:¿ÂπŸ±∏¥œ ∆‰¿Ã¡ˆ ¡¯¿‘
INFO:app:product_id : 2
INFO:app:¿ÂπŸ±∏¥œ ∆‰¿Ã¡ˆ ¡¯¿‘
INFO:app:product_id : 1
INFO:werkzeug:192.168.0.81 - - [01/Aug/2023 14:32:02] "POST /cart HTTP/1.1" 200 -
INFO:app:¿ÂπŸ±∏¥œ ∆‰¿Ã¡ˆ ¡¯¿‘
INFO:app:product_id : 2
INFO:werkzeug:192.168.0.146 - - [01/Aug/2023 14:32:02] "POST /cart HTTP/1.1" 200 -
INFO:werkzeug:192.168.0.81 - - [01/Aug/2023 14:32:02] "POST /cart HTTP/1.1" 200 -
INFO:app:¿ÂπŸ±∏¥œ ∆‰¿Ã¡ˆ ¡¯¿‘
INFO:app:product_id : 1
INFO:werkzeug:192.168.0.146 - - [01/Aug/2023 14:32:03] "POST /cart HTTP/1.1" 200 -
INFO:app:¿ÂπŸ±∏¥œ ∆‰¿Ã¡ˆ ¡¯¿‘
INFO:app:product_id : 1
INFO:werkzeug:192.168.0.146 - - [01/Aug/2023 14:32:03] "POST /cart HTTP/1.1" 200 -
INFO:app:¿ÂπŸ±∏¥œ ∆‰¿Ã¡ˆ ¡¯¿‘
INFO:app:product_id : 2
INFO:werkzeug:192.168.0.81 - - [01/Aug/2023 14:32:03] "POST /cart HTTP/1.1" 200 -
INFO:app:¿ÂπŸ±∏¥œ ∆‰¿Ã¡ˆ ¡¯¿‘
INFO:app:product_id : 1
INFO:werkzeug:192.168.0.146 - - [01/Aug/2023 14:32:03] "POST /cart HTTP/1.1" 200 -
INFO:app:¿ÂπŸ±∏¥œ ∆‰¿Ã¡ˆ ¡¯¿‘
INFO:app:product_id : 2
INFO:werkzeug:192.168.0.81 - - [01/Aug/2023 14:32:04] "POST /cart HTTP/1.1" 200 -
INFO:app:¿ÂπŸ±∏¥œ ∆‰¿Ã¡ˆ ¡¯¿‘
INFO:app:product_id : 1
INFO:werkzeug:192.168.0.146 - - [01/Aug/2023 14:32:04] "POST /cart HTTP/1.1" 200 -
INFO:app:¿ÂπŸ±∏¥œ ∆‰¿Ã¡ˆ ¡¯¿‘
INFO:app:product_id : 1
INFO:app:¿ÂπŸ±∏¥œ ∆‰¿Ã¡ˆ ¡¯¿‘
INFO:app:product_id : 2
INFO:werkzeug:192.168.0.146 - - [01/Aug/2023 14:32:04] "POST /cart HTTP/1.1" 200 -
INFO:app:¿ÂπŸ±∏¥œ ∆‰¿Ã¡ˆ ¡¯¿‘
INFO:app:product_id : 1
INFO:werkzeug:192.168.0.81 - - [01/Aug/2023 14:32:04] "POST /cart HTTP/1.1" 200 -
INFO:werkzeug:192.168.0.146 - - [01/Aug/2023 14:32:04] "POST /cart HTTP/1.1" 200 -
INFO:app:¿ÂπŸ±∏¥œ ∆‰¿Ã¡ˆ ¡¯¿‘
INFO:app:product_id : 2
INFO:werkzeug:192.168.0.81 - - [01/Aug/2023 14:32:05] "POST /cart HTTP/1.1" 200 -
INFO:app:¿ÂπŸ±∏¥œ ∆‰¿Ã¡ˆ ¡¯¿‘
INFO:app:product_id : 1
INFO:werkzeug:192.168.0.146 - - [01/Aug/2023 14:32:05] "POST /cart HTTP/1.1" 200 -
INFO:app:¿ÂπŸ±∏¥œ ∆‰¿Ã¡ˆ ¡¯¿‘
INFO:app:product_id : 1
INFO:werkzeug:192.168.0.146 - - [01/Aug/2023 14:32:05] "POST /cart HTTP/1.1" 200 -
INFO:app:¿ÂπŸ±∏¥œ ∆‰¿Ã¡ˆ ¡¯¿‘
INFO:app:product_id : 2
INFO:werkzeug:192.168.0.81 - - [01/Aug/2023 14:32:05] "POST /cart HTTP/1.1" 200 -
INFO:app:¿ÂπŸ±∏¥œ ∆‰¿Ã¡ˆ ¡¯¿‘
INFO:app:product_id : 2
INFO:app:¿ÂπŸ±∏¥œ ∆‰¿Ã¡ˆ ¡¯¿‘
INFO:app:product_id : 1
INFO:werkzeug:192.168.0.81 - - [01/Aug/2023 14:32:06] "POST /cart HTTP/1.1" 200 -
INFO:werkzeug:192.168.0.146 - - [01/Aug/2023 14:32:06] "POST /cart HTTP/1.1" 200 -
INFO:app:¿ÂπŸ±∏¥œ ∆‰¿Ã¡ˆ ¡¯¿‘
INFO:app:product_id : 2
INFO:app:¿ÂπŸ±∏¥œ ∆‰¿Ã¡ˆ ¡¯¿‘
INFO:app:product_id : 1
INFO:werkzeug:192.168.0.81 - - [01/Aug/2023 14:32:06] "POST /cart HTTP/1.1" 200 -
INFO:werkzeug:192.168.0.146 - - [01/Aug/2023 14:32:06] "POST /cart HTTP/1.1" 200 -
INFO:app:¿ÂπŸ±∏¥œ ∆‰¿Ã¡ˆ ¡¯¿‘
INFO:app:product_id : 2
INFO:werkzeug:192.168.0.81 - - [01/Aug/2023 14:32:06] "POST /cart HTTP/1.1" 200 -
INFO:app:¿ÂπŸ±∏¥œ ∆‰¿Ã¡ˆ ¡¯¿‘
INFO:app:product_id : 2
INFO:app:¿ÂπŸ±∏¥œ ∆‰¿Ã¡ˆ ¡¯¿‘
INFO:app:product_id : 1
INFO:werkzeug:192.168.0.81 - - [01/Aug/2023 14:32:06] "POST /cart HTTP/1.1" 200 -
INFO:app:¿ÂπŸ±∏¥œ ∆‰¿Ã¡ˆ ¡¯¿‘
INFO:werkzeug:192.168.0.146 - - [01/Aug/2023 14:32:06] "POST /cart HTTP/1.1" 200 -
INFO:app:product_id : 1
INFO:werkzeug:192.168.0.146 - - [01/Aug/2023 14:32:06] "POST /cart HTTP/1.1" 200 -
INFO:app:¿ÂπŸ±∏¥œ ∆‰¿Ã¡ˆ ¡¯¿‘
INFO:app:product_id : 2
INFO:werkzeug:192.168.0.81 - - [01/Aug/2023 14:32:06] "POST /cart HTTP/1.1" 200 -
INFO:app:¿ÂπŸ±∏¥œ ∆‰¿Ã¡ˆ ¡¯¿‘
INFO:app:product_id : 2
INFO:werkzeug:192.168.0.81 - - [01/Aug/2023 14:32:07] "POST /cart HTTP/1.1" 200 -
INFO:app:¿ÂπŸ±∏¥œ ∆‰¿Ã¡ˆ ¡¯¿‘
INFO:app:product_id : 1
INFO:werkzeug:192.168.0.146 - - [01/Aug/2023 14:32:07] "POST /cart HTTP/1.1" 200 -
INFO:app:¿ÂπŸ±∏¥œ ∆‰¿Ã¡ˆ ¡¯¿‘
INFO:app:product_id : 2
INFO:werkzeug:192.168.0.81 - - [01/Aug/2023 14:32:07] "POST /cart HTTP/1.1" 200 -
INFO:app:¿ÂπŸ±∏¥œ ∆‰¿Ã¡ˆ ¡¯¿‘
INFO:app:product_id : 1
INFO:werkzeug:192.168.0.146 - - [01/Aug/2023 14:32:07] "POST /cart HTTP/1.1" 200 -
INFO:app:¿ÂπŸ±∏¥œ ∆‰¿Ã¡ˆ ¡¯¿‘
INFO:app:product_id : 1
INFO:werkzeug:192.168.0.146 - - [01/Aug/2023 14:32:07] "POST /cart HTTP/1.1" 200 -
INFO:app:¿ÂπŸ±∏¥œ ∆‰¿Ã¡ˆ ¡¯¿‘
INFO:app:product_id : 2
INFO:werkzeug:192.168.0.81 - - [01/Aug/2023 14:32:07] "POST /cart HTTP/1.1" 200 -
INFO:app:¿ÂπŸ±∏¥œ ∆‰¿Ã¡ˆ ¡¯¿‘
INFO:app:product_id : 2
INFO:werkzeug:192.168.0.81 - - [01/Aug/2023 14:32:08] "POST /cart HTTP/1.1" 200 -
INFO:app:¿ÂπŸ±∏¥œ ∆‰¿Ã¡ˆ ¡¯¿‘
INFO:app:product_id : 1
INFO:app:¿ÂπŸ±∏¥œ ∆‰¿Ã¡ˆ ¡¯¿‘
INFO:app:product_id : 2
INFO:werkzeug:192.168.0.146 - - [01/Aug/2023 14:32:08] "POST /cart HTTP/1.1" 200 -
INFO:werkzeug:192.168.0.81 - - [01/Aug/2023 14:32:08] "POST /cart HTTP/1.1" 200 -
INFO:app:¿ÂπŸ±∏¥œ ∆‰¿Ã¡ˆ ¡¯¿‘
INFO:app:product_id : 2
INFO:app:¿ÂπŸ±∏¥œ ∆‰¿Ã¡ˆ ¡¯¿‘
INFO:app:product_id : 1
INFO:werkzeug:192.168.0.81 - - [01/Aug/2023 14:32:08] "POST /cart HTTP/1.1" 200 -
INFO:werkzeug:192.168.0.146 - - [01/Aug/2023 14:32:08] "POST /cart HTTP/1.1" 200 -
INFO:app:¿ÂπŸ±∏¥œ ∆‰¿Ã¡ˆ ¡¯¿‘
INFO:app:product_id : 2
INFO:werkzeug:192.168.0.81 - - [01/Aug/2023 14:32:08] "POST /cart HTTP/1.1" 200 -
INFO:app:¿ÂπŸ±∏¥œ ∆‰¿Ã¡ˆ ¡¯¿‘
INFO:app:product_id : 1
INFO:werkzeug:192.168.0.146 - - [01/Aug/2023 14:32:09] "POST /cart HTTP/1.1" 200 -
INFO:app:¿ÂπŸ±∏¥œ ∆‰¿Ã¡ˆ ¡¯¿‘
INFO:app:product_id : 2
INFO:werkzeug:192.168.0.81 - - [01/Aug/2023 14:32:09] "POST /cart HTTP/1.1" 200 -
INFO:app:¿ÂπŸ±∏¥œ ∆‰¿Ã¡ˆ ¡¯¿‘
INFO:app:product_id : 1
INFO:werkzeug:192.168.0.146 - - [01/Aug/2023 14:32:09] "POST /cart HTTP/1.1" 200 -
INFO:app:¿ÂπŸ±∏¥œ ∆‰¿Ã¡ˆ ¡¯¿‘
INFO:app:product_id : 1
INFO:werkzeug:192.168.0.146 - - [01/Aug/2023 14:32:09] "POST /cart HTTP/1.1" 200 -
INFO:app:¿ÂπŸ±∏¥œ ∆‰¿Ã¡ˆ ¡¯¿‘
INFO:app:product_id : 1
INFO:werkzeug:192.168.0.146 - - [01/Aug/2023 14:32:09] "POST /cart HTTP/1.1" 200 -
INFO:app:¿ÂπŸ±∏¥œ ∆‰¿Ã¡ˆ ¡¯¿‘
INFO:app:product_id : 2
INFO:app:¿ÂπŸ±∏¥œ ∆‰¿Ã¡ˆ ¡¯¿‘
INFO:app:product_id : 2
INFO:werkzeug:192.168.0.81 - - [01/Aug/2023 14:32:09] "POST /cart HTTP/1.1" 200 -
INFO:werkzeug:192.168.0.81 - - [01/Aug/2023 14:32:09] "POST /cart HTTP/1.1" 200 -
INFO:app:cart api
INFO:app:¿ÂπŸ±∏¥œ ∆‰¿Ã¡ˆ ¡¯¿‘
INFO:app:product_id : 1
INFO:werkzeug:192.168.0.47 - - [01/Aug/2023 14:32:10] "GET /cart HTTP/1.1" 200 -
INFO:werkzeug:192.168.0.146 - - [01/Aug/2023 14:32:10] "POST /cart HTTP/1.1" 200 -
INFO:app:¿ÂπŸ±∏¥œ ∆‰¿Ã¡ˆ ¡¯¿‘
INFO:app:product_id : 1
INFO:app:¿ÂπŸ±∏¥œ ∆‰¿Ã¡ˆ ¡¯¿‘
INFO:app:product_id : 1
INFO:werkzeug:192.168.0.146 - - [01/Aug/2023 14:32:10] "POST /cart HTTP/1.1" 200 -
INFO:werkzeug:192.168.0.146 - - [01/Aug/2023 14:32:10] "POST /cart HTTP/1.1" 200 -
INFO:app:¿ÂπŸ±∏¥œ ∆‰¿Ã¡ˆ ¡¯¿‘
INFO:app:product_id : 2
INFO:werkzeug:192.168.0.81 - - [01/Aug/2023 14:32:10] "POST /cart HTTP/1.1" 200 -
INFO:app:cart api
INFO:werkzeug:192.168.0.47 - - [01/Aug/2023 14:32:10] "GET /cart HTTP/1.1" 200 -
INFO:app:¿ÂπŸ±∏¥œ ∆‰¿Ã¡ˆ ¡¯¿‘
INFO:app:product_id : 2
INFO:werkzeug:192.168.0.81 - - [01/Aug/2023 14:32:11] "POST /cart HTTP/1.1" 200 -
INFO:app:¿ÂπŸ±∏¥œ ∆‰¿Ã¡ˆ ¡¯¿‘
INFO:app:product_id : 1
INFO:werkzeug:192.168.0.146 - - [01/Aug/2023 14:32:11] "POST /cart HTTP/1.1" 200 -
INFO:app:¿ÂπŸ±∏¥œ ∆‰¿Ã¡ˆ ¡¯¿‘
INFO:app:product_id : 1
INFO:werkzeug:192.168.0.146 - - [01/Aug/2023 14:32:11] "POST /cart HTTP/1.1" 200 -
INFO:app:¿ÂπŸ±∏¥œ ∆‰¿Ã¡ˆ ¡¯¿‘
INFO:app:product_id : 1
INFO:werkzeug:192.168.0.146 - - [01/Aug/2023 14:32:14] "POST /cart HTTP/1.1" 200 -
INFO:app:¿ÂπŸ±∏¥œ ∆‰¿Ã¡ˆ ¡¯¿‘
INFO:app:product_id : 1
INFO:werkzeug:192.168.0.146 - - [01/Aug/2023 14:32:14] "POST /cart HTTP/1.1" 200 -
INFO:app:¿ÂπŸ±∏¥œ ∆‰¿Ã¡ˆ ¡¯¿‘
INFO:app:product_id : 1
INFO:werkzeug:192.168.0.146 - - [01/Aug/2023 14:32:14] "POST /cart HTTP/1.1" 200 -
INFO:app:cart api
INFO:werkzeug:192.168.0.146 - - [01/Aug/2023 14:32:16] "GET /cart HTTP/1.1" 200 -
INFO:app:cart api
INFO:werkzeug:192.168.0.146 - - [01/Aug/2023 14:32:16] "GET /cart HTTP/1.1" 200 -
INFO:app:¿ÂπŸ±∏¥œ ∆‰¿Ã¡ˆ ¡¯¿‘
INFO:app:product_id : 2
INFO:werkzeug:192.168.0.81 - - [01/Aug/2023 14:32:21] "POST /cart HTTP/1.1" 200 -
INFO:app:∞·¡¶ ∆‰¿Ã¡ˆ ¡¯¿‘ ¡ﬂ
ERROR:app:Exception on /kakaopay/1 [GET]
Traceback (most recent call last):
  File "C:\Users\okseok\anaconda3\lib\site-packages\flask\app.py", line 2190, in wsgi_app
    response = self.full_dispatch_request()
  File "C:\Users\okseok\anaconda3\lib\site-packages\flask\app.py", line 1486, in full_dispatch_request
    rv = self.handle_user_exception(e)
  File "C:\Users\okseok\anaconda3\lib\site-packages\flask\app.py", line 1484, in full_dispatch_request
    rv = self.dispatch_request()
  File "C:\Users\okseok\anaconda3\lib\site-packages\flask\app.py", line 1469, in dispatch_request
    return self.ensure_sync(self.view_functions[rule.endpoint])(**view_args)
  File "C:\ITStudy\06_flask\onlineshop\personal_project-main\app\views\control_views.py", line 183, in kakaopay
    return redirect(url_for('cart.html', products=products, form=form))
  File "C:\Users\okseok\anaconda3\lib\site-packages\flask\helpers.py", line 225, in url_for
    return current_app.url_for(
  File "C:\Users\okseok\anaconda3\lib\site-packages\flask\app.py", line 1697, in url_for
    return self.handle_url_build_error(error, endpoint, values)
  File "C:\Users\okseok\anaconda3\lib\site-packages\flask\app.py", line 1686, in url_for
    rv = url_adapter.build(  # type: ignore[union-attr]
  File "C:\Users\okseok\anaconda3\lib\site-packages\werkzeug\routing\map.py", line 950, in build
    raise BuildError(endpoint, values, method, self)
werkzeug.routing.exceptions.BuildError: Could not build url for endpoint 'cart.html' with values ['form', 'products']. Did you mean 'test.hello_html' instead?
INFO:app:¿ÂπŸ±∏¥œ ∆‰¿Ã¡ˆ ¡¯¿‘
INFO:werkzeug:192.168.0.146 - - [01/Aug/2023 14:32:22] "[35m[1mGET /kakaopay/1 HTTP/1.1[0m" 500 -
INFO:app:product_id : 2
INFO:werkzeug:192.168.0.81 - - [01/Aug/2023 14:32:22] "POST /cart HTTP/1.1" 200 -
INFO:app:¿ÂπŸ±∏¥œ ∆‰¿Ã¡ˆ ¡¯¿‘
INFO:app:product_id : 2
INFO:werkzeug:192.168.0.81 - - [01/Aug/2023 14:32:22] "POST /cart HTTP/1.1" 200 -
INFO:app:¿ÂπŸ±∏¥œ ∆‰¿Ã¡ˆ ¡¯¿‘
INFO:app:product_id : 2
INFO:werkzeug:192.168.0.81 - - [01/Aug/2023 14:32:23] "POST /cart HTTP/1.1" 200 -
INFO:app:¿ÂπŸ±∏¥œ ∆‰¿Ã¡ˆ ¡¯¿‘
INFO:app:product_id : 2
INFO:werkzeug:192.168.0.81 - - [01/Aug/2023 14:32:23] "POST /cart HTTP/1.1" 200 -
INFO:app:¿ÂπŸ±∏¥œ ∆‰¿Ã¡ˆ ¡¯¿‘
INFO:app:product_id : 2
INFO:werkzeug:192.168.0.81 - - [01/Aug/2023 14:32:24] "POST /cart HTTP/1.1" 200 -
INFO:app:¿ÂπŸ±∏¥œ ∆‰¿Ã¡ˆ ¡¯¿‘
INFO:app:product_id : 2
INFO:werkzeug:192.168.0.81 - - [01/Aug/2023 14:32:24] "POST /cart HTTP/1.1" 200 -
INFO:app:¿ÂπŸ±∏¥œ ∆‰¿Ã¡ˆ ¡¯¿‘
INFO:app:product_id : 2
INFO:werkzeug:192.168.0.81 - - [01/Aug/2023 14:32:24] "POST /cart HTTP/1.1" 200 -
INFO:app:¿ÂπŸ±∏¥œ ∆‰¿Ã¡ˆ ¡¯¿‘
INFO:app:product_id : 2
INFO:werkzeug:192.168.0.81 - - [01/Aug/2023 14:32:25] "POST /cart HTTP/1.1" 200 -
INFO:app:¿ÂπŸ±∏¥œ ∆‰¿Ã¡ˆ ¡¯¿‘
INFO:app:product_id : 2
INFO:werkzeug:192.168.0.81 - - [01/Aug/2023 14:32:25] "POST /cart HTTP/1.1" 200 -
INFO:app:¿ÂπŸ±∏¥œ ∆‰¿Ã¡ˆ ¡¯¿‘
INFO:app:product_id : 2
INFO:werkzeug:192.168.0.81 - - [01/Aug/2023 14:32:25] "POST /cart HTTP/1.1" 200 -
INFO:app:¿ÂπŸ±∏¥œ ∆‰¿Ã¡ˆ ¡¯¿‘
INFO:app:product_id : 2
INFO:werkzeug:192.168.0.81 - - [01/Aug/2023 14:32:26] "POST /cart HTTP/1.1" 200 -
INFO:app:¿ÂπŸ±∏¥œ ∆‰¿Ã¡ˆ ¡¯¿‘
INFO:app:product_id : 2
INFO:werkzeug:192.168.0.81 - - [01/Aug/2023 14:32:26] "POST /cart HTTP/1.1" 200 -
INFO:app:¿ÂπŸ±∏¥œ ∆‰¿Ã¡ˆ ¡¯¿‘
INFO:app:product_id : 2
INFO:werkzeug:192.168.0.81 - - [01/Aug/2023 14:32:27] "POST /cart HTTP/1.1" 200 -
INFO:app:¿ÂπŸ±∏¥œ ∆‰¿Ã¡ˆ ¡¯¿‘
INFO:app:product_id : 2
INFO:werkzeug:192.168.0.81 - - [01/Aug/2023 14:32:27] "POST /cart HTTP/1.1" 200 -
INFO:app:¿ÂπŸ±∏¥œ ∆‰¿Ã¡ˆ ¡¯¿‘
INFO:app:product_id : 2
INFO:werkzeug:192.168.0.81 - - [01/Aug/2023 14:32:27] "POST /cart HTTP/1.1" 200 -
INFO:app:¿ÂπŸ±∏¥œ ∆‰¿Ã¡ˆ ¡¯¿‘
INFO:app:product_id : 2
INFO:werkzeug:192.168.0.81 - - [01/Aug/2023 14:32:28] "POST /cart HTTP/1.1" 200 -
INFO:app:¿ÂπŸ±∏¥œ ∆‰¿Ã¡ˆ ¡¯¿‘
INFO:app:product_id : 2
INFO:werkzeug:192.168.0.81 - - [01/Aug/2023 14:32:28] "POST /cart HTTP/1.1" 200 -
INFO:app:¿ÂπŸ±∏¥œ ∆‰¿Ã¡ˆ ¡¯¿‘
INFO:app:product_id : 2
INFO:werkzeug:192.168.0.81 - - [01/Aug/2023 14:32:28] "POST /cart HTTP/1.1" 200 -
INFO:app:¿ÂπŸ±∏¥œ ∆‰¿Ã¡ˆ ¡¯¿‘
INFO:app:product_id : 2
INFO:werkzeug:192.168.0.81 - - [01/Aug/2023 14:32:28] "POST /cart HTTP/1.1" 200 -
INFO:app:¿ÂπŸ±∏¥œ ∆‰¿Ã¡ˆ ¡¯¿‘
INFO:app:product_id : 2
INFO:werkzeug:192.168.0.81 - - [01/Aug/2023 14:32:29] "POST /cart HTTP/1.1" 200 -
INFO:app:¿ÂπŸ±∏¥œ ∆‰¿Ã¡ˆ ¡¯¿‘
INFO:app:product_id : 2
INFO:werkzeug:192.168.0.81 - - [01/Aug/2023 14:32:29] "POST /cart HTTP/1.1" 200 -
INFO:app:¿ÂπŸ±∏¥œ ∆‰¿Ã¡ˆ ¡¯¿‘
INFO:app:product_id : 2
INFO:werkzeug:192.168.0.81 - - [01/Aug/2023 14:32:29] "POST /cart HTTP/1.1" 200 -
INFO:app:¿ÂπŸ±∏¥œ ∆‰¿Ã¡ˆ ¡¯¿‘
INFO:app:product_id : 2
INFO:werkzeug:192.168.0.81 - - [01/Aug/2023 14:32:30] "POST /cart HTTP/1.1" 200 -
INFO:app:¿ÂπŸ±∏¥œ ∆‰¿Ã¡ˆ ¡¯¿‘
INFO:app:product_id : 2
INFO:werkzeug:192.168.0.81 - - [01/Aug/2023 14:32:30] "POST /cart HTTP/1.1" 200 -
INFO:app:¿ÂπŸ±∏¥œ ∆‰¿Ã¡ˆ ¡¯¿‘
INFO:app:product_id : 2
INFO:werkzeug:192.168.0.81 - - [01/Aug/2023 14:32:30] "POST /cart HTTP/1.1" 200 -
INFO:app:¿ÂπŸ±∏¥œ ∆‰¿Ã¡ˆ ¡¯¿‘
INFO:app:product_id : 2
INFO:werkzeug:192.168.0.81 - - [01/Aug/2023 14:32:31] "POST /cart HTTP/1.1" 200 -
INFO:app:cart api
INFO:werkzeug:192.168.0.47 - - [01/Aug/2023 14:32:32] "GET /cart HTTP/1.1" 200 -
INFO:app:cart api
INFO:werkzeug:192.168.0.81 - - [01/Aug/2023 14:32:32] "GET /cart HTTP/1.1" 200 -
INFO:app:cart api
INFO:werkzeug:192.168.0.81 - - [01/Aug/2023 14:32:32] "GET /cart HTTP/1.1" 200 -
INFO:app:cart api
INFO:werkzeug:192.168.0.47 - - [01/Aug/2023 14:32:33] "GET /cart HTTP/1.1" 200 -
INFO:app:cart api
INFO:werkzeug:192.168.0.47 - - [01/Aug/2023 14:32:34] "GET /cart HTTP/1.1" 200 -
INFO:app:∑Œ±◊¿Œ ∆‰¿Ã¡ˆ ¡¯¿‘
ERROR:app:Exception on /login [POST]
Traceback (most recent call last):
  File "C:\Users\okseok\anaconda3\lib\site-packages\flask\app.py", line 2190, in wsgi_app
    response = self.full_dispatch_request()
  File "C:\Users\okseok\anaconda3\lib\site-packages\flask\app.py", line 1486, in full_dispatch_request
    rv = self.handle_user_exception(e)
  File "C:\Users\okseok\anaconda3\lib\site-packages\flask\app.py", line 1484, in full_dispatch_request
    rv = self.dispatch_request()
  File "C:\Users\okseok\anaconda3\lib\site-packages\flask\app.py", line 1469, in dispatch_request
    return self.ensure_sync(self.view_functions[rule.endpoint])(**view_args)
  File "C:\ITStudy\06_flask\onlineshop\personal_project-main\app\views\control_views.py", line 252, in login
    print(session['user_id'])
  File "C:\Users\okseok\anaconda3\lib\site-packages\flask\sessions.py", line 79, in __getitem__
    return super().__getitem__(key)
KeyError: 'user_id'
INFO:werkzeug:192.168.0.107 - - [01/Aug/2023 14:32:35] "[35m[1mPOST /login HTTP/1.1[0m" 500 -
INFO:app:cart api
INFO:werkzeug:192.168.0.47 - - [01/Aug/2023 14:32:37] "GET /cart HTTP/1.1" 200 -
INFO:app:∑Œ±◊¿Œ ∆‰¿Ã¡ˆ ¡¯¿‘
ERROR:app:Exception on /login [POST]
Traceback (most recent call last):
  File "C:\Users\okseok\anaconda3\lib\site-packages\flask\app.py", line 2190, in wsgi_app
    response = self.full_dispatch_request()
  File "C:\Users\okseok\anaconda3\lib\site-packages\flask\app.py", line 1486, in full_dispatch_request
    rv = self.handle_user_exception(e)
  File "C:\Users\okseok\anaconda3\lib\site-packages\flask\app.py", line 1484, in full_dispatch_request
    rv = self.dispatch_request()
  File "C:\Users\okseok\anaconda3\lib\site-packages\flask\app.py", line 1469, in dispatch_request
    return self.ensure_sync(self.view_functions[rule.endpoint])(**view_args)
  File "C:\ITStudy\06_flask\onlineshop\personal_project-main\app\views\control_views.py", line 252, in login
    print(session['user_id'])
  File "C:\Users\okseok\anaconda3\lib\site-packages\flask\sessions.py", line 79, in __getitem__
    return super().__getitem__(key)
KeyError: 'user_id'
INFO:werkzeug:192.168.0.107 - - [01/Aug/2023 14:32:40] "[35m[1mPOST /login HTTP/1.1[0m" 500 -
INFO:app:∑Œ±◊¿Œ ∆‰¿Ã¡ˆ ¡¯¿‘
INFO:werkzeug:192.168.0.133 - - [01/Aug/2023 14:32:40] "GET /login HTTP/1.1" 200 -
INFO:werkzeug:192.168.0.133 - - [01/Aug/2023 14:32:40] "[36mGET /static/dist/css/bootstrap.min.css HTTP/1.1[0m" 304 -
INFO:werkzeug:192.168.0.133 - - [01/Aug/2023 14:32:40] "[36mGET /static/signin.css HTTP/1.1[0m" 304 -
INFO:werkzeug:192.168.0.133 - - [01/Aug/2023 14:32:40] "[36mGET /static/images/catlogo_1.png HTTP/1.1[0m" 304 -
INFO:app:¿ÂπŸ±∏¥œ ∆‰¿Ã¡ˆ ¡¯¿‘
INFO:app:product_id : 2
INFO:werkzeug:192.168.0.81 - - [01/Aug/2023 14:32:41] "POST /cart HTTP/1.1" 200 -
INFO:app:¿ÂπŸ±∏¥œ ∆‰¿Ã¡ˆ ¡¯¿‘
INFO:app:product_id : 2
INFO:werkzeug:192.168.0.81 - - [01/Aug/2023 14:32:41] "POST /cart HTTP/1.1" 200 -
INFO:app:¿ÂπŸ±∏¥œ ∆‰¿Ã¡ˆ ¡¯¿‘
INFO:app:product_id : 2
INFO:werkzeug:192.168.0.81 - - [01/Aug/2023 14:32:42] "POST /cart HTTP/1.1" 200 -
INFO:app:cart api
INFO:werkzeug:192.168.0.125 - - [01/Aug/2023 14:32:42] "GET /cart HTTP/1.1" 200 -
INFO:werkzeug:192.168.0.133 - - [01/Aug/2023 14:32:42] "[33mGET /script.js HTTP/1.1[0m" 404 -
INFO:app:¿ÂπŸ±∏¥œ ∆‰¿Ã¡ˆ ¡¯¿‘
INFO:app:product_id : 2
INFO:werkzeug:192.168.0.81 - - [01/Aug/2023 14:32:42] "POST /cart HTTP/1.1" 200 -
INFO:app:¿ÂπŸ±∏¥œ ∆‰¿Ã¡ˆ ¡¯¿‘
INFO:app:product_id : 2
INFO:werkzeug:192.168.0.81 - - [01/Aug/2023 14:32:43] "POST /cart HTTP/1.1" 200 -
INFO:app:cart api
INFO:werkzeug:192.168.0.136 - - [01/Aug/2023 14:32:43] "GET /cart HTTP/1.1" 200 -
INFO:app:¿ÂπŸ±∏¥œ ∆‰¿Ã¡ˆ ¡¯¿‘
INFO:app:product_id : 2
INFO:werkzeug:192.168.0.81 - - [01/Aug/2023 14:32:43] "POST /cart HTTP/1.1" 200 -
INFO:app:cart api
INFO:werkzeug:192.168.0.136 - - [01/Aug/2023 14:32:43] "GET /cart HTTP/1.1" 200 -
INFO:werkzeug:192.168.0.160 - - [01/Aug/2023 14:33:46] "GET / HTTP/1.1" 200 -
INFO:werkzeug:192.168.0.160 - - [01/Aug/2023 14:33:46] "[33mGET /script.js HTTP/1.1[0m" 404 -
INFO:werkzeug:192.168.0.160 - - [01/Aug/2023 14:33:46] "GET /static/css/style.css HTTP/1.1" 200 -
INFO:werkzeug:192.168.0.160 - - [01/Aug/2023 14:33:46] "[33mGET /static/images/abput-img.png HTTP/1.1[0m" 404 -
INFO:werkzeug:192.168.0.160 - - [01/Aug/2023 14:33:46] "GET /static/images/0721.jpg HTTP/1.1" 200 -
INFO:werkzeug:192.168.0.160 - - [01/Aug/2023 14:33:46] "GET /static/images/food.jpg HTTP/1.1" 200 -
INFO:werkzeug:192.168.0.160 - - [01/Aug/2023 14:33:46] "GET /static/images/img-2.png HTTP/1.1" 200 -
INFO:werkzeug:192.168.0.160 - - [01/Aug/2023 14:33:46] "GET /static/images/img-1.png HTTP/1.1" 200 -
INFO:app:cart api
INFO:werkzeug:192.168.0.136 - - [01/Aug/2023 14:33:46] "GET /cart HTTP/1.1" 200 -
INFO:werkzeug:192.168.0.160 - - [01/Aug/2023 14:33:47] "GET /static/images/img-4.png HTTP/1.1" 200 -
INFO:werkzeug:192.168.0.160 - - [01/Aug/2023 14:33:47] "GET /static/images/img-3.png HTTP/1.1" 200 -
INFO:werkzeug:192.168.0.160 - - [01/Aug/2023 14:33:47] "[33mGET /favicon.ico HTTP/1.1[0m" 404 -
INFO:app:cart api
INFO:werkzeug:127.0.0.1 - - [01/Aug/2023 14:34:31] "GET /cart HTTP/1.1" 200 -
INFO:app:cart api
INFO:werkzeug:127.0.0.1 - - [01/Aug/2023 14:34:31] "GET /cart HTTP/1.1" 200 -
